46.101.144.32 - - [29/Oct/2023:15:59:27 +0000] "POST /wp-cron.php?doing_wp_cron=1698595167.9734539985656738281250 HTTP/1.1" 200 3995 "-" "WordPress/6.3.2; https://talmedos.com"
192.0.102.40 - - [29/Oct/2023:15:59:27 +0000] "HEAD / HTTP/1.1" 200 3915 "-" "jetmon/1.0 (Jetpack Site Uptime Monitor by WordPress.com)"
130.255.166.80 - - [29/Oct/2023:15:59:33 +0000] "GET /robots.txt HTTP/1.1" 404 4096 "http://talmedos.com/robots.txt" "Mozlila/5.0 (Linux; Android 7.0; SM-G892A Bulid/NRD90M; wv) AppleWebKit/537.36 (KHTML, like Gecko) Version/4.0 Chrome/60.0.3112.107 Moblie Safari/537.36"
130.255.166.82 - - [29/Oct/2023:15:59:33 +0000] "GET /humans.txt HTTP/1.1" 404 4096 "http://talmedos.com/humans.txt" "Mozlila/5.0 (Linux; Android 7.0; SM-G892A Bulid/NRD90M; wv) AppleWebKit/537.36 (KHTML, like Gecko) Version/4.0 Chrome/60.0.3112.107 Moblie Safari/537.36"
130.255.166.69 - - [29/Oct/2023:15:59:33 +0000] "GET /ads.txt HTTP/1.1" 404 4096 "http://talmedos.com/ads.txt" "Mozlila/5.0 (Linux; Android 7.0; SM-G892A Bulid/NRD90M; wv) AppleWebKit/537.36 (KHTML, like Gecko) Version/4.0 Chrome/60.0.3112.107 Moblie Safari/537.36"
130.255.166.51 - - [29/Oct/2023:15:59:33 +0000] "GET / HTTP/1.1" 200 15245 "http://talmedos.com/" "Mozlila/5.0 (Linux; Android 7.0; SM-G892A Bulid/NRD90M; wv) AppleWebKit/537.36 (KHTML, like Gecko) Version/4.0 Chrome/60.0.3112.107 Moblie Safari/537.36"
46.101.144.32 - - [29/Oct/2023:16:04:27 +0000] "POST /wp-cron.php?doing_wp_cron=1698595467.8969130516052246093750 HTTP/1.1" 200 3995 "-" "WordPress/6.3.2; https://talmedos.com"
192.0.102.40 - - [29/Oct/2023:16:04:27 +0000] "HEAD / HTTP/1.1" 200 3915 "-" "jetmon/1.0 (Jetpack Site Uptime Monitor by WordPress.com)"
46.101.144.32 - - [29/Oct/2023:16:09:28 +0000] "POST /wp-cron.php?doing_wp_cron=1698595768.0438818931579589843750 HTTP/1.1" 200 3995 "-" "WordPress/6.3.2; https://talmedos.com"
192.0.102.40 - - [29/Oct/2023:16:09:27 +0000] "HEAD / HTTP/1.1" 200 3915 "-" "jetmon/1.0 (Jetpack Site Uptime Monitor by WordPress.com)"
46.101.144.32 - - [29/Oct/2023:16:10:33 +0000] "POST /wp-cron.php?doing_wp_cron=1698595833.5829520225524902343750 HTTP/1.1" 200 3995 "-" "WordPress/6.3.2; https://talmedos.com"
199.45.155.35 - - [29/Oct/2023:16:10:33 +0000] "GET / HTTP/1.1" 301 3863 "-" "-"
199.45.155.35 - - [29/Oct/2023:16:10:34 +0000] "GET / HTTP/1.1" 200 15226 "-" "Mozilla/5.0 (compatible; CensysInspect/1.1; +https://about.censys.io/)"
199.45.155.35 - - [29/Oct/2023:16:10:36 +0000] "GET /favicon.ico HTTP/1.1" 404 4096 "-" "Mozilla/5.0 (compatible; CensysInspect/1.1; +https://about.censys.io/)"
51.222.158.14 - - [29/Oct/2023:16:12:18 +0000] "GET /wp-content/plugins/fix/up.php HTTP/1.1" 404 3610 "-" "Mozlila/5.0 (Linux; Android 7.0; SM-G892A Bulid/NRD90M; wv) AppleWebKit/537.36 (KHTML, like Gecko) Version/4.0 Chrome/60.0.3112.107 Moblie Safari/537.36"
46.101.144.32 - - [29/Oct/2023:16:14:28 +0000] "POST /wp-cron.php?doing_wp_cron=1698596068.7396290302276611328125 HTTP/1.1" 200 3995 "-" "WordPress/6.3.2; https://talmedos.com"
192.0.102.40 - - [29/Oct/2023:16:14:28 +0000] "HEAD / HTTP/1.1" 200 3915 "-" "jetmon/1.0 (Jetpack Site Uptime Monitor by WordPress.com)"
34.140.28.167 - - [29/Oct/2023:16:19:11 +0000] "GET /autodiscove/ HTTP/1.1" 404 3540 "-" "Mozilla/5.0 (Windows NT 10.0; Win64; x64) AppleWebKit/537.36 (KHTML, like Gecko) Chrome/105.0.0.0 Safari/537.36"
46.101.144.32 - - [29/Oct/2023:16:19:27 +0000] "POST /wp-cron.php?doing_wp_cron=1698596367.6989779472351074218750 HTTP/1.1" 200 3995 "-" "WordPress/6.3.2; https://talmedos.com"
192.0.102.40 - - [29/Oct/2023:16:19:27 +0000] "HEAD / HTTP/1.1" 200 3915 "-" "jetmon/1.0 (Jetpack Site Uptime Monitor by WordPress.com)"
46.101.144.32 - - [29/Oct/2023:16:24:28 +0000] "POST /wp-cron.php?doing_wp_cron=1698596668.1061809062957763671875 HTTP/1.1" 200 3995 "-" "WordPress/6.3.2; https://talmedos.com"
192.0.102.40 - - [29/Oct/2023:16:24:27 +0000] "HEAD / HTTP/1.1" 200 3915 "-" "jetmon/1.0 (Jetpack Site Uptime Monitor by WordPress.com)"
46.101.144.32 - - [29/Oct/2023:16:29:28 +0000] "POST /wp-cron.php?doing_wp_cron=1698596968.9387099742889404296875 HTTP/1.1" 200 3995 "-" "WordPress/6.3.2; https://talmedos.com"
192.0.102.40 - - [29/Oct/2023:16:29:28 +0000] "HEAD / HTTP/1.1" 200 3915 "-" "jetmon/1.0 (Jetpack Site Uptime Monitor by WordPress.com)"
46.101.144.32 - - [29/Oct/2023:16:33:24 +0000] "POST /wp-cron.php?doing_wp_cron=1698597204.1621940135955810546875 HTTP/1.1" 200 3995 "-" "WordPress/6.3.2; https://talmedos.com"
107.161.66.68 - - [29/Oct/2023:16:33:23 +0000] "POST /xmlrpc.php HTTP/1.1" 200 4419 "-" "Mozilla/5.0 (Windows NT 10.0; Win64; x64) AppleWebKit/537.36 (KHTML, like Gecko) Chrome/74.0.3729.169 Safari/537.36"
157.245.40.165 - - [29/Oct/2023:16:33:27 +0000] "POST /xmlrpc.php HTTP/1.1" 200 4420 "-" "Mozilla/5.0 (Windows NT 5.1; rv:40.0) Gecko/20100101 Firefox/40.0"
208.109.226.46 - - [29/Oct/2023:16:33:29 +0000] "POST /xmlrpc.php HTTP/1.1" 200 4420 "-" "Mozilla/5.0 (Linux; Android 10; SM-A102U) AppleWebKit/537.36 (KHTML, like Gecko) Chrome/91.0.4472.114 Mobile Safari/537.36"
185.181.102.52 - - [29/Oct/2023:16:33:30 +0000] "POST /xmlrpc.php HTTP/1.1" 200 4420 "-" "Mozilla/5.0 (Windows NT 10.0; Win64; x64) AppleWebKit/537.36 (KHTML, like Gecko) Chrome/64.0.3282.186 Safari/537.36"
149.255.62.6 - - [29/Oct/2023:16:33:34 +0000] "POST /xmlrpc.php HTTP/1.1" 200 4418 "-" "Mozilla/5.0 (Windows NT 5.1; rv:7.0.1) Gecko/20100101 Firefox/7.0.1"
154.39.199.122 - - [29/Oct/2023:16:33:45 +0000] "POST /xmlrpc.php HTTP/1.1" 200 4013 "-" "Mozilla/5.0 (Windows NT 6.1; WOW64; rv:44.0) Gecko/20100101 Firefox/44.0"
79.170.40.247 - - [29/Oct/2023:16:33:49 +0000] "POST /xmlrpc.php HTTP/1.1" 200 4012 "-" "Mozilla/5.0 (Windows NT 10.0; Win64; x64) AppleWebKit/537.36 (KHTML, like Gecko) Chrome/89.0.4389.90 Safari/537.36"
197.159.69.253 - - [29/Oct/2023:16:33:51 +0000] "POST /xmlrpc.php HTTP/1.1" 200 4013 "-" "Mozilla/5.0 (Windows NT 10.0; Win64; x64) AppleWebKit/537.36 (KHTML, like Gecko) Chrome/80.0.3987.149 Safari/537.36"
46.101.144.32 - - [29/Oct/2023:16:34:29 +0000] "POST /wp-cron.php?doing_wp_cron=1698597269.4507060050964355468750 HTTP/1.1" 200 3995 "-" "WordPress/6.3.2; https://talmedos.com"
192.0.102.40 - - [29/Oct/2023:16:34:29 +0000] "HEAD / HTTP/1.1" 200 3915 "-" "jetmon/1.0 (Jetpack Site Uptime Monitor by WordPress.com)"
46.101.144.32 - - [29/Oct/2023:16:39:28 +0000] "POST /wp-cron.php?doing_wp_cron=1698597568.3872001171112060546875 HTTP/1.1" 200 3995 "-" "WordPress/6.3.2; https://talmedos.com"
192.0.102.40 - - [29/Oct/2023:16:39:28 +0000] "HEAD / HTTP/1.1" 200 3915 "-" "jetmon/1.0 (Jetpack Site Uptime Monitor by WordPress.com)"
46.101.144.32 - - [29/Oct/2023:16:44:30 +0000] "POST /wp-cron.php?doing_wp_cron=1698597870.9237959384918212890625 HTTP/1.1" 200 3995 "-" "WordPress/6.3.2; https://talmedos.com"
192.0.102.40 - - [29/Oct/2023:16:44:30 +0000] "HEAD / HTTP/1.1" 200 3915 "-" "jetmon/1.0 (Jetpack Site Uptime Monitor by WordPress.com)"
199.45.155.18 - - [29/Oct/2023:16:49:27 +0000] "GET / HTTP/1.1" 301 3862 "-" "Mozilla/5.0 (compatible; CensysInspect/1.1; +https://about.censys.io/)"
46.101.144.32 - - [29/Oct/2023:16:49:27 +0000] "POST /wp-cron.php?doing_wp_cron=1698598167.9242370128631591796875 HTTP/1.1" 200 3995 "-" "WordPress/6.3.2; https://talmedos.com"
192.0.102.40 - - [29/Oct/2023:16:49:27 +0000] "HEAD / HTTP/1.1" 200 3915 "-" "jetmon/1.0 (Jetpack Site Uptime Monitor by WordPress.com)"
199.45.155.18 - - [29/Oct/2023:16:49:29 +0000] "GET / HTTP/1.1" 200 15226 "-" "Mozilla/5.0 (compatible; CensysInspect/1.1; +https://about.censys.io/)"
199.45.155.18 - - [29/Oct/2023:16:49:31 +0000] "GET /favicon.ico HTTP/1.1" 404 4096 "-" "Mozilla/5.0 (compatible; CensysInspect/1.1; +https://about.censys.io/)"
198.244.167.101 - - [29/Oct/2023:16:50:11 +0000] "POST /wp-login.php HTTP/1.1" 200 8356 "-" "Mozilla/5.0 (Windows NT 6.3; Win64; x64) AppleWebKit/537.36 (KHTML, like Gecko) Chrome/68.0.3440.106 Safari/537.36"
46.101.144.32 - - [29/Oct/2023:16:54:28 +0000] "POST /wp-cron.php?doing_wp_cron=1698598468.7302749156951904296875 HTTP/1.1" 200 3995 "-" "WordPress/6.3.2; https://talmedos.com"
192.0.102.40 - - [29/Oct/2023:16:54:28 +0000] "HEAD / HTTP/1.1" 200 3915 "-" "jetmon/1.0 (Jetpack Site Uptime Monitor by WordPress.com)"
46.101.144.32 - - [29/Oct/2023:16:56:45 +0000] "POST /wp-cron.php?doing_wp_cron=1698598605.0863690376281738281250 HTTP/1.1" 200 3995 "-" "WordPress/6.3.2; https://talmedos.com"
199.45.154.48 - - [29/Oct/2023:16:56:44 +0000] "GET / HTTP/1.1" 200 15226 "-" "Mozilla/5.0 (compatible; CensysInspect/1.1; +https://about.censys.io/)"
199.45.154.48 - - [29/Oct/2023:16:56:47 +0000] "GET /favicon.ico HTTP/1.1" 404 4096 "-" "Mozilla/5.0 (compatible; CensysInspect/1.1; +https://about.censys.io/)"
46.101.144.32 - - [29/Oct/2023:16:59:31 +0000] "POST /wp-cron.php?doing_wp_cron=1698598771.3942289352416992187500 HTTP/1.1" 200 3995 "-" "WordPress/6.3.2; https://talmedos.com"
192.0.102.40 - - [29/Oct/2023:16:59:31 +0000] "HEAD / HTTP/1.1" 200 3915 "-" "jetmon/1.0 (Jetpack Site Uptime Monitor by WordPress.com)"
46.101.144.32 - - [29/Oct/2023:17:02:15 +0000] "POST /wp-cron.php?doing_wp_cron=1698598935.7433369159698486328125 HTTP/1.1" 200 3995 "-" "WordPress/6.3.2; https://talmedos.com"
167.248.133.39 - - [29/Oct/2023:17:02:15 +0000] "GET / HTTP/1.1" 200 15228 "-" "Mozilla/5.0 (compatible; CensysInspect/1.1; +https://about.censys.io/)"
167.248.133.39 - - [29/Oct/2023:17:02:16 +0000] "GET /favicon.ico HTTP/1.1" 404 4097 "-" "Mozilla/5.0 (compatible; CensysInspect/1.1; +https://about.censys.io/)"
46.101.144.32 - - [29/Oct/2023:17:04:27 +0000] "POST /wp-cron.php?doing_wp_cron=1698599067.7485640048980712890625 HTTP/1.1" 200 3995 "-" "WordPress/6.3.2; https://talmedos.com"
192.0.102.40 - - [29/Oct/2023:17:04:27 +0000] "HEAD / HTTP/1.1" 200 3915 "-" "jetmon/1.0 (Jetpack Site Uptime Monitor by WordPress.com)"
83.97.73.87 - - [29/Oct/2023:17:08:34 +0000] "GET /actuator/gateway/routes HTTP/1.1" 404 4097 "http://46.101.144.32:80/actuator/gateway/routes" "Mozilla/5.0 (Windows NT 10.0; Win64; x64) AppleWebKit/537.36 (KHTML, like Gecko) Chrome/78.0.3904.108 Safari/537.36"
46.101.144.32 - - [29/Oct/2023:17:09:27 +0000] "POST /wp-cron.php?doing_wp_cron=1698599367.5388410091400146484375 HTTP/1.1" 200 3995 "-" "WordPress/6.3.2; https://talmedos.com"
192.0.102.40 - - [29/Oct/2023:17:09:27 +0000] "HEAD / HTTP/1.1" 200 3915 "-" "jetmon/1.0 (Jetpack Site Uptime Monitor by WordPress.com)"
46.101.144.32 - - [29/Oct/2023:17:14:29 +0000] "POST /wp-cron.php?doing_wp_cron=1698599669.1450009346008300781250 HTTP/1.1" 200 3995 "-" "WordPress/6.3.2; https://talmedos.com"
192.0.102.40 - - [29/Oct/2023:17:14:28 +0000] "HEAD / HTTP/1.1" 200 3915 "-" "jetmon/1.0 (Jetpack Site Uptime Monitor by WordPress.com)"
46.101.144.32 - - [29/Oct/2023:17:19:27 +0000] "POST /wp-cron.php?doing_wp_cron=1698599967.7716000080108642578125 HTTP/1.1" 200 3995 "-" "WordPress/6.3.2; https://talmedos.com"
192.0.102.40 - - [29/Oct/2023:17:19:27 +0000] "HEAD / HTTP/1.1" 200 3915 "-" "jetmon/1.0 (Jetpack Site Uptime Monitor by WordPress.com)"
46.101.144.32 - - [29/Oct/2023:17:24:29 +0000] "POST /wp-cron.php?doing_wp_cron=1698600269.5403630733489990234375 HTTP/1.1" 200 3995 "-" "WordPress/6.3.2; https://talmedos.com"
192.0.102.40 - - [29/Oct/2023:17:24:29 +0000] "HEAD / HTTP/1.1" 200 3915 "-" "jetmon/1.0 (Jetpack Site Uptime Monitor by WordPress.com)"
46.101.144.32 - - [29/Oct/2023:17:28:28 +0000] "POST /wp-cron.php?doing_wp_cron=1698600508.7592010498046875000000 HTTP/1.1" 200 3995 "-" "WordPress/6.3.2; https://talmedos.com"
185.180.143.138 - - [29/Oct/2023:17:28:28 +0000] "GET / HTTP/1.1" 200 14814 "-" "Mozilla/5.0 (Windows NT 10.0; Win64; x64) AppleWebKit/537.36 (KHTML, like Gecko) Chrome/60.0.3112.113 Safari/537.36"
46.101.144.32 - - [29/Oct/2023:17:29:29 +0000] "POST /wp-cron.php?doing_wp_cron=1698600569.1582710742950439453125 HTTP/1.1" 200 3995 "-" "WordPress/6.3.2; https://talmedos.com"
192.0.102.40 - - [29/Oct/2023:17:29:28 +0000] "HEAD / HTTP/1.1" 200 3915 "-" "jetmon/1.0 (Jetpack Site Uptime Monitor by WordPress.com)"
46.101.144.32 - - [29/Oct/2023:17:34:27 +0000] "POST /wp-cron.php?doing_wp_cron=1698600867.6600348949432373046875 HTTP/1.1" 200 3995 "-" "WordPress/6.3.2; https://talmedos.com"
192.0.102.40 - - [29/Oct/2023:17:34:27 +0000] "HEAD / HTTP/1.1" 200 3915 "-" "jetmon/1.0 (Jetpack Site Uptime Monitor by WordPress.com)"
50.62.144.122 - - [29/Oct/2023:17:37:53 +0000] "GET /wp-login.php HTTP/1.1" 200 7798 "http://talmedos.com/wp-login.php" "Mozilla/5.0 (X11; Fedora; Linux x86_64; rv:94.0) Gecko/20100101 Firefox/95.0"
46.101.144.32 - - [29/Oct/2023:17:39:27 +0000] "POST /wp-cron.php?doing_wp_cron=1698601167.4830980300903320312500 HTTP/1.1" 200 3995 "-" "WordPress/6.3.2; https://talmedos.com"
192.0.102.40 - - [29/Oct/2023:17:39:27 +0000] "HEAD / HTTP/1.1" 200 3915 "-" "jetmon/1.0 (Jetpack Site Uptime Monitor by WordPress.com)"
46.101.144.32 - - [29/Oct/2023:17:43:35 +0000] "POST /wp-cron.php?doing_wp_cron=1698601415.7135488986968994140625 HTTP/1.1" 200 3995 "-" "WordPress/6.3.2; https://talmedos.com"
199.45.154.18 - - [29/Oct/2023:17:43:35 +0000] "GET / HTTP/1.1" 301 3862 "-" "Mozilla/5.0 (compatible; CensysInspect/1.1; +https://about.censys.io/)"
199.45.154.18 - - [29/Oct/2023:17:43:38 +0000] "GET / HTTP/1.1" 200 15226 "-" "Mozilla/5.0 (compatible; CensysInspect/1.1; +https://about.censys.io/)"
199.45.154.18 - - [29/Oct/2023:17:43:39 +0000] "GET /favicon.ico HTTP/1.1" 404 4096 "-" "Mozilla/5.0 (compatible; CensysInspect/1.1; +https://about.censys.io/)"
46.101.144.32 - - [29/Oct/2023:17:44:28 +0000] "POST /wp-cron.php?doing_wp_cron=1698601468.8466939926147460937500 HTTP/1.1" 200 3995 "-" "WordPress/6.3.2; https://talmedos.com"
192.0.102.40 - - [29/Oct/2023:17:44:28 +0000] "HEAD / HTTP/1.1" 200 3915 "-" "jetmon/1.0 (Jetpack Site Uptime Monitor by WordPress.com)"
192.0.102.40 - - [29/Oct/2023:17:49:27 +0000] "HEAD / HTTP/1.1" 200 3915 "-" "jetmon/1.0 (Jetpack Site Uptime Monitor by WordPress.com)"
46.101.144.32 - - [29/Oct/2023:17:49:28 +0000] "POST /wp-cron.php?doing_wp_cron=1698601768.0693070888519287109375 HTTP/1.1" 200 3995 "-" "WordPress/6.3.2; https://talmedos.com"
46.101.144.32 - - [29/Oct/2023:17:54:29 +0000] "POST /wp-cron.php?doing_wp_cron=1698602069.5194110870361328125000 HTTP/1.1" 200 3995 "-" "WordPress/6.3.2; https://talmedos.com"
192.0.102.40 - - [29/Oct/2023:17:54:29 +0000] "HEAD / HTTP/1.1" 200 3915 "-" "jetmon/1.0 (Jetpack Site Uptime Monitor by WordPress.com)"
46.101.144.32 - - [29/Oct/2023:17:59:29 +0000] "POST /wp-cron.php?doing_wp_cron=1698602369.7263419628143310546875 HTTP/1.1" 200 3995 "-" "WordPress/6.3.2; https://talmedos.com"
192.0.102.40 - - [29/Oct/2023:17:59:29 +0000] "HEAD / HTTP/1.1" 200 3915 "-" "jetmon/1.0 (Jetpack Site Uptime Monitor by WordPress.com)"
46.101.144.32 - - [29/Oct/2023:18:04:28 +0000] "POST /wp-cron.php?doing_wp_cron=1698602668.4279839992523193359375 HTTP/1.1" 200 3995 "-" "WordPress/6.3.2; https://talmedos.com"
192.0.102.40 - - [29/Oct/2023:18:04:28 +0000] "HEAD / HTTP/1.1" 200 3915 "-" "jetmon/1.0 (Jetpack Site Uptime Monitor by WordPress.com)"
199.45.154.48 - - [29/Oct/2023:18:04:56 +0000] "GET / HTTP/1.1" 200 15226 "-" "Mozilla/5.0 (compatible; CensysInspect/1.1; +https://about.censys.io/)"
199.45.154.48 - - [29/Oct/2023:18:04:57 +0000] "GET /favicon.ico HTTP/1.1" 404 4096 "-" "Mozilla/5.0 (compatible; CensysInspect/1.1; +https://about.censys.io/)"
46.101.144.32 - - [29/Oct/2023:18:09:28 +0000] "POST /wp-cron.php?doing_wp_cron=1698602968.7979409694671630859375 HTTP/1.1" 200 3995 "-" "WordPress/6.3.2; https://talmedos.com"
192.0.102.40 - - [29/Oct/2023:18:09:28 +0000] "HEAD / HTTP/1.1" 200 3915 "-" "jetmon/1.0 (Jetpack Site Uptime Monitor by WordPress.com)"
46.101.144.32 - - [29/Oct/2023:18:14:07 +0000] "POST /wp-cron.php?doing_wp_cron=1698603247.3103380203247070312500 HTTP/1.1" 200 3995 "-" "WordPress/6.3.2; https://talmedos.com"
199.45.154.19 - - [29/Oct/2023:18:14:07 +0000] "GET / HTTP/1.1" 301 3863 "-" "-"
199.45.154.19 - - [29/Oct/2023:18:14:08 +0000] "GET / HTTP/1.1" 301 3862 "-" "Mozilla/5.0 (compatible; CensysInspect/1.1; +https://about.censys.io/)"
199.45.154.19 - - [29/Oct/2023:18:14:09 +0000] "GET / HTTP/1.1" 200 15226 "-" "Mozilla/5.0 (compatible; CensysInspect/1.1; +https://about.censys.io/)"
199.45.154.19 - - [29/Oct/2023:18:14:11 +0000] "GET /favicon.ico HTTP/1.1" 404 4096 "-" "Mozilla/5.0 (compatible; CensysInspect/1.1; +https://about.censys.io/)"
192.0.102.40 - - [29/Oct/2023:18:14:28 +0000] "HEAD / HTTP/1.1" 200 3915 "-" "jetmon/1.0 (Jetpack Site Uptime Monitor by WordPress.com)"
46.101.144.32 - - [29/Oct/2023:18:19:28 +0000] "POST /wp-cron.php?doing_wp_cron=1698603568.8915300369262695312500 HTTP/1.1" 200 3995 "-" "WordPress/6.3.2; https://talmedos.com"
192.0.102.40 - - [29/Oct/2023:18:19:28 +0000] "HEAD / HTTP/1.1" 200 3915 "-" "jetmon/1.0 (Jetpack Site Uptime Monitor by WordPress.com)"
46.101.144.32 - - [29/Oct/2023:18:24:27 +0000] "POST /wp-cron.php?doing_wp_cron=1698603867.3374450206756591796875 HTTP/1.1" 200 3995 "-" "WordPress/6.3.2; https://talmedos.com"
192.0.102.40 - - [29/Oct/2023:18:24:27 +0000] "HEAD / HTTP/1.1" 200 3915 "-" "jetmon/1.0 (Jetpack Site Uptime Monitor by WordPress.com)"
46.101.144.32 - - [29/Oct/2023:18:29:29 +0000] "POST /wp-cron.php?doing_wp_cron=1698604169.6122159957885742187500 HTTP/1.1" 200 3995 "-" "WordPress/6.3.2; https://talmedos.com"
192.0.102.40 - - [29/Oct/2023:18:29:29 +0000] "HEAD / HTTP/1.1" 200 3915 "-" "jetmon/1.0 (Jetpack Site Uptime Monitor by WordPress.com)"
46.101.144.32 - - [29/Oct/2023:18:34:27 +0000] "POST /wp-cron.php?doing_wp_cron=1698604467.3702759742736816406250 HTTP/1.1" 200 3995 "-" "WordPress/6.3.2; https://talmedos.com"
192.0.102.40 - - [29/Oct/2023:18:34:27 +0000] "HEAD / HTTP/1.1" 200 3915 "-" "jetmon/1.0 (Jetpack Site Uptime Monitor by WordPress.com)"
3.238.97.208 - - [29/Oct/2023:18:34:55 +0000] "GET /.env HTTP/1.1" 404 4097 "-" "Mozilla/5.0 (iPad; U; CPU iPad OS 5_0_1 like Mac OS X; en-us) AppleWebKit/535.1+ (KHTML like Gecko) Version/7.2.0.0 Safari/6533.18.5"
46.101.144.32 - - [29/Oct/2023:18:39:27 +0000] "POST /wp-cron.php?doing_wp_cron=1698604767.4306309223175048828125 HTTP/1.1" 200 3995 "-" "WordPress/6.3.2; https://talmedos.com"
192.0.102.40 - - [29/Oct/2023:18:39:27 +0000] "HEAD / HTTP/1.1" 200 3915 "-" "jetmon/1.0 (Jetpack Site Uptime Monitor by WordPress.com)"
46.101.144.32 - - [29/Oct/2023:18:40:56 +0000] "POST /wp-cron.php?doing_wp_cron=1698604856.6107969284057617187500 HTTP/1.1" 200 3995 "-" "WordPress/6.3.2; https://talmedos.com"
123.58.207.151 - - [29/Oct/2023:18:40:56 +0000] "GET / HTTP/1.1" 200 56856 "-" "-"
123.58.207.151 - - [29/Oct/2023:18:41:03 +0000] "GET /favicon.ico HTTP/1.1" 404 4078 "-" "Mozilla/5.0 (Macintosh; Intel Mac OS X 10_7_0) AppleWebKit/535.11 (KHTML, like Gecko) Chrome/17.0.963.56 Safari/535.11"
123.58.207.151 - - [29/Oct/2023:18:41:03 +0000] "GET /robots.txt HTTP/1.1" 404 4078 "-" "Mozilla/5.0 (Macintosh; Intel Mac OS X 10_7_0) AppleWebKit/535.11 (KHTML, like Gecko) Chrome/17.0.963.56 Safari/535.11"
123.58.207.151 - - [29/Oct/2023:18:41:04 +0000] "GET /sitemap.xml HTTP/1.1" 404 4078 "-" "Mozilla/5.0 (Macintosh; Intel Mac OS X 10_7_0) AppleWebKit/535.11 (KHTML, like Gecko) Chrome/17.0.963.56 Safari/535.11"
123.58.207.151 - - [29/Oct/2023:18:41:04 +0000] "GET /wp-content/plugins/woocommerce/assets/js/frontend/woocommerce.min.js?ver=8.1.1 HTTP/1.1" 200 4734 "-" "Go-http-client/1.1"
123.58.207.151 - - [29/Oct/2023:18:41:04 +0000] "GET /wp-content/plugins/woocommerce/assets/js/frontend/add-to-cart.min.js?ver=8.1.1 HTTP/1.1" 200 5027 "-" "Go-http-client/1.1"
123.58.207.151 - - [29/Oct/2023:18:41:04 +0000] "GET /wp-content/plugins/woocommerce/assets/js/js-cookie/js.cookie.min.js?ver=2.1.4-wc.8.1.1 HTTP/1.1" 200 4915 "-" "Go-http-client/1.1"
123.58.207.151 - - [29/Oct/2023:18:41:04 +0000] "GET /wp-includes/js/jquery/jquery.min.js?ver=3.7.0 HTTP/1.1" 200 34392 "-" "Go-http-client/1.1"
123.58.207.151 - - [29/Oct/2023:18:41:04 +0000] "GET /wp-includes/blocks/navigation/view-modal.min.js?ver=b478fa3cd1475dec97d3 HTTP/1.1" 200 6736 "-" "Go-http-client/1.1"
123.58.207.151 - - [29/Oct/2023:18:41:04 +0000] "GET /wp-includes/js/jquery/jquery-migrate.min.js?ver=3.4.1 HTTP/1.1" 200 8853 "-" "Go-http-client/1.1"
123.58.207.151 - - [29/Oct/2023:18:41:05 +0000] "GET /wp-content/plugins/woocommerce/assets/js/jquery-blockui/jquery.blockUI.min.js?ver=2.7.0-wc.8.1.1 HTTP/1.1" 200 7518 "-" "Go-http-client/1.1"
46.101.144.32 - - [29/Oct/2023:18:41:12 +0000] "POST /wp-cron.php?doing_wp_cron=1698604872.3926100730895996093750 HTTP/1.1" 200 3995 "-" "WordPress/6.3.2; https://talmedos.com"
123.58.207.151 - - [29/Oct/2023:18:41:12 +0000] "GET / HTTP/1.1" 200 15379 "-" "Mozilla/5.0 (Macintosh; Intel Mac OS X 10_14_6) AppleWebKit/537.36 (KHTML, like Gecko) Chrome/81.0.4044.138 Safari/537.36"
123.58.207.151 - - [29/Oct/2023:18:41:14 +0000] "GET /wp-content/plugins/woocommerce/readme.txt HTTP/1.1" 200 10074 "-" "python-requests/2.27.1"
123.58.207.151 - - [29/Oct/2023:18:41:14 +0000] "GET /wp-content/plugins/jetpack/readme.txt HTTP/1.1" 200 14667 "-" "python-requests/2.27.1"
123.58.207.151 - - [29/Oct/2023:18:41:14 +0000] "GET /wp-content/themes/twentytwentytwo/readme.txt HTTP/1.1" 200 5982 "-" "python-requests/2.27.1"
46.101.144.32 - - [29/Oct/2023:18:44:30 +0000] "POST /wp-cron.php?doing_wp_cron=1698605070.8970398902893066406250 HTTP/1.1" 200 3995 "-" "WordPress/6.3.2; https://talmedos.com"
192.0.102.40 - - [29/Oct/2023:18:44:30 +0000] "HEAD / HTTP/1.1" 200 3915 "-" "jetmon/1.0 (Jetpack Site Uptime Monitor by WordPress.com)"
46.101.144.32 - - [29/Oct/2023:18:48:28 +0000] "POST /wp-cron.php?doing_wp_cron=1698605308.1125230789184570312500 HTTP/1.1" 200 3995 "-" "WordPress/6.3.2; https://talmedos.com"
18.119.100.71 - - [29/Oct/2023:18:48:27 +0000] "POST /xmlrpc.php HTTP/1.1" 200 4012 "-" "Mozilla/5.0 (Windows NT 10.0; Win64; x64) AppleWebKit/537.36 (KHTML, like Gecko) Chrome/74.0.3729.169 Safari/537.36"
178.210.91.239 - - [29/Oct/2023:18:48:30 +0000] "POST /xmlrpc.php HTTP/1.1" 200 4420 "-" "Mozilla/5.0 (Windows NT 10.0; Win64; x64; rv:62.0) Gecko/20100101 Firefox/62.0"
103.28.36.126 - - [29/Oct/2023:18:48:33 +0000] "POST /xmlrpc.php HTTP/1.1" 200 4419 "-" "Mozilla/5.0 (Windows; U; Windows NT 5.1; en-US; rv:1.7.12) Gecko/20050915 Firefox/1.0.7"
92.205.186.198 - - [29/Oct/2023:18:48:34 +0000] "POST /xmlrpc.php HTTP/1.1" 200 4420 "-" "Mozilla/5.0 (Linux; Android 10; SM-A102U) AppleWebKit/537.36 (KHTML, like Gecko) Chrome/91.0.4472.114 Mobile Safari/537.36"
178.62.63.209 - - [29/Oct/2023:18:48:34 +0000] "POST /xmlrpc.php HTTP/1.1" 200 4419 "-" "Mozilla/5.0 (Windows NT 10.0; Win64; x64) AppleWebKit/537.36 (KHTML, like Gecko) Chrome/90.0.4430.212 Safari/537.36"
72.167.208.194 - - [29/Oct/2023:18:48:36 +0000] "POST /xmlrpc.php HTTP/1.1" 200 4420 "-" "Mozilla/5.0 (Windows NT 6.1; WOW64; rv:45.0) Gecko/20100101 Firefox/45.0"
157.245.40.165 - - [29/Oct/2023:18:48:37 +0000] "POST /xmlrpc.php HTTP/1.1" 200 4420 "-" "Mozilla/5.0 (Windows NT 5.1; rv:40.0) Gecko/20100101 Firefox/40.0"
134.122.59.215 - - [29/Oct/2023:18:48:41 +0000] "POST /xmlrpc.php HTTP/1.1" 200 4420 "-" "Mozilla/5.0 (Windows NT 10.0; Win64; x64) AppleWebKit/537.36 (KHTML, like Gecko) Chrome/63.0.3239.132 Safari/537.36"
178.32.143.124 - - [29/Oct/2023:18:48:42 +0000] "GET / HTTP/1.1" 200 15226 "-" "Mozilla/5.0 (Windows NT 10.0; Win64; x64) AppleWebKit/537.36 (KHTML, like Gecko) Chrome/117.0.0.0 Safari/537.36"
178.32.143.124 - - [29/Oct/2023:18:48:43 +0000] "GET / HTTP/1.1" 200 15226 "-" "Mozilla/5.0 (Windows NT 10.0; Win64; x64) AppleWebKit/537.36 (KHTML, like Gecko) Chrome/116.0.0.0 Safari/537.36"
109.234.162.234 - - [29/Oct/2023:18:48:44 +0000] "POST /xmlrpc.php HTTP/1.1" 200 4421 "-" "Mozilla/5.0 (iPhone; CPU iPhone OS 14_6 like Mac OS X) AppleWebKit/605.1.15 (KHTML, like Gecko) CriOS/91.0.4472.80 Mobile/15E148 Safari/604.1"
107.180.121.71 - - [29/Oct/2023:18:48:45 +0000] "POST /xmlrpc.php HTTP/1.1" 200 3984 "-" "Mozilla/5.0 (Windows NT 5.1; rv:40.0) Gecko/20100101 Firefox/40.0"
64.227.108.223 - - [29/Oct/2023:18:48:48 +0000] "POST /xmlrpc.php HTTP/1.1" 200 4420 "-" "Mozilla/5.0 (Windows NT 10.0; Win64; x64) AppleWebKit/537.36 (KHTML, like Gecko) Chrome/85.0.4183.121 Safari/537.36"
178.32.143.124 - - [29/Oct/2023:18:48:48 +0000] "GET /wp-json HTTP/1.1" 404 4077 "-" "Mozilla/5.0 (X11; Ubuntu; Linux x86_64; rv:109.0) Gecko/20100101 Firefox/117.0"
178.32.143.124 - - [29/Oct/2023:18:48:49 +0000] "GET /wp-json/ HTTP/1.1" 404 4077 "-" "Mozilla/5.0 (Macintosh; Intel Mac OS X 10_15_7) AppleWebKit/605.1.15 (KHTML, like Gecko) Version/16.6 Safari/605.1.15"
178.62.63.209 - - [29/Oct/2023:18:48:49 +0000] "POST /xmlrpc.php HTTP/1.1" 200 4419 "-" "Mozilla/5.0 (Windows NT 10.0; Win64; x64) AppleWebKit/537.36 (KHTML, like Gecko) Chrome/80.0.3987.163 Safari/537.36"
178.32.143.124 - - [29/Oct/2023:18:48:49 +0000] "GET / HTTP/1.1" 200 15226 "-" "Mozilla/5.0 (Windows NT 10.0; Win64; x64) AppleWebKit/537.36 (KHTML, like Gecko) Chrome/117.0.0.0 Safari/537.36"
199.45.154.50 - - [29/Oct/2023:18:48:50 +0000] "GET / HTTP/1.1" 301 3863 "-" "-"
134.122.59.215 - - [29/Oct/2023:18:48:51 +0000] "POST /xmlrpc.php HTTP/1.1" 200 4420 "-" "Mozilla/5.0 (Windows NT 10.0; Win64; x64) AppleWebKit/537.36 (KHTML, like Gecko) Chrome/74.0.3729.169 Safari/537.36"
199.45.154.50 - - [29/Oct/2023:18:48:51 +0000] "GET / HTTP/1.1" 200 15226 "-" "Mozilla/5.0 (compatible; CensysInspect/1.1; +https://about.censys.io/)"
199.45.154.50 - - [29/Oct/2023:18:48:53 +0000] "GET /favicon.ico HTTP/1.1" 404 4096 "-" "Mozilla/5.0 (compatible; CensysInspect/1.1; +https://about.censys.io/)"
134.122.59.215 - - [29/Oct/2023:18:48:58 +0000] "POST /xmlrpc.php HTTP/1.1" 200 4420 "-" "Mozilla/5.0 (Windows NT 6.1; WOW64; rv:50.0) Gecko/20100101 Firefox/50.0"
46.101.144.32 - - [29/Oct/2023:18:49:28 +0000] "POST /wp-cron.php?doing_wp_cron=1698605368.9631710052490234375000 HTTP/1.1" 200 3995 "-" "WordPress/6.3.2; https://talmedos.com"
192.0.102.40 - - [29/Oct/2023:18:49:28 +0000] "HEAD / HTTP/1.1" 200 3915 "-" "jetmon/1.0 (Jetpack Site Uptime Monitor by WordPress.com)"
46.101.144.32 - - [29/Oct/2023:18:54:27 +0000] "POST /wp-cron.php?doing_wp_cron=1698605667.8884251117706298828125 HTTP/1.1" 200 3995 "-" "WordPress/6.3.2; https://talmedos.com"
192.0.102.40 - - [29/Oct/2023:18:54:27 +0000] "HEAD / HTTP/1.1" 200 3915 "-" "jetmon/1.0 (Jetpack Site Uptime Monitor by WordPress.com)"
46.101.144.32 - - [29/Oct/2023:18:59:29 +0000] "POST /wp-cron.php?doing_wp_cron=1698605969.2481338977813720703125 HTTP/1.1" 200 3995 "-" "WordPress/6.3.2; https://talmedos.com"
192.0.102.40 - - [29/Oct/2023:18:59:29 +0000] "HEAD / HTTP/1.1" 200 3915 "-" "jetmon/1.0 (Jetpack Site Uptime Monitor by WordPress.com)"
46.101.144.32 - - [29/Oct/2023:19:04:27 +0000] "POST /wp-cron.php?doing_wp_cron=1698606267.5318460464477539062500 HTTP/1.1" 200 3995 "-" "WordPress/6.3.2; https://talmedos.com"
192.0.102.40 - - [29/Oct/2023:19:04:27 +0000] "HEAD / HTTP/1.1" 200 3915 "-" "jetmon/1.0 (Jetpack Site Uptime Monitor by WordPress.com)"
46.101.144.32 - - [29/Oct/2023:19:09:27 +0000] "POST /wp-cron.php?doing_wp_cron=1698606567.1008000373840332031250 HTTP/1.1" 200 3995 "-" "WordPress/6.3.2; https://talmedos.com"
192.0.102.40 - - [29/Oct/2023:19:09:26 +0000] "HEAD / HTTP/1.1" 200 3915 "-" "jetmon/1.0 (Jetpack Site Uptime Monitor by WordPress.com)"
46.101.144.32 - - [29/Oct/2023:19:11:18 +0000] "POST /wp-cron.php?doing_wp_cron=1698606678.8808279037475585937500 HTTP/1.1" 200 3995 "-" "WordPress/6.3.2; https://talmedos.com"
199.45.155.17 - - [29/Oct/2023:19:11:18 +0000] "GET / HTTP/1.1" 301 3863 "-" "-"
199.45.155.17 - - [29/Oct/2023:19:11:20 +0000] "GET / HTTP/1.1" 301 3862 "-" "Mozilla/5.0 (compatible; CensysInspect/1.1; +https://about.censys.io/)"
199.45.155.17 - - [29/Oct/2023:19:11:23 +0000] "GET / HTTP/1.1" 200 15226 "-" "Mozilla/5.0 (compatible; CensysInspect/1.1; +https://about.censys.io/)"
199.45.155.17 - - [29/Oct/2023:19:11:25 +0000] "GET /favicon.ico HTTP/1.1" 404 4096 "-" "Mozilla/5.0 (compatible; CensysInspect/1.1; +https://about.censys.io/)"
46.101.144.32 - - [29/Oct/2023:19:14:27 +0000] "POST /wp-cron.php?doing_wp_cron=1698606867.5877859592437744140625 HTTP/1.1" 200 3995 "-" "WordPress/6.3.2; https://talmedos.com"
192.0.102.40 - - [29/Oct/2023:19:14:27 +0000] "HEAD / HTTP/1.1" 200 3915 "-" "jetmon/1.0 (Jetpack Site Uptime Monitor by WordPress.com)"
46.101.144.32 - - [29/Oct/2023:19:19:27 +0000] "POST /wp-cron.php?doing_wp_cron=1698607167.4511730670928955078125 HTTP/1.1" 200 3995 "-" "WordPress/6.3.2; https://talmedos.com"
192.0.102.40 - - [29/Oct/2023:19:19:27 +0000] "HEAD / HTTP/1.1" 200 3915 "-" "jetmon/1.0 (Jetpack Site Uptime Monitor by WordPress.com)"
46.101.144.32 - - [29/Oct/2023:19:24:27 +0000] "POST /wp-cron.php?doing_wp_cron=1698607467.1240689754486083984375 HTTP/1.1" 200 3995 "-" "WordPress/6.3.2; https://talmedos.com"
192.0.102.40 - - [29/Oct/2023:19:24:26 +0000] "HEAD / HTTP/1.1" 200 3915 "-" "jetmon/1.0 (Jetpack Site Uptime Monitor by WordPress.com)"
46.101.144.32 - - [29/Oct/2023:19:29:27 +0000] "POST /wp-cron.php?doing_wp_cron=1698607767.4488210678100585937500 HTTP/1.1" 200 3995 "-" "WordPress/6.3.2; https://talmedos.com"
192.0.102.40 - - [29/Oct/2023:19:29:27 +0000] "HEAD / HTTP/1.1" 200 3915 "-" "jetmon/1.0 (Jetpack Site Uptime Monitor by WordPress.com)"
94.142.138.104 - - [29/Oct/2023:19:32:58 +0000] "GET /RDWeb/Pages/en-US/login.aspx HTTP/1.1" 404 4097 "-" "Go-http-client/1.1"
46.101.144.32 - - [29/Oct/2023:19:34:27 +0000] "POST /wp-cron.php?doing_wp_cron=1698608067.3417229652404785156250 HTTP/1.1" 200 3995 "-" "WordPress/6.3.2; https://talmedos.com"
192.0.102.40 - - [29/Oct/2023:19:34:27 +0000] "HEAD / HTTP/1.1" 200 3915 "-" "jetmon/1.0 (Jetpack Site Uptime Monitor by WordPress.com)"
46.101.144.32 - - [29/Oct/2023:19:39:27 +0000] "POST /wp-cron.php?doing_wp_cron=1698608366.9966769218444824218750 HTTP/1.1" 200 3995 "-" "WordPress/6.3.2; https://talmedos.com"
192.0.102.40 - - [29/Oct/2023:19:39:26 +0000] "HEAD / HTTP/1.1" 200 3915 "-" "jetmon/1.0 (Jetpack Site Uptime Monitor by WordPress.com)"
46.101.144.32 - - [29/Oct/2023:19:44:27 +0000] "POST /wp-cron.php?doing_wp_cron=1698608667.9544470310211181640625 HTTP/1.1" 200 3995 "-" "WordPress/6.3.2; https://talmedos.com"
192.0.102.40 - - [29/Oct/2023:19:44:27 +0000] "HEAD / HTTP/1.1" 200 3915 "-" "jetmon/1.0 (Jetpack Site Uptime Monitor by WordPress.com)"
46.101.144.32 - - [29/Oct/2023:19:48:36 +0000] "POST /wp-cron.php?doing_wp_cron=1698608916.1432731151580810546875 HTTP/1.1" 200 3995 "-" "WordPress/6.3.2; https://talmedos.com"
84.139.30.230 - - [29/Oct/2023:19:48:35 +0000] "GET /?page_id=7 HTTP/1.1" 404 45729 "-" "Mozilla/5.0 (Windows NT 10.0; Win64; x64) AppleWebKit/537.36 (KHTML, like Gecko) Chrome/91.0.4472.114 Safari/537.36 Edg/91.0.864.54"
46.101.144.32 - - [29/Oct/2023:19:49:27 +0000] "POST /wp-cron.php?doing_wp_cron=1698608967.3190429210662841796875 HTTP/1.1" 200 3995 "-" "WordPress/6.3.2; https://talmedos.com"
192.0.102.40 - - [29/Oct/2023:19:49:27 +0000] "HEAD / HTTP/1.1" 200 3915 "-" "jetmon/1.0 (Jetpack Site Uptime Monitor by WordPress.com)"
46.101.144.32 - - [29/Oct/2023:19:54:26 +0000] "POST /wp-cron.php?doing_wp_cron=1698609266.9069449901580810546875 HTTP/1.1" 200 3995 "-" "WordPress/6.3.2; https://talmedos.com"
192.0.102.40 - - [29/Oct/2023:19:54:26 +0000] "HEAD / HTTP/1.1" 200 3915 "-" "jetmon/1.0 (Jetpack Site Uptime Monitor by WordPress.com)"
46.101.144.32 - - [29/Oct/2023:19:59:27 +0000] "POST /wp-cron.php?doing_wp_cron=1698609567.9606199264526367187500 HTTP/1.1" 200 3995 "-" "WordPress/6.3.2; https://talmedos.com"
192.0.102.40 - - [29/Oct/2023:19:59:27 +0000] "HEAD / HTTP/1.1" 200 3915 "-" "jetmon/1.0 (Jetpack Site Uptime Monitor by WordPress.com)"
46.101.144.32 - - [29/Oct/2023:20:04:27 +0000] "POST /wp-cron.php?doing_wp_cron=1698609867.7378599643707275390625 HTTP/1.1" 200 3995 "-" "WordPress/6.3.2; https://talmedos.com"
192.0.102.40 - - [29/Oct/2023:20:04:27 +0000] "HEAD / HTTP/1.1" 200 3915 "-" "jetmon/1.0 (Jetpack Site Uptime Monitor by WordPress.com)"
46.101.144.32 - - [29/Oct/2023:20:09:27 +0000] "POST /wp-cron.php?doing_wp_cron=1698610167.4888119697570800781250 HTTP/1.1" 200 3995 "-" "WordPress/6.3.2; https://talmedos.com"
192.0.102.40 - - [29/Oct/2023:20:09:27 +0000] "HEAD / HTTP/1.1" 200 3915 "-" "jetmon/1.0 (Jetpack Site Uptime Monitor by WordPress.com)"
46.101.144.32 - - [29/Oct/2023:20:14:27 +0000] "POST /wp-cron.php?doing_wp_cron=1698610467.5818560123443603515625 HTTP/1.1" 200 3995 "-" "WordPress/6.3.2; https://talmedos.com"
192.0.102.40 - - [29/Oct/2023:20:14:27 +0000] "HEAD / HTTP/1.1" 200 3915 "-" "jetmon/1.0 (Jetpack Site Uptime Monitor by WordPress.com)"
192.241.233.36 - - [29/Oct/2023:20:15:26 +0000] "GET /version HTTP/1.1" 404 3540 "-" "Mozilla/5.0 zgrab/0.x"
46.101.144.32 - - [29/Oct/2023:20:19:26 +0000] "POST /wp-cron.php?doing_wp_cron=1698610766.7779428958892822265625 HTTP/1.1" 200 3995 "-" "WordPress/6.3.2; https://talmedos.com"
192.0.102.40 - - [29/Oct/2023:20:19:26 +0000] "HEAD / HTTP/1.1" 200 3915 "-" "jetmon/1.0 (Jetpack Site Uptime Monitor by WordPress.com)"
46.101.144.32 - - [29/Oct/2023:20:24:26 +0000] "POST /wp-cron.php?doing_wp_cron=1698611066.5097041130065917968750 HTTP/1.1" 200 3995 "-" "WordPress/6.3.2; https://talmedos.com"
192.0.102.40 - - [29/Oct/2023:20:24:26 +0000] "HEAD / HTTP/1.1" 200 3915 "-" "jetmon/1.0 (Jetpack Site Uptime Monitor by WordPress.com)"
46.101.144.32 - - [29/Oct/2023:20:29:26 +0000] "POST /wp-cron.php?doing_wp_cron=1698611366.9510159492492675781250 HTTP/1.1" 200 3995 "-" "WordPress/6.3.2; https://talmedos.com"
192.0.102.40 - - [29/Oct/2023:20:29:26 +0000] "HEAD / HTTP/1.1" 200 3915 "-" "jetmon/1.0 (Jetpack Site Uptime Monitor by WordPress.com)"
46.101.144.32 - - [29/Oct/2023:20:34:26 +0000] "POST /wp-cron.php?doing_wp_cron=1698611666.7200570106506347656250 HTTP/1.1" 200 3995 "-" "WordPress/6.3.2; https://talmedos.com"
192.0.102.40 - - [29/Oct/2023:20:34:26 +0000] "HEAD / HTTP/1.1" 200 3915 "-" "jetmon/1.0 (Jetpack Site Uptime Monitor by WordPress.com)"
46.101.144.32 - - [29/Oct/2023:20:39:26 +0000] "GET / HTTP/1.1" 200 15340 "-" "WordPress/6.3.2; https://talmedos.com"
192.0.102.40 - - [29/Oct/2023:20:39:26 +0000] "HEAD / HTTP/1.1" 200 3915 "-" "jetmon/1.0 (Jetpack Site Uptime Monitor by WordPress.com)"
46.101.144.32 - - [29/Oct/2023:20:39:26 +0000] "POST /wp-cron.php?doing_wp_cron=1698611966.6192719936370849609375 HTTP/1.1" 200 3995 "-" "WordPress/6.3.2; https://talmedos.com"
46.101.144.32 - - [29/Oct/2023:20:44:27 +0000] "POST /wp-cron.php?doing_wp_cron=1698612267.4812889099121093750000 HTTP/1.1" 200 3995 "-" "WordPress/6.3.2; https://talmedos.com"
192.0.102.40 - - [29/Oct/2023:20:44:27 +0000] "HEAD / HTTP/1.1" 200 3915 "-" "jetmon/1.0 (Jetpack Site Uptime Monitor by WordPress.com)"
46.101.144.32 - - [29/Oct/2023:20:49:26 +0000] "POST /wp-cron.php?doing_wp_cron=1698612566.7497529983520507812500 HTTP/1.1" 200 3995 "-" "WordPress/6.3.2; https://talmedos.com"
192.0.102.40 - - [29/Oct/2023:20:49:26 +0000] "HEAD / HTTP/1.1" 200 3915 "-" "jetmon/1.0 (Jetpack Site Uptime Monitor by WordPress.com)"
104.40.67.195 - - [29/Oct/2023:20:53:30 +0000] "GET /.env HTTP/1.1" 404 4229 "-" "Mozilla/5.0 (Linux; U; Android 4.4.2; en-US; HM NOTE 1W Build/KOT49H) AppleWebKit/534.30 (KHTML, like Gecko) Version/4.0 UCBrowser/11.0.5.850 U3/0.8.0 Mobile Safari/534.30"
46.101.144.32 - - [29/Oct/2023:20:53:36 +0000] "POST /wp-cron.php?doing_wp_cron=1698612816.0824170112609863281250 HTTP/1.1" 200 3995 "-" "WordPress/6.3.2; https://talmedos.com"
104.40.67.195 - - [29/Oct/2023:20:53:35 +0000] "POST / HTTP/1.1" 200 15379 "-" "Mozilla/5.0 (Linux; U; Android 4.4.2; en-US; HM NOTE 1W Build/KOT49H) AppleWebKit/534.30 (KHTML, like Gecko) Version/4.0 UCBrowser/11.0.5.850 U3/0.8.0 Mobile Safari/534.30"
104.40.67.195 - - [29/Oct/2023:20:53:47 +0000] "GET /vendor/phpunit/phpunit/src/Util/PHP/eval-stdin.php HTTP/1.1" 404 4229 "-" "python-requests/2.31.0"
46.101.144.32 - - [29/Oct/2023:20:54:27 +0000] "POST /wp-cron.php?doing_wp_cron=1698612867.0807778835296630859375 HTTP/1.1" 200 3995 "-" "WordPress/6.3.2; https://talmedos.com"
192.0.102.40 - - [29/Oct/2023:20:54:26 +0000] "HEAD / HTTP/1.1" 200 3915 "-" "jetmon/1.0 (Jetpack Site Uptime Monitor by WordPress.com)"
46.101.144.32 - - [29/Oct/2023:20:59:27 +0000] "POST /wp-cron.php?doing_wp_cron=1698613167.1347019672393798828125 HTTP/1.1" 200 3995 "-" "WordPress/6.3.2; https://talmedos.com"
192.0.102.40 - - [29/Oct/2023:20:59:26 +0000] "HEAD / HTTP/1.1" 200 3915 "-" "jetmon/1.0 (Jetpack Site Uptime Monitor by WordPress.com)"
46.101.144.32 - - [29/Oct/2023:21:04:18 +0000] "POST /wp-cron.php?doing_wp_cron=1698613458.5849668979644775390625 HTTP/1.1" 200 3995 "-" "WordPress/6.3.2; https://talmedos.com"
45.120.226.30 - - [29/Oct/2023:21:04:18 +0000] "POST /xmlrpc.php HTTP/1.1" 200 4012 "-" "Mozilla/5.0 (Windows NT 10.0; Win64; x64) AppleWebKit/537.36 (KHTML, like Gecko) Chrome/69.0.3497.100 Safari/537.36"
202.79.174.79 - - [29/Oct/2023:21:04:18 +0000] "POST /xmlrpc.php HTTP/1.1" 200 3955 "-" "Mozilla/5.0 (Windows NT 10.0; Win64; x64; rv:85.0) Gecko/20100101 Firefox/85.0"
64.227.108.223 - - [29/Oct/2023:21:04:24 +0000] "POST /xmlrpc.php HTTP/1.1" 200 4420 "-" "Mozilla/5.0 (Windows NT 10.0; Win64; x64) AppleWebKit/537.36 (KHTML, like Gecko) Chrome/79.0.3945.117 Safari/537.36"
79.170.40.247 - - [29/Oct/2023:21:04:25 +0000] "POST /xmlrpc.php HTTP/1.1" 200 4012 "-" "Mozilla/5.0 (Windows NT 10.0; WOW64) AppleWebKit/537.36 (KHTML, like Gecko) Chrome/72.0.3626.121 Safari/537.36"
192.0.102.40 - - [29/Oct/2023:21:04:26 +0000] "HEAD / HTTP/1.1" 200 3915 "-" "jetmon/1.0 (Jetpack Site Uptime Monitor by WordPress.com)"
35.180.182.153 - - [29/Oct/2023:21:04:30 +0000] "POST /xmlrpc.php HTTP/1.1" 200 4420 "-" "Mozilla/5.0 (Windows NT 10.0; WOW64; rv:54.0) Gecko/20100101 Firefox/54.0"
208.109.226.46 - - [29/Oct/2023:21:04:35 +0000] "POST /xmlrpc.php HTTP/1.1" 200 4420 "-" "Mozilla/5.0 (Linux; Android 10; SM-G960U) AppleWebKit/537.36 (KHTML, like Gecko) Chrome/91.0.4472.114 Mobile Safari/537.36"
211.237.0.181 - - [29/Oct/2023:21:04:39 +0000] "POST /xmlrpc.php HTTP/1.1" 200 4419 "-" "Mozilla/5.0 (Windows NT 6.1; WOW64; rv:52.0) Gecko/20100101 Firefox/52.0"
72.167.124.187 - - [29/Oct/2023:21:04:39 +0000] "POST /xmlrpc.php HTTP/1.1" 200 4420 "-" "Mozilla/5.0 (Windows NT 10.0; Win64; x64) AppleWebKit/537.36 (KHTML, like Gecko) Chrome/65.0.3325.181 Safari/537.36"
51.68.230.210 - - [29/Oct/2023:21:04:42 +0000] "POST /xmlrpc.php HTTP/1.1" 200 4419 "-" "Mozilla/5.0 (Windows; U; Windows NT 5.1; en-US; rv:1.7.12) Gecko/20050915 Firefox/1.0.7"
173.212.232.6 - - [29/Oct/2023:21:04:44 +0000] "POST /xmlrpc.php HTTP/1.1" 200 4419 "-" "Mozilla/5.0 (Linux; Android 10) AppleWebKit/537.36 (KHTML, like Gecko) Chrome/91.0.4472.114 Mobile Safari/537.36"
64.227.108.223 - - [29/Oct/2023:21:04:46 +0000] "POST /xmlrpc.php HTTP/1.1" 200 4420 "-" "Mozilla/5.0 (Windows NT 6.1; Win64; x64; rv:61.0) Gecko/20100101 Firefox/61.0"
107.180.121.71 - - [29/Oct/2023:21:04:47 +0000] "POST /xmlrpc.php HTTP/1.1" 200 3984 "-" "Mozilla/5.0 (Windows NT 6.0; rv:34.0) Gecko/20100101 Firefox/34.0"
46.101.144.32 - - [29/Oct/2023:21:09:26 +0000] "POST /wp-cron.php?doing_wp_cron=1698613766.8930420875549316406250 HTTP/1.1" 200 3995 "-" "WordPress/6.3.2; https://talmedos.com"
192.0.102.40 - - [29/Oct/2023:21:09:26 +0000] "HEAD / HTTP/1.1" 200 3915 "-" "jetmon/1.0 (Jetpack Site Uptime Monitor by WordPress.com)"
46.101.144.32 - - [29/Oct/2023:21:14:27 +0000] "POST /wp-cron.php?doing_wp_cron=1698614067.1879010200500488281250 HTTP/1.1" 200 3995 "-" "WordPress/6.3.2; https://talmedos.com"
192.0.102.40 - - [29/Oct/2023:21:14:27 +0000] "HEAD / HTTP/1.1" 200 3915 "-" "jetmon/1.0 (Jetpack Site Uptime Monitor by WordPress.com)"
46.101.144.32 - - [29/Oct/2023:21:19:27 +0000] "POST /wp-cron.php?doing_wp_cron=1698614367.0306138992309570312500 HTTP/1.1" 200 3995 "-" "WordPress/6.3.2; https://talmedos.com"
192.0.102.40 - - [29/Oct/2023:21:19:26 +0000] "HEAD / HTTP/1.1" 200 3915 "-" "jetmon/1.0 (Jetpack Site Uptime Monitor by WordPress.com)"
46.101.144.32 - - [29/Oct/2023:21:21:52 +0000] "POST /wp-cron.php?doing_wp_cron=1698614512.1091120243072509765625 HTTP/1.1" 200 3995 "-" "WordPress/6.3.2; https://talmedos.com"
62.122.184.194 - - [29/Oct/2023:21:21:51 +0000] "GET / HTTP/1.0" 200 56409 "https://talmedos.com/" "Mozilla/5.0 (Windows NT 10.0; Win64; x64) AppleWebKit/537.36 (KHTML, like Gecko) Chrome/103.0.5060.66 Safari/537.36"
46.101.144.32 - - [29/Oct/2023:21:24:26 +0000] "POST /wp-cron.php?doing_wp_cron=1698614666.4788069725036621093750 HTTP/1.1" 200 3995 "-" "WordPress/6.3.2; https://talmedos.com"
192.0.102.40 - - [29/Oct/2023:21:24:26 +0000] "HEAD / HTTP/1.1" 200 3915 "-" "jetmon/1.0 (Jetpack Site Uptime Monitor by WordPress.com)"
5.133.192.131 - - [29/Oct/2023:21:25:00 +0000] "GET / HTTP/1.1" 200 15274 "-" "Mozilla/5.0 (Windows NT 10.0; Win64; x64) AppleWebKit/537.36 (KHTML, like Gecko) Chrome/105.0.0.0 Safari/537.36"
5.133.192.131 - - [29/Oct/2023:21:25:01 +0000] "GET /favicon.ico HTTP/1.1" 404 4125 "-" "Mozilla/5.0 (Windows NT 10.0; Win64; x64) AppleWebKit/537.36 (KHTML, like Gecko) Chrome/105.0.0.0 Safari/537.36"
46.101.144.32 - - [29/Oct/2023:21:29:27 +0000] "POST /wp-cron.php?doing_wp_cron=1698614967.4829940795898437500000 HTTP/1.1" 200 3995 "-" "WordPress/6.3.2; https://talmedos.com"
192.0.102.40 - - [29/Oct/2023:21:29:27 +0000] "HEAD / HTTP/1.1" 200 3915 "-" "jetmon/1.0 (Jetpack Site Uptime Monitor by WordPress.com)"
46.101.144.32 - - [29/Oct/2023:21:34:27 +0000] "POST /wp-cron.php?doing_wp_cron=1698615266.9709270000457763671875 HTTP/1.1" 200 3995 "-" "WordPress/6.3.2; https://talmedos.com"
192.0.102.40 - - [29/Oct/2023:21:34:26 +0000] "HEAD / HTTP/1.1" 200 3915 "-" "jetmon/1.0 (Jetpack Site Uptime Monitor by WordPress.com)"
46.101.144.32 - - [29/Oct/2023:21:39:26 +0000] "POST /wp-cron.php?doing_wp_cron=1698615566.6899659633636474609375 HTTP/1.1" 200 3995 "-" "WordPress/6.3.2; https://talmedos.com"
192.0.102.40 - - [29/Oct/2023:21:39:26 +0000] "HEAD / HTTP/1.1" 200 3915 "-" "jetmon/1.0 (Jetpack Site Uptime Monitor by WordPress.com)"
3.238.97.208 - - [29/Oct/2023:21:41:04 +0000] "GET /api/.env HTTP/1.1" 404 4097 "-" "EmailWolf 1.00"
46.101.144.32 - - [29/Oct/2023:21:44:27 +0000] "POST /wp-cron.php?doing_wp_cron=1698615867.1176080703735351562500 HTTP/1.1" 200 3995 "-" "WordPress/6.3.2; https://talmedos.com"
192.0.102.40 - - [29/Oct/2023:21:44:26 +0000] "HEAD / HTTP/1.1" 200 3915 "-" "jetmon/1.0 (Jetpack Site Uptime Monitor by WordPress.com)"
46.101.144.32 - - [29/Oct/2023:21:49:27 +0000] "POST /wp-cron.php?doing_wp_cron=1698616167.0337340831756591796875 HTTP/1.1" 200 3995 "-" "WordPress/6.3.2; https://talmedos.com"
192.0.102.40 - - [29/Oct/2023:21:49:26 +0000] "HEAD / HTTP/1.1" 200 3915 "-" "jetmon/1.0 (Jetpack Site Uptime Monitor by WordPress.com)"
46.101.144.32 - - [29/Oct/2023:21:54:26 +0000] "POST /wp-cron.php?doing_wp_cron=1698616466.9540529251098632812500 HTTP/1.1" 200 3995 "-" "WordPress/6.3.2; https://talmedos.com"
192.0.102.40 - - [29/Oct/2023:21:54:26 +0000] "HEAD / HTTP/1.1" 200 3915 "-" "jetmon/1.0 (Jetpack Site Uptime Monitor by WordPress.com)"
46.101.144.32 - - [29/Oct/2023:21:59:27 +0000] "POST /wp-cron.php?doing_wp_cron=1698616767.2043309211730957031250 HTTP/1.1" 200 3995 "-" "WordPress/6.3.2; https://talmedos.com"
192.0.102.40 - - [29/Oct/2023:21:59:27 +0000] "HEAD / HTTP/1.1" 200 3915 "-" "jetmon/1.0 (Jetpack Site Uptime Monitor by WordPress.com)"
46.101.144.32 - - [29/Oct/2023:22:04:26 +0000] "POST /wp-cron.php?doing_wp_cron=1698617066.7183330059051513671875 HTTP/1.1" 200 3995 "-" "WordPress/6.3.2; https://talmedos.com"
192.0.102.40 - - [29/Oct/2023:22:04:26 +0000] "HEAD / HTTP/1.1" 200 3915 "-" "jetmon/1.0 (Jetpack Site Uptime Monitor by WordPress.com)"
46.101.144.32 - - [29/Oct/2023:22:09:26 +0000] "POST /wp-cron.php?doing_wp_cron=1698617366.4019019603729248046875 HTTP/1.1" 200 3995 "-" "WordPress/6.3.2; https://talmedos.com"
192.0.102.40 - - [29/Oct/2023:22:09:26 +0000] "HEAD / HTTP/1.1" 200 3915 "-" "jetmon/1.0 (Jetpack Site Uptime Monitor by WordPress.com)"
46.101.144.32 - - [29/Oct/2023:22:14:27 +0000] "POST /wp-cron.php?doing_wp_cron=1698617667.1532471179962158203125 HTTP/1.1" 200 3995 "-" "WordPress/6.3.2; https://talmedos.com"
192.0.102.40 - - [29/Oct/2023:22:14:26 +0000] "HEAD / HTTP/1.1" 200 3915 "-" "jetmon/1.0 (Jetpack Site Uptime Monitor by WordPress.com)"
46.101.144.32 - - [29/Oct/2023:22:19:26 +0000] "POST /wp-cron.php?doing_wp_cron=1698617966.7350940704345703125000 HTTP/1.1" 200 3995 "-" "WordPress/6.3.2; https://talmedos.com"
192.0.102.40 - - [29/Oct/2023:22:19:26 +0000] "HEAD / HTTP/1.1" 200 3915 "-" "jetmon/1.0 (Jetpack Site Uptime Monitor by WordPress.com)"
46.101.144.32 - - [29/Oct/2023:22:24:26 +0000] "POST /wp-cron.php?doing_wp_cron=1698618266.6322720050811767578125 HTTP/1.1" 200 3995 "-" "WordPress/6.3.2; https://talmedos.com"
192.0.102.40 - - [29/Oct/2023:22:24:26 +0000] "HEAD / HTTP/1.1" 200 3915 "-" "jetmon/1.0 (Jetpack Site Uptime Monitor by WordPress.com)"
46.101.144.32 - - [29/Oct/2023:22:29:27 +0000] "POST /wp-cron.php?doing_wp_cron=1698618567.0102930068969726562500 HTTP/1.1" 200 3995 "-" "WordPress/6.3.2; https://talmedos.com"
192.0.102.40 - - [29/Oct/2023:22:29:26 +0000] "HEAD / HTTP/1.1" 200 3915 "-" "jetmon/1.0 (Jetpack Site Uptime Monitor by WordPress.com)"
46.101.144.32 - - [29/Oct/2023:22:34:26 +0000] "POST /wp-cron.php?doing_wp_cron=1698618866.7306079864501953125000 HTTP/1.1" 200 3995 "-" "WordPress/6.3.2; https://talmedos.com"
192.0.102.40 - - [29/Oct/2023:22:34:26 +0000] "HEAD / HTTP/1.1" 200 3915 "-" "jetmon/1.0 (Jetpack Site Uptime Monitor by WordPress.com)"
46.101.144.32 - - [29/Oct/2023:22:39:26 +0000] "POST /wp-cron.php?doing_wp_cron=1698619166.7930569648742675781250 HTTP/1.1" 200 3995 "-" "WordPress/6.3.2; https://talmedos.com"
192.0.102.40 - - [29/Oct/2023:22:39:26 +0000] "HEAD / HTTP/1.1" 200 3915 "-" "jetmon/1.0 (Jetpack Site Uptime Monitor by WordPress.com)"
46.101.144.32 - - [29/Oct/2023:22:44:26 +0000] "POST /wp-cron.php?doing_wp_cron=1698619466.7883310317993164062500 HTTP/1.1" 200 3995 "-" "WordPress/6.3.2; https://talmedos.com"
192.0.102.40 - - [29/Oct/2023:22:44:26 +0000] "HEAD / HTTP/1.1" 200 3915 "-" "jetmon/1.0 (Jetpack Site Uptime Monitor by WordPress.com)"
46.101.144.32 - - [29/Oct/2023:22:49:26 +0000] "POST /wp-cron.php?doing_wp_cron=1698619766.9679980278015136718750 HTTP/1.1" 200 3995 "-" "WordPress/6.3.2; https://talmedos.com"
192.0.102.40 - - [29/Oct/2023:22:49:26 +0000] "HEAD / HTTP/1.1" 200 3915 "-" "jetmon/1.0 (Jetpack Site Uptime Monitor by WordPress.com)"
46.101.144.32 - - [29/Oct/2023:22:54:23 +0000] "POST /wp-cron.php?doing_wp_cron=1698620063.2710878849029541015625 HTTP/1.1" 200 3995 "-" "WordPress/6.3.2; https://talmedos.com"
185.180.143.49 - - [29/Oct/2023:22:54:23 +0000] "GET / HTTP/1.1" 200 14814 "-" "Mozilla/5.0 (Windows NT 10.0; Win64; x64) AppleWebKit/537.36 (KHTML, like Gecko) Chrome/60.0.3112.113 Safari/537.36"
192.0.102.40 - - [29/Oct/2023:22:54:26 +0000] "HEAD / HTTP/1.1" 200 3915 "-" "jetmon/1.0 (Jetpack Site Uptime Monitor by WordPress.com)"
185.180.143.49 - - [29/Oct/2023:22:54:35 +0000] "GET /cf_scripts/scripts/ajax/ckeditor/ckeditor.js HTTP/1.1" 404 3583 "-" "Mozilla/5.0 (Windows NT 10.0; Win64; x64) AppleWebKit/537.36 (KHTML, like Gecko) Chrome/60.0.3112.113 Safari/537.36"
46.101.144.32 - - [29/Oct/2023:22:59:26 +0000] "POST /wp-cron.php?doing_wp_cron=1698620366.4116139411926269531250 HTTP/1.1" 200 3995 "-" "WordPress/6.3.2; https://talmedos.com"
192.0.102.40 - - [29/Oct/2023:22:59:26 +0000] "HEAD / HTTP/1.1" 200 3915 "-" "jetmon/1.0 (Jetpack Site Uptime Monitor by WordPress.com)"
98.71.20.249 - - [29/Oct/2023:23:01:43 +0000] "GET /.env HTTP/1.1" 404 4229 "-" "Mozilla/5.0 (Linux; U; Android 4.4.2; en-US; HM NOTE 1W Build/KOT49H) AppleWebKit/534.30 (KHTML, like Gecko) Version/4.0 UCBrowser/11.0.5.850 U3/0.8.0 Mobile Safari/534.30"
46.101.144.32 - - [29/Oct/2023:23:01:43 +0000] "POST /wp-cron.php?doing_wp_cron=1698620503.6769371032714843750000 HTTP/1.1" 200 3995 "-" "WordPress/6.3.2; https://talmedos.com"
98.71.20.249 - - [29/Oct/2023:23:01:43 +0000] "POST / HTTP/1.1" 200 15379 "-" "Mozilla/5.0 (Linux; U; Android 4.4.2; en-US; HM NOTE 1W Build/KOT49H) AppleWebKit/534.30 (KHTML, like Gecko) Version/4.0 UCBrowser/11.0.5.850 U3/0.8.0 Mobile Safari/534.30"
98.71.20.249 - - [29/Oct/2023:23:01:44 +0000] "GET /vendor/phpunit/phpunit/src/Util/PHP/eval-stdin.php HTTP/1.1" 404 4229 "-" "python-requests/2.26.0"
46.101.144.32 - - [29/Oct/2023:23:04:26 +0000] "POST /wp-cron.php?doing_wp_cron=1698620666.8362579345703125000000 HTTP/1.1" 200 3995 "-" "WordPress/6.3.2; https://talmedos.com"
192.0.102.40 - - [29/Oct/2023:23:04:26 +0000] "HEAD / HTTP/1.1" 200 3915 "-" "jetmon/1.0 (Jetpack Site Uptime Monitor by WordPress.com)"
46.101.144.32 - - [29/Oct/2023:23:09:26 +0000] "POST /wp-cron.php?doing_wp_cron=1698620966.9202370643615722656250 HTTP/1.1" 200 3995 "-" "WordPress/6.3.2; https://talmedos.com"
192.0.102.40 - - [29/Oct/2023:23:09:26 +0000] "HEAD / HTTP/1.1" 200 3915 "-" "jetmon/1.0 (Jetpack Site Uptime Monitor by WordPress.com)"
46.101.144.32 - - [29/Oct/2023:23:14:26 +0000] "POST /wp-cron.php?doing_wp_cron=1698621266.8402609825134277343750 HTTP/1.1" 200 3995 "-" "WordPress/6.3.2; https://talmedos.com"
192.0.102.40 - - [29/Oct/2023:23:14:26 +0000] "HEAD / HTTP/1.1" 200 3915 "-" "jetmon/1.0 (Jetpack Site Uptime Monitor by WordPress.com)"
46.101.144.32 - - [29/Oct/2023:23:19:26 +0000] "POST /wp-cron.php?doing_wp_cron=1698621566.7221860885620117187500 HTTP/1.1" 200 3995 "-" "WordPress/6.3.2; https://talmedos.com"
192.0.102.40 - - [29/Oct/2023:23:19:26 +0000] "HEAD / HTTP/1.1" 200 3915 "-" "jetmon/1.0 (Jetpack Site Uptime Monitor by WordPress.com)"
46.101.144.32 - - [29/Oct/2023:23:24:26 +0000] "POST /wp-cron.php?doing_wp_cron=1698621866.7505540847778320312500 HTTP/1.1" 200 3995 "-" "WordPress/6.3.2; https://talmedos.com"
