46.101.144.32 - - [26/Oct/2023:00:04:26 +0000] "POST /wp-cron.php?doing_wp_cron=1698278666.8252360820770263671875 HTTP/1.1" 200 3995 "-" "WordPress/6.3.2; https://talmedos.com"
192.0.102.40 - - [26/Oct/2023:00:04:25 +0000] "HEAD / HTTP/1.1" 200 3915 "-" "jetmon/1.0 (Jetpack Site Uptime Monitor by WordPress.com)"
46.101.144.32 - - [26/Oct/2023:00:09:25 +0000] "POST /wp-cron.php?doing_wp_cron=1698278964.9306979179382324218750 HTTP/1.1" 200 3995 "-" "WordPress/6.3.2; https://talmedos.com"
192.0.102.40 - - [26/Oct/2023:00:09:24 +0000] "HEAD / HTTP/1.1" 200 3915 "-" "jetmon/1.0 (Jetpack Site Uptime Monitor by WordPress.com)"
46.101.144.32 - - [26/Oct/2023:00:14:25 +0000] "POST /wp-cron.php?doing_wp_cron=1698279265.3812670707702636718750 HTTP/1.1" 200 3995 "-" "WordPress/6.3.2; https://talmedos.com"
192.0.102.40 - - [26/Oct/2023:00:14:25 +0000] "HEAD / HTTP/1.1" 200 3915 "-" "jetmon/1.0 (Jetpack Site Uptime Monitor by WordPress.com)"
46.101.144.32 - - [26/Oct/2023:00:19:25 +0000] "POST /wp-cron.php?doing_wp_cron=1698279565.1327610015869140625000 HTTP/1.1" 200 3995 "-" "WordPress/6.3.2; https://talmedos.com"
192.0.102.40 - - [26/Oct/2023:00:19:24 +0000] "HEAD / HTTP/1.1" 200 3915 "-" "jetmon/1.0 (Jetpack Site Uptime Monitor by WordPress.com)"
46.101.144.32 - - [26/Oct/2023:00:24:24 +0000] "POST /wp-cron.php?doing_wp_cron=1698279864.7709870338439941406250 HTTP/1.1" 200 3995 "-" "WordPress/6.3.2; https://talmedos.com"
192.0.102.40 - - [26/Oct/2023:00:24:24 +0000] "HEAD / HTTP/1.1" 200 3915 "-" "jetmon/1.0 (Jetpack Site Uptime Monitor by WordPress.com)"
46.101.144.32 - - [26/Oct/2023:00:29:25 +0000] "POST /wp-cron.php?doing_wp_cron=1698280165.2958819866180419921875 HTTP/1.1" 200 3995 "-" "WordPress/6.3.2; https://talmedos.com"
192.0.102.40 - - [26/Oct/2023:00:29:25 +0000] "HEAD / HTTP/1.1" 200 3915 "-" "jetmon/1.0 (Jetpack Site Uptime Monitor by WordPress.com)"
46.101.144.32 - - [26/Oct/2023:00:34:25 +0000] "POST /wp-cron.php?doing_wp_cron=1698280465.1581830978393554687500 HTTP/1.1" 200 3995 "-" "WordPress/6.3.2; https://talmedos.com"
192.0.102.40 - - [26/Oct/2023:00:34:24 +0000] "HEAD / HTTP/1.1" 200 3915 "-" "jetmon/1.0 (Jetpack Site Uptime Monitor by WordPress.com)"
46.101.144.32 - - [26/Oct/2023:00:39:24 +0000] "POST /wp-cron.php?doing_wp_cron=1698280764.0922279357910156250000 HTTP/1.1" 200 3995 "-" "WordPress/6.3.2; https://talmedos.com"
192.0.102.40 - - [26/Oct/2023:00:39:23 +0000] "HEAD / HTTP/1.1" 200 3915 "-" "jetmon/1.0 (Jetpack Site Uptime Monitor by WordPress.com)"
46.101.144.32 - - [26/Oct/2023:00:44:25 +0000] "POST /wp-cron.php?doing_wp_cron=1698281065.3210880756378173828125 HTTP/1.1" 200 3995 "-" "WordPress/6.3.2; https://talmedos.com"
192.0.102.40 - - [26/Oct/2023:00:44:25 +0000] "HEAD / HTTP/1.1" 200 3915 "-" "jetmon/1.0 (Jetpack Site Uptime Monitor by WordPress.com)"
172.104.51.254 - - [26/Oct/2023:00:46:56 +0000] "GET /N4mm HTTP/1.1" 404 4145 "-" "Mozilla/5.0 (compatible; Nmap Scripting Engine; https://nmap.org/book/nse.html)"
172.104.51.254 - - [26/Oct/2023:00:46:57 +0000] "GET /PwSC HTTP/1.1" 404 4145 "-" "Mozilla/5.0 (compatible; Nmap Scripting Engine; https://nmap.org/book/nse.html)"
109.237.97.180 - - [26/Oct/2023:00:48:01 +0000] "GET /.env HTTP/1.1" 404 4182 "-" "Mozilla/5.0 (X11; Linux x86_64) AppleWebKit/537.36 (KHTML, like Gecko) Chrome/81.0.4044.129 Safari/537.36"
46.101.144.32 - - [26/Oct/2023:00:49:24 +0000] "POST /wp-cron.php?doing_wp_cron=1698281364.8397960662841796875000 HTTP/1.1" 200 3995 "-" "WordPress/6.3.2; https://talmedos.com"
192.0.102.40 - - [26/Oct/2023:00:49:24 +0000] "HEAD / HTTP/1.1" 200 3915 "-" "jetmon/1.0 (Jetpack Site Uptime Monitor by WordPress.com)"
98.71.20.249 - - [26/Oct/2023:00:51:23 +0000] "GET /.env HTTP/1.1" 404 4229 "-" "Mozilla/5.0 (Linux; U; Android 4.4.2; en-US; HM NOTE 1W Build/KOT49H) AppleWebKit/534.30 (KHTML, like Gecko) Version/4.0 UCBrowser/11.0.5.850 U3/0.8.0 Mobile Safari/534.30"
46.101.144.32 - - [26/Oct/2023:00:51:24 +0000] "POST /wp-cron.php?doing_wp_cron=1698281484.1271460056304931640625 HTTP/1.1" 200 3995 "-" "WordPress/6.3.2; https://talmedos.com"
98.71.20.249 - - [26/Oct/2023:00:51:23 +0000] "POST / HTTP/1.1" 200 15379 "-" "Mozilla/5.0 (Linux; U; Android 4.4.2; en-US; HM NOTE 1W Build/KOT49H) AppleWebKit/534.30 (KHTML, like Gecko) Version/4.0 UCBrowser/11.0.5.850 U3/0.8.0 Mobile Safari/534.30"
98.71.20.249 - - [26/Oct/2023:00:51:26 +0000] "GET /vendor/phpunit/phpunit/src/Util/PHP/eval-stdin.php HTTP/1.1" 404 4229 "-" "python-requests/2.26.0"
46.101.144.32 - - [26/Oct/2023:00:54:24 +0000] "POST /wp-cron.php?doing_wp_cron=1698281664.2419090270996093750000 HTTP/1.1" 200 3995 "-" "WordPress/6.3.2; https://talmedos.com"
192.0.102.40 - - [26/Oct/2023:00:54:24 +0000] "HEAD / HTTP/1.1" 200 3915 "-" "jetmon/1.0 (Jetpack Site Uptime Monitor by WordPress.com)"
46.101.144.32 - - [26/Oct/2023:00:59:25 +0000] "POST /wp-cron.php?doing_wp_cron=1698281965.7480750083923339843750 HTTP/1.1" 200 3995 "-" "WordPress/6.3.2; https://talmedos.com"
192.0.102.40 - - [26/Oct/2023:00:59:25 +0000] "HEAD / HTTP/1.1" 200 3915 "-" "jetmon/1.0 (Jetpack Site Uptime Monitor by WordPress.com)"
46.101.144.32 - - [26/Oct/2023:01:01:32 +0000] "POST /wp-cron.php?doing_wp_cron=1698282092.8892309665679931640625 HTTP/1.1" 200 3995 "-" "WordPress/6.3.2; https://talmedos.com"
94.102.61.10 - - [26/Oct/2023:01:01:32 +0000] "GET / HTTP/1.1" 200 14711 "http://46.101.144.32:80/" "Mozilla/5.0 (Windows NT 10.0; Win64; x64) AppleWebKit/537.36 (KHTML, like Gecko) Chrome/88.0.4324.190 Safari/537.36"
163.123.143.90 - - [26/Oct/2023:01:03:17 +0000] "GET /.env HTTP/1.1" 404 4229 "-" "Mozilla/5.0 (Linux; U; Android 4.4.2; en-US; HM NOTE 1W Build/KOT49H) AppleWebKit/534.30 (KHTML, like Gecko) Version/4.0 UCBrowser/11.0.5.850 U3/0.8.0 Mobile Safari/534.30"
46.101.144.32 - - [26/Oct/2023:01:03:17 +0000] "POST /wp-cron.php?doing_wp_cron=1698282197.6264739036560058593750 HTTP/1.1" 200 3995 "-" "WordPress/6.3.2; https://talmedos.com"
163.123.143.90 - - [26/Oct/2023:01:03:17 +0000] "POST / HTTP/1.1" 200 15379 "-" "Mozilla/5.0 (Linux; U; Android 4.4.2; en-US; HM NOTE 1W Build/KOT49H) AppleWebKit/534.30 (KHTML, like Gecko) Version/4.0 UCBrowser/11.0.5.850 U3/0.8.0 Mobile Safari/534.30"
163.123.143.90 - - [26/Oct/2023:01:03:20 +0000] "GET /vendor/phpunit/phpunit/src/Util/PHP/eval-stdin.php HTTP/1.1" 404 4229 "-" "python-requests/2.25.1"
46.101.144.32 - - [26/Oct/2023:01:04:24 +0000] "POST /wp-cron.php?doing_wp_cron=1698282264.6758079528808593750000 HTTP/1.1" 200 3995 "-" "WordPress/6.3.2; https://talmedos.com"
192.0.102.40 - - [26/Oct/2023:01:04:24 +0000] "HEAD / HTTP/1.1" 200 3915 "-" "jetmon/1.0 (Jetpack Site Uptime Monitor by WordPress.com)"
46.101.144.32 - - [26/Oct/2023:01:09:24 +0000] "POST /wp-cron.php?doing_wp_cron=1698282564.4920589923858642578125 HTTP/1.1" 200 3995 "-" "WordPress/6.3.2; https://talmedos.com"
192.0.102.40 - - [26/Oct/2023:01:09:24 +0000] "HEAD / HTTP/1.1" 200 3915 "-" "jetmon/1.0 (Jetpack Site Uptime Monitor by WordPress.com)"
46.101.144.32 - - [26/Oct/2023:01:11:13 +0000] "POST /wp-cron.php?doing_wp_cron=1698282673.4459838867187500000000 HTTP/1.1" 200 3995 "-" "WordPress/6.3.2; https://talmedos.com"
51.15.17.105 - - [26/Oct/2023:01:11:13 +0000] "GET /?of=1 HTTP/1.1" 200 14780 "www.google.com" "Mozilla/6.4 (Windows NT 11.1) Gecko/2010102 Firefox/99.0"
46.101.144.32 - - [26/Oct/2023:01:14:24 +0000] "POST /wp-cron.php?doing_wp_cron=1698282864.7878389358520507812500 HTTP/1.1" 200 3995 "-" "WordPress/6.3.2; https://talmedos.com"
192.0.102.40 - - [26/Oct/2023:01:14:24 +0000] "HEAD / HTTP/1.1" 200 3915 "-" "jetmon/1.0 (Jetpack Site Uptime Monitor by WordPress.com)"
46.101.144.32 - - [26/Oct/2023:01:15:06 +0000] "POST /wp-cron.php?doing_wp_cron=1698282906.6912729740142822265625 HTTP/1.1" 200 3995 "-" "WordPress/6.3.2; https://talmedos.com"
104.140.148.110 - - [26/Oct/2023:01:15:06 +0000] "GET / HTTP/1.1" 200 15247 "-" "Mozilla/5.0 (Linux; Android 12; ASUS_I005DA) AppleWebKit/537.36 (KHTML, like Gecko) Chrome/100.0.4896.127 Mobile Safari/537.36 EdgA/100.0.1185.50"
46.101.144.32 - - [26/Oct/2023:01:19:24 +0000] "POST /wp-cron.php?doing_wp_cron=1698283164.6505899429321289062500 HTTP/1.1" 200 3995 "-" "WordPress/6.3.2; https://talmedos.com"
192.0.102.40 - - [26/Oct/2023:01:19:24 +0000] "HEAD / HTTP/1.1" 200 3915 "-" "jetmon/1.0 (Jetpack Site Uptime Monitor by WordPress.com)"
46.101.144.32 - - [26/Oct/2023:01:24:26 +0000] "POST /wp-cron.php?doing_wp_cron=1698283466.2132580280303955078125 HTTP/1.1" 200 3995 "-" "WordPress/6.3.2; https://talmedos.com"
192.0.102.40 - - [26/Oct/2023:01:24:26 +0000] "HEAD / HTTP/1.1" 200 3915 "-" "jetmon/1.0 (Jetpack Site Uptime Monitor by WordPress.com)"
5.101.157.220 - - [26/Oct/2023:01:24:56 +0000] "GET /wp-includes/ss.php HTTP/1.1" 404 4172 "http://talmedos.com/wp-includes/ss.php" "Mozilla/5.0 (Windows; U; Windows NT 5.1; en-US) AppleWebKit/533.4 (KHTML, like Gecko) Chrome/5.0.375.99 Safari/533.4"
46.101.144.32 - - [26/Oct/2023:01:29:24 +0000] "POST /wp-cron.php?doing_wp_cron=1698283764.6212830543518066406250 HTTP/1.1" 200 3995 "-" "WordPress/6.3.2; https://talmedos.com"
192.0.102.40 - - [26/Oct/2023:01:29:24 +0000] "HEAD / HTTP/1.1" 200 3915 "-" "jetmon/1.0 (Jetpack Site Uptime Monitor by WordPress.com)"
46.101.144.32 - - [26/Oct/2023:01:34:24 +0000] "POST /wp-cron.php?doing_wp_cron=1698284064.4932539463043212890625 HTTP/1.1" 200 3995 "-" "WordPress/6.3.2; https://talmedos.com"
192.0.102.40 - - [26/Oct/2023:01:34:24 +0000] "HEAD / HTTP/1.1" 200 3915 "-" "jetmon/1.0 (Jetpack Site Uptime Monitor by WordPress.com)"
46.101.144.32 - - [26/Oct/2023:01:38:02 +0000] "POST /wp-cron.php?doing_wp_cron=1698284282.7971420288085937500000 HTTP/1.1" 200 3995 "-" "WordPress/6.3.2; https://talmedos.com"
35.171.144.152 - - [26/Oct/2023:01:38:02 +0000] "GET / HTTP/1.1" 200 56901 "-" "Mozilla/5.0 \\(Windows NT 10.0\\; Win64\\; x64\\) AppleWebKit/537.36 \\(KHTML, like Gecko\\) Chrome/100.0.4896.60 Safari/537.36"
54.88.179.33 - - [26/Oct/2023:01:38:03 +0000] "GET / HTTP/1.1" 200 56951 "-" "Mozilla/5.0 \\(Windows NT 10.0\\; Win64\\; x64\\) AppleWebKit/537.36 \\(KHTML, like Gecko\\) Chrome/100.0.4896.60 Safari/537.36"
35.171.144.152 - - [26/Oct/2023:01:38:04 +0000] "GET / HTTP/1.1" 200 56901 "-" "Mozilla/5.0 \\(Windows NT 10.0\\; Win64\\; x64\\) AppleWebKit/537.36 \\(KHTML, like Gecko\\) Chrome/100.0.4896.60 Safari/537.36"
46.101.144.32 - - [26/Oct/2023:01:39:24 +0000] "POST /wp-cron.php?doing_wp_cron=1698284364.2361168861389160156250 HTTP/1.1" 200 3995 "-" "WordPress/6.3.2; https://talmedos.com"
192.0.102.40 - - [26/Oct/2023:01:39:24 +0000] "HEAD / HTTP/1.1" 200 3915 "-" "jetmon/1.0 (Jetpack Site Uptime Monitor by WordPress.com)"
46.101.144.32 - - [26/Oct/2023:01:42:51 +0000] "POST /wp-cron.php?doing_wp_cron=1698284571.1948969364166259765625 HTTP/1.1" 200 3995 "-" "WordPress/6.3.2; https://talmedos.com"
64.62.197.89 - - [26/Oct/2023:01:42:51 +0000] "GET / HTTP/1.1" 200 14711 "-" "Mozilla/5.0 (Windows NT 10.0; Win64; x64) AppleWebKit/537.36 (KHTML, like Gecko) Chrome/109.0.0.0 Safari/537.36 OPR/95.0.0.0"
46.101.144.32 - - [26/Oct/2023:01:44:25 +0000] "POST /wp-cron.php?doing_wp_cron=1698284665.0423109531402587890625 HTTP/1.1" 200 3995 "-" "WordPress/6.3.2; https://talmedos.com"
192.0.102.40 - - [26/Oct/2023:01:44:24 +0000] "HEAD / HTTP/1.1" 200 3915 "-" "jetmon/1.0 (Jetpack Site Uptime Monitor by WordPress.com)"
46.101.144.32 - - [26/Oct/2023:01:48:32 +0000] "POST /wp-cron.php?doing_wp_cron=1698284912.1066210269927978515625 HTTP/1.1" 200 3995 "-" "WordPress/6.3.2; https://talmedos.com"
157.90.34.219 - - [26/Oct/2023:01:48:31 +0000] "GET / HTTP/1.1" 200 15226 "-" "Mozilla/5.0 (Windows NT 10.0; Win64; x64) AppleWebKit/537.36 (KHTML, like Gecko) Chrome/117.0.0.0 Safari/537.36"
157.90.34.219 - - [26/Oct/2023:01:48:32 +0000] "GET / HTTP/1.1" 200 15226 "-" "Mozilla/5.0 (X11; Linux x86_64; rv:109.0) Gecko/20100101 Firefox/117.0"
157.90.34.219 - - [26/Oct/2023:01:48:32 +0000] "GET /wp-json HTTP/1.1" 404 4077 "-" "Mozilla/5.0 (Macintosh; Intel Mac OS X 10.15; rv:109.0) Gecko/20100101 Firefox/117.0"
157.90.34.219 - - [26/Oct/2023:01:48:32 +0000] "GET /wp-json/ HTTP/1.1" 404 4077 "-" "Mozilla/5.0 (Windows NT 10.0; Win64; x64) AppleWebKit/537.36 (KHTML, like Gecko) Chrome/116.0.0.0 Safari/537.36"
157.90.34.219 - - [26/Oct/2023:01:48:32 +0000] "GET / HTTP/1.1" 200 15226 "-" "Mozilla/5.0 (Macintosh; Intel Mac OS X 10_15_7) AppleWebKit/537.36 (KHTML, like Gecko) Chrome/117.0.0.0 Safari/537.36"
157.90.34.219 - - [26/Oct/2023:01:48:33 +0000] "POST /wp-admin/admin-ajax.php HTTP/1.1" 400 4045 "-" "Mozilla/5.0 (Macintosh; Intel Mac OS X 10.15; rv:109.0) Gecko/20100101 Firefox/117.0"
46.101.144.32 - - [26/Oct/2023:01:49:24 +0000] "POST /wp-cron.php?doing_wp_cron=1698284964.3851690292358398437500 HTTP/1.1" 200 3995 "-" "WordPress/6.3.2; https://talmedos.com"
192.0.102.40 - - [26/Oct/2023:01:49:24 +0000] "HEAD / HTTP/1.1" 200 3915 "-" "jetmon/1.0 (Jetpack Site Uptime Monitor by WordPress.com)"
64.62.197.85 - - [26/Oct/2023:01:49:57 +0000] "GET /favicon.ico HTTP/1.1" 404 3540 "-" "Mozilla/5.0 (Windows NT 10.0; Win64; x64) AppleWebKit/537.36 (KHTML, like Gecko) Chrome/109.0.0.0 Safari/537.36 OPR/95.0.0.0"
46.101.144.32 - - [26/Oct/2023:01:51:00 +0000] "POST /wp-cron.php?doing_wp_cron=1698285060.5596580505371093750000 HTTP/1.1" 200 3995 "-" "WordPress/6.3.2; https://talmedos.com"
64.62.197.78 - - [26/Oct/2023:01:51:00 +0000] "GET / HTTP/1.1" 200 15228 "-" "Mozilla/5.0 (Windows NT 10.0; Win64; x64) AppleWebKit/537.36 (KHTML, like Gecko) Chrome/109.0.0.0 Safari/537.36 OPR/95.0.0.0"
64.62.197.80 - - [26/Oct/2023:01:53:45 +0000] "GET /geoserver/web/ HTTP/1.1" 404 3540 "-" "Mozilla/5.0 (Windows NT 10.0; Win64; x64) AppleWebKit/537.36 (KHTML, like Gecko) Chrome/108.0.0.0 YaBrowser/23.1.2.987 Yowser/2.5 Safari/537.36"
64.62.197.82 - - [26/Oct/2023:01:54:20 +0000] "GET /.git/config HTTP/1.1" 404 3540 "-" "Mozilla/5.0 (Windows NT 10.0; Win64; x64) AppleWebKit/537.36 (KHTML, like Gecko) Chrome/110.0.0.0 Safari/537.36 Edg/110.0.1587.50"
46.101.144.32 - - [26/Oct/2023:01:54:24 +0000] "POST /wp-cron.php?doing_wp_cron=1698285264.4583868980407714843750 HTTP/1.1" 200 3995 "-" "WordPress/6.3.2; https://talmedos.com"
192.0.102.40 - - [26/Oct/2023:01:54:24 +0000] "HEAD / HTTP/1.1" 200 3915 "-" "jetmon/1.0 (Jetpack Site Uptime Monitor by WordPress.com)"
46.101.144.32 - - [26/Oct/2023:01:59:25 +0000] "POST /wp-cron.php?doing_wp_cron=1698285565.0233910083770751953125 HTTP/1.1" 200 3995 "-" "WordPress/6.3.2; https://talmedos.com"
192.0.102.40 - - [26/Oct/2023:01:59:24 +0000] "HEAD / HTTP/1.1" 200 3915 "-" "jetmon/1.0 (Jetpack Site Uptime Monitor by WordPress.com)"
46.101.144.32 - - [26/Oct/2023:02:04:24 +0000] "POST /wp-cron.php?doing_wp_cron=1698285864.4056620597839355468750 HTTP/1.1" 200 3995 "-" "WordPress/6.3.2; https://talmedos.com"
192.0.102.40 - - [26/Oct/2023:02:04:24 +0000] "HEAD / HTTP/1.1" 200 3915 "-" "jetmon/1.0 (Jetpack Site Uptime Monitor by WordPress.com)"
46.101.144.32 - - [26/Oct/2023:02:09:24 +0000] "POST /wp-cron.php?doing_wp_cron=1698286164.0618081092834472656250 HTTP/1.1" 200 3995 "-" "WordPress/6.3.2; https://talmedos.com"
192.0.102.40 - - [26/Oct/2023:02:09:23 +0000] "HEAD / HTTP/1.1" 200 3915 "-" "jetmon/1.0 (Jetpack Site Uptime Monitor by WordPress.com)"
46.101.144.32 - - [26/Oct/2023:02:14:24 +0000] "POST /wp-cron.php?doing_wp_cron=1698286464.3224649429321289062500 HTTP/1.1" 200 3995 "-" "WordPress/6.3.2; https://talmedos.com"
192.0.102.40 - - [26/Oct/2023:02:14:24 +0000] "HEAD / HTTP/1.1" 200 3915 "-" "jetmon/1.0 (Jetpack Site Uptime Monitor by WordPress.com)"
46.101.144.32 - - [26/Oct/2023:02:19:24 +0000] "POST /wp-cron.php?doing_wp_cron=1698286764.3189070224761962890625 HTTP/1.1" 200 3995 "-" "WordPress/6.3.2; https://talmedos.com"
192.0.102.40 - - [26/Oct/2023:02:19:24 +0000] "HEAD / HTTP/1.1" 200 3915 "-" "jetmon/1.0 (Jetpack Site Uptime Monitor by WordPress.com)"
46.101.144.32 - - [26/Oct/2023:02:24:24 +0000] "POST /wp-cron.php?doing_wp_cron=1698287064.3844978809356689453125 HTTP/1.1" 200 3995 "-" "WordPress/6.3.2; https://talmedos.com"
192.0.102.40 - - [26/Oct/2023:02:24:24 +0000] "HEAD / HTTP/1.1" 200 3915 "-" "jetmon/1.0 (Jetpack Site Uptime Monitor by WordPress.com)"
46.101.144.32 - - [26/Oct/2023:02:25:49 +0000] "POST /wp-cron.php?doing_wp_cron=1698287149.8001480102539062500000 HTTP/1.1" 200 3995 "-" "WordPress/6.3.2; https://talmedos.com"
136.144.222.252 - - [26/Oct/2023:02:25:49 +0000] "POST /xmlrpc.php HTTP/1.1" 200 4014 "-" "Mozilla/5.0 (Windows NT 6.1; Win64; x64) AppleWebKit/537.36 (KHTML, like Gecko) Chrome/69.0.3497.100 Safari/537.36"
64.20.49.170 - - [26/Oct/2023:02:25:53 +0000] "POST /xmlrpc.php HTTP/1.1" 200 4418 "-" "Mozilla/5.0 (Windows NT 10.0; Win64; x64; rv:79.0) Gecko/20100101 Firefox/79.0"
157.245.40.165 - - [26/Oct/2023:02:25:54 +0000] "POST /xmlrpc.php HTTP/1.1" 200 4420 "-" "Mozilla/5.0 (Windows NT 10.0; Win64; x64) AppleWebKit/537.36 (KHTML, like Gecko) Chrome/88.0.4324.190 Safari/537.36"
103.81.85.190 - - [26/Oct/2023:02:25:55 +0000] "POST /xmlrpc.php HTTP/1.1" 200 4012 "-" "Mozilla/5.0 (Windows NT 6.3; Win64; x64) AppleWebKit/537.36 (KHTML, like Gecko) Chrome/60.0.3112.113 Safari/537.36"
46.101.144.32 - - [26/Oct/2023:02:25:59 +0000] "POST /wp-cron.php?doing_wp_cron=1698287159.0455329418182373046875 HTTP/1.1" 200 3995 "-" "WordPress/6.3.2; https://talmedos.com"
34.230.15.103 - - [26/Oct/2023:02:25:58 +0000] "POST /xmlrpc.php HTTP/1.1" 200 3983 "-" "Mozilla/5.0 (Windows NT 10.0; Win64; x64) AppleWebKit/537.36 (KHTML, like Gecko) Chrome/60.0.3112.113 Safari/537.36"
51.38.134.68 - - [26/Oct/2023:02:25:59 +0000] "POST /xmlrpc.php HTTP/1.1" 200 4418 "-" "Mozilla/5.0 (Windows NT 10.0; Win64; x64) AppleWebKit/537.36 (KHTML, like Gecko) Chrome/74.0.3729.131 Safari/537.36"
46.101.144.32 - - [26/Oct/2023:02:26:02 +0000] "POST /wp-cron.php?doing_wp_cron=1698287162.5399320125579833984375 HTTP/1.1" 200 3995 "-" "WordPress/6.3.2; https://talmedos.com"
144.202.97.157 - - [26/Oct/2023:02:26:02 +0000] "POST /xmlrpc.php HTTP/1.1" 200 4420 "-" "Mozilla/5.0 (Windows NT 10.0; Win64; x64) AppleWebKit/537.36 (KHTML, like Gecko) Chrome/83.0.4103.116 Safari/537.36"
185.181.102.52 - - [26/Oct/2023:02:26:05 +0000] "POST /xmlrpc.php HTTP/1.1" 200 4420 "-" "Mozilla/5.0 (Windows NT 6.1; Win64; x64) AppleWebKit/537.36 (KHTML, like Gecko) Chrome/74.0.3729.169 Safari/537.36"
148.72.87.93 - - [26/Oct/2023:02:26:09 +0000] "POST /xmlrpc.php HTTP/1.1" 200 4418 "-" "Mozilla/5.0 (Windows NT 10.0; Win64; x64; rv:60.0) Gecko/20100101 Firefox/60.0"
62.171.133.145 - - [26/Oct/2023:02:26:10 +0000] "POST /xmlrpc.php HTTP/1.1" 200 4420 "-" "Mozilla/5.0 (Windows NT 10.0; Win64; x64) AppleWebKit/537.36 (KHTML, like Gecko) Chrome/79.0.3945.130 Safari/537.36"
162.246.16.90 - - [26/Oct/2023:02:26:11 +0000] "POST /xmlrpc.php HTTP/1.1" 200 4419 "-" "Mozilla/5.0 (Windows NT 6.1; WOW64; rv:47.0) Gecko/20100101 Firefox/47.0"
159.69.205.59 - - [26/Oct/2023:02:26:13 +0000] "POST /xmlrpc.php HTTP/1.1" 200 4419 "-" "Mozilla/5.0 (Linux; Android 10; SM-N960U) AppleWebKit/537.36 (KHTML, like Gecko) Chrome/91.0.4472.114 Mobile Safari/537.36"
157.245.40.165 - - [26/Oct/2023:02:26:16 +0000] "POST /xmlrpc.php HTTP/1.1" 200 4420 "-" "Mozilla/5.0 (Windows NT 5.1; Win64; x64) AppleWebKit/537.36 (KHTML, like Gecko) Chrome/60.0.3112.90 Safari/537.36"
80.237.132.71 - - [26/Oct/2023:02:26:17 +0000] "POST /xmlrpc.php HTTP/1.1" 200 4419 "-" "Mozilla/5.0 (Linux; Android 10; SM-N960U) AppleWebKit/537.36 (KHTML, like Gecko) Chrome/91.0.4472.114 Mobile Safari/537.36"
46.101.144.32 - - [26/Oct/2023:02:27:12 +0000] "POST /wp-cron.php?doing_wp_cron=1698287232.0280869007110595703125 HTTP/1.1" 200 3995 "-" "WordPress/6.3.2; https://talmedos.com"
5.101.124.239 - - [26/Oct/2023:02:27:11 +0000] "POST /xmlrpc.php HTTP/1.1" 200 4080 "-" "Mozilla/5.0 (Windows NT 10.0; Win64; x64) AppleWebKit/537.36 (KHTML, like Gecko) Chrome/85.0.4183.102 Safari/537.36"
46.101.144.32 - - [26/Oct/2023:02:29:24 +0000] "POST /wp-cron.php?doing_wp_cron=1698287364.3503079414367675781250 HTTP/1.1" 200 3995 "-" "WordPress/6.3.2; https://talmedos.com"
192.0.102.40 - - [26/Oct/2023:02:29:24 +0000] "HEAD / HTTP/1.1" 200 3915 "-" "jetmon/1.0 (Jetpack Site Uptime Monitor by WordPress.com)"
46.101.144.32 - - [26/Oct/2023:02:34:24 +0000] "POST /wp-cron.php?doing_wp_cron=1698287664.4317378997802734375000 HTTP/1.1" 200 3995 "-" "WordPress/6.3.2; https://talmedos.com"
192.0.102.40 - - [26/Oct/2023:02:34:24 +0000] "HEAD / HTTP/1.1" 200 3915 "-" "jetmon/1.0 (Jetpack Site Uptime Monitor by WordPress.com)"
148.153.45.234 - - [26/Oct/2023:02:39:03 +0000] "GET /BMwV HTTP/1.1" 404 4097 "http://46.101.144.32:80/BMwV" "Mozilla/5.0 (Macintosh; Intel Mac OS X 10.9; rv:32.0) Gecko/20100101 Firefox/32.0"
148.153.45.234 - - [26/Oct/2023:02:39:04 +0000] "GET /akLE HTTP/1.1" 404 4097 "http://46.101.144.32:80/akLE" "Mozilla/5.0 (Macintosh; Intel Mac OS X 10.9; rv:32.0) Gecko/20100101 Firefox/32.0"
148.153.45.234 - - [26/Oct/2023:02:39:05 +0000] "GET /aab8 HTTP/1.1" 404 4097 "http://46.101.144.32:80/aab8" "Mozilla/5.0 (Macintosh; Intel Mac OS X 10.9; rv:32.0) Gecko/20100101 Firefox/32.0"
148.153.45.234 - - [26/Oct/2023:02:39:05 +0000] "GET /jquery-3.3.1.slim.min.js HTTP/1.1" 404 4097 "http://46.101.144.32:80/jquery-3.3.1.slim.min.js" "Mozilla/5.0 (Macintosh; Intel Mac OS X 10.9; rv:32.0) Gecko/20100101 Firefox/32.0"
148.153.45.234 - - [26/Oct/2023:02:39:06 +0000] "GET /aab9 HTTP/1.1" 404 4097 "http://46.101.144.32:80/aab9" "Mozilla/5.0 (Macintosh; Intel Mac OS X 10.9; rv:32.0) Gecko/20100101 Firefox/32.0"
148.153.45.234 - - [26/Oct/2023:02:39:07 +0000] "GET /jquery-3.3.2.slim.min.js HTTP/1.1" 404 4097 "http://46.101.144.32:80/jquery-3.3.2.slim.min.js" "Mozilla/5.0 (Macintosh; Intel Mac OS X 10.9; rv:32.0) Gecko/20100101 Firefox/32.0"
46.101.144.32 - - [26/Oct/2023:02:39:23 +0000] "POST /wp-cron.php?doing_wp_cron=1698287963.1480131149291992187500 HTTP/1.1" 200 3995 "-" "WordPress/6.3.2; https://talmedos.com"
192.0.102.40 - - [26/Oct/2023:02:39:22 +0000] "HEAD / HTTP/1.1" 200 3915 "-" "jetmon/1.0 (Jetpack Site Uptime Monitor by WordPress.com)"
46.101.144.32 - - [26/Oct/2023:02:41:52 +0000] "POST /wp-cron.php?doing_wp_cron=1698288112.7939839363098144531250 HTTP/1.1" 200 3995 "-" "WordPress/6.3.2; https://talmedos.com"
185.180.143.49 - - [26/Oct/2023:02:41:52 +0000] "GET / HTTP/1.1" 200 14711 "http://46.101.144.32/" "Mozilla/5.0 (Windows NT 10.0; Win64; x64) AppleWebKit/537.36 (KHTML, like Gecko) Chrome/60.0.3112.113 Safari/537.36"
46.101.144.32 - - [26/Oct/2023:02:44:24 +0000] "POST /wp-cron.php?doing_wp_cron=1698288264.2851159572601318359375 HTTP/1.1" 200 3995 "-" "WordPress/6.3.2; https://talmedos.com"
192.0.102.40 - - [26/Oct/2023:02:44:24 +0000] "HEAD / HTTP/1.1" 200 3915 "-" "jetmon/1.0 (Jetpack Site Uptime Monitor by WordPress.com)"
192.241.225.75 - - [26/Oct/2023:02:45:43 +0000] "GET /autodiscover/autodiscover.json?@zdi/Powershell HTTP/1.1" 404 3540 "-" "Mozilla/5.0 zgrab/0.x"
46.101.144.32 - - [26/Oct/2023:02:49:22 +0000] "POST /wp-cron.php?doing_wp_cron=1698288562.8609890937805175781250 HTTP/1.1" 200 3995 "-" "WordPress/6.3.2; https://talmedos.com"
192.0.102.40 - - [26/Oct/2023:02:49:22 +0000] "HEAD / HTTP/1.1" 200 3915 "-" "jetmon/1.0 (Jetpack Site Uptime Monitor by WordPress.com)"
46.101.144.32 - - [26/Oct/2023:02:54:23 +0000] "POST /wp-cron.php?doing_wp_cron=1698288863.0372118949890136718750 HTTP/1.1" 200 3995 "-" "WordPress/6.3.2; https://talmedos.com"
192.0.102.40 - - [26/Oct/2023:02:54:22 +0000] "HEAD / HTTP/1.1" 200 3915 "-" "jetmon/1.0 (Jetpack Site Uptime Monitor by WordPress.com)"
46.101.144.32 - - [26/Oct/2023:02:59:23 +0000] "POST /wp-cron.php?doing_wp_cron=1698289163.7004370689392089843750 HTTP/1.1" 200 3995 "-" "WordPress/6.3.2; https://talmedos.com"
192.0.102.40 - - [26/Oct/2023:02:59:23 +0000] "HEAD / HTTP/1.1" 200 3915 "-" "jetmon/1.0 (Jetpack Site Uptime Monitor by WordPress.com)"
46.101.144.32 - - [26/Oct/2023:03:04:22 +0000] "POST /wp-cron.php?doing_wp_cron=1698289462.9039080142974853515625 HTTP/1.1" 200 3995 "-" "WordPress/6.3.2; https://talmedos.com"
192.0.102.40 - - [26/Oct/2023:03:04:22 +0000] "HEAD / HTTP/1.1" 200 3915 "-" "jetmon/1.0 (Jetpack Site Uptime Monitor by WordPress.com)"
46.101.144.32 - - [26/Oct/2023:03:09:23 +0000] "POST /wp-cron.php?doing_wp_cron=1698289763.5175180435180664062500 HTTP/1.1" 200 3995 "-" "WordPress/6.3.2; https://talmedos.com"
192.0.102.40 - - [26/Oct/2023:03:09:23 +0000] "HEAD / HTTP/1.1" 200 3915 "-" "jetmon/1.0 (Jetpack Site Uptime Monitor by WordPress.com)"
46.101.144.32 - - [26/Oct/2023:03:14:24 +0000] "POST /wp-cron.php?doing_wp_cron=1698290064.1657330989837646484375 HTTP/1.1" 200 3995 "-" "WordPress/6.3.2; https://talmedos.com"
192.0.102.40 - - [26/Oct/2023:03:14:24 +0000] "HEAD / HTTP/1.1" 200 3915 "-" "jetmon/1.0 (Jetpack Site Uptime Monitor by WordPress.com)"
46.101.144.32 - - [26/Oct/2023:03:19:24 +0000] "POST /wp-cron.php?doing_wp_cron=1698290364.0975520610809326171875 HTTP/1.1" 200 3995 "-" "WordPress/6.3.2; https://talmedos.com"
192.0.102.40 - - [26/Oct/2023:03:19:23 +0000] "HEAD / HTTP/1.1" 200 3915 "-" "jetmon/1.0 (Jetpack Site Uptime Monitor by WordPress.com)"
107.170.224.38 - - [26/Oct/2023:03:20:24 +0000] "GET /version HTTP/1.1" 404 3540 "-" "Mozilla/5.0 zgrab/0.x"
46.101.144.32 - - [26/Oct/2023:03:24:23 +0000] "POST /wp-cron.php?doing_wp_cron=1698290663.0458009243011474609375 HTTP/1.1" 200 3995 "-" "WordPress/6.3.2; https://talmedos.com"
192.0.102.40 - - [26/Oct/2023:03:24:22 +0000] "HEAD / HTTP/1.1" 200 3915 "-" "jetmon/1.0 (Jetpack Site Uptime Monitor by WordPress.com)"
46.101.144.32 - - [26/Oct/2023:03:29:24 +0000] "POST /wp-cron.php?doing_wp_cron=1698290964.3480389118194580078125 HTTP/1.1" 200 3995 "-" "WordPress/6.3.2; https://talmedos.com"
192.0.102.40 - - [26/Oct/2023:03:29:24 +0000] "HEAD / HTTP/1.1" 200 3915 "-" "jetmon/1.0 (Jetpack Site Uptime Monitor by WordPress.com)"
46.101.144.32 - - [26/Oct/2023:03:32:40 +0000] "POST /wp-cron.php?doing_wp_cron=1698291160.9086461067199707031250 HTTP/1.1" 200 3995 "-" "WordPress/6.3.2; https://talmedos.com"
167.248.133.123 - - [26/Oct/2023:03:32:40 +0000] "GET / HTTP/1.1" 200 15228 "-" "Mozilla/5.0 (compatible; CensysInspect/1.1; +https://about.censys.io/)"
167.248.133.123 - - [26/Oct/2023:03:32:41 +0000] "GET /favicon.ico HTTP/1.1" 404 4097 "-" "Mozilla/5.0 (compatible; CensysInspect/1.1; +https://about.censys.io/)"
46.101.144.32 - - [26/Oct/2023:03:34:24 +0000] "POST /wp-cron.php?doing_wp_cron=1698291264.1855258941650390625000 HTTP/1.1" 200 3995 "-" "WordPress/6.3.2; https://talmedos.com"
192.0.102.40 - - [26/Oct/2023:03:34:24 +0000] "HEAD / HTTP/1.1" 200 3915 "-" "jetmon/1.0 (Jetpack Site Uptime Monitor by WordPress.com)"
199.45.154.51 - - [26/Oct/2023:03:34:26 +0000] "GET / HTTP/1.1" 200 15226 "-" "Mozilla/5.0 (compatible; CensysInspect/1.1; +https://about.censys.io/)"
199.45.154.51 - - [26/Oct/2023:03:34:28 +0000] "GET /favicon.ico HTTP/1.1" 404 4096 "-" "Mozilla/5.0 (compatible; CensysInspect/1.1; +https://about.censys.io/)"
46.101.144.32 - - [26/Oct/2023:03:39:22 +0000] "POST /wp-cron.php?doing_wp_cron=1698291562.8899650573730468750000 HTTP/1.1" 200 3995 "-" "WordPress/6.3.2; https://talmedos.com"
192.0.102.40 - - [26/Oct/2023:03:39:22 +0000] "HEAD / HTTP/1.1" 200 3915 "-" "jetmon/1.0 (Jetpack Site Uptime Monitor by WordPress.com)"
46.101.144.32 - - [26/Oct/2023:03:44:24 +0000] "POST /wp-cron.php?doing_wp_cron=1698291864.4405939579010009765625 HTTP/1.1" 200 3995 "-" "WordPress/6.3.2; https://talmedos.com"
192.0.102.40 - - [26/Oct/2023:03:44:24 +0000] "HEAD / HTTP/1.1" 200 3915 "-" "jetmon/1.0 (Jetpack Site Uptime Monitor by WordPress.com)"
46.101.144.32 - - [26/Oct/2023:03:49:24 +0000] "POST /wp-cron.php?doing_wp_cron=1698292164.1610341072082519531250 HTTP/1.1" 200 3995 "-" "WordPress/6.3.2; https://talmedos.com"
192.0.102.40 - - [26/Oct/2023:03:49:23 +0000] "HEAD / HTTP/1.1" 200 3915 "-" "jetmon/1.0 (Jetpack Site Uptime Monitor by WordPress.com)"
176.58.124.134 - - [26/Oct/2023:03:49:41 +0000] "POST /webui/logoutconfirm.html?menu=1 HTTP/1.1" 404 3540 "-" "-"
46.101.144.32 - - [26/Oct/2023:03:54:22 +0000] "POST /wp-cron.php?doing_wp_cron=1698292462.8394439220428466796875 HTTP/1.1" 200 3995 "-" "WordPress/6.3.2; https://talmedos.com"
192.0.102.40 - - [26/Oct/2023:03:54:22 +0000] "HEAD / HTTP/1.1" 200 3915 "-" "jetmon/1.0 (Jetpack Site Uptime Monitor by WordPress.com)"
46.101.144.32 - - [26/Oct/2023:03:59:24 +0000] "POST /wp-cron.php?doing_wp_cron=1698292764.0939168930053710937500 HTTP/1.1" 200 3995 "-" "WordPress/6.3.2; https://talmedos.com"
192.0.102.40 - - [26/Oct/2023:03:59:23 +0000] "HEAD / HTTP/1.1" 200 3915 "-" "jetmon/1.0 (Jetpack Site Uptime Monitor by WordPress.com)"
46.101.144.32 - - [26/Oct/2023:04:04:24 +0000] "POST /wp-cron.php?doing_wp_cron=1698293064.2301759719848632812500 HTTP/1.1" 200 3995 "-" "WordPress/6.3.2; https://talmedos.com"
192.0.102.40 - - [26/Oct/2023:04:04:24 +0000] "HEAD / HTTP/1.1" 200 3915 "-" "jetmon/1.0 (Jetpack Site Uptime Monitor by WordPress.com)"
46.101.144.32 - - [26/Oct/2023:04:09:23 +0000] "POST /wp-cron.php?doing_wp_cron=1698293363.3916571140289306640625 HTTP/1.1" 200 3995 "-" "WordPress/6.3.2; https://talmedos.com"
192.0.102.40 - - [26/Oct/2023:04:09:23 +0000] "HEAD / HTTP/1.1" 200 3915 "-" "jetmon/1.0 (Jetpack Site Uptime Monitor by WordPress.com)"
46.101.144.32 - - [26/Oct/2023:04:12:42 +0000] "POST /wp-cron.php?doing_wp_cron=1698293562.2634849548339843750000 HTTP/1.1" 200 3995 "-" "WordPress/6.3.2; https://talmedos.com"
199.45.155.17 - - [26/Oct/2023:04:12:42 +0000] "GET / HTTP/1.1" 301 3863 "-" "-"
199.45.155.17 - - [26/Oct/2023:04:12:43 +0000] "GET / HTTP/1.1" 200 15226 "-" "Mozilla/5.0 (compatible; CensysInspect/1.1; +https://about.censys.io/)"
199.45.155.17 - - [26/Oct/2023:04:12:44 +0000] "GET /favicon.ico HTTP/1.1" 404 4096 "-" "Mozilla/5.0 (compatible; CensysInspect/1.1; +https://about.censys.io/)"
46.101.144.32 - - [26/Oct/2023:04:14:24 +0000] "POST /wp-cron.php?doing_wp_cron=1698293664.2346720695495605468750 HTTP/1.1" 200 3995 "-" "WordPress/6.3.2; https://talmedos.com"
192.0.102.40 - - [26/Oct/2023:04:14:24 +0000] "HEAD / HTTP/1.1" 200 3915 "-" "jetmon/1.0 (Jetpack Site Uptime Monitor by WordPress.com)"
46.101.144.32 - - [26/Oct/2023:04:19:22 +0000] "POST /wp-cron.php?doing_wp_cron=1698293962.8954830169677734375000 HTTP/1.1" 200 3995 "-" "WordPress/6.3.2; https://talmedos.com"
192.0.102.40 - - [26/Oct/2023:04:19:22 +0000] "HEAD / HTTP/1.1" 200 3915 "-" "jetmon/1.0 (Jetpack Site Uptime Monitor by WordPress.com)"
46.101.144.32 - - [26/Oct/2023:04:24:23 +0000] "POST /wp-cron.php?doing_wp_cron=1698294263.1866040229797363281250 HTTP/1.1" 200 3995 "-" "WordPress/6.3.2; https://talmedos.com"
192.0.102.40 - - [26/Oct/2023:04:24:22 +0000] "HEAD / HTTP/1.1" 200 3915 "-" "jetmon/1.0 (Jetpack Site Uptime Monitor by WordPress.com)"
46.101.144.32 - - [26/Oct/2023:04:29:24 +0000] "POST /wp-cron.php?doing_wp_cron=1698294564.6202270984649658203125 HTTP/1.1" 200 3995 "-" "WordPress/6.3.2; https://talmedos.com"
192.0.102.40 - - [26/Oct/2023:04:29:24 +0000] "HEAD / HTTP/1.1" 200 3915 "-" "jetmon/1.0 (Jetpack Site Uptime Monitor by WordPress.com)"
46.101.144.32 - - [26/Oct/2023:04:34:23 +0000] "POST /wp-cron.php?doing_wp_cron=1698294863.1661961078643798828125 HTTP/1.1" 200 3995 "-" "WordPress/6.3.2; https://talmedos.com"
192.0.102.40 - - [26/Oct/2023:04:34:22 +0000] "HEAD / HTTP/1.1" 200 3915 "-" "jetmon/1.0 (Jetpack Site Uptime Monitor by WordPress.com)"
46.101.144.32 - - [26/Oct/2023:04:39:22 +0000] "POST /wp-cron.php?doing_wp_cron=1698295162.1179480552673339843750 HTTP/1.1" 200 3995 "-" "WordPress/6.3.2; https://talmedos.com"
192.0.102.40 - - [26/Oct/2023:04:39:21 +0000] "HEAD / HTTP/1.1" 200 3915 "-" "jetmon/1.0 (Jetpack Site Uptime Monitor by WordPress.com)"
46.101.144.32 - - [26/Oct/2023:04:40:30 +0000] "POST /wp-cron.php?doing_wp_cron=1698295230.0198969841003417968750 HTTP/1.1" 200 3995 "-" "WordPress/6.3.2; https://talmedos.com"
51.15.17.105 - - [26/Oct/2023:04:40:29 +0000] "GET /?of=1 HTTP/1.1" 200 14780 "www.google.com" "Mozilla/6.4 (Windows NT 11.1) Gecko/2010102 Firefox/99.0"
46.101.144.32 - - [26/Oct/2023:04:44:23 +0000] "POST /wp-cron.php?doing_wp_cron=1698295463.0078721046447753906250 HTTP/1.1" 200 3995 "-" "WordPress/6.3.2; https://talmedos.com"
192.0.102.40 - - [26/Oct/2023:04:44:22 +0000] "HEAD / HTTP/1.1" 200 3915 "-" "jetmon/1.0 (Jetpack Site Uptime Monitor by WordPress.com)"
46.101.144.32 - - [26/Oct/2023:04:49:23 +0000] "POST /wp-cron.php?doing_wp_cron=1698295762.9925849437713623046875 HTTP/1.1" 200 3995 "-" "WordPress/6.3.2; https://talmedos.com"
192.0.102.40 - - [26/Oct/2023:04:49:22 +0000] "HEAD / HTTP/1.1" 200 3915 "-" "jetmon/1.0 (Jetpack Site Uptime Monitor by WordPress.com)"
46.101.144.32 - - [26/Oct/2023:04:54:22 +0000] "POST /wp-cron.php?doing_wp_cron=1698296062.1547529697418212890625 HTTP/1.1" 200 3995 "-" "WordPress/6.3.2; https://talmedos.com"
192.0.102.40 - - [26/Oct/2023:04:54:21 +0000] "HEAD / HTTP/1.1" 200 3915 "-" "jetmon/1.0 (Jetpack Site Uptime Monitor by WordPress.com)"
46.101.144.32 - - [26/Oct/2023:04:59:23 +0000] "POST /wp-cron.php?doing_wp_cron=1698296363.3777880668640136718750 HTTP/1.1" 200 3995 "-" "WordPress/6.3.2; https://talmedos.com"
192.0.102.40 - - [26/Oct/2023:04:59:23 +0000] "HEAD / HTTP/1.1" 200 3915 "-" "jetmon/1.0 (Jetpack Site Uptime Monitor by WordPress.com)"
46.101.144.32 - - [26/Oct/2023:05:02:03 +0000] "POST /wp-cron.php?doing_wp_cron=1698296523.2345380783081054687500 HTTP/1.1" 200 3995 "-" "WordPress/6.3.2; https://talmedos.com"
178.128.49.24 - - [26/Oct/2023:05:02:03 +0000] "GET / HTTP/1.1" 200 56901 "-" "curl/7.88.1"
178.128.49.24 - - [26/Oct/2023:05:02:04 +0000] "GET /_ignition/execute-solution HTTP/1.1" 404 4172 "-" "Mozilla/5.0 (Windows NT 10.0; Win64; x64) AppleWebKit/537.36 (KHTML, like Gecko) Chrome/99.0.4859.172 Safari/537.36"
46.101.144.32 - - [26/Oct/2023:05:04:22 +0000] "POST /wp-cron.php?doing_wp_cron=1698296662.8433110713958740234375 HTTP/1.1" 200 3995 "-" "WordPress/6.3.2; https://talmedos.com"
192.0.102.40 - - [26/Oct/2023:05:04:22 +0000] "HEAD / HTTP/1.1" 200 3915 "-" "jetmon/1.0 (Jetpack Site Uptime Monitor by WordPress.com)"
46.101.144.32 - - [26/Oct/2023:05:05:20 +0000] "POST /wp-cron.php?doing_wp_cron=1698296720.8946731090545654296875 HTTP/1.1" 200 3995 "-" "WordPress/6.3.2; https://talmedos.com"
167.99.141.170 - - [26/Oct/2023:05:05:20 +0000] "GET / HTTP/1.1" 200 53123 "-" "Mozilla/5.0 (Windows NT 10.0; Win64; x64; rv:109.0) Gecko/20100101 Firefox/118.0"
46.101.144.32 - - [26/Oct/2023:05:09:22 +0000] "POST /wp-cron.php?doing_wp_cron=1698296962.2355449199676513671875 HTTP/1.1" 200 3995 "-" "WordPress/6.3.2; https://talmedos.com"
192.0.102.40 - - [26/Oct/2023:05:09:22 +0000] "HEAD / HTTP/1.1" 200 3915 "-" "jetmon/1.0 (Jetpack Site Uptime Monitor by WordPress.com)"
46.101.144.32 - - [26/Oct/2023:05:14:23 +0000] "POST /wp-cron.php?doing_wp_cron=1698297263.0314829349517822265625 HTTP/1.1" 200 3995 "-" "WordPress/6.3.2; https://talmedos.com"
192.0.102.40 - - [26/Oct/2023:05:14:22 +0000] "HEAD / HTTP/1.1" 200 3915 "-" "jetmon/1.0 (Jetpack Site Uptime Monitor by WordPress.com)"
46.101.144.32 - - [26/Oct/2023:05:19:23 +0000] "POST /wp-cron.php?doing_wp_cron=1698297563.1135609149932861328125 HTTP/1.1" 200 3995 "-" "WordPress/6.3.2; https://talmedos.com"
192.0.102.40 - - [26/Oct/2023:05:19:22 +0000] "HEAD / HTTP/1.1" 200 3915 "-" "jetmon/1.0 (Jetpack Site Uptime Monitor by WordPress.com)"
46.101.144.32 - - [26/Oct/2023:05:24:22 +0000] "POST /wp-cron.php?doing_wp_cron=1698297862.2331171035766601562500 HTTP/1.1" 200 3995 "-" "WordPress/6.3.2; https://talmedos.com"
192.0.102.40 - - [26/Oct/2023:05:24:22 +0000] "HEAD / HTTP/1.1" 200 3915 "-" "jetmon/1.0 (Jetpack Site Uptime Monitor by WordPress.com)"
46.101.144.32 - - [26/Oct/2023:05:26:07 +0000] "POST /wp-cron.php?doing_wp_cron=1698297967.9028599262237548828125 HTTP/1.1" 200 3995 "-" "WordPress/6.3.2; https://talmedos.com"
185.180.143.8 - - [26/Oct/2023:05:26:07 +0000] "GET / HTTP/1.1" 200 14814 "-" "Mozilla/5.0 (Windows NT 10.0; Win64; x64) AppleWebKit/537.36 (KHTML, like Gecko) Chrome/60.0.3112.113 Safari/537.36"
46.101.144.32 - - [26/Oct/2023:05:29:23 +0000] "POST /wp-cron.php?doing_wp_cron=1698298163.0714089870452880859375 HTTP/1.1" 200 3995 "-" "WordPress/6.3.2; https://talmedos.com"
192.0.102.40 - - [26/Oct/2023:05:29:22 +0000] "HEAD / HTTP/1.1" 200 3915 "-" "jetmon/1.0 (Jetpack Site Uptime Monitor by WordPress.com)"
46.101.144.32 - - [26/Oct/2023:05:32:00 +0000] "POST /wp-cron.php?doing_wp_cron=1698298320.1404480934143066406250 HTTP/1.1" 200 3995 "-" "WordPress/6.3.2; https://talmedos.com"
83.97.73.87 - - [26/Oct/2023:05:31:59 +0000] "GET /?XDEBUG_SESSION_START=phpstorm HTTP/1.1" 200 15247 "http://46.101.144.32:80/?XDEBUG_SESSION_START=phpstorm" "Mozilla/5.0 (Windows NT 10.0; Win64; x64) AppleWebKit/537.36 (KHTML, like Gecko) Chrome/78.0.3904.108 Safari/537.36"
46.101.144.32 - - [26/Oct/2023:05:34:23 +0000] "POST /wp-cron.php?doing_wp_cron=1698298463.0690019130706787109375 HTTP/1.1" 200 3995 "-" "WordPress/6.3.2; https://talmedos.com"
192.0.102.40 - - [26/Oct/2023:05:34:22 +0000] "HEAD / HTTP/1.1" 200 3915 "-" "jetmon/1.0 (Jetpack Site Uptime Monitor by WordPress.com)"
46.101.144.32 - - [26/Oct/2023:05:39:22 +0000] "POST /wp-cron.php?doing_wp_cron=1698298762.3170099258422851562500 HTTP/1.1" 200 3995 "-" "WordPress/6.3.2; https://talmedos.com"
192.0.102.40 - - [26/Oct/2023:05:39:22 +0000] "HEAD / HTTP/1.1" 200 3915 "-" "jetmon/1.0 (Jetpack Site Uptime Monitor by WordPress.com)"
195.74.38.171 - - [26/Oct/2023:05:39:24 +0000] "POST /xmlrpc.php HTTP/1.1" 200 4012 "-" "Mozilla/5.0 (Windows NT 10.0; WOW64) AppleWebKit/537.36 (KHTML, like Gecko) Chrome/91.0.4472.114 Safari/537.36"
18.119.100.71 - - [26/Oct/2023:05:39:24 +0000] "POST /xmlrpc.php HTTP/1.1" 200 4012 "-" "Mozilla/5.0 (Linux; Android 10) AppleWebKit/537.36 (KHTML, like Gecko) Chrome/91.0.4472.114 Mobile Safari/537.36"
164.52.218.210 - - [26/Oct/2023:05:39:37 +0000] "POST /xmlrpc.php HTTP/1.1" 200 4013 "-" "Mozilla/5.0 (Linux; Android 10; LM-Q720) AppleWebKit/537.36 (KHTML, like Gecko) Chrome/91.0.4472.114 Mobile Safari/537.36"
62.109.1.11 - - [26/Oct/2023:05:39:38 +0000] "POST /xmlrpc.php HTTP/1.1" 200 4010 "-" "Mozilla/5.0 (Windows NT 6.1; Win64; x64) AppleWebKit/537.36 (KHTML, like Gecko) Chrome/79.0.3945.88 Safari/537.36"
64.227.108.223 - - [26/Oct/2023:05:39:40 +0000] "POST /xmlrpc.php HTTP/1.1" 200 4420 "-" "Mozilla/5.0 (Windows NT 6.1; WOW64) AppleWebKit/537.1 (KHTML, like Gecko) Chrome/21.0.1180.83 Safari/537.1"
103.251.247.101 - - [26/Oct/2023:05:39:52 +0000] "POST /xmlrpc.php HTTP/1.1" 200 4421 "-" "Mozilla/5.0 (Windows NT 6.3; Win64; x64; rv:73.0) Gecko/20100101 Firefox/73.0"
79.170.40.245 - - [26/Oct/2023:05:39:52 +0000] "POST /xmlrpc.php HTTP/1.1" 200 4012 "-" "Mozilla/5.0 (Windows NT 6.1; WOW64; rv:54.0) Gecko/20100101 Firefox/54.0"
193.123.68.87 - - [26/Oct/2023:05:39:53 +0000] "POST /xmlrpc.php HTTP/1.1" 200 4012 "-" "Mozilla/5.0 (Windows NT 6.1; WOW64; rv:50.0) Gecko/20100101 Firefox/50.0"
80.237.132.71 - - [26/Oct/2023:05:39:57 +0000] "POST /xmlrpc.php HTTP/1.1" 200 4419 "-" "Mozilla/5.0 (Windows NT 10.0; Win64; x64) AppleWebKit/537.36 (KHTML, like Gecko) Chrome/85.0.4183.121 Safari/537.36"
197.159.69.253 - - [26/Oct/2023:05:40:00 +0000] "POST /xmlrpc.php HTTP/1.1" 200 4013 "-" "Mozilla/5.0 (Windows NT 10.0; Win64; x64) AppleWebKit/537.36 (KHTML, like Gecko) Chrome/90.0.4430.212 Safari/537.36"
198.71.228.65 - - [26/Oct/2023:05:40:01 +0000] "POST /xmlrpc.php HTTP/1.1" 200 4419 "-" "Mozilla/5.0 (Windows NT 10.0; WOW64) AppleWebKit/537.36 (KHTML, like Gecko) Chrome/91.0.4472.114 Safari/537.36"
46.101.144.32 - - [26/Oct/2023:05:40:03 +0000] "POST /wp-cron.php?doing_wp_cron=1698298803.5163090229034423828125 HTTP/1.1" 200 3995 "-" "WordPress/6.3.2; https://talmedos.com"
193.123.68.87 - - [26/Oct/2023:05:40:03 +0000] "POST /xmlrpc.php HTTP/1.1" 200 4012 "-" "Mozilla/5.0 (Windows NT 10.0; WOW64; rv:52.0) Gecko/20100101 Firefox/52.0"
46.101.144.32 - - [26/Oct/2023:05:44:23 +0000] "POST /wp-cron.php?doing_wp_cron=1698299063.0424349308013916015625 HTTP/1.1" 200 3995 "-" "WordPress/6.3.2; https://talmedos.com"
192.0.102.40 - - [26/Oct/2023:05:44:22 +0000] "HEAD / HTTP/1.1" 200 3915 "-" "jetmon/1.0 (Jetpack Site Uptime Monitor by WordPress.com)"
46.101.144.32 - - [26/Oct/2023:05:49:23 +0000] "POST /wp-cron.php?doing_wp_cron=1698299363.0255179405212402343750 HTTP/1.1" 200 3995 "-" "WordPress/6.3.2; https://talmedos.com"
192.0.102.40 - - [26/Oct/2023:05:49:22 +0000] "HEAD / HTTP/1.1" 200 3915 "-" "jetmon/1.0 (Jetpack Site Uptime Monitor by WordPress.com)"
46.101.144.32 - - [26/Oct/2023:05:54:22 +0000] "POST /wp-cron.php?doing_wp_cron=1698299662.1664469242095947265625 HTTP/1.1" 200 3995 "-" "WordPress/6.3.2; https://talmedos.com"
192.0.102.40 - - [26/Oct/2023:05:54:22 +0000] "HEAD / HTTP/1.1" 200 3915 "-" "jetmon/1.0 (Jetpack Site Uptime Monitor by WordPress.com)"
178.128.125.239 - - [26/Oct/2023:05:58:44 +0000] "GET / HTTP/1.0" 400 627 "-" "-"
46.101.144.32 - - [26/Oct/2023:05:59:22 +0000] "POST /wp-cron.php?doing_wp_cron=1698299962.9552099704742431640625 HTTP/1.1" 200 3995 "-" "WordPress/6.3.2; https://talmedos.com"
192.0.102.40 - - [26/Oct/2023:05:59:22 +0000] "HEAD / HTTP/1.1" 200 3915 "-" "jetmon/1.0 (Jetpack Site Uptime Monitor by WordPress.com)"
46.101.144.32 - - [26/Oct/2023:06:04:22 +0000] "POST /wp-cron.php?doing_wp_cron=1698300262.2615048885345458984375 HTTP/1.1" 200 3995 "-" "WordPress/6.3.2; https://talmedos.com"
192.0.102.40 - - [26/Oct/2023:06:04:22 +0000] "HEAD / HTTP/1.1" 200 3915 "-" "jetmon/1.0 (Jetpack Site Uptime Monitor by WordPress.com)"
46.101.144.32 - - [26/Oct/2023:06:09:22 +0000] "POST /wp-cron.php?doing_wp_cron=1698300562.2635300159454345703125 HTTP/1.1" 200 3995 "-" "WordPress/6.3.2; https://talmedos.com"
192.0.102.40 - - [26/Oct/2023:06:09:22 +0000] "HEAD / HTTP/1.1" 200 3915 "-" "jetmon/1.0 (Jetpack Site Uptime Monitor by WordPress.com)"
46.101.144.32 - - [26/Oct/2023:06:14:23 +0000] "POST /wp-cron.php?doing_wp_cron=1698300863.3162629604339599609375 HTTP/1.1" 200 3995 "-" "WordPress/6.3.2; https://talmedos.com"
192.0.102.40 - - [26/Oct/2023:06:14:23 +0000] "HEAD / HTTP/1.1" 200 3915 "-" "jetmon/1.0 (Jetpack Site Uptime Monitor by WordPress.com)"
157.90.209.77 - - [26/Oct/2023:06:15:41 +0000] "GET /robots.txt HTTP/1.1" 404 4181 "-" "Mozilla/5.0 (compatible; BLEXBot/1.0; +http://webmeup-crawler.com/)"
157.90.209.77 - - [26/Oct/2023:06:15:44 +0000] "GET /robots.txt HTTP/1.1" 404 4181 "-" "Mozilla/5.0 (compatible; BLEXBot/1.0; +http://webmeup-crawler.com/)"
157.90.209.77 - - [26/Oct/2023:06:15:47 +0000] "GET /sitemap HTTP/1.1" 404 4181 "-" "Mozilla/5.0 (compatible; BLEXBot/1.0; +http://webmeup-crawler.com/)"
157.90.209.77 - - [26/Oct/2023:06:15:50 +0000] "GET /sitemap HTTP/1.1" 404 4181 "-" "Mozilla/5.0 (compatible; BLEXBot/1.0; +http://webmeup-crawler.com/)"
157.90.209.77 - - [26/Oct/2023:06:15:54 +0000] "GET /sitemap.txt HTTP/1.1" 404 4181 "-" "Mozilla/5.0 (compatible; BLEXBot/1.0; +http://webmeup-crawler.com/)"
157.90.209.77 - - [26/Oct/2023:06:15:58 +0000] "GET /sitemap.txt HTTP/1.1" 404 4181 "-" "Mozilla/5.0 (compatible; BLEXBot/1.0; +http://webmeup-crawler.com/)"
46.101.144.32 - - [26/Oct/2023:06:19:22 +0000] "POST /wp-cron.php?doing_wp_cron=1698301162.5821430683135986328125 HTTP/1.1" 200 3995 "-" "WordPress/6.3.2; https://talmedos.com"
192.0.102.40 - - [26/Oct/2023:06:19:22 +0000] "HEAD / HTTP/1.1" 200 3915 "-" "jetmon/1.0 (Jetpack Site Uptime Monitor by WordPress.com)"
46.101.144.32 - - [26/Oct/2023:06:24:22 +0000] "POST /wp-cron.php?doing_wp_cron=1698301462.2765719890594482421875 HTTP/1.1" 200 3995 "-" "WordPress/6.3.2; https://talmedos.com"
192.0.102.40 - - [26/Oct/2023:06:24:22 +0000] "HEAD / HTTP/1.1" 200 3915 "-" "jetmon/1.0 (Jetpack Site Uptime Monitor by WordPress.com)"
46.101.144.32 - - [26/Oct/2023:06:29:22 +0000] "POST /wp-cron.php?doing_wp_cron=1698301762.5747289657592773437500 HTTP/1.1" 200 3995 "-" "WordPress/6.3.2; https://talmedos.com"
192.0.102.40 - - [26/Oct/2023:06:29:22 +0000] "HEAD / HTTP/1.1" 200 3915 "-" "jetmon/1.0 (Jetpack Site Uptime Monitor by WordPress.com)"
46.101.144.32 - - [26/Oct/2023:06:34:22 +0000] "POST /wp-cron.php?doing_wp_cron=1698302062.3033909797668457031250 HTTP/1.1" 200 3995 "-" "WordPress/6.3.2; https://talmedos.com"
192.0.102.40 - - [26/Oct/2023:06:34:22 +0000] "HEAD / HTTP/1.1" 200 3915 "-" "jetmon/1.0 (Jetpack Site Uptime Monitor by WordPress.com)"
46.101.144.32 - - [26/Oct/2023:06:39:21 +0000] "POST /wp-cron.php?doing_wp_cron=1698302361.7092030048370361328125 HTTP/1.1" 200 3995 "-" "WordPress/6.3.2; https://talmedos.com"
192.0.102.40 - - [26/Oct/2023:06:39:21 +0000] "HEAD / HTTP/1.1" 200 3915 "-" "jetmon/1.0 (Jetpack Site Uptime Monitor by WordPress.com)"
46.101.144.32 - - [26/Oct/2023:06:44:22 +0000] "POST /wp-cron.php?doing_wp_cron=1698302662.4300920963287353515625 HTTP/1.1" 200 3995 "-" "WordPress/6.3.2; https://talmedos.com"
192.0.102.40 - - [26/Oct/2023:06:44:22 +0000] "HEAD / HTTP/1.1" 200 3915 "-" "jetmon/1.0 (Jetpack Site Uptime Monitor by WordPress.com)"
46.101.144.32 - - [26/Oct/2023:06:49:22 +0000] "POST /wp-cron.php?doing_wp_cron=1698302962.0016140937805175781250 HTTP/1.1" 200 3995 "-" "WordPress/6.3.2; https://talmedos.com"
192.0.102.40 - - [26/Oct/2023:06:49:21 +0000] "HEAD / HTTP/1.1" 200 3915 "-" "jetmon/1.0 (Jetpack Site Uptime Monitor by WordPress.com)"
46.101.144.32 - - [26/Oct/2023:06:54:21 +0000] "POST /wp-cron.php?doing_wp_cron=1698303261.7260429859161376953125 HTTP/1.1" 200 3995 "-" "WordPress/6.3.2; https://talmedos.com"
192.0.102.40 - - [26/Oct/2023:06:54:21 +0000] "HEAD / HTTP/1.1" 200 3915 "-" "jetmon/1.0 (Jetpack Site Uptime Monitor by WordPress.com)"
46.101.144.32 - - [26/Oct/2023:06:59:22 +0000] "POST /wp-cron.php?doing_wp_cron=1698303562.1912400722503662109375 HTTP/1.1" 200 3995 "-" "WordPress/6.3.2; https://talmedos.com"
192.0.102.40 - - [26/Oct/2023:06:59:22 +0000] "HEAD / HTTP/1.1" 200 3915 "-" "jetmon/1.0 (Jetpack Site Uptime Monitor by WordPress.com)"
46.101.144.32 - - [26/Oct/2023:07:04:22 +0000] "POST /wp-cron.php?doing_wp_cron=1698303862.1211349964141845703125 HTTP/1.1" 200 3995 "-" "WordPress/6.3.2; https://talmedos.com"
192.0.102.40 - - [26/Oct/2023:07:04:21 +0000] "HEAD / HTTP/1.1" 200 3915 "-" "jetmon/1.0 (Jetpack Site Uptime Monitor by WordPress.com)"
46.101.144.32 - - [26/Oct/2023:07:07:36 +0000] "POST /wp-cron.php?doing_wp_cron=1698304056.9350628852844238281250 HTTP/1.1" 200 3995 "-" "WordPress/6.3.2; https://talmedos.com"
167.94.138.52 - - [26/Oct/2023:07:07:36 +0000] "GET / HTTP/1.1" 200 15228 "-" "Mozilla/5.0 (compatible; CensysInspect/1.1; +https://about.censys.io/)"
167.94.138.52 - - [26/Oct/2023:07:07:37 +0000] "GET /favicon.ico HTTP/1.1" 404 4097 "-" "Mozilla/5.0 (compatible; CensysInspect/1.1; +https://about.censys.io/)"
46.101.144.32 - - [26/Oct/2023:07:09:21 +0000] "POST /wp-cron.php?doing_wp_cron=1698304161.4820721149444580078125 HTTP/1.1" 200 3995 "-" "WordPress/6.3.2; https://talmedos.com"
192.0.102.40 - - [26/Oct/2023:07:09:21 +0000] "HEAD / HTTP/1.1" 200 3915 "-" "jetmon/1.0 (Jetpack Site Uptime Monitor by WordPress.com)"
83.97.73.87 - - [26/Oct/2023:07:09:24 +0000] "GET /actuator/gateway/routes HTTP/1.1" 404 4097 "http://46.101.144.32:80/actuator/gateway/routes" "Mozilla/5.0 (Windows NT 10.0; Win64; x64) AppleWebKit/537.36 (KHTML, like Gecko) Chrome/78.0.3904.108 Safari/537.36"
46.101.144.32 - - [26/Oct/2023:07:14:22 +0000] "POST /wp-cron.php?doing_wp_cron=1698304462.2834401130676269531250 HTTP/1.1" 200 3995 "-" "WordPress/6.3.2; https://talmedos.com"
192.0.102.40 - - [26/Oct/2023:07:14:22 +0000] "HEAD / HTTP/1.1" 200 3915 "-" "jetmon/1.0 (Jetpack Site Uptime Monitor by WordPress.com)"
46.101.144.32 - - [26/Oct/2023:07:19:21 +0000] "POST /wp-cron.php?doing_wp_cron=1698304761.6616809368133544921875 HTTP/1.1" 200 3995 "-" "WordPress/6.3.2; https://talmedos.com"
192.0.102.40 - - [26/Oct/2023:07:19:21 +0000] "HEAD / HTTP/1.1" 200 3915 "-" "jetmon/1.0 (Jetpack Site Uptime Monitor by WordPress.com)"
46.101.144.32 - - [26/Oct/2023:07:24:22 +0000] "POST /wp-cron.php?doing_wp_cron=1698305062.0374751091003417968750 HTTP/1.1" 200 3995 "-" "WordPress/6.3.2; https://talmedos.com"
192.0.102.40 - - [26/Oct/2023:07:24:21 +0000] "HEAD / HTTP/1.1" 200 3915 "-" "jetmon/1.0 (Jetpack Site Uptime Monitor by WordPress.com)"
46.101.144.32 - - [26/Oct/2023:07:29:22 +0000] "POST /wp-cron.php?doing_wp_cron=1698305362.2478260993957519531250 HTTP/1.1" 200 3995 "-" "WordPress/6.3.2; https://talmedos.com"
192.0.102.40 - - [26/Oct/2023:07:29:22 +0000] "HEAD / HTTP/1.1" 200 3915 "-" "jetmon/1.0 (Jetpack Site Uptime Monitor by WordPress.com)"
46.101.144.32 - - [26/Oct/2023:07:30:45 +0000] "POST /wp-cron.php?doing_wp_cron=1698305445.7902810573577880859375 HTTP/1.1" 200 3995 "-" "WordPress/6.3.2; https://talmedos.com"
35.171.144.152 - - [26/Oct/2023:07:30:45 +0000] "GET / HTTP/1.1" 200 56901 "-" "Mozilla/5.0 \\(Windows NT 10.0\\; Win64\\; x64\\) AppleWebKit/537.36 \\(KHTML, like Gecko\\) Chrome/100.0.4896.60 Safari/537.36"
54.88.179.33 - - [26/Oct/2023:07:30:46 +0000] "GET / HTTP/1.1" 200 56951 "-" "Mozilla/5.0 \\(Windows NT 10.0\\; Win64\\; x64\\) AppleWebKit/537.36 \\(KHTML, like Gecko\\) Chrome/100.0.4896.60 Safari/537.36"
35.171.144.152 - - [26/Oct/2023:07:30:47 +0000] "GET / HTTP/1.1" 200 56901 "-" "Mozilla/5.0 \\(Windows NT 10.0\\; Win64\\; x64\\) AppleWebKit/537.36 \\(KHTML, like Gecko\\) Chrome/100.0.4896.60 Safari/537.36"
46.101.144.32 - - [26/Oct/2023:07:34:21 +0000] "POST /wp-cron.php?doing_wp_cron=1698305661.7425789833068847656250 HTTP/1.1" 200 3995 "-" "WordPress/6.3.2; https://talmedos.com"
192.0.102.40 - - [26/Oct/2023:07:34:21 +0000] "HEAD / HTTP/1.1" 200 3915 "-" "jetmon/1.0 (Jetpack Site Uptime Monitor by WordPress.com)"
46.101.144.32 - - [26/Oct/2023:07:37:01 +0000] "POST /wp-cron.php?doing_wp_cron=1698305821.9032979011535644531250 HTTP/1.1" 200 3995 "-" "WordPress/6.3.2; https://talmedos.com"
