34.65.108.162 - - [30/Oct/2023:07:07:49 +0000] "OPTIONS / HTTP/1.0" 200 56838 "-" "-"
46.101.144.32 - - [30/Oct/2023:07:09:26 +0000] "POST /wp-cron.php?doing_wp_cron=1698649766.1670889854431152343750 HTTP/1.1" 200 3995 "-" "WordPress/6.3.2; https://talmedos.com"
192.0.102.40 - - [30/Oct/2023:07:09:26 +0000] "HEAD / HTTP/1.1" 200 3915 "-" "jetmon/1.0 (Jetpack Site Uptime Monitor by WordPress.com)"
46.101.144.32 - - [30/Oct/2023:07:14:27 +0000] "POST /wp-cron.php?doing_wp_cron=1698650067.3115549087524414062500 HTTP/1.1" 200 3995 "-" "WordPress/6.3.2; https://talmedos.com"
192.0.102.40 - - [30/Oct/2023:07:14:27 +0000] "HEAD / HTTP/1.1" 200 3915 "-" "jetmon/1.0 (Jetpack Site Uptime Monitor by WordPress.com)"
46.101.144.32 - - [30/Oct/2023:07:19:27 +0000] "POST /wp-cron.php?doing_wp_cron=1698650367.2885370254516601562500 HTTP/1.1" 200 3995 "-" "WordPress/6.3.2; https://talmedos.com"
192.0.102.40 - - [30/Oct/2023:07:19:27 +0000] "HEAD / HTTP/1.1" 200 3915 "-" "jetmon/1.0 (Jetpack Site Uptime Monitor by WordPress.com)"
46.101.144.32 - - [30/Oct/2023:07:24:26 +0000] "POST /wp-cron.php?doing_wp_cron=1698650666.1933019161224365234375 HTTP/1.1" 200 3995 "-" "WordPress/6.3.2; https://talmedos.com"
192.0.102.40 - - [30/Oct/2023:07:24:26 +0000] "HEAD / HTTP/1.1" 200 3915 "-" "jetmon/1.0 (Jetpack Site Uptime Monitor by WordPress.com)"
46.101.144.32 - - [30/Oct/2023:07:29:27 +0000] "POST /wp-cron.php?doing_wp_cron=1698650967.2010829448699951171875 HTTP/1.1" 200 3995 "-" "WordPress/6.3.2; https://talmedos.com"
192.0.102.40 - - [30/Oct/2023:07:29:26 +0000] "HEAD / HTTP/1.1" 200 3915 "-" "jetmon/1.0 (Jetpack Site Uptime Monitor by WordPress.com)"
46.101.144.32 - - [30/Oct/2023:07:34:26 +0000] "POST /wp-cron.php?doing_wp_cron=1698651266.8549249172210693359375 HTTP/1.1" 200 3995 "-" "WordPress/6.3.2; https://talmedos.com"
192.0.102.40 - - [30/Oct/2023:07:34:26 +0000] "HEAD / HTTP/1.1" 200 3915 "-" "jetmon/1.0 (Jetpack Site Uptime Monitor by WordPress.com)"
46.101.144.32 - - [30/Oct/2023:07:39:26 +0000] "POST /wp-cron.php?doing_wp_cron=1698651566.2182118892669677734375 HTTP/1.1" 200 3995 "-" "WordPress/6.3.2; https://talmedos.com"
192.0.102.40 - - [30/Oct/2023:07:39:26 +0000] "HEAD / HTTP/1.1" 200 3915 "-" "jetmon/1.0 (Jetpack Site Uptime Monitor by WordPress.com)"
46.101.144.32 - - [30/Oct/2023:07:44:26 +0000] "POST /wp-cron.php?doing_wp_cron=1698651866.9562349319458007812500 HTTP/1.1" 200 3995 "-" "WordPress/6.3.2; https://talmedos.com"
192.0.102.40 - - [30/Oct/2023:07:44:26 +0000] "HEAD / HTTP/1.1" 200 3915 "-" "jetmon/1.0 (Jetpack Site Uptime Monitor by WordPress.com)"
46.101.144.32 - - [30/Oct/2023:07:49:26 +0000] "POST /wp-cron.php?doing_wp_cron=1698652166.7705600261688232421875 HTTP/1.1" 200 3995 "-" "WordPress/6.3.2; https://talmedos.com"
192.0.102.40 - - [30/Oct/2023:07:49:26 +0000] "HEAD / HTTP/1.1" 200 3915 "-" "jetmon/1.0 (Jetpack Site Uptime Monitor by WordPress.com)"
46.101.144.32 - - [30/Oct/2023:07:54:26 +0000] "POST /wp-cron.php?doing_wp_cron=1698652466.7107329368591308593750 HTTP/1.1" 200 3995 "-" "WordPress/6.3.2; https://talmedos.com"
192.0.102.40 - - [30/Oct/2023:07:54:26 +0000] "HEAD / HTTP/1.1" 200 3915 "-" "jetmon/1.0 (Jetpack Site Uptime Monitor by WordPress.com)"
192.0.102.40 - - [30/Oct/2023:07:59:26 +0000] "HEAD / HTTP/1.1" 200 3915 "-" "jetmon/1.0 (Jetpack Site Uptime Monitor by WordPress.com)"
46.101.144.32 - - [30/Oct/2023:07:59:27 +0000] "POST /wp-cron.php?doing_wp_cron=1698652767.1164228916168212890625 HTTP/1.1" 200 3995 "-" "WordPress/6.3.2; https://talmedos.com"
46.101.144.32 - - [30/Oct/2023:07:59:29 +0000] "GET /index.php?rest_route=%2Fjetpack%2Fv4%2Fsync%2Fspawn-sync&time=1698652769&request_lock_id=1698652769.7532 HTTP/1.1" 200 4013 "-" "WordPress/6.3.2; https://talmedos.com"
46.101.144.32 - - [30/Oct/2023:07:59:28 +0000] "GET /index.php?rest_route=%2Fjetpack%2Fv4%2Fsync%2Fspawn-sync&time=1698652768&request_lock_id=1698652768.1378 HTTP/1.1" 200 4013 "-" "WordPress/6.3.2; https://talmedos.com"
46.101.144.32 - - [30/Oct/2023:08:04:27 +0000] "POST /wp-cron.php?doing_wp_cron=1698653067.2168560028076171875000 HTTP/1.1" 200 3995 "-" "WordPress/6.3.2; https://talmedos.com"
192.0.102.40 - - [30/Oct/2023:08:04:27 +0000] "HEAD / HTTP/1.1" 200 3915 "-" "jetmon/1.0 (Jetpack Site Uptime Monitor by WordPress.com)"
157.90.209.77 - - [30/Oct/2023:08:06:02 +0000] "GET /robots.txt HTTP/1.1" 404 4181 "-" "Mozilla/5.0 (compatible; BLEXBot/1.0; +http://webmeup-crawler.com/)"
157.90.209.77 - - [30/Oct/2023:08:06:06 +0000] "GET /robots.txt HTTP/1.1" 404 4181 "-" "Mozilla/5.0 (compatible; BLEXBot/1.0; +http://webmeup-crawler.com/)"
157.90.209.77 - - [30/Oct/2023:08:06:10 +0000] "GET /sitemap HTTP/1.1" 404 4181 "-" "Mozilla/5.0 (compatible; BLEXBot/1.0; +http://webmeup-crawler.com/)"
157.90.209.77 - - [30/Oct/2023:08:06:13 +0000] "GET /sitemap HTTP/1.1" 404 4181 "-" "Mozilla/5.0 (compatible; BLEXBot/1.0; +http://webmeup-crawler.com/)"
157.90.209.77 - - [30/Oct/2023:08:06:17 +0000] "GET /sitemap.txt HTTP/1.1" 404 4181 "-" "Mozilla/5.0 (compatible; BLEXBot/1.0; +http://webmeup-crawler.com/)"
157.90.209.77 - - [30/Oct/2023:08:06:20 +0000] "GET /sitemap.txt HTTP/1.1" 404 4181 "-" "Mozilla/5.0 (compatible; BLEXBot/1.0; +http://webmeup-crawler.com/)"
46.101.144.32 - - [30/Oct/2023:08:09:26 +0000] "POST /wp-cron.php?doing_wp_cron=1698653366.3903660774230957031250 HTTP/1.1" 200 3995 "-" "WordPress/6.3.2; https://talmedos.com"
192.0.102.40 - - [30/Oct/2023:08:09:26 +0000] "HEAD / HTTP/1.1" 200 3915 "-" "jetmon/1.0 (Jetpack Site Uptime Monitor by WordPress.com)"
46.101.144.32 - - [30/Oct/2023:08:14:26 +0000] "POST /wp-cron.php?doing_wp_cron=1698653666.8795340061187744140625 HTTP/1.1" 200 3995 "-" "WordPress/6.3.2; https://talmedos.com"
192.0.102.40 - - [30/Oct/2023:08:14:26 +0000] "HEAD / HTTP/1.1" 200 3915 "-" "jetmon/1.0 (Jetpack Site Uptime Monitor by WordPress.com)"
46.101.144.32 - - [30/Oct/2023:08:19:26 +0000] "POST /wp-cron.php?doing_wp_cron=1698653966.1716690063476562500000 HTTP/1.1" 200 3995 "-" "WordPress/6.3.2; https://talmedos.com"
192.0.102.40 - - [30/Oct/2023:08:19:25 +0000] "HEAD / HTTP/1.1" 200 3915 "-" "jetmon/1.0 (Jetpack Site Uptime Monitor by WordPress.com)"
66.249.66.6 - - [30/Oct/2023:08:22:22 +0000] "GET /robots.txt HTTP/1.1" 404 4134 "-" "Mozilla/5.0 (compatible; Googlebot/2.1; +http://www.google.com/bot.html)"
46.101.144.32 - - [30/Oct/2023:08:24:26 +0000] "POST /wp-cron.php?doing_wp_cron=1698654266.0759580135345458984375 HTTP/1.1" 200 3995 "-" "WordPress/6.3.2; https://talmedos.com"
192.0.102.40 - - [30/Oct/2023:08:24:25 +0000] "HEAD / HTTP/1.1" 200 3915 "-" "jetmon/1.0 (Jetpack Site Uptime Monitor by WordPress.com)"
46.101.144.32 - - [30/Oct/2023:08:26:41 +0000] "POST /wp-cron.php?doing_wp_cron=1698654401.3917698860168457031250 HTTP/1.1" 200 3995 "-" "WordPress/6.3.2; https://talmedos.com"
51.255.218.113 - - [30/Oct/2023:08:26:41 +0000] "GET / HTTP/1.1" 200 15331 "-" "Mozilla/5.0 (Windows NT 6.1; Win64; x64) AppleWebKit/537.36 (KHTML, like Gecko) Chrome/60.0.3112.90 Safari/537.36"
51.255.218.113 - - [30/Oct/2023:08:26:42 +0000] "GET /wp-includes/blocks/navigation/style.min.css?ver=6.3.2 HTTP/1.1" 200 6311 "https://46.101.144.32/" "Mozilla/5.0 (Windows NT 6.1; Win64; x64) AppleWebKit/537.36 (KHTML, like Gecko) Chrome/60.0.3112.90 Safari/537.36"
51.255.218.113 - - [30/Oct/2023:08:26:42 +0000] "GET /wp-content/plugins/woocommerce/assets/css/woocommerce-layout.css?ver=8.1.1 HTTP/1.1" 200 6612 "https://46.101.144.32/" "Mozilla/5.0 (Windows NT 6.1; Win64; x64) AppleWebKit/537.36 (KHTML, like Gecko) Chrome/60.0.3112.90 Safari/537.36"
51.255.218.113 - - [30/Oct/2023:08:26:42 +0000] "GET /wp-content/plugins/woocommerce/assets/css/twenty-twenty-two.css?ver=8.1.1 HTTP/1.1" 200 9383 "https://46.101.144.32/" "Mozilla/5.0 (Windows NT 6.1; Win64; x64) AppleWebKit/537.36 (KHTML, like Gecko) Chrome/60.0.3112.90 Safari/537.36"
51.255.218.113 - - [30/Oct/2023:08:26:42 +0000] "GET /wp-content/plugins/woocommerce/assets/css/woocommerce-blocktheme.css?ver=8.1.1 HTTP/1.1" 200 6013 "https://46.101.144.32/" "Mozilla/5.0 (Windows NT 6.1; Win64; x64) AppleWebKit/537.36 (KHTML, like Gecko) Chrome/60.0.3112.90 Safari/537.36"
51.255.218.113 - - [30/Oct/2023:08:26:42 +0000] "GET /wp-content/themes/twentytwentytwo/style.css?ver=1.5 HTTP/1.1" 200 6208 "https://46.101.144.32/" "Mozilla/5.0 (Windows NT 6.1; Win64; x64) AppleWebKit/537.36 (KHTML, like Gecko) Chrome/60.0.3112.90 Safari/537.36"
51.255.218.113 - - [30/Oct/2023:08:26:42 +0000] "GET /wp-content/plugins/jetpack/css/jetpack.css?ver=12.6.2 HTTP/1.1" 200 22430 "https://46.101.144.32/" "Mozilla/5.0 (Windows NT 6.1; Win64; x64) AppleWebKit/537.36 (KHTML, like Gecko) Chrome/60.0.3112.90 Safari/537.36"
51.255.218.113 - - [30/Oct/2023:08:26:42 +0000] "GET /wp-includes/blocks/navigation/view.min.js?ver=886680af40b7521d60fc HTTP/1.1" 200 779 "https://46.101.144.32/" "Mozilla/5.0 (Windows NT 6.1; Win64; x64) AppleWebKit/537.36 (KHTML, like Gecko) Chrome/60.0.3112.90 Safari/537.36"
51.255.218.113 - - [30/Oct/2023:08:26:42 +0000] "GET /wp-includes/blocks/navigation/view-modal.min.js?ver=b478fa3cd1475dec97d3 HTTP/1.1" 200 3172 "https://46.101.144.32/" "Mozilla/5.0 (Windows NT 6.1; Win64; x64) AppleWebKit/537.36 (KHTML, like Gecko) Chrome/60.0.3112.90 Safari/537.36"
51.255.218.113 - - [30/Oct/2023:08:26:42 +0000] "GET /wp-includes/js/jquery/jquery-migrate.min.js?ver=3.4.1 HTTP/1.1" 200 5289 "https://46.101.144.32/" "Mozilla/5.0 (Windows NT 6.1; Win64; x64) AppleWebKit/537.36 (KHTML, like Gecko) Chrome/60.0.3112.90 Safari/537.36"
51.255.218.113 - - [30/Oct/2023:08:26:42 +0000] "GET /wp-includes/js/jquery/jquery.min.js?ver=3.7.0 HTTP/1.1" 200 30828 "https://46.101.144.32/" "Mozilla/5.0 (Windows NT 6.1; Win64; x64) AppleWebKit/537.36 (KHTML, like Gecko) Chrome/60.0.3112.90 Safari/537.36"
51.255.218.113 - - [30/Oct/2023:08:26:42 +0000] "GET /wp-content/plugins/woocommerce/assets/js/jquery-blockui/jquery.blockUI.min.js?ver=2.7.0-wc.8.1.1 HTTP/1.1" 200 3954 "https://46.101.144.32/" "Mozilla/5.0 (Windows NT 6.1; Win64; x64) AppleWebKit/537.36 (KHTML, like Gecko) Chrome/60.0.3112.90 Safari/537.36"
51.255.218.113 - - [30/Oct/2023:08:26:42 +0000] "GET /wp-content/themes/twentytwentytwo/assets/images/flight-path-on-transparent-d.png HTTP/1.1" 200 104104 "https://46.101.144.32/" "Mozilla/5.0 (Windows NT 6.1; Win64; x64) AppleWebKit/537.36 (KHTML, like Gecko) Chrome/60.0.3112.90 Safari/537.36"
51.255.218.113 - - [30/Oct/2023:08:26:43 +0000] "GET /wp-content/plugins/woocommerce/assets/js/frontend/add-to-cart.min.js?ver=8.1.1 HTTP/1.1" 200 1463 "https://46.101.144.32/" "Mozilla/5.0 (Windows NT 6.1; Win64; x64) AppleWebKit/537.36 (KHTML, like Gecko) Chrome/60.0.3112.90 Safari/537.36"
51.255.218.113 - - [30/Oct/2023:08:26:43 +0000] "GET /wp-content/plugins/woocommerce/assets/css/woocommerce-smallscreen.css?ver=8.1.1 HTTP/1.1" 200 1540 "https://46.101.144.32/" "Mozilla/5.0 (Windows NT 6.1; Win64; x64) AppleWebKit/537.36 (KHTML, like Gecko) Chrome/60.0.3112.90 Safari/537.36"
51.255.218.113 - - [30/Oct/2023:08:26:43 +0000] "GET /wp-content/plugins/woocommerce/assets/js/frontend/woocommerce.min.js?ver=8.1.1 HTTP/1.1" 200 1170 "https://46.101.144.32/" "Mozilla/5.0 (Windows NT 6.1; Win64; x64) AppleWebKit/537.36 (KHTML, like Gecko) Chrome/60.0.3112.90 Safari/537.36"
51.255.218.113 - - [30/Oct/2023:08:26:43 +0000] "GET /wp-content/plugins/woocommerce/assets/js/js-cookie/js.cookie.min.js?ver=2.1.4-wc.8.1.1 HTTP/1.1" 200 1351 "https://46.101.144.32/" "Mozilla/5.0 (Windows NT 6.1; Win64; x64) AppleWebKit/537.36 (KHTML, like Gecko) Chrome/60.0.3112.90 Safari/537.36"
51.255.218.113 - - [30/Oct/2023:08:26:43 +0000] "GET /wp-includes/js/wp-emoji-release.min.js?ver=6.3.2 HTTP/1.1" 200 5456 "https://46.101.144.32/" "Mozilla/5.0 (Windows NT 6.1; Win64; x64) AppleWebKit/537.36 (KHTML, like Gecko) Chrome/60.0.3112.90 Safari/537.36"
51.255.218.113 - - [30/Oct/2023:08:26:44 +0000] "GET /wp-content/themes/twentytwentytwo/assets/fonts/source-serif-pro/SourceSerif4Variable-Roman.ttf.woff2 HTTP/1.1" 200 433021 "https://46.101.144.32/" "Mozilla/5.0 (Windows NT 6.1; Win64; x64) AppleWebKit/537.36 (KHTML, like Gecko) Chrome/60.0.3112.90 Safari/537.36"
204.101.161.19 - - [30/Oct/2023:08:26:51 +0000] "GET /wp-includes/blocks/navigation/view.min.js?ver=886680af40b7521d60fc HTTP/1.1" 200 5110 "-" "-"
204.101.161.19 - - [30/Oct/2023:08:26:52 +0000] "GET /wp-includes/js/jquery/jquery.min.js?ver=3.7.0 HTTP/1.1" 200 91591 "-" "-"
204.101.161.19 - - [30/Oct/2023:08:26:52 +0000] "GET /wp-includes/blocks/navigation/view-modal.min.js?ver=b478fa3cd1475dec97d3 HTTP/1.1" 200 11811 "-" "-"
204.101.161.19 - - [30/Oct/2023:08:26:52 +0000] "GET /wp-includes/js/jquery/jquery-migrate.min.js?ver=3.4.1 HTTP/1.1" 200 17575 "-" "-"
204.101.161.19 - - [30/Oct/2023:08:26:52 +0000] "GET /wp-content/plugins/woocommerce/assets/js/jquery-blockui/jquery.blockUI.min.js?ver=2.7.0-wc.8.1.1 HTTP/1.1" 200 13633 "-" "-"
204.101.161.19 - - [30/Oct/2023:08:26:53 +0000] "GET /wp-content/plugins/woocommerce/assets/js/frontend/add-to-cart.min.js?ver=8.1.1 HTTP/1.1" 200 7033 "-" "-"
204.101.161.19 - - [30/Oct/2023:08:26:53 +0000] "GET /wp-content/plugins/woocommerce/assets/js/js-cookie/js.cookie.min.js?ver=2.1.4-wc.8.1.1 HTTP/1.1" 200 5841 "-" "-"
204.101.161.19 - - [30/Oct/2023:08:26:53 +0000] "GET /wp-content/plugins/woocommerce/assets/js/frontend/woocommerce.min.js?ver=8.1.1 HTTP/1.1" 200 6135 "-" "-"
204.101.161.19 - - [30/Oct/2023:08:26:54 +0000] "GET /wp-includes/js/wp-emoji-release.min.js?ver=6.3.2 HTTP/1.1" 200 22712 "-" "-"
46.101.144.32 - - [30/Oct/2023:08:29:27 +0000] "POST /wp-cron.php?doing_wp_cron=1698654567.3212490081787109375000 HTTP/1.1" 200 3995 "-" "WordPress/6.3.2; https://talmedos.com"
192.0.102.40 - - [30/Oct/2023:08:29:27 +0000] "HEAD / HTTP/1.1" 200 3915 "-" "jetmon/1.0 (Jetpack Site Uptime Monitor by WordPress.com)"
46.101.144.32 - - [30/Oct/2023:08:34:26 +0000] "POST /wp-cron.php?doing_wp_cron=1698654866.1004769802093505859375 HTTP/1.1" 200 3995 "-" "WordPress/6.3.2; https://talmedos.com"
192.0.102.40 - - [30/Oct/2023:08:34:25 +0000] "HEAD / HTTP/1.1" 200 3915 "-" "jetmon/1.0 (Jetpack Site Uptime Monitor by WordPress.com)"
89.39.105.126 - - [30/Oct/2023:08:36:19 +0000] "GET /api/Posts/GetCarouselPosts?culture=ka HTTP/1.1" 404 4072 "-" "Mozilla/5.0 (Windows NT 10.0; Win64; x64) AppleWebKit/537.36 (KHTML, like Gecko) Chrome/118.0.0.0 Safari/537.36"
46.101.144.32 - - [30/Oct/2023:08:39:25 +0000] "GET / HTTP/1.1" 200 15340 "-" "WordPress/6.3.2; https://talmedos.com"
192.0.102.40 - - [30/Oct/2023:08:39:25 +0000] "HEAD / HTTP/1.1" 200 3915 "-" "jetmon/1.0 (Jetpack Site Uptime Monitor by WordPress.com)"
46.101.144.32 - - [30/Oct/2023:08:39:25 +0000] "POST /wp-cron.php?doing_wp_cron=1698655165.3603610992431640625000 HTTP/1.1" 200 3995 "-" "WordPress/6.3.2; https://talmedos.com"
46.101.144.32 - - [30/Oct/2023:08:44:26 +0000] "POST /wp-cron.php?doing_wp_cron=1698655466.4474680423736572265625 HTTP/1.1" 200 3995 "-" "WordPress/6.3.2; https://talmedos.com"
192.0.102.40 - - [30/Oct/2023:08:44:26 +0000] "HEAD / HTTP/1.1" 200 3915 "-" "jetmon/1.0 (Jetpack Site Uptime Monitor by WordPress.com)"
46.101.144.32 - - [30/Oct/2023:08:49:26 +0000] "POST /wp-cron.php?doing_wp_cron=1698655766.0758569240570068359375 HTTP/1.1" 200 3995 "-" "WordPress/6.3.2; https://talmedos.com"
192.0.102.40 - - [30/Oct/2023:08:49:25 +0000] "HEAD / HTTP/1.1" 200 3915 "-" "jetmon/1.0 (Jetpack Site Uptime Monitor by WordPress.com)"
46.101.144.32 - - [30/Oct/2023:08:54:25 +0000] "POST /wp-cron.php?doing_wp_cron=1698656065.4296770095825195312500 HTTP/1.1" 200 3995 "-" "WordPress/6.3.2; https://talmedos.com"
192.0.102.40 - - [30/Oct/2023:08:54:25 +0000] "HEAD / HTTP/1.1" 200 3915 "-" "jetmon/1.0 (Jetpack Site Uptime Monitor by WordPress.com)"
46.101.144.32 - - [30/Oct/2023:08:56:28 +0000] "POST /wp-cron.php?doing_wp_cron=1698656188.9079980850219726562500 HTTP/1.1" 200 3995 "-" "WordPress/6.3.2; https://talmedos.com"
89.39.105.126 - - [30/Oct/2023:08:56:28 +0000] "GET / HTTP/1.1" 200 15228 "-" "Mozilla/5.0 (Windows NT 10.0; Win64; x64) AppleWebKit/537.36 (KHTML, like Gecko) Chrome/118.0.0.0 Safari/537.36"
163.123.143.90 - - [30/Oct/2023:08:57:54 +0000] "GET /.env HTTP/1.1" 404 4229 "-" "Mozilla/5.0 (Linux; U; Android 4.4.2; en-US; HM NOTE 1W Build/KOT49H) AppleWebKit/534.30 (KHTML, like Gecko) Version/4.0 UCBrowser/11.0.5.850 U3/0.8.0 Mobile Safari/534.30"
46.101.144.32 - - [30/Oct/2023:08:57:54 +0000] "POST /wp-cron.php?doing_wp_cron=1698656274.6531898975372314453125 HTTP/1.1" 200 3995 "-" "WordPress/6.3.2; https://talmedos.com"
163.123.143.90 - - [30/Oct/2023:08:57:54 +0000] "POST / HTTP/1.1" 200 15379 "-" "Mozilla/5.0 (Linux; U; Android 4.4.2; en-US; HM NOTE 1W Build/KOT49H) AppleWebKit/534.30 (KHTML, like Gecko) Version/4.0 UCBrowser/11.0.5.850 U3/0.8.0 Mobile Safari/534.30"
163.123.143.90 - - [30/Oct/2023:08:57:57 +0000] "GET /vendor/phpunit/phpunit/src/Util/PHP/eval-stdin.php HTTP/1.1" 404 4229 "-" "python-requests/2.25.1"
46.101.144.32 - - [30/Oct/2023:08:59:27 +0000] "POST /wp-cron.php?doing_wp_cron=1698656367.4185380935668945312500 HTTP/1.1" 200 3995 "-" "WordPress/6.3.2; https://talmedos.com"
192.0.102.40 - - [30/Oct/2023:08:59:27 +0000] "HEAD / HTTP/1.1" 200 3915 "-" "jetmon/1.0 (Jetpack Site Uptime Monitor by WordPress.com)"
46.101.144.32 - - [30/Oct/2023:09:04:26 +0000] "POST /wp-cron.php?doing_wp_cron=1698656665.9989209175109863281250 HTTP/1.1" 200 3995 "-" "WordPress/6.3.2; https://talmedos.com"
192.0.102.40 - - [30/Oct/2023:09:04:25 +0000] "HEAD / HTTP/1.1" 200 3915 "-" "jetmon/1.0 (Jetpack Site Uptime Monitor by WordPress.com)"
46.101.144.32 - - [30/Oct/2023:09:09:25 +0000] "POST /wp-cron.php?doing_wp_cron=1698656965.5419940948486328125000 HTTP/1.1" 200 3995 "-" "WordPress/6.3.2; https://talmedos.com"
192.0.102.40 - - [30/Oct/2023:09:09:25 +0000] "HEAD / HTTP/1.1" 200 3915 "-" "jetmon/1.0 (Jetpack Site Uptime Monitor by WordPress.com)"
46.101.144.32 - - [30/Oct/2023:09:14:26 +0000] "POST /wp-cron.php?doing_wp_cron=1698657266.3810050487518310546875 HTTP/1.1" 200 3995 "-" "WordPress/6.3.2; https://talmedos.com"
192.0.102.40 - - [30/Oct/2023:09:14:26 +0000] "HEAD / HTTP/1.1" 200 3915 "-" "jetmon/1.0 (Jetpack Site Uptime Monitor by WordPress.com)"
46.101.144.32 - - [30/Oct/2023:09:19:26 +0000] "POST /wp-cron.php?doing_wp_cron=1698657566.4149270057678222656250 HTTP/1.1" 200 3995 "-" "WordPress/6.3.2; https://talmedos.com"
192.0.102.40 - - [30/Oct/2023:09:19:26 +0000] "HEAD / HTTP/1.1" 200 3915 "-" "jetmon/1.0 (Jetpack Site Uptime Monitor by WordPress.com)"
46.101.144.32 - - [30/Oct/2023:09:24:25 +0000] "POST /wp-cron.php?doing_wp_cron=1698657865.5451519489288330078125 HTTP/1.1" 200 3995 "-" "WordPress/6.3.2; https://talmedos.com"
192.0.102.40 - - [30/Oct/2023:09:24:25 +0000] "HEAD / HTTP/1.1" 200 3915 "-" "jetmon/1.0 (Jetpack Site Uptime Monitor by WordPress.com)"
46.101.144.32 - - [30/Oct/2023:09:29:25 +0000] "POST /wp-cron.php?doing_wp_cron=1698658165.9658598899841308593750 HTTP/1.1" 200 3995 "-" "WordPress/6.3.2; https://talmedos.com"
192.0.102.40 - - [30/Oct/2023:09:29:25 +0000] "HEAD / HTTP/1.1" 200 3915 "-" "jetmon/1.0 (Jetpack Site Uptime Monitor by WordPress.com)"
46.101.144.32 - - [30/Oct/2023:09:30:41 +0000] "POST /wp-cron.php?doing_wp_cron=1698658241.0958609580993652343750 HTTP/1.1" 200 3995 "-" "WordPress/6.3.2; https://talmedos.com"
134.122.59.215 - - [30/Oct/2023:09:30:40 +0000] "POST /xmlrpc.php HTTP/1.1" 200 4420 "-" "Mozilla/5.0 (Windows NT 10.0; Win64; x64) AppleWebKit/537.36 (KHTML, like Gecko) Chrome/85.0.4183.121 Safari/537.36"
146.56.106.141 - - [30/Oct/2023:09:30:43 +0000] "POST /xmlrpc.php HTTP/1.1" 200 4013 "-" "Mozilla/5.0 (X11; Linux x86_64) AppleWebKit/537.36 (KHTML, like Gecko) Chrome/44.0.2403.157 Safari/537.36"
154.39.199.122 - - [30/Oct/2023:09:30:45 +0000] "POST /xmlrpc.php HTTP/1.1" 200 4013 "-" "Mozilla/5.0 (iPod; CPU iPhone OS 14_6 like Mac OS X) AppleWebKit/605.1.15 (KHTML, like Gecko) CriOS/91.0.4472.80 Mobile/15E148 Safari/604.1"
185.181.102.52 - - [30/Oct/2023:09:30:47 +0000] "POST /xmlrpc.php HTTP/1.1" 200 4420 "-" "Mozilla/5.0 (Windows NT 10.0; Win64; x64; rv:85.0) Gecko/20100101 Firefox/85.0"
18.119.100.71 - - [30/Oct/2023:09:30:50 +0000] "POST /xmlrpc.php HTTP/1.1" 200 4012 "-" "Mozilla/5.0 (Windows NT 6.1; WOW64; rv:54.0) Gecko/20100101 Firefox/54.0"
45.120.226.30 - - [30/Oct/2023:09:30:53 +0000] "POST /xmlrpc.php HTTP/1.1" 200 4012 "-" "Mozilla/5.0 (Windows NT 6.1; Win64; x64) AppleWebKit/537.36 (KHTML, like Gecko) Chrome/69.0.3497.100 Safari/537.36"
66.175.56.107 - - [30/Oct/2023:09:30:53 +0000] "POST /xmlrpc.php HTTP/1.1" 200 4419 "-" "Mozilla/5.0 (Windows NT 10.0; WOW64) AppleWebKit/537.36 (KHTML, like Gecko) Chrome/72.0.3626.121 Safari/537.36"
79.170.40.246 - - [30/Oct/2023:09:30:56 +0000] "POST /xmlrpc.php HTTP/1.1" 200 4012 "-" "Mozilla/5.0 (iPod; CPU iPhone OS 14_6 like Mac OS X) AppleWebKit/605.1.15 (KHTML, like Gecko) CriOS/91.0.4472.80 Mobile/15E148 Safari/604.1"
46.101.144.32 - - [30/Oct/2023:09:31:01 +0000] "POST /wp-cron.php?doing_wp_cron=1698658261.8572430610656738281250 HTTP/1.1" 200 3995 "-" "WordPress/6.3.2; https://talmedos.com"
202.79.174.79 - - [30/Oct/2023:09:31:01 +0000] "POST /xmlrpc.php HTTP/1.1" 200 4012 "-" "Mozilla/5.0 (Windows NT 10.0; WOW64; rv:54.0) Gecko/20100101 Firefox/54.0"
178.62.63.209 - - [30/Oct/2023:09:31:04 +0000] "POST /xmlrpc.php HTTP/1.1" 200 4419 "-" "Mozilla/5.0 (Windows NT 10.0; Win64; x64; rv:58.0) Gecko/20100101 Firefox/58.0"
162.55.81.67 - - [30/Oct/2023:09:31:08 +0000] "POST /xmlrpc.php HTTP/1.1" 200 4418 "-" "Mozilla/5.0 (Windows NT 6.1; Win64; x64; rv:58.0) Gecko/20100101 Firefox/58.0"
159.65.197.63 - - [30/Oct/2023:09:31:11 +0000] "POST /xmlrpc.php HTTP/1.1" 200 4419 "-" "Mozilla/5.0 (Windows NT 6.1; WOW64; rv:17.0) Gecko/20100101 Firefox/17.0"
20.67.208.94 - - [30/Oct/2023:09:31:13 +0000] "POST /xmlrpc.php HTTP/1.1" 200 4418 "-" "Mozilla/5.0 (Windows NT 6.1; Win64; x64; rv:58.0) Gecko/20100101 Firefox/58.0"
54.37.121.239 - - [30/Oct/2023:09:31:17 +0000] "POST /xmlrpc.php HTTP/1.1" 200 4419 "-" "Mozilla/5.0 (Windows NT 10.0; Win64; x64) AppleWebKit/537.36 (KHTML, like Gecko) Chrome/91.0.4472.114 Safari/537.36"
131.108.210.146 - - [30/Oct/2023:09:31:24 +0000] "POST /xmlrpc.php HTTP/1.1" 200 4421 "-" "Mozilla/5.0 (Windows NT 10.0; Win64; x64; rv:79.0) Gecko/20100101 Firefox/79.0"
46.101.144.32 - - [30/Oct/2023:09:34:25 +0000] "POST /wp-cron.php?doing_wp_cron=1698658465.7976119518280029296875 HTTP/1.1" 200 3995 "-" "WordPress/6.3.2; https://talmedos.com"
192.0.102.40 - - [30/Oct/2023:09:34:25 +0000] "HEAD / HTTP/1.1" 200 3915 "-" "jetmon/1.0 (Jetpack Site Uptime Monitor by WordPress.com)"
46.101.144.32 - - [30/Oct/2023:09:39:25 +0000] "POST /wp-cron.php?doing_wp_cron=1698658765.5675470829010009765625 HTTP/1.1" 200 3995 "-" "WordPress/6.3.2; https://talmedos.com"
192.0.102.40 - - [30/Oct/2023:09:39:25 +0000] "HEAD / HTTP/1.1" 200 3915 "-" "jetmon/1.0 (Jetpack Site Uptime Monitor by WordPress.com)"
46.101.144.32 - - [30/Oct/2023:09:44:26 +0000] "POST /wp-cron.php?doing_wp_cron=1698659066.3562309741973876953125 HTTP/1.1" 200 3995 "-" "WordPress/6.3.2; https://talmedos.com"
192.0.102.40 - - [30/Oct/2023:09:44:26 +0000] "HEAD / HTTP/1.1" 200 3915 "-" "jetmon/1.0 (Jetpack Site Uptime Monitor by WordPress.com)"
46.101.144.32 - - [30/Oct/2023:09:47:33 +0000] "POST /wp-cron.php?doing_wp_cron=1698659253.5150039196014404296875 HTTP/1.1" 200 3995 "-" "WordPress/6.3.2; https://talmedos.com"
184.105.247.194 - - [30/Oct/2023:09:47:33 +0000] "GET / HTTP/1.1" 200 14711 "-" "Mozilla/5.0 (X11; Linux x86_64) AppleWebKit/537.36 (KHTML, like Gecko) Chrome/110.0.0.0 Safari/537.36"
46.101.144.32 - - [30/Oct/2023:09:49:25 +0000] "POST /wp-cron.php?doing_wp_cron=1698659365.3589110374450683593750 HTTP/1.1" 200 3995 "-" "WordPress/6.3.2; https://talmedos.com"
192.0.102.40 - - [30/Oct/2023:09:49:25 +0000] "HEAD / HTTP/1.1" 200 3915 "-" "jetmon/1.0 (Jetpack Site Uptime Monitor by WordPress.com)"
46.101.144.32 - - [30/Oct/2023:09:54:25 +0000] "POST /wp-cron.php?doing_wp_cron=1698659665.1271998882293701171875 HTTP/1.1" 200 3995 "-" "WordPress/6.3.2; https://talmedos.com"
192.0.102.40 - - [30/Oct/2023:09:54:24 +0000] "HEAD / HTTP/1.1" 200 3915 "-" "jetmon/1.0 (Jetpack Site Uptime Monitor by WordPress.com)"
184.105.247.194 - - [30/Oct/2023:09:55:49 +0000] "GET /favicon.ico HTTP/1.1" 404 3540 "-" "Mozilla/5.0 (Windows NT 10.0; rv:110.0) Gecko/20100101 Firefox/110.0"
46.101.144.32 - - [30/Oct/2023:09:58:02 +0000] "POST /wp-cron.php?doing_wp_cron=1698659882.2289690971374511718750 HTTP/1.1" 200 3995 "-" "WordPress/6.3.2; https://talmedos.com"
184.105.247.194 - - [30/Oct/2023:09:58:02 +0000] "GET / HTTP/1.1" 200 15228 "-" "Mozilla/5.0 (X11; Linux x86_64) AppleWebKit/537.36 (KHTML, like Gecko) Chrome/110.0.0.0 Safari/537.36"
162.216.149.31 - - [30/Oct/2023:09:58:40 +0000] "GET / HTTP/1.1" 200 56856 "http://46.101.144.32:80/" "Expanse, a Palo Alto Networks company, searches across the global IPv4 space multiple times per day to identify customers&#39; presences on the Internet. If you would like to be excluded from our scans, please send IP addresses/domains to: scaninfo@paloaltonetworks.com"
46.101.144.32 - - [30/Oct/2023:09:59:25 +0000] "POST /wp-cron.php?doing_wp_cron=1698659965.9433579444885253906250 HTTP/1.1" 200 3995 "-" "WordPress/6.3.2; https://talmedos.com"
192.0.102.40 - - [30/Oct/2023:09:59:25 +0000] "HEAD / HTTP/1.1" 200 3915 "-" "jetmon/1.0 (Jetpack Site Uptime Monitor by WordPress.com)"
184.105.247.194 - - [30/Oct/2023:10:02:01 +0000] "GET /geoserver/web/ HTTP/1.1" 404 3540 "-" "Mozilla/5.0 (X11; Ubuntu; Linux x86_64; rv:109.0) Gecko/20100101 Firefox/109.0"
184.105.247.194 - - [30/Oct/2023:10:03:22 +0000] "GET /.git/config HTTP/1.1" 404 3540 "-" "Mozilla/5.0 (Macintosh; Intel Mac OS X 10.15; rv:109.0) Gecko/20100101 Firefox/110.0"
46.101.144.32 - - [30/Oct/2023:10:04:25 +0000] "POST /wp-cron.php?doing_wp_cron=1698660265.7613730430603027343750 HTTP/1.1" 200 3995 "-" "WordPress/6.3.2; https://talmedos.com"
192.0.102.40 - - [30/Oct/2023:10:04:25 +0000] "HEAD / HTTP/1.1" 200 3915 "-" "jetmon/1.0 (Jetpack Site Uptime Monitor by WordPress.com)"
46.101.144.32 - - [30/Oct/2023:10:09:25 +0000] "POST /wp-cron.php?doing_wp_cron=1698660565.8816919326782226562500 HTTP/1.1" 200 3995 "-" "WordPress/6.3.2; https://talmedos.com"
192.0.102.40 - - [30/Oct/2023:10:09:25 +0000] "HEAD / HTTP/1.1" 200 3915 "-" "jetmon/1.0 (Jetpack Site Uptime Monitor by WordPress.com)"
207.244.232.0 - - [30/Oct/2023:10:10:45 +0000] "GET /_profiler/phpinfo HTTP/1.1" 404 4232 "-" "Mozila/5.0"
46.101.144.32 - - [30/Oct/2023:10:14:26 +0000] "POST /wp-cron.php?doing_wp_cron=1698660866.2822930812835693359375 HTTP/1.1" 200 3995 "-" "WordPress/6.3.2; https://talmedos.com"
192.0.102.40 - - [30/Oct/2023:10:14:26 +0000] "HEAD / HTTP/1.1" 200 3915 "-" "jetmon/1.0 (Jetpack Site Uptime Monitor by WordPress.com)"
46.101.144.32 - - [30/Oct/2023:10:19:25 +0000] "POST /wp-cron.php?doing_wp_cron=1698661165.7646028995513916015625 HTTP/1.1" 200 3995 "-" "WordPress/6.3.2; https://talmedos.com"
192.0.102.40 - - [30/Oct/2023:10:19:25 +0000] "HEAD / HTTP/1.1" 200 3915 "-" "jetmon/1.0 (Jetpack Site Uptime Monitor by WordPress.com)"
46.101.144.32 - - [30/Oct/2023:10:24:24 +0000] "POST /wp-cron.php?doing_wp_cron=1698661464.9247419834136962890625 HTTP/1.1" 200 3995 "-" "WordPress/6.3.2; https://talmedos.com"
192.0.102.40 - - [30/Oct/2023:10:24:24 +0000] "HEAD / HTTP/1.1" 200 3915 "-" "jetmon/1.0 (Jetpack Site Uptime Monitor by WordPress.com)"
46.101.144.32 - - [30/Oct/2023:10:29:24 +0000] "POST /wp-cron.php?doing_wp_cron=1698661764.8030428886413574218750 HTTP/1.1" 200 3995 "-" "WordPress/6.3.2; https://talmedos.com"
178.128.15.79 - - [30/Oct/2023:10:29:24 +0000] "GET / HTTP/1.1" 200 14711 "http://46.101.144.32/" "Mozilla/5.0 (Windows NT 10.0; Win64; x64) AppleWebKit/537.36 (KHTML, like Gecko) Chrome/108.0.0.0 Safari/537.36"
192.0.102.40 - - [30/Oct/2023:10:29:25 +0000] "HEAD / HTTP/1.1" 200 3915 "-" "jetmon/1.0 (Jetpack Site Uptime Monitor by WordPress.com)"
103.118.28.178 - - [30/Oct/2023:10:29:35 +0000] "POST /xmlrpc.php HTTP/1.1" 200 4420 "-" "Mozilla/5.0 (Linux; Android 10; SM-A205U) AppleWebKit/537.36 (KHTML, like Gecko) Chrome/91.0.4472.114 Mobile Safari/537.36"
64.227.108.223 - - [30/Oct/2023:10:29:36 +0000] "POST /xmlrpc.php HTTP/1.1" 200 4420 "-" "Mozilla/5.0 (Windows NT 10.0; Win64; x64) AppleWebKit/537.36 (KHTML, like Gecko) Chrome/57.0.2987.133 Safari/537.36"
35.172.117.134 - - [30/Oct/2023:10:29:39 +0000] "GET /.git/config HTTP/1.1" 404 4097 "-" "Mozilla/5.0 (X11; Linux x86_64; rv:15.0) Gecko/20120724 Debian Iceweasel/15.02"
107.161.66.68 - - [30/Oct/2023:10:29:39 +0000] "POST /xmlrpc.php HTTP/1.1" 200 4419 "-" "Mozilla/5.0 (Windows NT 6.1; Win64; x64) AppleWebKit/537.36 (KHTML, like Gecko) Chrome/69.0.3497.100 Safari/537.36"
159.65.197.63 - - [30/Oct/2023:10:29:40 +0000] "POST /xmlrpc.php HTTP/1.1" 200 4419 "-" "Mozilla/5.0 (Windows NT 6.1; WOW64) AppleWebKit/537.1 (KHTML, like Gecko) Chrome/21.0.1180.83 Safari/537.1"
208.109.226.46 - - [30/Oct/2023:10:29:42 +0000] "POST /xmlrpc.php HTTP/1.1" 200 4420 "-" "Mozilla/5.0 (Windows NT 10.0; Win64; x64) AppleWebKit/537.36 (KHTML, like Gecko) Chrome/88.0.4324.190 Safari/537.36"
157.245.40.165 - - [30/Oct/2023:10:29:44 +0000] "POST /xmlrpc.php HTTP/1.1" 200 4420 "-" "Mozilla/5.0 (Linux; Android 10; SM-A205U) AppleWebKit/537.36 (KHTML, like Gecko) Chrome/91.0.4472.114 Mobile Safari/537.36"
159.65.197.63 - - [30/Oct/2023:10:29:47 +0000] "POST /xmlrpc.php HTTP/1.1" 200 4419 "-" "Mozilla/5.0 (Windows NT 10.0; Win64; x64) AppleWebKit/537.36 (KHTML, like Gecko) Chrome/88.0.4324.104 Safari/537.36"
36.72.216.103 - - [30/Oct/2023:10:29:59 +0000] "POST /xmlrpc.php HTTP/1.1" 200 4419 "-" "Mozilla/5.0 (Windows NT 10.0; Win64; x64; rv:67.0) Gecko/20100101 Firefox/67.0"
46.101.144.32 - - [30/Oct/2023:10:30:02 +0000] "POST /wp-cron.php?doing_wp_cron=1698661802.6672940254211425781250 HTTP/1.1" 200 3995 "-" "WordPress/6.3.2; https://talmedos.com"
134.122.59.215 - - [30/Oct/2023:10:30:02 +0000] "POST /xmlrpc.php HTTP/1.1" 200 4420 "-" "Mozilla/5.0 (Windows NT 6.1; WOW64; rv:52.0) Gecko/20100101 Firefox/52.0"
64.227.108.223 - - [30/Oct/2023:10:30:08 +0000] "POST /xmlrpc.php HTTP/1.1" 200 4420 "-" "Mozilla/5.0 (Windows NT 6.1; Win64; x64; rv:61.0) Gecko/20100101 Firefox/61.0"
65.109.20.147 - - [30/Oct/2023:10:33:28 +0000] "GET /wp-admin/bumi.php?2557 HTTP/1.1" 404 4144 "talmedos.com" "Mozilla/5.0 (Windows NT 10.0; Win64; x64) AppleWebKit/537.36 (KHTML, like Gecko) colonel Chrome/196.3.1597.530 Safari/537.36"
65.109.20.147 - - [30/Oct/2023:10:33:36 +0000] "GET /wp-content/uploads/wpr-addons/forms/z.php?2557 HTTP/1.1" 404 4144 "talmedos.com" "Mozilla/5.0 (Windows NT 10.0; Win64; x64) AppleWebKit/537.36 (KHTML, like Gecko) colonel Chrome/196.3.1597.530 Safari/537.36"
65.109.20.147 - - [30/Oct/2023:10:34:16 +0000] "GET /wp-content/uploads/workreap-temp/63.php?2552 HTTP/1.1" 404 4144 "talmedos.com" "Mozilla/5.0 (Windows NT 10.0; Win64; x64) AppleWebKit/537.36 (KHTML, like Gecko) colonel Chrome/196.3.1597.530 Safari/537.36"
46.101.144.32 - - [30/Oct/2023:10:34:25 +0000] "POST /wp-cron.php?doing_wp_cron=1698662065.2321019172668457031250 HTTP/1.1" 200 3995 "-" "WordPress/6.3.2; https://talmedos.com"
192.0.102.40 - - [30/Oct/2023:10:34:25 +0000] "HEAD / HTTP/1.1" 200 3915 "-" "jetmon/1.0 (Jetpack Site Uptime Monitor by WordPress.com)"
65.109.20.147 - - [30/Oct/2023:10:34:43 +0000] "GET /wp-content/uploads/wpr-addons/forms/duydl.php?2555 HTTP/1.1" 404 4144 "talmedos.com" "Mozilla/5.0 (Windows NT 10.0; Win64; x64) AppleWebKit/537.36 (KHTML, like Gecko) colonel Chrome/196.3.1597.530 Safari/537.36"
65.109.20.147 - - [30/Oct/2023:10:35:59 +0000] "GET /wak.php?2556 HTTP/1.1" 404 4144 "talmedos.com" "Mozilla/5.0 (Windows NT 10.0; Win64; x64) AppleWebKit/537.36 (KHTML, like Gecko) colonel Chrome/196.3.1597.530 Safari/537.36"
65.109.20.147 - - [30/Oct/2023:10:36:01 +0000] "GET /wp-content/uploads/wpr-addons/forms/rytjo.php?2555 HTTP/1.1" 404 4144 "talmedos.com" "Mozilla/5.0 (Windows NT 10.0; Win64; x64) AppleWebKit/537.36 (KHTML, like Gecko) colonel Chrome/196.3.1597.530 Safari/537.36"
46.101.144.32 - - [30/Oct/2023:10:39:24 +0000] "POST /wp-cron.php?doing_wp_cron=1698662364.8602020740509033203125 HTTP/1.1" 200 3995 "-" "WordPress/6.3.2; https://talmedos.com"
192.0.102.40 - - [30/Oct/2023:10:39:24 +0000] "HEAD / HTTP/1.1" 200 3915 "-" "jetmon/1.0 (Jetpack Site Uptime Monitor by WordPress.com)"
46.101.144.32 - - [30/Oct/2023:10:44:25 +0000] "POST /wp-cron.php?doing_wp_cron=1698662665.8113679885864257812500 HTTP/1.1" 200 3995 "-" "WordPress/6.3.2; https://talmedos.com"
192.0.102.40 - - [30/Oct/2023:10:44:25 +0000] "HEAD / HTTP/1.1" 200 3915 "-" "jetmon/1.0 (Jetpack Site Uptime Monitor by WordPress.com)"
46.101.144.32 - - [30/Oct/2023:10:45:45 +0000] "POST /wp-cron.php?doing_wp_cron=1698662745.9367029666900634765625 HTTP/1.1" 200 3995 "-" "WordPress/6.3.2; https://talmedos.com"
198.235.24.52 - - [30/Oct/2023:10:45:45 +0000] "GET / HTTP/1.1" 301 3862 "http://46.101.144.32:80/" "-"
198.235.24.52 - - [30/Oct/2023:10:45:47 +0000] "GET / HTTP/1.1" 200 56806 "-" "-"
162.240.239.98 - - [30/Oct/2023:10:49:01 +0000] "GET /.env HTTP/1.1" 404 3775 "-" "python-requests/2.6.0 CPython/2.7.5 Linux/3.10.0-1160.99.1.el7.x86_64"
46.101.144.32 - - [30/Oct/2023:10:49:02 +0000] "POST /wp-cron.php?doing_wp_cron=1698662941.9631779193878173828125 HTTP/1.1" 200 3995 "-" "WordPress/6.3.2; https://talmedos.com"
162.240.239.98 - - [30/Oct/2023:10:49:01 +0000] "POST / HTTP/1.1" 200 14946 "-" "url"
162.240.239.98 - - [30/Oct/2023:10:49:03 +0000] "POST /core/.env HTTP/1.1" 404 3775 "-" "url"
162.240.239.98 - - [30/Oct/2023:10:49:03 +0000] "GET /core/.env HTTP/1.1" 404 3775 "-" "python-requests/2.6.0 CPython/2.7.5 Linux/3.10.0-1160.99.1.el7.x86_64"
162.240.239.98 - - [30/Oct/2023:10:49:04 +0000] "POST / HTTP/1.1" 200 14946 "-" "url"
162.240.239.98 - - [30/Oct/2023:10:49:05 +0000] "POST /core/.env HTTP/1.1" 404 3775 "-" "url"
192.0.102.40 - - [30/Oct/2023:10:49:25 +0000] "HEAD / HTTP/1.1" 200 3915 "-" "jetmon/1.0 (Jetpack Site Uptime Monitor by WordPress.com)"
34.140.130.61 - - [30/Oct/2023:10:51:52 +0000] "GET / HTTP/1.0" 400 627 "-" "-"
46.101.144.32 - - [30/Oct/2023:10:54:24 +0000] "POST /wp-cron.php?doing_wp_cron=1698663264.9363820552825927734375 HTTP/1.1" 200 3995 "-" "WordPress/6.3.2; https://talmedos.com"
192.0.102.40 - - [30/Oct/2023:10:54:24 +0000] "HEAD / HTTP/1.1" 200 3915 "-" "jetmon/1.0 (Jetpack Site Uptime Monitor by WordPress.com)"
46.101.144.32 - - [30/Oct/2023:10:59:26 +0000] "POST /wp-cron.php?doing_wp_cron=1698663566.4916400909423828125000 HTTP/1.1" 200 3995 "-" "WordPress/6.3.2; https://talmedos.com"
192.0.102.40 - - [30/Oct/2023:10:59:26 +0000] "HEAD / HTTP/1.1" 200 3915 "-" "jetmon/1.0 (Jetpack Site Uptime Monitor by WordPress.com)"
170.64.220.120 - - [30/Oct/2023:11:03:13 +0000] "GET /.git/config HTTP/1.1" 404 4229 "-" "Mozilla/5.0 (X11; Linux x86_64) AppleWebKit/537.36 (KHTML, like Gecko) Chrome/81.0.4044.129 Safari/537.36"
46.101.144.32 - - [30/Oct/2023:11:04:25 +0000] "POST /wp-cron.php?doing_wp_cron=1698663865.3975000381469726562500 HTTP/1.1" 200 3995 "-" "WordPress/6.3.2; https://talmedos.com"
192.0.102.40 - - [30/Oct/2023:11:04:25 +0000] "HEAD / HTTP/1.1" 200 3915 "-" "jetmon/1.0 (Jetpack Site Uptime Monitor by WordPress.com)"
46.101.144.32 - - [30/Oct/2023:11:09:25 +0000] "POST /wp-cron.php?doing_wp_cron=1698664165.2385780811309814453125 HTTP/1.1" 200 3995 "-" "WordPress/6.3.2; https://talmedos.com"
192.0.102.40 - - [30/Oct/2023:11:09:25 +0000] "HEAD / HTTP/1.1" 200 3915 "-" "jetmon/1.0 (Jetpack Site Uptime Monitor by WordPress.com)"
46.101.144.32 - - [30/Oct/2023:11:14:26 +0000] "POST /wp-cron.php?doing_wp_cron=1698664466.4008619785308837890625 HTTP/1.1" 200 3995 "-" "WordPress/6.3.2; https://talmedos.com"
192.0.102.40 - - [30/Oct/2023:11:14:26 +0000] "HEAD / HTTP/1.1" 200 3915 "-" "jetmon/1.0 (Jetpack Site Uptime Monitor by WordPress.com)"
192.241.203.69 - - [30/Oct/2023:11:14:46 +0000] "GET /login HTTP/1.1" 404 3540 "-" "Mozilla/5.0 zgrab/0.x"
46.101.144.32 - - [30/Oct/2023:11:19:25 +0000] "POST /wp-cron.php?doing_wp_cron=1698664765.5094690322875976562500 HTTP/1.1" 200 3995 "-" "WordPress/6.3.2; https://talmedos.com"
192.0.102.40 - - [30/Oct/2023:11:19:25 +0000] "HEAD / HTTP/1.1" 200 3915 "-" "jetmon/1.0 (Jetpack Site Uptime Monitor by WordPress.com)"
46.101.144.32 - - [30/Oct/2023:11:24:25 +0000] "POST /wp-cron.php?doing_wp_cron=1698665065.4240419864654541015625 HTTP/1.1" 200 3995 "-" "WordPress/6.3.2; https://talmedos.com"
192.0.102.40 - - [30/Oct/2023:11:24:25 +0000] "HEAD / HTTP/1.1" 200 3915 "-" "jetmon/1.0 (Jetpack Site Uptime Monitor by WordPress.com)"
89.190.156.174 - - [30/Oct/2023:11:24:44 +0000] "GET / HTTP/1.0" 400 627 "-" "-"
46.101.144.32 - - [30/Oct/2023:11:29:26 +0000] "POST /wp-cron.php?doing_wp_cron=1698665366.8319659233093261718750 HTTP/1.1" 200 3995 "-" "WordPress/6.3.2; https://talmedos.com"
192.0.102.40 - - [30/Oct/2023:11:29:26 +0000] "HEAD / HTTP/1.1" 200 3915 "-" "jetmon/1.0 (Jetpack Site Uptime Monitor by WordPress.com)"
46.101.144.32 - - [30/Oct/2023:11:34:25 +0000] "POST /wp-cron.php?doing_wp_cron=1698665665.5850360393524169921875 HTTP/1.1" 200 3995 "-" "WordPress/6.3.2; https://talmedos.com"
192.0.102.40 - - [30/Oct/2023:11:34:25 +0000] "HEAD / HTTP/1.1" 200 3915 "-" "jetmon/1.0 (Jetpack Site Uptime Monitor by WordPress.com)"
198.74.56.46 - - [30/Oct/2023:11:34:31 +0000] "GET / HTTP/1.0" 400 627 "-" "-"
172.104.11.4 - - [30/Oct/2023:11:34:44 +0000] "GET / HTTP/1.1" 200 14711 "-" "Mozilla/5.0 (Macintosh; Intel Mac OS X 13_1) AppleWebKit/537.36 (KHTML, like Gecko) Chrome/108.0.0.0 Safari/537.36"
46.101.144.32 - - [30/Oct/2023:11:39:25 +0000] "POST /wp-cron.php?doing_wp_cron=1698665965.3649659156799316406250 HTTP/1.1" 200 3995 "-" "WordPress/6.3.2; https://talmedos.com"
192.0.102.40 - - [30/Oct/2023:11:39:25 +0000] "HEAD / HTTP/1.1" 200 3915 "-" "jetmon/1.0 (Jetpack Site Uptime Monitor by WordPress.com)"
46.101.144.32 - - [30/Oct/2023:11:44:26 +0000] "POST /wp-cron.php?doing_wp_cron=1698666266.4505920410156250000000 HTTP/1.1" 200 3995 "-" "WordPress/6.3.2; https://talmedos.com"
192.0.102.40 - - [30/Oct/2023:11:44:26 +0000] "HEAD / HTTP/1.1" 200 3915 "-" "jetmon/1.0 (Jetpack Site Uptime Monitor by WordPress.com)"
46.101.144.32 - - [30/Oct/2023:11:49:25 +0000] "POST /wp-cron.php?doing_wp_cron=1698666565.2502610683441162109375 HTTP/1.1" 200 3995 "-" "WordPress/6.3.2; https://talmedos.com"
192.0.102.40 - - [30/Oct/2023:11:49:25 +0000] "HEAD / HTTP/1.1" 200 3915 "-" "jetmon/1.0 (Jetpack Site Uptime Monitor by WordPress.com)"
46.101.144.32 - - [30/Oct/2023:11:54:24 +0000] "POST /wp-cron.php?doing_wp_cron=1698666864.7348020076751708984375 HTTP/1.1" 200 3995 "-" "WordPress/6.3.2; https://talmedos.com"
192.0.102.40 - - [30/Oct/2023:11:54:24 +0000] "HEAD / HTTP/1.1" 200 3915 "-" "jetmon/1.0 (Jetpack Site Uptime Monitor by WordPress.com)"
46.101.144.32 - - [30/Oct/2023:11:59:25 +0000] "POST /wp-cron.php?doing_wp_cron=1698667165.3741629123687744140625 HTTP/1.1" 200 3995 "-" "WordPress/6.3.2; https://talmedos.com"
192.0.102.40 - - [30/Oct/2023:11:59:25 +0000] "HEAD / HTTP/1.1" 200 3915 "-" "jetmon/1.0 (Jetpack Site Uptime Monitor by WordPress.com)"
46.101.144.32 - - [30/Oct/2023:12:04:25 +0000] "POST /wp-cron.php?doing_wp_cron=1698667465.1748890876770019531250 HTTP/1.1" 200 3995 "-" "WordPress/6.3.2; https://talmedos.com"
192.0.102.40 - - [30/Oct/2023:12:04:24 +0000] "HEAD / HTTP/1.1" 200 3915 "-" "jetmon/1.0 (Jetpack Site Uptime Monitor by WordPress.com)"
79.120.76.144 - - [30/Oct/2023:12:06:47 +0000] "GET /.git/index HTTP/1.1" 404 4125 "-" "Mozilla/5.0 (Windows NT 6.1; WOW64; rv:8.0) Gecko/20100101 Firefox/8.0"
46.101.144.32 - - [30/Oct/2023:12:09:24 +0000] "POST /wp-cron.php?doing_wp_cron=1698667764.7975809574127197265625 HTTP/1.1" 200 3995 "-" "WordPress/6.3.2; https://talmedos.com"
192.0.102.40 - - [30/Oct/2023:12:09:24 +0000] "HEAD / HTTP/1.1" 200 3915 "-" "jetmon/1.0 (Jetpack Site Uptime Monitor by WordPress.com)"
46.101.144.32 - - [30/Oct/2023:12:14:26 +0000] "POST /wp-cron.php?doing_wp_cron=1698668066.2585918903350830078125 HTTP/1.1" 200 3995 "-" "WordPress/6.3.2; https://talmedos.com"
192.0.102.40 - - [30/Oct/2023:12:14:26 +0000] "HEAD / HTTP/1.1" 200 3915 "-" "jetmon/1.0 (Jetpack Site Uptime Monitor by WordPress.com)"
46.101.144.32 - - [30/Oct/2023:12:19:25 +0000] "POST /wp-cron.php?doing_wp_cron=1698668365.3934481143951416015625 HTTP/1.1" 200 3995 "-" "WordPress/6.3.2; https://talmedos.com"
192.0.102.40 - - [30/Oct/2023:12:19:25 +0000] "HEAD / HTTP/1.1" 200 3915 "-" "jetmon/1.0 (Jetpack Site Uptime Monitor by WordPress.com)"
46.101.144.32 - - [30/Oct/2023:12:21:26 +0000] "POST /wp-cron.php?doing_wp_cron=1698668486.8515710830688476562500 HTTP/1.1" 200 3995 "-" "WordPress/6.3.2; https://talmedos.com"
3.89.192.41 - - [30/Oct/2023:12:21:26 +0000] "GET / HTTP/1.1" 200 15379 "-" "Mozilla/5.0 (Windows NT 6.2;en-US) AppleWebKit/537.32.36 (KHTML, live Gecko) Chrome/60.0.3092.91 Safari/537.32"
46.101.144.32 - - [30/Oct/2023:12:24:24 +0000] "POST /wp-cron.php?doing_wp_cron=1698668664.8841528892517089843750 HTTP/1.1" 200 3995 "-" "WordPress/6.3.2; https://talmedos.com"
192.0.102.40 - - [30/Oct/2023:12:24:24 +0000] "HEAD / HTTP/1.1" 200 3915 "-" "jetmon/1.0 (Jetpack Site Uptime Monitor by WordPress.com)"
46.101.144.32 - - [30/Oct/2023:12:29:25 +0000] "POST /wp-cron.php?doing_wp_cron=1698668965.6019589900970458984375 HTTP/1.1" 200 3995 "-" "WordPress/6.3.2; https://talmedos.com"
192.0.102.40 - - [30/Oct/2023:12:29:25 +0000] "HEAD / HTTP/1.1" 200 3915 "-" "jetmon/1.0 (Jetpack Site Uptime Monitor by WordPress.com)"
46.101.144.32 - - [30/Oct/2023:12:34:25 +0000] "POST /wp-cron.php?doing_wp_cron=1698669265.3419759273529052734375 HTTP/1.1" 200 3995 "-" "WordPress/6.3.2; https://talmedos.com"
192.0.102.40 - - [30/Oct/2023:12:34:25 +0000] "HEAD / HTTP/1.1" 200 3915 "-" "jetmon/1.0 (Jetpack Site Uptime Monitor by WordPress.com)"
46.101.144.32 - - [30/Oct/2023:12:39:24 +0000] "POST /wp-cron.php?doing_wp_cron=1698669564.7394618988037109375000 HTTP/1.1" 200 3995 "-" "WordPress/6.3.2; https://talmedos.com"
192.0.102.40 - - [30/Oct/2023:12:39:24 +0000] "HEAD / HTTP/1.1" 200 3915 "-" "jetmon/1.0 (Jetpack Site Uptime Monitor by WordPress.com)"
46.101.144.32 - - [30/Oct/2023:12:40:47 +0000] "POST /wp-cron.php?doing_wp_cron=1698669647.2214949131011962890625 HTTP/1.1" 200 3995 "-" "WordPress/6.3.2; https://talmedos.com"
180.149.125.168 - - [30/Oct/2023:12:40:47 +0000] "GET / HTTP/1.1" 200 14711 "http://46.101.144.32/" "Mozilla/5.0 (Windows NT 5.1; Win64; x64) AppleWebKit/537.36 (KHTML, like Gecko) Chrome/60.0.3112.90 Safari/537.36"
46.101.144.32 - - [30/Oct/2023:12:44:25 +0000] "POST /wp-cron.php?doing_wp_cron=1698669865.6070749759674072265625 HTTP/1.1" 200 3995 "-" "WordPress/6.3.2; https://talmedos.com"
192.0.102.40 - - [30/Oct/2023:12:44:25 +0000] "HEAD / HTTP/1.1" 200 3915 "-" "jetmon/1.0 (Jetpack Site Uptime Monitor by WordPress.com)"
46.101.144.32 - - [30/Oct/2023:12:49:25 +0000] "POST /wp-cron.php?doing_wp_cron=1698670165.5961649417877197265625 HTTP/1.1" 200 3995 "-" "WordPress/6.3.2; https://talmedos.com"
192.0.102.40 - - [30/Oct/2023:12:49:25 +0000] "HEAD / HTTP/1.1" 200 3915 "-" "jetmon/1.0 (Jetpack Site Uptime Monitor by WordPress.com)"
51.222.158.14 - - [30/Oct/2023:12:49:26 +0000] "GET /wp-content/plugins/WordPressCore/include.php HTTP/1.1" 404 3610 "-" "Mozlila/5.0 (Linux; Android 7.0; SM-G892A Bulid/NRD90M; wv) AppleWebKit/537.36 (KHTML, like Gecko) Version/4.0 Chrome/60.0.3112.107 Moblie Safari/537.36"
46.101.144.32 - - [30/Oct/2023:12:54:25 +0000] "POST /wp-cron.php?doing_wp_cron=1698670465.5939319133758544921875 HTTP/1.1" 200 3995 "-" "WordPress/6.3.2; https://talmedos.com"
192.0.102.40 - - [30/Oct/2023:12:54:25 +0000] "HEAD / HTTP/1.1" 200 3915 "-" "jetmon/1.0 (Jetpack Site Uptime Monitor by WordPress.com)"
103.237.86.234 - - [30/Oct/2023:12:59:12 +0000] "GET //alfanew.php7 HTTP/1.1" 404 4228 "-" "Mozilla/5.0 (Linux; Android 11; M2010J19SI) AppleWebKit/537.36 (KHTML, like Gecko) Chrome/109.0.0.0 Mobile Safari/537.36"
103.237.86.234 - - [30/Oct/2023:12:59:15 +0000] "GET //fm1.php HTTP/1.1" 404 4228 "-" "Mozilla/5.0 (Linux; Android 11; M2010J19SI) AppleWebKit/537.36 (KHTML, like Gecko) Chrome/109.0.0.0 Mobile Safari/537.36"
103.237.86.234 - - [30/Oct/2023:12:59:18 +0000] "GET //M1.php HTTP/1.1" 404 4228 "-" "Mozilla/5.0 (Linux; Android 11; M2010J19SI) AppleWebKit/537.36 (KHTML, like Gecko) Chrome/109.0.0.0 Mobile Safari/537.36"
103.237.86.234 - - [30/Oct/2023:12:59:23 +0000] "GET //ioxi-rex4.php7 HTTP/1.1" 404 4228 "-" "Mozilla/5.0 (Linux; Android 11; M2010J19SI) AppleWebKit/537.36 (KHTML, like Gecko) Chrome/109.0.0.0 Mobile Safari/537.36"
103.237.86.234 - - [30/Oct/2023:12:59:25 +0000] "GET //about.php HTTP/1.1" 404 4228 "-" "Mozilla/5.0 (Linux; Android 11; M2010J19SI) AppleWebKit/537.36 (KHTML, like Gecko) Chrome/109.0.0.0 Mobile Safari/537.36"
46.101.144.32 - - [30/Oct/2023:12:59:26 +0000] "POST /wp-cron.php?doing_wp_cron=1698670766.6609270572662353515625 HTTP/1.1" 200 3995 "-" "WordPress/6.3.2; https://talmedos.com"
192.0.102.40 - - [30/Oct/2023:12:59:26 +0000] "HEAD / HTTP/1.1" 200 3915 "-" "jetmon/1.0 (Jetpack Site Uptime Monitor by WordPress.com)"
103.237.86.234 - - [30/Oct/2023:12:59:28 +0000] "GET //404.php HTTP/1.1" 404 4228 "-" "Mozilla/5.0 (Linux; Android 11; M2010J19SI) AppleWebKit/537.36 (KHTML, like Gecko) Chrome/109.0.0.0 Mobile Safari/537.36"
103.237.86.234 - - [30/Oct/2023:12:59:30 +0000] "GET //wp-head.php HTTP/1.1" 404 4228 "-" "Mozilla/5.0 (Linux; Android 11; M2010J19SI) AppleWebKit/537.36 (KHTML, like Gecko) Chrome/109.0.0.0 Mobile Safari/537.36"
103.237.86.234 - - [30/Oct/2023:12:59:33 +0000] "GET //taf.php?taf HTTP/1.1" 404 4228 "-" "Mozilla/5.0 (Linux; Android 11; M2010J19SI) AppleWebKit/537.36 (KHTML, like Gecko) Chrome/109.0.0.0 Mobile Safari/537.36"
103.237.86.234 - - [30/Oct/2023:12:59:36 +0000] "GET //adminfuns.php HTTP/1.1" 404 4228 "-" "Mozilla/5.0 (Linux; Android 11; M2010J19SI) AppleWebKit/537.36 (KHTML, like Gecko) Chrome/109.0.0.0 Mobile Safari/537.36"
103.237.86.234 - - [30/Oct/2023:12:59:39 +0000] "GET //wp-content/themes/twenty/twenty.php HTTP/1.1" 404 4228 "-" "Mozilla/5.0 (Linux; Android 11; M2010J19SI) AppleWebKit/537.36 (KHTML, like Gecko) Chrome/109.0.0.0 Mobile Safari/537.36"
103.237.86.234 - - [30/Oct/2023:12:59:41 +0000] "GET //xxl.php HTTP/1.1" 404 4228 "-" "Mozilla/5.0 (Linux; Android 11; M2010J19SI) AppleWebKit/537.36 (KHTML, like Gecko) Chrome/109.0.0.0 Mobile Safari/537.36"
103.237.86.234 - - [30/Oct/2023:12:59:44 +0000] "GET //class.api.php HTTP/1.1" 404 4228 "-" "Mozilla/5.0 (Linux; Android 11; M2010J19SI) AppleWebKit/537.36 (KHTML, like Gecko) Chrome/109.0.0.0 Mobile Safari/537.36"
103.237.86.234 - - [30/Oct/2023:12:59:48 +0000] "GET //wp-content/plugins/yyobang/mar.php HTTP/1.1" 404 4228 "-" "Mozilla/5.0 (Linux; Android 11; M2010J19SI) AppleWebKit/537.36 (KHTML, like Gecko) Chrome/109.0.0.0 Mobile Safari/537.36"
103.237.86.234 - - [30/Oct/2023:12:59:52 +0000] "GET //million.php HTTP/1.1" 404 4228 "-" "Mozilla/5.0 (Linux; Android 11; M2010J19SI) AppleWebKit/537.36 (KHTML, like Gecko) Chrome/109.0.0.0 Mobile Safari/537.36"
103.237.86.234 - - [30/Oct/2023:12:59:55 +0000] "GET //ioxi2.php HTTP/1.1" 404 4228 "-" "Mozilla/5.0 (Linux; Android 11; M2010J19SI) AppleWebKit/537.36 (KHTML, like Gecko) Chrome/109.0.0.0 Mobile Safari/537.36"
103.237.86.234 - - [30/Oct/2023:12:59:58 +0000] "GET //4pric.php HTTP/1.1" 404 4228 "-" "Mozilla/5.0 (Linux; Android 11; M2010J19SI) AppleWebKit/537.36 (KHTML, like Gecko) Chrome/109.0.0.0 Mobile Safari/537.36"
103.237.86.234 - - [30/Oct/2023:13:00:01 +0000] "GET //wp-content/style-css.php HTTP/1.1" 404 4228 "-" "Mozilla/5.0 (Linux; Android 11; M2010J19SI) AppleWebKit/537.36 (KHTML, like Gecko) Chrome/109.0.0.0 Mobile Safari/537.36"
103.237.86.234 - - [30/Oct/2023:13:00:03 +0000] "GET //oxi-rex.php HTTP/1.1" 404 4228 "-" "Mozilla/5.0 (Linux; Android 11; M2010J19SI) AppleWebKit/537.36 (KHTML, like Gecko) Chrome/109.0.0.0 Mobile Safari/537.36"
103.237.86.234 - - [30/Oct/2023:13:00:05 +0000] "GET //wp-content/themes/twenty/twenty.php HTTP/1.1" 404 4228 "-" "Mozilla/5.0 (Linux; Android 11; M2010J19SI) AppleWebKit/537.36 (KHTML, like Gecko) Chrome/109.0.0.0 Mobile Safari/537.36"
103.237.86.234 - - [30/Oct/2023:13:00:11 +0000] "GET //wp-admin/network/upfile.php HTTP/1.1" 404 4228 "-" "Mozilla/5.0 (Linux; Android 11; M2010J19SI) AppleWebKit/537.36 (KHTML, like Gecko) Chrome/109.0.0.0 Mobile Safari/537.36"
103.237.86.234 - - [30/Oct/2023:13:00:14 +0000] "GET //wp-admin/maint/upfile.php HTTP/1.1" 404 4228 "-" "Mozilla/5.0 (Linux; Android 11; M2010J19SI) AppleWebKit/537.36 (KHTML, like Gecko) Chrome/109.0.0.0 Mobile Safari/537.36"
103.237.86.234 - - [30/Oct/2023:13:00:17 +0000] "GET //wp-content/plugins/core-plugin/include.php HTTP/1.1" 404 4228 "-" "Mozilla/5.0 (Linux; Android 11; M2010J19SI) AppleWebKit/537.36 (KHTML, like Gecko) Chrome/109.0.0.0 Mobile Safari/537.36"
103.237.86.234 - - [30/Oct/2023:13:00:20 +0000] "GET //wp-admin/includes/license.php HTTP/1.1" 404 4228 "-" "Mozilla/5.0 (Linux; Android 11; M2010J19SI) AppleWebKit/537.36 (KHTML, like Gecko) Chrome/109.0.0.0 Mobile Safari/537.36"
103.237.86.234 - - [30/Oct/2023:13:00:23 +0000] "GET //wp-admin/css/colors/blue/license.php HTTP/1.1" 404 4228 "-" "Mozilla/5.0 (Linux; Android 11; M2010J19SI) AppleWebKit/537.36 (KHTML, like Gecko) Chrome/109.0.0.0 Mobile Safari/537.36"
103.237.86.234 - - [30/Oct/2023:13:00:26 +0000] "GET //css/license.php HTTP/1.1" 404 4228 "-" "Mozilla/5.0 (Linux; Android 11; M2010J19SI) AppleWebKit/537.36 (KHTML, like Gecko) Chrome/109.0.0.0 Mobile Safari/537.36"
103.237.86.234 - - [30/Oct/2023:13:00:29 +0000] "GET //cgi-bin/license.php HTTP/1.1" 404 4228 "-" "Mozilla/5.0 (Linux; Android 11; M2010J19SI) AppleWebKit/537.36 (KHTML, like Gecko) Chrome/109.0.0.0 Mobile Safari/537.36"
