192.0.102.40 - - [27/Oct/2023:07:19:25 +0000] "HEAD / HTTP/1.1" 200 3915 "-" "jetmon/1.0 (Jetpack Site Uptime Monitor by WordPress.com)"
46.101.144.32 - - [27/Oct/2023:07:23:02 +0000] "POST /wp-cron.php?doing_wp_cron=1698391382.5856449604034423828125 HTTP/1.1" 200 3995 "-" "WordPress/6.3.2; https://talmedos.com"
83.97.73.87 - - [27/Oct/2023:07:23:02 +0000] "GET /?XDEBUG_SESSION_START=phpstorm HTTP/1.1" 200 15247 "http://46.101.144.32:80/?XDEBUG_SESSION_START=phpstorm" "Mozilla/5.0 (Windows NT 10.0; Win64; x64) AppleWebKit/537.36 (KHTML, like Gecko) Chrome/78.0.3904.108 Safari/537.36"
46.101.144.32 - - [27/Oct/2023:07:24:26 +0000] "POST /wp-cron.php?doing_wp_cron=1698391466.1887769699096679687500 HTTP/1.1" 200 3995 "-" "WordPress/6.3.2; https://talmedos.com"
192.0.102.40 - - [27/Oct/2023:07:24:26 +0000] "HEAD / HTTP/1.1" 200 3915 "-" "jetmon/1.0 (Jetpack Site Uptime Monitor by WordPress.com)"
46.101.144.32 - - [27/Oct/2023:07:29:28 +0000] "POST /wp-cron.php?doing_wp_cron=1698391768.0039780139923095703125 HTTP/1.1" 200 3995 "-" "WordPress/6.3.2; https://talmedos.com"
192.0.102.40 - - [27/Oct/2023:07:29:27 +0000] "HEAD / HTTP/1.1" 200 3915 "-" "jetmon/1.0 (Jetpack Site Uptime Monitor by WordPress.com)"
46.101.144.32 - - [27/Oct/2023:07:34:26 +0000] "POST /wp-cron.php?doing_wp_cron=1698392066.6009271144866943359375 HTTP/1.1" 200 3995 "-" "WordPress/6.3.2; https://talmedos.com"
192.0.102.40 - - [27/Oct/2023:07:34:26 +0000] "HEAD / HTTP/1.1" 200 3915 "-" "jetmon/1.0 (Jetpack Site Uptime Monitor by WordPress.com)"
144.126.141.84 - - [27/Oct/2023:07:38:20 +0000] "GET /.env HTTP/1.1" 404 3745 "-" "Mozilla/5.0 (Linux; U; Android 4.4.2; en-US; HM NOTE 1W Build/KOT49H) AppleWebKit/534.30 (KHTML, like Gecko) Version/4.0 UCBrowser/11.0.5.850 U3/0.8.0 Mobile Safari/534.30"
46.101.144.32 - - [27/Oct/2023:07:39:26 +0000] "POST /wp-cron.php?doing_wp_cron=1698392366.0622239112854003906250 HTTP/1.1" 200 3995 "-" "WordPress/6.3.2; https://talmedos.com"
192.0.102.40 - - [27/Oct/2023:07:39:25 +0000] "HEAD / HTTP/1.1" 200 3915 "-" "jetmon/1.0 (Jetpack Site Uptime Monitor by WordPress.com)"
46.101.144.32 - - [27/Oct/2023:07:42:00 +0000] "POST /wp-cron.php?doing_wp_cron=1698392520.6606040000915527343750 HTTP/1.1" 200 3995 "-" "WordPress/6.3.2; https://talmedos.com"
144.126.141.84 - - [27/Oct/2023:07:42:00 +0000] "POST / HTTP/1.1" 200 14915 "-" "Mozilla/5.0 (Linux; U; Android 4.4.2; en-US; HM NOTE 1W Build/KOT49H) AppleWebKit/534.30 (KHTML, like Gecko) Version/4.0 UCBrowser/11.0.5.850 U3/0.8.0 Mobile Safari/534.30"
46.101.144.32 - - [27/Oct/2023:07:44:28 +0000] "POST /wp-cron.php?doing_wp_cron=1698392668.6157040596008300781250 HTTP/1.1" 200 3995 "-" "WordPress/6.3.2; https://talmedos.com"
192.0.102.40 - - [27/Oct/2023:07:44:28 +0000] "HEAD / HTTP/1.1" 200 3915 "-" "jetmon/1.0 (Jetpack Site Uptime Monitor by WordPress.com)"
46.101.144.32 - - [27/Oct/2023:07:45:41 +0000] "POST /wp-cron.php?doing_wp_cron=1698392741.5563440322875976562500 HTTP/1.1" 200 3995 "-" "WordPress/6.3.2; https://talmedos.com"
159.223.5.173 - - [27/Oct/2023:07:45:41 +0000] "GET / HTTP/1.1" 200 15274 "-" "Mozilla/5.0 (X11; Linux x86_64) AppleWebKit/537.36 (KHTML, like Gecko) Chrome/108.0.0.0 Safari/537.36"
144.126.141.84 - - [27/Oct/2023:07:49:12 +0000] "GET /vendor/phpunit/phpunit/src/Util/PHP/eval-stdin.php HTTP/1.1" 404 3745 "-" "python-requests/2.24.0"
46.101.144.32 - - [27/Oct/2023:07:49:26 +0000] "POST /wp-cron.php?doing_wp_cron=1698392966.0087308883666992187500 HTTP/1.1" 200 3995 "-" "WordPress/6.3.2; https://talmedos.com"
192.0.102.40 - - [27/Oct/2023:07:49:25 +0000] "HEAD / HTTP/1.1" 200 3915 "-" "jetmon/1.0 (Jetpack Site Uptime Monitor by WordPress.com)"
46.101.144.32 - - [27/Oct/2023:07:50:24 +0000] "POST /wp-cron.php?doing_wp_cron=1698393024.1528050899505615234375 HTTP/1.1" 200 3995 "-" "WordPress/6.3.2; https://talmedos.com"
51.254.199.11 - - [27/Oct/2023:07:50:23 +0000] "GET / HTTP/1.1" 200 15377 "-" "Mozilla/5.0 (Windows NT 10.0; Win64; x64; rv:118.0) Gecko/20100101 Firefox/118.0"
46.101.144.32 - - [27/Oct/2023:07:54:25 +0000] "POST /wp-cron.php?doing_wp_cron=1698393265.9421589374542236328125 HTTP/1.1" 200 3995 "-" "WordPress/6.3.2; https://talmedos.com"
192.0.102.40 - - [27/Oct/2023:07:54:25 +0000] "HEAD / HTTP/1.1" 200 3915 "-" "jetmon/1.0 (Jetpack Site Uptime Monitor by WordPress.com)"
192.0.102.40 - - [27/Oct/2023:07:59:27 +0000] "HEAD / HTTP/1.1" 200 3915 "-" "jetmon/1.0 (Jetpack Site Uptime Monitor by WordPress.com)"
46.101.144.32 - - [27/Oct/2023:07:59:29 +0000] "GET /index.php?rest_route=%2Fjetpack%2Fv4%2Fsync%2Fspawn-sync&time=1698393569&request_lock_id=1698393569.0772 HTTP/1.1" 200 4013 "-" "WordPress/6.3.2; https://talmedos.com"
46.101.144.32 - - [27/Oct/2023:07:59:30 +0000] "GET /index.php?rest_route=%2Fjetpack%2Fv4%2Fsync%2Fspawn-sync&time=1698393570&request_lock_id=1698393570.574 HTTP/1.1" 200 4013 "-" "WordPress/6.3.2; https://talmedos.com"
46.101.144.32 - - [27/Oct/2023:07:59:28 +0000] "POST /wp-cron.php?doing_wp_cron=1698393568.0530569553375244140625 HTTP/1.1" 200 3995 "-" "WordPress/6.3.2; https://talmedos.com"
46.101.144.32 - - [27/Oct/2023:08:04:26 +0000] "POST /wp-cron.php?doing_wp_cron=1698393866.0869750976562500000000 HTTP/1.1" 200 3995 "-" "WordPress/6.3.2; https://talmedos.com"
192.0.102.40 - - [27/Oct/2023:08:04:25 +0000] "HEAD / HTTP/1.1" 200 3915 "-" "jetmon/1.0 (Jetpack Site Uptime Monitor by WordPress.com)"
46.101.144.32 - - [27/Oct/2023:08:09:25 +0000] "POST /wp-cron.php?doing_wp_cron=1698394165.9599320888519287109375 HTTP/1.1" 200 3995 "-" "WordPress/6.3.2; https://talmedos.com"
192.0.102.40 - - [27/Oct/2023:08:09:25 +0000] "HEAD / HTTP/1.1" 200 3915 "-" "jetmon/1.0 (Jetpack Site Uptime Monitor by WordPress.com)"
5.179.80.205 - - [27/Oct/2023:08:09:52 +0000] "GET / HTTP/1.1" 200 15329 "-" "Mozilla/5.0 (Macintosh; Intel Mac OS X 10_15_7) AppleWebKit/537.36 (KHTML, like Gecko) Chrome/117.0.0.0 Safari/537.36"
5.179.80.205 - - [27/Oct/2023:08:09:53 +0000] "GET /wp-includes/blocks/navigation/style.min.css?ver=6.3.2 HTTP/1.1" 200 2644 "https://talmedos.com/" "Mozilla/5.0 (Macintosh; Intel Mac OS X 10_15_7) AppleWebKit/537.36 (KHTML, like Gecko) Chrome/117.0.0.0 Safari/537.36"
5.179.80.205 - - [27/Oct/2023:08:09:53 +0000] "GET /wp-content/plugins/woocommerce/assets/css/woocommerce-layout.css?ver=8.1.1 HTTP/1.1" 200 2945 "https://talmedos.com/" "Mozilla/5.0 (Macintosh; Intel Mac OS X 10_15_7) AppleWebKit/537.36 (KHTML, like Gecko) Chrome/117.0.0.0 Safari/537.36"
5.179.80.205 - - [27/Oct/2023:08:09:53 +0000] "GET /wp-content/plugins/woocommerce/assets/css/woocommerce-blocktheme.css?ver=8.1.1 HTTP/1.1" 200 2858 "https://talmedos.com/" "Mozilla/5.0 (Macintosh; Intel Mac OS X 10_15_7) AppleWebKit/537.36 (KHTML, like Gecko) Chrome/117.0.0.0 Safari/537.36"
5.179.80.205 - - [27/Oct/2023:08:09:53 +0000] "GET /wp-content/plugins/woocommerce/assets/css/twenty-twenty-two.css?ver=8.1.1 HTTP/1.1" 200 6228 "https://talmedos.com/" "Mozilla/5.0 (Macintosh; Intel Mac OS X 10_15_7) AppleWebKit/537.36 (KHTML, like Gecko) Chrome/117.0.0.0 Safari/537.36"
5.179.80.205 - - [27/Oct/2023:08:09:53 +0000] "GET /wp-content/themes/twentytwentytwo/style.css?ver=1.5 HTTP/1.1" 200 6208 "https://talmedos.com/" "Mozilla/5.0 (Macintosh; Intel Mac OS X 10_15_7) AppleWebKit/537.36 (KHTML, like Gecko) Chrome/117.0.0.0 Safari/537.36"
5.179.80.205 - - [27/Oct/2023:08:09:53 +0000] "GET /wp-includes/blocks/navigation/view.min.js?ver=886680af40b7521d60fc HTTP/1.1" 200 4446 "https://talmedos.com/" "Mozilla/5.0 (Macintosh; Intel Mac OS X 10_15_7) AppleWebKit/537.36 (KHTML, like Gecko) Chrome/117.0.0.0 Safari/537.36"
5.179.80.205 - - [27/Oct/2023:08:09:53 +0000] "GET /wp-content/plugins/jetpack/css/jetpack.css?ver=12.6.2 HTTP/1.1" 200 22430 "https://talmedos.com/" "Mozilla/5.0 (Macintosh; Intel Mac OS X 10_15_7) AppleWebKit/537.36 (KHTML, like Gecko) Chrome/117.0.0.0 Safari/537.36"
5.179.80.205 - - [27/Oct/2023:08:09:53 +0000] "GET /wp-includes/blocks/navigation/view-modal.min.js?ver=b478fa3cd1475dec97d3 HTTP/1.1" 200 3172 "https://talmedos.com/" "Mozilla/5.0 (Macintosh; Intel Mac OS X 10_15_7) AppleWebKit/537.36 (KHTML, like Gecko) Chrome/117.0.0.0 Safari/537.36"
5.179.80.205 - - [27/Oct/2023:08:09:53 +0000] "GET /wp-includes/js/jquery/jquery.min.js?ver=3.7.0 HTTP/1.1" 200 30828 "https://talmedos.com/" "Mozilla/5.0 (Macintosh; Intel Mac OS X 10_15_7) AppleWebKit/537.36 (KHTML, like Gecko) Chrome/117.0.0.0 Safari/537.36"
5.179.80.205 - - [27/Oct/2023:08:09:53 +0000] "GET /wp-content/plugins/woocommerce/assets/js/jquery-blockui/jquery.blockUI.min.js?ver=2.7.0-wc.8.1.1 HTTP/1.1" 200 3954 "https://talmedos.com/" "Mozilla/5.0 (Macintosh; Intel Mac OS X 10_15_7) AppleWebKit/537.36 (KHTML, like Gecko) Chrome/117.0.0.0 Safari/537.36"
5.179.80.205 - - [27/Oct/2023:08:09:53 +0000] "GET /wp-includes/js/jquery/jquery-migrate.min.js?ver=3.4.1 HTTP/1.1" 200 5289 "https://talmedos.com/" "Mozilla/5.0 (Macintosh; Intel Mac OS X 10_15_7) AppleWebKit/537.36 (KHTML, like Gecko) Chrome/117.0.0.0 Safari/537.36"
5.179.80.205 - - [27/Oct/2023:08:09:53 +0000] "GET /wp-content/plugins/woocommerce/assets/js/frontend/add-to-cart.min.js?ver=8.1.1 HTTP/1.1" 200 1463 "https://talmedos.com/" "Mozilla/5.0 (Macintosh; Intel Mac OS X 10_15_7) AppleWebKit/537.36 (KHTML, like Gecko) Chrome/117.0.0.0 Safari/537.36"
5.179.80.205 - - [27/Oct/2023:08:09:53 +0000] "GET /wp-content/themes/twentytwentytwo/assets/images/flight-path-on-transparent-d.png HTTP/1.1" 200 104104 "https://talmedos.com/" "Mozilla/5.0 (Macintosh; Intel Mac OS X 10_15_7) AppleWebKit/537.36 (KHTML, like Gecko) Chrome/117.0.0.0 Safari/537.36"
5.179.80.205 - - [27/Oct/2023:08:09:53 +0000] "GET /wp-content/plugins/woocommerce/assets/js/js-cookie/js.cookie.min.js?ver=2.1.4-wc.8.1.1 HTTP/1.1" 200 1351 "https://talmedos.com/" "Mozilla/5.0 (Macintosh; Intel Mac OS X 10_15_7) AppleWebKit/537.36 (KHTML, like Gecko) Chrome/117.0.0.0 Safari/537.36"
5.179.80.205 - - [27/Oct/2023:08:09:53 +0000] "GET /wp-content/plugins/woocommerce/assets/js/frontend/woocommerce.min.js?ver=8.1.1 HTTP/1.1" 200 1170 "https://talmedos.com/" "Mozilla/5.0 (Macintosh; Intel Mac OS X 10_15_7) AppleWebKit/537.36 (KHTML, like Gecko) Chrome/117.0.0.0 Safari/537.36"
5.179.80.205 - - [27/Oct/2023:08:09:53 +0000] "GET /wp-content/plugins/woocommerce/assets/css/woocommerce-smallscreen.css?ver=8.1.1 HTTP/1.1" 200 1540 "https://talmedos.com/" "Mozilla/5.0 (Macintosh; Intel Mac OS X 10_15_7) AppleWebKit/537.36 (KHTML, like Gecko) Chrome/117.0.0.0 Safari/537.36"
5.179.80.205 - - [27/Oct/2023:08:09:53 +0000] "GET /wp-content/themes/twentytwentytwo/assets/fonts/source-serif-pro/SourceSerif4Variable-Roman.ttf.woff2 HTTP/1.1" 200 429354 "https://talmedos.com/" "Mozilla/5.0 (Macintosh; Intel Mac OS X 10_15_7) AppleWebKit/537.36 (KHTML, like Gecko) Chrome/117.0.0.0 Safari/537.36"
46.101.144.32 - - [27/Oct/2023:08:10:02 +0000] "POST /wp-cron.php?doing_wp_cron=1698394202.9699149131774902343750 HTTP/1.1" 200 3995 "-" "WordPress/6.3.2; https://talmedos.com"
5.179.80.205 - - [27/Oct/2023:08:10:02 +0000] "GET /?page_id=28 HTTP/1.1" 302 816 "https://talmedos.com/" "Mozilla/5.0 (Macintosh; Intel Mac OS X 10_15_7) AppleWebKit/537.36 (KHTML, like Gecko) Chrome/117.0.0.0 Safari/537.36"
5.179.80.205 - - [27/Oct/2023:08:10:03 +0000] "GET /?post_type=product HTTP/1.1" 200 20865 "https://talmedos.com/" "Mozilla/5.0 (Macintosh; Intel Mac OS X 10_15_7) AppleWebKit/537.36 (KHTML, like Gecko) Chrome/117.0.0.0 Safari/537.36"
5.179.80.205 - - [27/Oct/2023:08:10:04 +0000] "GET /wp-content/plugins/woocommerce/packages/woocommerce-blocks/build/wc-blocks.css?ver=10.9.3 HTTP/1.1" 200 2884 "https://talmedos.com/?post_type=product" "Mozilla/5.0 (Macintosh; Intel Mac OS X 10_15_7) AppleWebKit/537.36 (KHTML, like Gecko) Chrome/117.0.0.0 Safari/537.36"
5.179.80.205 - - [27/Oct/2023:08:10:04 +0000] "GET /wp-content/plugins/woocommerce/packages/woocommerce-blocks/build/breadcrumbs.css?ver=10.9.3 HTTP/1.1" 200 1101 "https://talmedos.com/?post_type=product" "Mozilla/5.0 (Macintosh; Intel Mac OS X 10_15_7) AppleWebKit/537.36 (KHTML, like Gecko) Chrome/117.0.0.0 Safari/537.36"
5.179.80.205 - - [27/Oct/2023:08:10:04 +0000] "GET /wp-content/plugins/woocommerce/packages/woocommerce-blocks/build/product-results-count.css?ver=10.9.3 HTTP/1.1" 200 1097 "https://talmedos.com/?post_type=product" "Mozilla/5.0 (Macintosh; Intel Mac OS X 10_15_7) AppleWebKit/537.36 (KHTML, like Gecko) Chrome/117.0.0.0 Safari/537.36"
5.179.80.205 - - [27/Oct/2023:08:10:04 +0000] "GET /wp-content/plugins/woocommerce/packages/woocommerce-blocks/build/catalog-sorting.css?ver=10.9.3 HTTP/1.1" 200 613 "https://talmedos.com/?post_type=product" "Mozilla/5.0 (Macintosh; Intel Mac OS X 10_15_7) AppleWebKit/537.36 (KHTML, like Gecko) Chrome/117.0.0.0 Safari/537.36"
5.179.80.205 - - [27/Oct/2023:08:10:04 +0000] "GET /wp-content/plugins/woocommerce/packages/woocommerce-blocks/build/product-image.css?ver=10.9.3 HTTP/1.1" 200 4953 "https://talmedos.com/?post_type=product" "Mozilla/5.0 (Macintosh; Intel Mac OS X 10_15_7) AppleWebKit/537.36 (KHTML, like Gecko) Chrome/117.0.0.0 Safari/537.36"
5.179.80.205 - - [27/Oct/2023:08:10:04 +0000] "GET /wp-content/plugins/woocommerce/packages/woocommerce-blocks/build/product-button.css?ver=10.9.3 HTTP/1.1" 200 5147 "https://talmedos.com/?post_type=product" "Mozilla/5.0 (Macintosh; Intel Mac OS X 10_15_7) AppleWebKit/537.36 (KHTML, like Gecko) Chrome/117.0.0.0 Safari/537.36"
5.179.80.205 - - [27/Oct/2023:08:10:04 +0000] "GET /wp-content/plugins/woocommerce/packages/woocommerce-blocks/build/product-query.css?ver=10.9.3 HTTP/1.1" 200 4371 "https://talmedos.com/?post_type=product" "Mozilla/5.0 (Macintosh; Intel Mac OS X 10_15_7) AppleWebKit/537.36 (KHTML, like Gecko) Chrome/117.0.0.0 Safari/537.36"
5.179.80.205 - - [27/Oct/2023:08:10:04 +0000] "GET /wp-includes/js/dist/vendor/wp-polyfill-inert.min.js?ver=3.1.2 HTTP/1.1" 200 2901 "https://talmedos.com/?post_type=product" "Mozilla/5.0 (Macintosh; Intel Mac OS X 10_15_7) AppleWebKit/537.36 (KHTML, like Gecko) Chrome/117.0.0.0 Safari/537.36"
5.179.80.205 - - [27/Oct/2023:08:10:04 +0000] "GET /wp-includes/js/dist/vendor/regenerator-runtime.min.js?ver=0.13.11 HTTP/1.1" 200 2916 "https://talmedos.com/?post_type=product" "Mozilla/5.0 (Macintosh; Intel Mac OS X 10_15_7) AppleWebKit/537.36 (KHTML, like Gecko) Chrome/117.0.0.0 Safari/537.36"
5.179.80.205 - - [27/Oct/2023:08:10:04 +0000] "GET /wp-includes/js/dist/vendor/lodash.min.js?ver=4.17.19 HTTP/1.1" 200 25424 "https://talmedos.com/?post_type=product" "Mozilla/5.0 (Macintosh; Intel Mac OS X 10_15_7) AppleWebKit/537.36 (KHTML, like Gecko) Chrome/117.0.0.0 Safari/537.36"
5.179.80.205 - - [27/Oct/2023:08:10:04 +0000] "GET /wp-includes/js/dist/vendor/wp-polyfill.min.js?ver=3.15.0 HTTP/1.1" 200 6306 "https://talmedos.com/?post_type=product" "Mozilla/5.0 (Macintosh; Intel Mac OS X 10_15_7) AppleWebKit/537.36 (KHTML, like Gecko) Chrome/117.0.0.0 Safari/537.36"
5.179.80.205 - - [27/Oct/2023:08:10:04 +0000] "GET /wp-includes/js/dist/hooks.min.js?ver=c6aec9a8d4e5a5d543a1 HTTP/1.1" 200 1940 "https://talmedos.com/?post_type=product" "Mozilla/5.0 (Macintosh; Intel Mac OS X 10_15_7) AppleWebKit/537.36 (KHTML, like Gecko) Chrome/117.0.0.0 Safari/537.36"
5.179.80.205 - - [27/Oct/2023:08:10:04 +0000] "GET /wp-includes/js/dist/deprecated.min.js?ver=73ad3591e7bc95f4777a HTTP/1.1" 200 827 "https://talmedos.com/?post_type=product" "Mozilla/5.0 (Macintosh; Intel Mac OS X 10_15_7) AppleWebKit/537.36 (KHTML, like Gecko) Chrome/117.0.0.0 Safari/537.36"
5.179.80.205 - - [27/Oct/2023:08:10:04 +0000] "GET /wp-includes/js/dist/vendor/react.min.js?ver=18.2.0 HTTP/1.1" 200 4572 "https://talmedos.com/?post_type=product" "Mozilla/5.0 (Macintosh; Intel Mac OS X 10_15_7) AppleWebKit/537.36 (KHTML, like Gecko) Chrome/117.0.0.0 Safari/537.36"
5.179.80.205 - - [27/Oct/2023:08:10:04 +0000] "GET /wp-includes/js/dist/dom.min.js?ver=845eabf47b55af03adfa HTTP/1.1" 200 5124 "https://talmedos.com/?post_type=product" "Mozilla/5.0 (Macintosh; Intel Mac OS X 10_15_7) AppleWebKit/537.36 (KHTML, like Gecko) Chrome/117.0.0.0 Safari/537.36"
5.179.80.205 - - [27/Oct/2023:08:10:04 +0000] "GET /wp-includes/js/dist/vendor/react-dom.min.js?ver=18.2.0 HTTP/1.1" 200 42541 "https://talmedos.com/?post_type=product" "Mozilla/5.0 (Macintosh; Intel Mac OS X 10_15_7) AppleWebKit/537.36 (KHTML, like Gecko) Chrome/117.0.0.0 Safari/537.36"
5.179.80.205 - - [27/Oct/2023:08:10:04 +0000] "GET /wp-includes/js/dist/escape-html.min.js?ver=03e27a7b6ae14f7afaa6 HTTP/1.1" 200 915 "https://talmedos.com/?post_type=product" "Mozilla/5.0 (Macintosh; Intel Mac OS X 10_15_7) AppleWebKit/537.36 (KHTML, like Gecko) Chrome/117.0.0.0 Safari/537.36"
5.179.80.205 - - [27/Oct/2023:08:10:04 +0000] "GET /wp-includes/js/dist/element.min.js?ver=ed1c7604880e8b574b40 HTTP/1.1" 200 5419 "https://talmedos.com/?post_type=product" "Mozilla/5.0 (Macintosh; Intel Mac OS X 10_15_7) AppleWebKit/537.36 (KHTML, like Gecko) Chrome/117.0.0.0 Safari/537.36"
5.179.80.205 - - [27/Oct/2023:08:10:04 +0000] "GET /wp-includes/js/dist/i18n.min.js?ver=7701b0c3857f914212ef HTTP/1.1" 200 4109 "https://talmedos.com/?post_type=product" "Mozilla/5.0 (Macintosh; Intel Mac OS X 10_15_7) AppleWebKit/537.36 (KHTML, like Gecko) Chrome/117.0.0.0 Safari/537.36"
5.179.80.205 - - [27/Oct/2023:08:10:04 +0000] "GET /wp-includes/js/dist/keycodes.min.js?ver=3460bd0fac9859d6886c HTTP/1.1" 200 2249 "https://talmedos.com/?post_type=product" "Mozilla/5.0 (Macintosh; Intel Mac OS X 10_15_7) AppleWebKit/537.36 (KHTML, like Gecko) Chrome/117.0.0.0 Safari/537.36"
5.179.80.205 - - [27/Oct/2023:08:10:04 +0000] "GET /wp-includes/js/dist/is-shallow-equal.min.js?ver=20c2b06ecf04afb14fee HTTP/1.1" 200 900 "https://talmedos.com/?post_type=product" "Mozilla/5.0 (Macintosh; Intel Mac OS X 10_15_7) AppleWebKit/537.36 (KHTML, like Gecko) Chrome/117.0.0.0 Safari/537.36"
5.179.80.205 - - [27/Oct/2023:08:10:04 +0000] "GET /wp-includes/js/dist/priority-queue.min.js?ver=422e19e9d48b269c5219 HTTP/1.1" 200 1897 "https://talmedos.com/?post_type=product" "Mozilla/5.0 (Macintosh; Intel Mac OS X 10_15_7) AppleWebKit/537.36 (KHTML, like Gecko) Chrome/117.0.0.0 Safari/537.36"
5.179.80.205 - - [27/Oct/2023:08:10:04 +0000] "GET /wp-includes/js/dist/compose.min.js?ver=9424edf50a26435105c0 HTTP/1.1" 200 12469 "https://talmedos.com/?post_type=product" "Mozilla/5.0 (Macintosh; Intel Mac OS X 10_15_7) AppleWebKit/537.36 (KHTML, like Gecko) Chrome/117.0.0.0 Safari/537.36"
5.179.80.205 - - [27/Oct/2023:08:10:04 +0000] "GET /wp-includes/js/dist/private-apis.min.js?ver=c7aedd57ea3c9b334e7d HTTP/1.1" 200 1334 "https://talmedos.com/?post_type=product" "Mozilla/5.0 (Macintosh; Intel Mac OS X 10_15_7) AppleWebKit/537.36 (KHTML, like Gecko) Chrome/117.0.0.0 Safari/537.36"
5.179.80.205 - - [27/Oct/2023:08:10:04 +0000] "GET /wp-includes/js/dist/data.min.js?ver=1504e29349b8a9d1ae51 HTTP/1.1" 200 9009 "https://talmedos.com/?post_type=product" "Mozilla/5.0 (Macintosh; Intel Mac OS X 10_15_7) AppleWebKit/537.36 (KHTML, like Gecko) Chrome/117.0.0.0 Safari/537.36"
5.179.80.205 - - [27/Oct/2023:08:10:04 +0000] "GET /wp-includes/js/dist/redux-routine.min.js?ver=0be1b2a6a79703e28531 HTTP/1.1" 200 3245 "https://talmedos.com/?post_type=product" "Mozilla/5.0 (Macintosh; Intel Mac OS X 10_15_7) AppleWebKit/537.36 (KHTML, like Gecko) Chrome/117.0.0.0 Safari/537.36"
5.179.80.205 - - [27/Oct/2023:08:10:04 +0000] "GET /wp-content/plugins/woocommerce/packages/woocommerce-blocks/build/wc-blocks-registry.js?ver=09ae8c121349ea5f3acd15746edad682 HTTP/1.1" 200 3606 "https://talmedos.com/?post_type=product" "Mozilla/5.0 (Macintosh; Intel Mac OS X 10_15_7) AppleWebKit/537.36 (KHTML, like Gecko) Chrome/117.0.0.0 Safari/537.36"
5.179.80.205 - - [27/Oct/2023:08:10:04 +0000] "GET /wp-includes/js/dist/url.min.js?ver=8814d23f2d64864d280d HTTP/1.1" 200 4132 "https://talmedos.com/?post_type=product" "Mozilla/5.0 (Macintosh; Intel Mac OS X 10_15_7) AppleWebKit/537.36 (KHTML, like Gecko) Chrome/117.0.0.0 Safari/537.36"
5.179.80.205 - - [27/Oct/2023:08:10:04 +0000] "GET /wp-includes/js/dist/api-fetch.min.js?ver=0fa4dabf8bf2c7adf21a HTTP/1.1" 200 2716 "https://talmedos.com/?post_type=product" "Mozilla/5.0 (Macintosh; Intel Mac OS X 10_15_7) AppleWebKit/537.36 (KHTML, like Gecko) Chrome/117.0.0.0 Safari/537.36"
5.179.80.205 - - [27/Oct/2023:08:10:04 +0000] "GET /wp-includes/js/dist/notices.min.js?ver=38e88f4b627cf873edd0 HTTP/1.1" 200 1335 "https://talmedos.com/?post_type=product" "Mozilla/5.0 (Macintosh; Intel Mac OS X 10_15_7) AppleWebKit/537.36 (KHTML, like Gecko) Chrome/117.0.0.0 Safari/537.36"
5.179.80.205 - - [27/Oct/2023:08:10:04 +0000] "GET /wp-content/plugins/woocommerce/packages/woocommerce-blocks/build/wc-settings.js?ver=7d912171822c17b4bb85d80ce0bc520c HTTP/1.1" 200 3075 "https://talmedos.com/?post_type=product" "Mozilla/5.0 (Macintosh; Intel Mac OS X 10_15_7) AppleWebKit/537.36 (KHTML, like Gecko) Chrome/117.0.0.0 Safari/537.36"
5.179.80.205 - - [27/Oct/2023:08:10:04 +0000] "GET /wp-includes/js/dist/html-entities.min.js?ver=36a4a255da7dd2e1bf8e HTTP/1.1" 200 822 "https://talmedos.com/?post_type=product" "Mozilla/5.0 (Macintosh; Intel Mac OS X 10_15_7) AppleWebKit/537.36 (KHTML, like Gecko) Chrome/117.0.0.0 Safari/537.36"
5.179.80.205 - - [27/Oct/2023:08:10:04 +0000] "GET /wp-includes/js/dist/data-controls.min.js?ver=fe4ccc8a1782ea8e2cb1 HTTP/1.1" 200 1019 "https://talmedos.com/?post_type=product" "Mozilla/5.0 (Macintosh; Intel Mac OS X 10_15_7) AppleWebKit/537.36 (KHTML, like Gecko) Chrome/117.0.0.0 Safari/537.36"
5.179.80.205 - - [27/Oct/2023:08:10:04 +0000] "GET /wp-content/plugins/woocommerce/packages/woocommerce-blocks/build/wc-blocks-middleware.js?ver=e45a2e2d334273a29b584555b987607f HTTP/1.1" 200 1305 "https://talmedos.com/?post_type=product" "Mozilla/5.0 (Macintosh; Intel Mac OS X 10_15_7) AppleWebKit/537.36 (KHTML, like Gecko) Chrome/117.0.0.0 Safari/537.36"
5.179.80.205 - - [27/Oct/2023:08:10:04 +0000] "GET /wp-content/plugins/woocommerce/packages/woocommerce-blocks/build/wc-blocks-data.js?ver=05857221cfbf0e18ce5b82d64731206b HTTP/1.1" 200 22388 "https://talmedos.com/?post_type=product" "Mozilla/5.0 (Macintosh; Intel Mac OS X 10_15_7) AppleWebKit/537.36 (KHTML, like Gecko) Chrome/117.0.0.0 Safari/537.36"
5.179.80.205 - - [27/Oct/2023:08:10:04 +0000] "GET /wp-content/plugins/woocommerce/packages/woocommerce-blocks/build/wc-interactivity.js?ver=10.9.3 HTTP/1.1" 200 11199 "https://talmedos.com/?post_type=product" "Mozilla/5.0 (Macintosh; Intel Mac OS X 10_15_7) AppleWebKit/537.36 (KHTML, like Gecko) Chrome/117.0.0.0 Safari/537.36"
5.179.80.205 - - [27/Oct/2023:08:10:04 +0000] "GET /wp-includes/js/dist/dom-ready.min.js?ver=392bdd43726760d1f3ca HTTP/1.1" 200 702 "https://talmedos.com/?post_type=product" "Mozilla/5.0 (Macintosh; Intel Mac OS X 10_15_7) AppleWebKit/537.36 (KHTML, like Gecko) Chrome/117.0.0.0 Safari/537.36"
5.179.80.205 - - [27/Oct/2023:08:10:04 +0000] "GET /wp-includes/js/dist/a11y.min.js?ver=7032343a947cfccf5608 HTTP/1.1" 200 1331 "https://talmedos.com/?post_type=product" "Mozilla/5.0 (Macintosh; Intel Mac OS X 10_15_7) AppleWebKit/537.36 (KHTML, like Gecko) Chrome/117.0.0.0 Safari/537.36"
5.179.80.205 - - [27/Oct/2023:08:10:04 +0000] "GET /wp-includes/js/dist/primitives.min.js?ver=b90ba9340ccd8dae04b5 HTTP/1.1" 200 1453 "https://talmedos.com/?post_type=product" "Mozilla/5.0 (Macintosh; Intel Mac OS X 10_15_7) AppleWebKit/537.36 (KHTML, like Gecko) Chrome/117.0.0.0 Safari/537.36"
5.179.80.205 - - [27/Oct/2023:08:10:04 +0000] "GET /wp-includes/js/dist/warning.min.js?ver=4acee5fc2fd9a24cefc2 HTTP/1.1" 200 645 "https://talmedos.com/?post_type=product" "Mozilla/5.0 (Macintosh; Intel Mac OS X 10_15_7) AppleWebKit/537.36 (KHTML, like Gecko) Chrome/117.0.0.0 Safari/537.36"
5.179.80.205 - - [27/Oct/2023:08:10:04 +0000] "GET /wp-content/plugins/woocommerce/packages/woocommerce-blocks/build/product-button-interactivity-frontend.js?ver=4fda0d3340a67f775370a9898aca341f HTTP/1.1" 200 9948 "https://talmedos.com/?post_type=product" "Mozilla/5.0 (Macintosh; Intel Mac OS X 10_15_7) AppleWebKit/537.36 (KHTML, like Gecko) Chrome/117.0.0.0 Safari/537.36"
5.179.80.205 - - [27/Oct/2023:08:10:04 +0000] "GET /wp-content/uploads/2023/10/beanie-2.jpg HTTP/1.1" 200 31922 "https://talmedos.com/?post_type=product" "Mozilla/5.0 (Macintosh; Intel Mac OS X 10_15_7) AppleWebKit/537.36 (KHTML, like Gecko) Chrome/117.0.0.0 Safari/537.36"
5.179.80.205 - - [27/Oct/2023:08:10:04 +0000] "GET /wp-content/uploads/2023/10/belt-2.jpg HTTP/1.1" 200 37715 "https://talmedos.com/?post_type=product" "Mozilla/5.0 (Macintosh; Intel Mac OS X 10_15_7) AppleWebKit/537.36 (KHTML, like Gecko) Chrome/117.0.0.0 Safari/537.36"
5.179.80.205 - - [27/Oct/2023:08:10:04 +0000] "GET /wp-content/uploads/2023/10/beanie-with-logo-1.jpg HTTP/1.1" 200 45747 "https://talmedos.com/?post_type=product" "Mozilla/5.0 (Macintosh; Intel Mac OS X 10_15_7) AppleWebKit/537.36 (KHTML, like Gecko) Chrome/117.0.0.0 Safari/537.36"
5.179.80.205 - - [27/Oct/2023:08:10:04 +0000] "GET /wp-content/uploads/2023/10/cap-2.jpg HTTP/1.1" 200 38051 "https://talmedos.com/?post_type=product" "Mozilla/5.0 (Macintosh; Intel Mac OS X 10_15_7) AppleWebKit/537.36 (KHTML, like Gecko) Chrome/117.0.0.0 Safari/537.36"
5.179.80.205 - - [27/Oct/2023:08:10:04 +0000] "GET /wp-content/uploads/2023/10/hoodie-2.jpg HTTP/1.1" 200 46455 "https://talmedos.com/?post_type=product" "Mozilla/5.0 (Macintosh; Intel Mac OS X 10_15_7) AppleWebKit/537.36 (KHTML, like Gecko) Chrome/117.0.0.0 Safari/537.36"
5.179.80.205 - - [27/Oct/2023:08:10:04 +0000] "GET /wp-content/uploads/2023/10/album-1.jpg HTTP/1.1" 200 120498 "https://talmedos.com/?post_type=product" "Mozilla/5.0 (Macintosh; Intel Mac OS X 10_15_7) AppleWebKit/537.36 (KHTML, like Gecko) Chrome/117.0.0.0 Safari/537.36"
5.179.80.205 - - [27/Oct/2023:08:10:04 +0000] "GET /wp-content/uploads/2023/10/hoodie-with-logo-2.jpg HTTP/1.1" 200 47345 "https://talmedos.com/?post_type=product" "Mozilla/5.0 (Macintosh; Intel Mac OS X 10_15_7) AppleWebKit/537.36 (KHTML, like Gecko) Chrome/117.0.0.0 Safari/537.36"
5.179.80.205 - - [27/Oct/2023:08:10:04 +0000] "GET /wp-content/uploads/2023/10/hoodie-with-zipper-2.jpg HTTP/1.1" 200 57007 "https://talmedos.com/?post_type=product" "Mozilla/5.0 (Macintosh; Intel Mac OS X 10_15_7) AppleWebKit/537.36 (KHTML, like Gecko) Chrome/117.0.0.0 Safari/537.36"
5.179.80.205 - - [27/Oct/2023:08:10:04 +0000] "GET /wp-content/uploads/2023/10/long-sleeve-tee-2.jpg HTTP/1.1" 200 51516 "https://talmedos.com/?post_type=product" "Mozilla/5.0 (Macintosh; Intel Mac OS X 10_15_7) AppleWebKit/537.36 (KHTML, like Gecko) Chrome/117.0.0.0 Safari/537.36"
5.179.80.205 - - [27/Oct/2023:08:10:04 +0000] "GET /wp-content/uploads/2023/10/logo-1.jpg HTTP/1.1" 200 140417 "https://talmedos.com/?post_type=product" "Mozilla/5.0 (Macintosh; Intel Mac OS X 10_15_7) AppleWebKit/537.36 (KHTML, like Gecko) Chrome/117.0.0.0 Safari/537.36"
5.179.80.205 - - [27/Oct/2023:08:10:04 +0000] "GET /wp-content/uploads/2023/10/polo-2.jpg HTTP/1.1" 200 44785 "https://talmedos.com/?post_type=product" "Mozilla/5.0 (Macintosh; Intel Mac OS X 10_15_7) AppleWebKit/537.36 (KHTML, like Gecko) Chrome/117.0.0.0 Safari/537.36"
5.179.80.205 - - [27/Oct/2023:08:10:04 +0000] "GET /wp-content/uploads/2023/10/single-1.jpg HTTP/1.1" 200 125208 "https://talmedos.com/?post_type=product" "Mozilla/5.0 (Macintosh; Intel Mac OS X 10_15_7) AppleWebKit/537.36 (KHTML, like Gecko) Chrome/117.0.0.0 Safari/537.36"
5.179.80.205 - - [27/Oct/2023:08:10:04 +0000] "GET /index.php?rest_route=%2Fwc%2Fstore%2Fv1%2Fcart&_locale=user HTTP/1.1" 200 2050 "https://talmedos.com/?post_type=product" "Mozilla/5.0 (Macintosh; Intel Mac OS X 10_15_7) AppleWebKit/537.36 (KHTML, like Gecko) Chrome/117.0.0.0 Safari/537.36"
5.179.80.204 - - [27/Oct/2023:08:10:45 +0000] "GET / HTTP/1.1" 200 15329 "-" "Mozilla/5.0 (Windows NT 10.0; Win64; x64) AppleWebKit/537.36 (KHTML, like Gecko) Chrome/118.0.0.0 Safari/537.36 Edg/118.0.2088.69"
5.179.80.204 - - [27/Oct/2023:08:10:45 +0000] "GET /wp-includes/blocks/navigation/style.min.css?ver=6.3.2 HTTP/1.1" 200 2644 "https://talmedos.com/" "Mozilla/5.0 (Windows NT 10.0; Win64; x64) AppleWebKit/537.36 (KHTML, like Gecko) Chrome/118.0.0.0 Safari/537.36 Edg/118.0.2088.69"
5.179.80.204 - - [27/Oct/2023:08:10:45 +0000] "GET /wp-content/plugins/woocommerce/assets/css/woocommerce-layout.css?ver=8.1.1 HTTP/1.1" 200 2945 "https://talmedos.com/" "Mozilla/5.0 (Windows NT 10.0; Win64; x64) AppleWebKit/537.36 (KHTML, like Gecko) Chrome/118.0.0.0 Safari/537.36 Edg/118.0.2088.69"
5.179.80.204 - - [27/Oct/2023:08:10:45 +0000] "GET /wp-content/themes/twentytwentytwo/style.css?ver=1.5 HTTP/1.1" 200 3053 "https://talmedos.com/" "Mozilla/5.0 (Windows NT 10.0; Win64; x64) AppleWebKit/537.36 (KHTML, like Gecko) Chrome/118.0.0.0 Safari/537.36 Edg/118.0.2088.69"
5.179.80.204 - - [27/Oct/2023:08:10:45 +0000] "GET /wp-content/plugins/woocommerce/assets/css/twenty-twenty-two.css?ver=8.1.1 HTTP/1.1" 200 9383 "https://talmedos.com/" "Mozilla/5.0 (Windows NT 10.0; Win64; x64) AppleWebKit/537.36 (KHTML, like Gecko) Chrome/118.0.0.0 Safari/537.36 Edg/118.0.2088.69"
5.179.80.204 - - [27/Oct/2023:08:10:45 +0000] "GET /wp-content/plugins/woocommerce/assets/css/woocommerce-blocktheme.css?ver=8.1.1 HTTP/1.1" 200 6013 "https://talmedos.com/" "Mozilla/5.0 (Windows NT 10.0; Win64; x64) AppleWebKit/537.36 (KHTML, like Gecko) Chrome/118.0.0.0 Safari/537.36 Edg/118.0.2088.69"
5.179.80.204 - - [27/Oct/2023:08:10:45 +0000] "GET /wp-content/plugins/jetpack/css/jetpack.css?ver=12.6.2 HTTP/1.1" 200 19275 "https://talmedos.com/" "Mozilla/5.0 (Windows NT 10.0; Win64; x64) AppleWebKit/537.36 (KHTML, like Gecko) Chrome/118.0.0.0 Safari/537.36 Edg/118.0.2088.69"
5.179.80.204 - - [27/Oct/2023:08:10:45 +0000] "GET /wp-includes/blocks/navigation/view.min.js?ver=886680af40b7521d60fc HTTP/1.1" 200 779 "https://talmedos.com/" "Mozilla/5.0 (Windows NT 10.0; Win64; x64) AppleWebKit/537.36 (KHTML, like Gecko) Chrome/118.0.0.0 Safari/537.36 Edg/118.0.2088.69"
5.179.80.204 - - [27/Oct/2023:08:10:45 +0000] "GET /wp-includes/blocks/navigation/view-modal.min.js?ver=b478fa3cd1475dec97d3 HTTP/1.1" 200 6839 "https://talmedos.com/" "Mozilla/5.0 (Windows NT 10.0; Win64; x64) AppleWebKit/537.36 (KHTML, like Gecko) Chrome/118.0.0.0 Safari/537.36 Edg/118.0.2088.69"
5.179.80.204 - - [27/Oct/2023:08:10:45 +0000] "GET /wp-includes/js/jquery/jquery-migrate.min.js?ver=3.4.1 HTTP/1.1" 200 5289 "https://talmedos.com/" "Mozilla/5.0 (Windows NT 10.0; Win64; x64) AppleWebKit/537.36 (KHTML, like Gecko) Chrome/118.0.0.0 Safari/537.36 Edg/118.0.2088.69"
5.179.80.204 - - [27/Oct/2023:08:10:45 +0000] "GET /wp-includes/js/jquery/jquery.min.js?ver=3.7.0 HTTP/1.1" 200 30828 "https://talmedos.com/" "Mozilla/5.0 (Windows NT 10.0; Win64; x64) AppleWebKit/537.36 (KHTML, like Gecko) Chrome/118.0.0.0 Safari/537.36 Edg/118.0.2088.69"
5.179.80.204 - - [27/Oct/2023:08:10:45 +0000] "GET /wp-content/plugins/woocommerce/assets/js/jquery-blockui/jquery.blockUI.min.js?ver=2.7.0-wc.8.1.1 HTTP/1.1" 200 3954 "https://talmedos.com/" "Mozilla/5.0 (Windows NT 10.0; Win64; x64) AppleWebKit/537.36 (KHTML, like Gecko) Chrome/118.0.0.0 Safari/537.36 Edg/118.0.2088.69"
5.179.80.204 - - [27/Oct/2023:08:10:45 +0000] "GET /wp-content/themes/twentytwentytwo/assets/images/flight-path-on-transparent-d.png HTTP/1.1" 200 104104 "https://talmedos.com/" "Mozilla/5.0 (Windows NT 10.0; Win64; x64) AppleWebKit/537.36 (KHTML, like Gecko) Chrome/118.0.0.0 Safari/537.36 Edg/118.0.2088.69"
5.179.80.204 - - [27/Oct/2023:08:10:45 +0000] "GET /wp-content/plugins/woocommerce/assets/js/frontend/add-to-cart.min.js?ver=8.1.1 HTTP/1.1" 200 1463 "https://talmedos.com/" "Mozilla/5.0 (Windows NT 10.0; Win64; x64) AppleWebKit/537.36 (KHTML, like Gecko) Chrome/118.0.0.0 Safari/537.36 Edg/118.0.2088.69"
5.179.80.204 - - [27/Oct/2023:08:10:45 +0000] "GET /wp-content/plugins/woocommerce/assets/js/frontend/woocommerce.min.js?ver=8.1.1 HTTP/1.1" 200 1170 "https://talmedos.com/" "Mozilla/5.0 (Windows NT 10.0; Win64; x64) AppleWebKit/537.36 (KHTML, like Gecko) Chrome/118.0.0.0 Safari/537.36 Edg/118.0.2088.69"
5.179.80.204 - - [27/Oct/2023:08:10:45 +0000] "GET /wp-content/plugins/woocommerce/assets/js/js-cookie/js.cookie.min.js?ver=2.1.4-wc.8.1.1 HTTP/1.1" 200 1351 "https://talmedos.com/" "Mozilla/5.0 (Windows NT 10.0; Win64; x64) AppleWebKit/537.36 (KHTML, like Gecko) Chrome/118.0.0.0 Safari/537.36 Edg/118.0.2088.69"
5.179.80.204 - - [27/Oct/2023:08:10:45 +0000] "GET /wp-content/plugins/woocommerce/assets/css/woocommerce-smallscreen.css?ver=8.1.1 HTTP/1.1" 200 1540 "https://talmedos.com/" "Mozilla/5.0 (Windows NT 10.0; Win64; x64) AppleWebKit/537.36 (KHTML, like Gecko) Chrome/118.0.0.0 Safari/537.36 Edg/118.0.2088.69"
5.179.80.204 - - [27/Oct/2023:08:10:45 +0000] "GET /wp-includes/js/wp-emoji-release.min.js?ver=6.3.2 HTTP/1.1" 200 5456 "https://talmedos.com/" "Mozilla/5.0 (Windows NT 10.0; Win64; x64) AppleWebKit/537.36 (KHTML, like Gecko) Chrome/118.0.0.0 Safari/537.36 Edg/118.0.2088.69"
5.179.80.204 - - [27/Oct/2023:08:10:45 +0000] "GET /wp-content/themes/twentytwentytwo/assets/fonts/source-serif-pro/SourceSerif4Variable-Roman.ttf.woff2 HTTP/1.1" 200 429354 "https://talmedos.com/" "Mozilla/5.0 (Windows NT 10.0; Win64; x64) AppleWebKit/537.36 (KHTML, like Gecko) Chrome/118.0.0.0 Safari/537.36 Edg/118.0.2088.69"
5.179.80.204 - - [27/Oct/2023:08:10:46 +0000] "GET /favicon.ico HTTP/1.1" 404 513 "https://talmedos.com/" "Mozilla/5.0 (Windows NT 10.0; Win64; x64) AppleWebKit/537.36 (KHTML, like Gecko) Chrome/118.0.0.0 Safari/537.36 Edg/118.0.2088.69"
46.101.144.32 - - [27/Oct/2023:08:11:03 +0000] "POST /wp-cron.php?doing_wp_cron=1698394263.5491540431976318359375 HTTP/1.1" 200 3995 "-" "WordPress/6.3.2; https://talmedos.com"
5.179.80.204 - - [27/Oct/2023:08:11:03 +0000] "GET /?page_id=30 HTTP/1.1" 302 902 "https://talmedos.com/" "Mozilla/5.0 (Windows NT 10.0; Win64; x64) AppleWebKit/537.36 (KHTML, like Gecko) Chrome/118.0.0.0 Safari/537.36 Edg/118.0.2088.69"
5.179.80.204 - - [27/Oct/2023:08:11:03 +0000] "GET /?page_id=29 HTTP/1.1" 200 30396 "https://talmedos.com/" "Mozilla/5.0 (Windows NT 10.0; Win64; x64) AppleWebKit/537.36 (KHTML, like Gecko) Chrome/118.0.0.0 Safari/537.36 Edg/118.0.2088.69"
5.179.80.204 - - [27/Oct/2023:08:11:04 +0000] "GET /wp-content/plugins/woocommerce/assets/css/select2.css?ver=8.1.1 HTTP/1.1" 200 2275 "https://talmedos.com/?page_id=29" "Mozilla/5.0 (Windows NT 10.0; Win64; x64) AppleWebKit/537.36 (KHTML, like Gecko) Chrome/118.0.0.0 Safari/537.36 Edg/118.0.2088.69"
5.179.80.204 - - [27/Oct/2023:08:11:04 +0000] "GET /wp-includes/js/zxcvbn-async.min.js?ver=1.0 HTTP/1.1" 200 627 "https://talmedos.com/?page_id=29" "Mozilla/5.0 (Windows NT 10.0; Win64; x64) AppleWebKit/537.36 (KHTML, like Gecko) Chrome/118.0.0.0 Safari/537.36 Edg/118.0.2088.69"
5.179.80.204 - - [27/Oct/2023:08:11:04 +0000] "GET /wp-content/plugins/woocommerce/assets/js/frontend/address-i18n.min.js?ver=8.1.1 HTTP/1.1" 200 1837 "https://talmedos.com/?page_id=29" "Mozilla/5.0 (Windows NT 10.0; Win64; x64) AppleWebKit/537.36 (KHTML, like Gecko) Chrome/118.0.0.0 Safari/537.36 Edg/118.0.2088.69"
5.179.80.204 - - [27/Oct/2023:08:11:04 +0000] "GET /wp-content/plugins/woocommerce/assets/js/frontend/country-select.min.js?ver=8.1.1 HTTP/1.1" 200 1978 "https://talmedos.com/?page_id=29" "Mozilla/5.0 (Windows NT 10.0; Win64; x64) AppleWebKit/537.36 (KHTML, like Gecko) Chrome/118.0.0.0 Safari/537.36 Edg/118.0.2088.69"
5.179.80.204 - - [27/Oct/2023:08:11:04 +0000] "GET /wp-content/plugins/woocommerce/assets/js/frontend/cart.min.js?ver=8.1.1 HTTP/1.1" 200 6084 "https://talmedos.com/?page_id=29" "Mozilla/5.0 (Windows NT 10.0; Win64; x64) AppleWebKit/537.36 (KHTML, like Gecko) Chrome/118.0.0.0 Safari/537.36 Edg/118.0.2088.69"
5.179.80.204 - - [27/Oct/2023:08:11:04 +0000] "GET /wp-includes/js/dist/vendor/wp-polyfill-inert.min.js?ver=3.1.2 HTTP/1.1" 200 6568 "https://talmedos.com/?page_id=29" "Mozilla/5.0 (Windows NT 10.0; Win64; x64) AppleWebKit/537.36 (KHTML, like Gecko) Chrome/118.0.0.0 Safari/537.36 Edg/118.0.2088.69"
5.179.80.204 - - [27/Oct/2023:08:11:04 +0000] "GET /wp-content/plugins/woocommerce/assets/js/selectWoo/selectWoo.full.min.js?ver=1.0.9-wc.8.1.1 HTTP/1.1" 200 22299 "https://talmedos.com/?page_id=29" "Mozilla/5.0 (Windows NT 10.0; Win64; x64) AppleWebKit/537.36 (KHTML, like Gecko) Chrome/118.0.0.0 Safari/537.36 Edg/118.0.2088.69"
5.179.80.204 - - [27/Oct/2023:08:11:04 +0000] "GET /wp-includes/js/dist/vendor/regenerator-runtime.min.js?ver=0.13.11 HTTP/1.1" 200 6583 "https://talmedos.com/?page_id=29" "Mozilla/5.0 (Windows NT 10.0; Win64; x64) AppleWebKit/537.36 (KHTML, like Gecko) Chrome/118.0.0.0 Safari/537.36 Edg/118.0.2088.69"
5.179.80.204 - - [27/Oct/2023:08:11:04 +0000] "GET /wp-includes/js/dist/vendor/wp-polyfill.min.js?ver=3.15.0 HTTP/1.1" 200 6306 "https://talmedos.com/?page_id=29" "Mozilla/5.0 (Windows NT 10.0; Win64; x64) AppleWebKit/537.36 (KHTML, like Gecko) Chrome/118.0.0.0 Safari/537.36 Edg/118.0.2088.69"
5.179.80.204 - - [27/Oct/2023:08:11:04 +0000] "GET /wp-includes/js/dist/hooks.min.js?ver=c6aec9a8d4e5a5d543a1 HTTP/1.1" 200 1940 "https://talmedos.com/?page_id=29" "Mozilla/5.0 (Windows NT 10.0; Win64; x64) AppleWebKit/537.36 (KHTML, like Gecko) Chrome/118.0.0.0 Safari/537.36 Edg/118.0.2088.69"
5.179.80.204 - - [27/Oct/2023:08:11:04 +0000] "GET /wp-includes/js/dist/i18n.min.js?ver=7701b0c3857f914212ef HTTP/1.1" 200 4109 "https://talmedos.com/?page_id=29" "Mozilla/5.0 (Windows NT 10.0; Win64; x64) AppleWebKit/537.36 (KHTML, like Gecko) Chrome/118.0.0.0 Safari/537.36 Edg/118.0.2088.69"
5.179.80.204 - - [27/Oct/2023:08:11:04 +0000] "GET /wp-admin/js/password-strength-meter.min.js?ver=6.3.2 HTTP/1.1" 200 992 "https://talmedos.com/?page_id=29" "Mozilla/5.0 (Windows NT 10.0; Win64; x64) AppleWebKit/537.36 (KHTML, like Gecko) Chrome/118.0.0.0 Safari/537.36 Edg/118.0.2088.69"
5.179.80.204 - - [27/Oct/2023:08:11:04 +0000] "GET /wp-content/plugins/woocommerce/assets/js/frontend/password-strength-meter.min.js?ver=8.1.1 HTTP/1.1" 200 1153 "https://talmedos.com/?page_id=29" "Mozilla/5.0 (Windows NT 10.0; Win64; x64) AppleWebKit/537.36 (KHTML, like Gecko) Chrome/118.0.0.0 Safari/537.36 Edg/118.0.2088.69"
5.179.80.204 - - [27/Oct/2023:08:11:04 +0000] "GET /wp-includes/js/zxcvbn.min.js HTTP/1.1" 200 403612 "https://talmedos.com/?page_id=29" "Mozilla/5.0 (Windows NT 10.0; Win64; x64) AppleWebKit/537.36 (KHTML, like Gecko) Chrome/118.0.0.0 Safari/537.36 Edg/118.0.2088.69"
5.179.80.204 - - [27/Oct/2023:08:11:06 +0000] "GET /?page_id=29 HTTP/1.1" 200 30396 "https://talmedos.com/?page_id=29" "Mozilla/5.0 (Windows NT 10.0; Win64; x64) AppleWebKit/537.36 (KHTML, like Gecko) Chrome/118.0.0.0 Safari/537.36 Edg/118.0.2088.69"
5.179.80.204 - - [27/Oct/2023:08:11:09 +0000] "GET /?page_id=28 HTTP/1.1" 302 304 "https://talmedos.com/?page_id=29" "Mozilla/5.0 (Windows NT 10.0; Win64; x64) AppleWebKit/537.36 (KHTML, like Gecko) Chrome/118.0.0.0 Safari/537.36 Edg/118.0.2088.69"
5.179.80.204 - - [27/Oct/2023:08:11:09 +0000] "GET /?post_type=product HTTP/1.1" 200 20865 "https://talmedos.com/?page_id=29" "Mozilla/5.0 (Windows NT 10.0; Win64; x64) AppleWebKit/537.36 (KHTML, like Gecko) Chrome/118.0.0.0 Safari/537.36 Edg/118.0.2088.69"
5.179.80.204 - - [27/Oct/2023:08:11:10 +0000] "GET /wp-content/plugins/woocommerce/packages/woocommerce-blocks/build/wc-blocks.css?ver=10.9.3 HTTP/1.1" 200 2884 "https://talmedos.com/?post_type=product" "Mozilla/5.0 (Windows NT 10.0; Win64; x64) AppleWebKit/537.36 (KHTML, like Gecko) Chrome/118.0.0.0 Safari/537.36 Edg/118.0.2088.69"
5.179.80.204 - - [27/Oct/2023:08:11:10 +0000] "GET /wp-content/plugins/woocommerce/packages/woocommerce-blocks/build/breadcrumbs.css?ver=10.9.3 HTTP/1.1" 200 589 "https://talmedos.com/?post_type=product" "Mozilla/5.0 (Windows NT 10.0; Win64; x64) AppleWebKit/537.36 (KHTML, like Gecko) Chrome/118.0.0.0 Safari/537.36 Edg/118.0.2088.69"
5.179.80.204 - - [27/Oct/2023:08:11:10 +0000] "GET /wp-content/plugins/woocommerce/packages/woocommerce-blocks/build/product-results-count.css?ver=10.9.3 HTTP/1.1" 200 1097 "https://talmedos.com/?post_type=product" "Mozilla/5.0 (Windows NT 10.0; Win64; x64) AppleWebKit/537.36 (KHTML, like Gecko) Chrome/118.0.0.0 Safari/537.36 Edg/118.0.2088.69"
5.179.80.204 - - [27/Oct/2023:08:11:10 +0000] "GET /wp-content/plugins/woocommerce/packages/woocommerce-blocks/build/product-button.css?ver=10.9.3 HTTP/1.1" 200 1992 "https://talmedos.com/?post_type=product" "Mozilla/5.0 (Windows NT 10.0; Win64; x64) AppleWebKit/537.36 (KHTML, like Gecko) Chrome/118.0.0.0 Safari/537.36 Edg/118.0.2088.69"
5.179.80.204 - - [27/Oct/2023:08:11:10 +0000] "GET /wp-content/plugins/woocommerce/packages/woocommerce-blocks/build/catalog-sorting.css?ver=10.9.3 HTTP/1.1" 200 4280 "https://talmedos.com/?post_type=product" "Mozilla/5.0 (Windows NT 10.0; Win64; x64) AppleWebKit/537.36 (KHTML, like Gecko) Chrome/118.0.0.0 Safari/537.36 Edg/118.0.2088.69"
5.179.80.204 - - [27/Oct/2023:08:11:10 +0000] "GET /wp-content/plugins/woocommerce/packages/woocommerce-blocks/build/product-image.css?ver=10.9.3 HTTP/1.1" 200 4953 "https://talmedos.com/?post_type=product" "Mozilla/5.0 (Windows NT 10.0; Win64; x64) AppleWebKit/537.36 (KHTML, like Gecko) Chrome/118.0.0.0 Safari/537.36 Edg/118.0.2088.69"
5.179.80.204 - - [27/Oct/2023:08:11:10 +0000] "GET /wp-content/plugins/woocommerce/packages/woocommerce-blocks/build/product-query.css?ver=10.9.3 HTTP/1.1" 200 704 "https://talmedos.com/?post_type=product" "Mozilla/5.0 (Windows NT 10.0; Win64; x64) AppleWebKit/537.36 (KHTML, like Gecko) Chrome/118.0.0.0 Safari/537.36 Edg/118.0.2088.69"
5.179.80.204 - - [27/Oct/2023:08:11:10 +0000] "GET /wp-includes/js/dist/vendor/lodash.min.js?ver=4.17.19 HTTP/1.1" 200 29091 "https://talmedos.com/?post_type=product" "Mozilla/5.0 (Windows NT 10.0; Win64; x64) AppleWebKit/537.36 (KHTML, like Gecko) Chrome/118.0.0.0 Safari/537.36 Edg/118.0.2088.69"
5.179.80.204 - - [27/Oct/2023:08:11:10 +0000] "GET /wp-includes/js/dist/vendor/react.min.js?ver=18.2.0 HTTP/1.1" 200 4572 "https://talmedos.com/?post_type=product" "Mozilla/5.0 (Windows NT 10.0; Win64; x64) AppleWebKit/537.36 (KHTML, like Gecko) Chrome/118.0.0.0 Safari/537.36 Edg/118.0.2088.69"
5.179.80.204 - - [27/Oct/2023:08:11:10 +0000] "GET /wp-includes/js/dist/dom.min.js?ver=845eabf47b55af03adfa HTTP/1.1" 200 5124 "https://talmedos.com/?post_type=product" "Mozilla/5.0 (Windows NT 10.0; Win64; x64) AppleWebKit/537.36 (KHTML, like Gecko) Chrome/118.0.0.0 Safari/537.36 Edg/118.0.2088.69"
5.179.80.204 - - [27/Oct/2023:08:11:10 +0000] "GET /wp-includes/js/dist/deprecated.min.js?ver=73ad3591e7bc95f4777a HTTP/1.1" 200 827 "https://talmedos.com/?post_type=product" "Mozilla/5.0 (Windows NT 10.0; Win64; x64) AppleWebKit/537.36 (KHTML, like Gecko) Chrome/118.0.0.0 Safari/537.36 Edg/118.0.2088.69"
5.179.80.204 - - [27/Oct/2023:08:11:10 +0000] "GET /wp-includes/js/dist/escape-html.min.js?ver=03e27a7b6ae14f7afaa6 HTTP/1.1" 200 915 "https://talmedos.com/?post_type=product" "Mozilla/5.0 (Windows NT 10.0; Win64; x64) AppleWebKit/537.36 (KHTML, like Gecko) Chrome/118.0.0.0 Safari/537.36 Edg/118.0.2088.69"
5.179.80.204 - - [27/Oct/2023:08:11:10 +0000] "GET /wp-includes/js/dist/vendor/react-dom.min.js?ver=18.2.0 HTTP/1.1" 200 42541 "https://talmedos.com/?post_type=product" "Mozilla/5.0 (Windows NT 10.0; Win64; x64) AppleWebKit/537.36 (KHTML, like Gecko) Chrome/118.0.0.0 Safari/537.36 Edg/118.0.2088.69"
5.179.80.204 - - [27/Oct/2023:08:11:10 +0000] "GET /wp-includes/js/dist/element.min.js?ver=ed1c7604880e8b574b40 HTTP/1.1" 200 5419 "https://talmedos.com/?post_type=product" "Mozilla/5.0 (Windows NT 10.0; Win64; x64) AppleWebKit/537.36 (KHTML, like Gecko) Chrome/118.0.0.0 Safari/537.36 Edg/118.0.2088.69"
5.179.80.204 - - [27/Oct/2023:08:11:10 +0000] "GET /wp-includes/js/dist/priority-queue.min.js?ver=422e19e9d48b269c5219 HTTP/1.1" 200 1897 "https://talmedos.com/?post_type=product" "Mozilla/5.0 (Windows NT 10.0; Win64; x64) AppleWebKit/537.36 (KHTML, like Gecko) Chrome/118.0.0.0 Safari/537.36 Edg/118.0.2088.69"
5.179.80.204 - - [27/Oct/2023:08:11:10 +0000] "GET /wp-includes/js/dist/is-shallow-equal.min.js?ver=20c2b06ecf04afb14fee HTTP/1.1" 200 900 "https://talmedos.com/?post_type=product" "Mozilla/5.0 (Windows NT 10.0; Win64; x64) AppleWebKit/537.36 (KHTML, like Gecko) Chrome/118.0.0.0 Safari/537.36 Edg/118.0.2088.69"
5.179.80.204 - - [27/Oct/2023:08:11:10 +0000] "GET /wp-includes/js/dist/keycodes.min.js?ver=3460bd0fac9859d6886c HTTP/1.1" 200 2249 "https://talmedos.com/?post_type=product" "Mozilla/5.0 (Windows NT 10.0; Win64; x64) AppleWebKit/537.36 (KHTML, like Gecko) Chrome/118.0.0.0 Safari/537.36 Edg/118.0.2088.69"
5.179.80.204 - - [27/Oct/2023:08:11:10 +0000] "GET /wp-includes/js/dist/compose.min.js?ver=9424edf50a26435105c0 HTTP/1.1" 200 12469 "https://talmedos.com/?post_type=product" "Mozilla/5.0 (Windows NT 10.0; Win64; x64) AppleWebKit/537.36 (KHTML, like Gecko) Chrome/118.0.0.0 Safari/537.36 Edg/118.0.2088.69"
5.179.80.204 - - [27/Oct/2023:08:11:10 +0000] "GET /wp-includes/js/dist/private-apis.min.js?ver=c7aedd57ea3c9b334e7d HTTP/1.1" 200 1334 "https://talmedos.com/?post_type=product" "Mozilla/5.0 (Windows NT 10.0; Win64; x64) AppleWebKit/537.36 (KHTML, like Gecko) Chrome/118.0.0.0 Safari/537.36 Edg/118.0.2088.69"
5.179.80.204 - - [27/Oct/2023:08:11:10 +0000] "GET /wp-includes/js/dist/redux-routine.min.js?ver=0be1b2a6a79703e28531 HTTP/1.1" 200 3245 "https://talmedos.com/?post_type=product" "Mozilla/5.0 (Windows NT 10.0; Win64; x64) AppleWebKit/537.36 (KHTML, like Gecko) Chrome/118.0.0.0 Safari/537.36 Edg/118.0.2088.69"
5.179.80.204 - - [27/Oct/2023:08:11:10 +0000] "GET /wp-content/plugins/woocommerce/packages/woocommerce-blocks/build/wc-blocks-registry.js?ver=09ae8c121349ea5f3acd15746edad682 HTTP/1.1" 200 3606 "https://talmedos.com/?post_type=product" "Mozilla/5.0 (Windows NT 10.0; Win64; x64) AppleWebKit/537.36 (KHTML, like Gecko) Chrome/118.0.0.0 Safari/537.36 Edg/118.0.2088.69"
5.179.80.204 - - [27/Oct/2023:08:11:10 +0000] "GET /wp-includes/js/dist/data.min.js?ver=1504e29349b8a9d1ae51 HTTP/1.1" 200 9009 "https://talmedos.com/?post_type=product" "Mozilla/5.0 (Windows NT 10.0; Win64; x64) AppleWebKit/537.36 (KHTML, like Gecko) Chrome/118.0.0.0 Safari/537.36 Edg/118.0.2088.69"
5.179.80.204 - - [27/Oct/2023:08:11:10 +0000] "GET /wp-includes/js/dist/url.min.js?ver=8814d23f2d64864d280d HTTP/1.1" 200 4132 "https://talmedos.com/?post_type=product" "Mozilla/5.0 (Windows NT 10.0; Win64; x64) AppleWebKit/537.36 (KHTML, like Gecko) Chrome/118.0.0.0 Safari/537.36 Edg/118.0.2088.69"
5.179.80.204 - - [27/Oct/2023:08:11:10 +0000] "GET /wp-includes/js/dist/api-fetch.min.js?ver=0fa4dabf8bf2c7adf21a HTTP/1.1" 200 2716 "https://talmedos.com/?post_type=product" "Mozilla/5.0 (Windows NT 10.0; Win64; x64) AppleWebKit/537.36 (KHTML, like Gecko) Chrome/118.0.0.0 Safari/537.36 Edg/118.0.2088.69"
5.179.80.204 - - [27/Oct/2023:08:11:10 +0000] "GET /wp-content/plugins/woocommerce/packages/woocommerce-blocks/build/wc-settings.js?ver=7d912171822c17b4bb85d80ce0bc520c HTTP/1.1" 200 3075 "https://talmedos.com/?post_type=product" "Mozilla/5.0 (Windows NT 10.0; Win64; x64) AppleWebKit/537.36 (KHTML, like Gecko) Chrome/118.0.0.0 Safari/537.36 Edg/118.0.2088.69"
5.179.80.204 - - [27/Oct/2023:08:11:10 +0000] "GET /wp-includes/js/dist/data-controls.min.js?ver=fe4ccc8a1782ea8e2cb1 HTTP/1.1" 200 1019 "https://talmedos.com/?post_type=product" "Mozilla/5.0 (Windows NT 10.0; Win64; x64) AppleWebKit/537.36 (KHTML, like Gecko) Chrome/118.0.0.0 Safari/537.36 Edg/118.0.2088.69"
5.179.80.204 - - [27/Oct/2023:08:11:10 +0000] "GET /wp-includes/js/dist/html-entities.min.js?ver=36a4a255da7dd2e1bf8e HTTP/1.1" 200 822 "https://talmedos.com/?post_type=product" "Mozilla/5.0 (Windows NT 10.0; Win64; x64) AppleWebKit/537.36 (KHTML, like Gecko) Chrome/118.0.0.0 Safari/537.36 Edg/118.0.2088.69"
5.179.80.204 - - [27/Oct/2023:08:11:10 +0000] "GET /wp-includes/js/dist/notices.min.js?ver=38e88f4b627cf873edd0 HTTP/1.1" 200 1335 "https://talmedos.com/?post_type=product" "Mozilla/5.0 (Windows NT 10.0; Win64; x64) AppleWebKit/537.36 (KHTML, like Gecko) Chrome/118.0.0.0 Safari/537.36 Edg/118.0.2088.69"
5.179.80.204 - - [27/Oct/2023:08:11:10 +0000] "GET /wp-content/plugins/woocommerce/packages/woocommerce-blocks/build/wc-blocks-middleware.js?ver=e45a2e2d334273a29b584555b987607f HTTP/1.1" 200 1305 "https://talmedos.com/?post_type=product" "Mozilla/5.0 (Windows NT 10.0; Win64; x64) AppleWebKit/537.36 (KHTML, like Gecko) Chrome/118.0.0.0 Safari/537.36 Edg/118.0.2088.69"
5.179.80.204 - - [27/Oct/2023:08:11:10 +0000] "GET /wp-includes/js/dist/dom-ready.min.js?ver=392bdd43726760d1f3ca HTTP/1.1" 200 702 "https://talmedos.com/?post_type=product" "Mozilla/5.0 (Windows NT 10.0; Win64; x64) AppleWebKit/537.36 (KHTML, like Gecko) Chrome/118.0.0.0 Safari/537.36 Edg/118.0.2088.69"
5.179.80.204 - - [27/Oct/2023:08:11:10 +0000] "GET /wp-content/plugins/woocommerce/packages/woocommerce-blocks/build/wc-interactivity.js?ver=10.9.3 HTTP/1.1" 200 11199 "https://talmedos.com/?post_type=product" "Mozilla/5.0 (Windows NT 10.0; Win64; x64) AppleWebKit/537.36 (KHTML, like Gecko) Chrome/118.0.0.0 Safari/537.36 Edg/118.0.2088.69"
5.179.80.204 - - [27/Oct/2023:08:11:10 +0000] "GET /wp-includes/js/dist/a11y.min.js?ver=7032343a947cfccf5608 HTTP/1.1" 200 1331 "https://talmedos.com/?post_type=product" "Mozilla/5.0 (Windows NT 10.0; Win64; x64) AppleWebKit/537.36 (KHTML, like Gecko) Chrome/118.0.0.0 Safari/537.36 Edg/118.0.2088.69"
5.179.80.204 - - [27/Oct/2023:08:11:10 +0000] "GET /wp-content/plugins/woocommerce/packages/woocommerce-blocks/build/wc-blocks-data.js?ver=05857221cfbf0e18ce5b82d64731206b HTTP/1.1" 200 22388 "https://talmedos.com/?post_type=product" "Mozilla/5.0 (Windows NT 10.0; Win64; x64) AppleWebKit/537.36 (KHTML, like Gecko) Chrome/118.0.0.0 Safari/537.36 Edg/118.0.2088.69"
