5.179.80.205 - - [31/Oct/2023:15:51:13 +0000] "GET /wp-includes/js/clipboard.min.js?ver=2.0.11 HTTP/1.1" 200 3567 "-" "Mozilla/5.0 (Macintosh; Intel Mac OS X 10_15_7) AppleWebKit/537.36 (KHTML, like Gecko) Chrome/118.0.0.0 Safari/537.36"
5.179.80.205 - - [31/Oct/2023:15:51:13 +0000] "GET /wp-admin/js/postbox.min.js?ver=6.3.2 HTTP/1.1" 200 2638 "-" "Mozilla/5.0 (Macintosh; Intel Mac OS X 10_15_7) AppleWebKit/537.36 (KHTML, like Gecko) Chrome/118.0.0.0 Safari/537.36"
5.179.80.205 - - [31/Oct/2023:15:51:13 +0000] "GET /wp-includes/js/media-views.min.js?ver=6.3.2 HTTP/1.1" 200 26223 "-" "Mozilla/5.0 (Macintosh; Intel Mac OS X 10_15_7) AppleWebKit/537.36 (KHTML, like Gecko) Chrome/118.0.0.0 Safari/537.36"
5.179.80.205 - - [31/Oct/2023:15:51:13 +0000] "GET /wp-includes/js/dist/edit-post.min.js?ver=cfbaf157e587ad5ed2d2 HTTP/1.1" 200 35915 "-" "Mozilla/5.0 (Macintosh; Intel Mac OS X 10_15_7) AppleWebKit/537.36 (KHTML, like Gecko) Chrome/118.0.0.0 Safari/537.36"
5.179.80.205 - - [31/Oct/2023:15:51:13 +0000] "GET /wp-includes/js/api-request.min.js?ver=6.3.2 HTTP/1.1" 200 961 "-" "Mozilla/5.0 (Macintosh; Intel Mac OS X 10_15_7) AppleWebKit/537.36 (KHTML, like Gecko) Chrome/118.0.0.0 Safari/537.36"
5.179.80.205 - - [31/Oct/2023:15:51:13 +0000] "GET /wp-content/plugins/jetpack/_inc/blocks/editor.js?minify=false&ver=8e4536de608d8e529432 HTTP/1.1" 200 365631 "-" "Mozilla/5.0 (Macintosh; Intel Mac OS X 10_15_7) AppleWebKit/537.36 (KHTML, like Gecko) Chrome/118.0.0.0 Safari/537.36"
5.179.80.205 - - [31/Oct/2023:15:51:11 +0000] "GET /index.php?rest_route=%2Fwp%2Fv2%2Fblock-patterns%2Fpatterns&_locale=user HTTP/1.1" 200 525868 "https://talmedos.com/wp-admin/site-editor.php?postType=wp_template&postId=woocommerce%2Fwoocommerce%2F%2Farchive-product" "Mozilla/5.0 (Macintosh; Intel Mac OS X 10_15_7) AppleWebKit/537.36 (KHTML, like Gecko) Chrome/118.0.0.0 Safari/537.36"
5.179.80.205 - - [31/Oct/2023:15:51:13 +0000] "GET /index.php?rest_route=/wp/v2/types&context=edit&per_page=100&_locale=user HTTP/1.1" 200 31438 "https://talmedos.com/wp-admin/site-editor.php?postType=wp_template&postId=woocommerce%2Fwoocommerce%2F%2Farchive-product" "Mozilla/5.0 (Macintosh; Intel Mac OS X 10_15_7) AppleWebKit/537.36 (KHTML, like Gecko) Chrome/118.0.0.0 Safari/537.36"
5.179.80.205 - - [31/Oct/2023:15:51:13 +0000] "GET /index.php?rest_route=%2Fwp%2Fv2%2Ftemplate-parts%2Ftwentytwentytwo%2F%2Fheader&context=edit&_locale=user HTTP/1.1" 200 2580 "https://talmedos.com/wp-admin/site-editor.php?postType=wp_template&postId=woocommerce%2Fwoocommerce%2F%2Farchive-product" "Mozilla/5.0 (Macintosh; Intel Mac OS X 10_15_7) AppleWebKit/537.36 (KHTML, like Gecko) Chrome/118.0.0.0 Safari/537.36"
5.179.80.205 - - [31/Oct/2023:15:51:13 +0000] "OPTIONS /index.php?rest_route=%2Fwp%2Fv2%2Fsettings&_locale=user HTTP/1.1" 200 7921 "https://talmedos.com/wp-admin/site-editor.php?postType=wp_template&postId=woocommerce%2Fwoocommerce%2F%2Farchive-product" "Mozilla/5.0 (Macintosh; Intel Mac OS X 10_15_7) AppleWebKit/537.36 (KHTML, like Gecko) Chrome/118.0.0.0 Safari/537.36"
5.179.80.205 - - [31/Oct/2023:15:51:13 +0000] "GET /index.php?rest_route=/wp/v2/taxonomies&context=view&type=product&per_page=100&_locale=user HTTP/1.1" 200 1576 "https://talmedos.com/wp-admin/site-editor.php?postType=wp_template&postId=woocommerce%2Fwoocommerce%2F%2Farchive-product" "Mozilla/5.0 (Macintosh; Intel Mac OS X 10_15_7) AppleWebKit/537.36 (KHTML, like Gecko) Chrome/118.0.0.0 Safari/537.36"
5.179.80.205 - - [31/Oct/2023:15:51:13 +0000] "GET /index.php?rest_route=%2Fwp%2Fv2%2Ftypes%2Fproduct&context=edit&_locale=user HTTP/1.1" 200 3318 "https://talmedos.com/wp-admin/site-editor.php?postType=wp_template&postId=woocommerce%2Fwoocommerce%2F%2Farchive-product" "Mozilla/5.0 (Macintosh; Intel Mac OS X 10_15_7) AppleWebKit/537.36 (KHTML, like Gecko) Chrome/118.0.0.0 Safari/537.36"
5.179.80.205 - - [31/Oct/2023:15:51:14 +0000] "GET /index.php?rest_route=%2Fwp%2Fv2%2Fproduct&context=edit&offset=0&order=asc&orderby=title&per_page=9&postType=product&__woocommerceStockStatus%5B0%5D=instock&__woocommerceStockStatus%5B1%5D=outofstock&__woocommerceStockStatus%5B2%5D=onbackorder&_locale=user HTTP/1.1" 200 29158 "https://talmedos.com/wp-admin/site-editor.php?postType=wp_template&postId=woocommerce%2Fwoocommerce%2F%2Farchive-product" "Mozilla/5.0 (Macintosh; Intel Mac OS X 10_15_7) AppleWebKit/537.36 (KHTML, like Gecko) Chrome/118.0.0.0 Safari/537.36"
5.179.80.205 - - [31/Oct/2023:15:51:15 +0000] "GET /index.php?rest_route=%2Fwp%2Fv2%2Ftemplate-parts%2Ftwentytwentytwo%2F%2Ffooter&context=edit&_locale=user HTTP/1.1" 200 1905 "https://talmedos.com/wp-admin/site-editor.php?postType=wp_template&postId=woocommerce%2Fwoocommerce%2F%2Farchive-product" "Mozilla/5.0 (Macintosh; Intel Mac OS X 10_15_7) AppleWebKit/537.36 (KHTML, like Gecko) Chrome/118.0.0.0 Safari/537.36"
5.179.80.205 - - [31/Oct/2023:15:51:15 +0000] "GET /index.php?rest_route=/wp/v2/menus&context=view&per_page=100&_locale=user HTTP/1.1" 200 728 "https://talmedos.com/wp-admin/site-editor.php?postType=wp_template&postId=woocommerce%2Fwoocommerce%2F%2Farchive-product" "Mozilla/5.0 (Macintosh; Intel Mac OS X 10_15_7) AppleWebKit/537.36 (KHTML, like Gecko) Chrome/118.0.0.0 Safari/537.36"
5.179.80.205 - - [31/Oct/2023:15:51:15 +0000] "GET /index.php?rest_route=%2Fwp%2Fv2%2Fproduct&context=edit&offset=0&order=asc&orderby=title&per_page=10&postType=product&__woocommerceStockStatus%5B0%5D=instock&__woocommerceStockStatus%5B1%5D=outofstock&__woocommerceStockStatus%5B2%5D=onbackorder&_locale=user HTTP/1.1" 200 32237 "https://talmedos.com/wp-admin/site-editor.php?postType=wp_template&postId=woocommerce%2Fwoocommerce%2F%2Farchive-product" "Mozilla/5.0 (Macintosh; Intel Mac OS X 10_15_7) AppleWebKit/537.36 (KHTML, like Gecko) Chrome/118.0.0.0 Safari/537.36"
5.179.80.205 - - [31/Oct/2023:15:51:17 +0000] "GET /wp-content/uploads/woocommerce-placeholder.png HTTP/1.1" 200 103109 "-" "Mozilla/5.0 (Macintosh; Intel Mac OS X 10_15_7) AppleWebKit/537.36 (KHTML, like Gecko) Chrome/118.0.0.0 Safari/537.36"
5.179.80.205 - - [31/Oct/2023:15:51:15 +0000] "GET /index.php?rest_route=/wp/v2/pages&context=view&parent=0&order=asc&orderby=id&per_page=100&_locale=user HTTP/1.1" 200 8732 "https://talmedos.com/wp-admin/site-editor.php?postType=wp_template&postId=woocommerce%2Fwoocommerce%2F%2Farchive-product" "Mozilla/5.0 (Macintosh; Intel Mac OS X 10_15_7) AppleWebKit/537.36 (KHTML, like Gecko) Chrome/118.0.0.0 Safari/537.36"
5.179.80.205 - - [31/Oct/2023:15:51:15 +0000] "GET /index.php?rest_route=%2Fwp%2Fv2%2Fpages&context=edit&per_page=100&_fields=id%2Clink%2Cmenu_order%2Cparent%2Ctitle%2Ctype&orderby=menu_order&order=asc&_locale=user HTTP/1.1" 200 1285 "https://talmedos.com/wp-admin/site-editor.php?postType=wp_template&postId=woocommerce%2Fwoocommerce%2F%2Farchive-product" "Mozilla/5.0 (Macintosh; Intel Mac OS X 10_15_7) AppleWebKit/537.36 (KHTML, like Gecko) Chrome/118.0.0.0 Safari/537.36"
5.179.80.205 - - [31/Oct/2023:15:51:17 +0000] "GET /index.php?rest_route=%2Fwc%2Fstore%2Fv1&_locale=user HTTP/1.1" 200 37255 "https://talmedos.com/wp-admin/site-editor.php?postType=wp_template&postId=woocommerce%2Fwoocommerce%2F%2Farchive-product" "Mozilla/5.0 (Macintosh; Intel Mac OS X 10_15_7) AppleWebKit/537.36 (KHTML, like Gecko) Chrome/118.0.0.0 Safari/537.36"
5.179.80.205 - - [31/Oct/2023:15:51:16 +0000] "GET /index.php?rest_route=%2Fwpcom%2Fv2%2Fexternal-media%2Flist%2Fgoogle_photos&search=mountain&number=10&path=recent&_locale=user HTTP/1.1" 500 776 "-" "Mozilla/5.0 (Macintosh; Intel Mac OS X 10_15_7) AppleWebKit/537.36 (KHTML, like Gecko) Chrome/118.0.0.0 Safari/537.36"
5.179.80.205 - - [31/Oct/2023:15:51:17 +0000] "GET /index.php?rest_route=%2Fwc%2Fstore%2Fv1%2Fproducts&include=49&_locale=user HTTP/1.1" 200 3495 "https://talmedos.com/wp-admin/site-editor.php?postType=wp_template&postId=woocommerce%2Fwoocommerce%2F%2Farchive-product" "Mozilla/5.0 (Macintosh; Intel Mac OS X 10_15_7) AppleWebKit/537.36 (KHTML, like Gecko) Chrome/118.0.0.0 Safari/537.36"
5.179.80.205 - - [31/Oct/2023:15:51:17 +0000] "GET /index.php?rest_route=%2Fwc%2Fstore%2Fv1%2Fproducts&include=58&_locale=user HTTP/1.1" 200 3621 "https://talmedos.com/wp-admin/site-editor.php?postType=wp_template&postId=woocommerce%2Fwoocommerce%2F%2Farchive-product" "Mozilla/5.0 (Macintosh; Intel Mac OS X 10_15_7) AppleWebKit/537.36 (KHTML, like Gecko) Chrome/118.0.0.0 Safari/537.36"
5.179.80.205 - - [31/Oct/2023:15:51:17 +0000] "GET /index.php?rest_route=%2Fwc%2Fstore%2Fv1%2Fproducts&include=43&_locale=user HTTP/1.1" 200 3437 "https://talmedos.com/wp-admin/site-editor.php?postType=wp_template&postId=woocommerce%2Fwoocommerce%2F%2Farchive-product" "Mozilla/5.0 (Macintosh; Intel Mac OS X 10_15_7) AppleWebKit/537.36 (KHTML, like Gecko) Chrome/118.0.0.0 Safari/537.36"
5.179.80.205 - - [31/Oct/2023:15:51:17 +0000] "GET /index.php?rest_route=%2Fwc%2Fstore%2Fv1%2Fproducts&include=41&_locale=user HTTP/1.1" 200 3476 "https://talmedos.com/wp-admin/site-editor.php?postType=wp_template&postId=woocommerce%2Fwoocommerce%2F%2Farchive-product" "Mozilla/5.0 (Macintosh; Intel Mac OS X 10_15_7) AppleWebKit/537.36 (KHTML, like Gecko) Chrome/118.0.0.0 Safari/537.36"
5.179.80.205 - - [31/Oct/2023:15:51:17 +0000] "GET /index.php?rest_route=%2Fwc%2Fstore%2Fv1%2Fproducts&include=42&_locale=user HTTP/1.1" 200 3332 "https://talmedos.com/wp-admin/site-editor.php?postType=wp_template&postId=woocommerce%2Fwoocommerce%2F%2Farchive-product" "Mozilla/5.0 (Macintosh; Intel Mac OS X 10_15_7) AppleWebKit/537.36 (KHTML, like Gecko) Chrome/118.0.0.0 Safari/537.36"
5.179.80.205 - - [31/Oct/2023:15:51:17 +0000] "GET /index.php?rest_route=%2Fwc%2Fstore%2Fv1%2Fproducts&include=38&_locale=user HTTP/1.1" 200 7248 "https://talmedos.com/wp-admin/site-editor.php?postType=wp_template&postId=woocommerce%2Fwoocommerce%2F%2Farchive-product" "Mozilla/5.0 (Macintosh; Intel Mac OS X 10_15_7) AppleWebKit/537.36 (KHTML, like Gecko) Chrome/118.0.0.0 Safari/537.36"
5.179.80.205 - - [31/Oct/2023:15:51:19 +0000] "GET /wp-content/uploads/2023/10/album-1.jpg HTTP/1.1" 200 120498 "-" "Mozilla/5.0 (Macintosh; Intel Mac OS X 10_15_7) AppleWebKit/537.36 (KHTML, like Gecko) Chrome/118.0.0.0 Safari/537.36"
5.179.80.205 - - [31/Oct/2023:15:51:19 +0000] "GET /index.php?rest_route=%2Fwc%2Fstore%2Fv1%2Fproducts&include=39&_locale=user HTTP/1.1" 200 3450 "https://talmedos.com/wp-admin/site-editor.php?postType=wp_template&postId=woocommerce%2Fwoocommerce%2F%2Farchive-product" "Mozilla/5.0 (Macintosh; Intel Mac OS X 10_15_7) AppleWebKit/537.36 (KHTML, like Gecko) Chrome/118.0.0.0 Safari/537.36"
5.179.80.205 - - [31/Oct/2023:15:51:19 +0000] "GET /index.php?rest_route=%2Fwc%2Fstore%2Fv1%2Fproducts&include=45&_locale=user HTTP/1.1" 200 3646 "https://talmedos.com/wp-admin/site-editor.php?postType=wp_template&postId=woocommerce%2Fwoocommerce%2F%2Farchive-product" "Mozilla/5.0 (Macintosh; Intel Mac OS X 10_15_7) AppleWebKit/537.36 (KHTML, like Gecko) Chrome/118.0.0.0 Safari/537.36"
5.179.80.205 - - [31/Oct/2023:15:51:19 +0000] "GET /index.php?rest_route=%2Fwc%2Fstore%2Fv1%2Fproducts&include=46&_locale=user HTTP/1.1" 200 3364 "https://talmedos.com/wp-admin/site-editor.php?postType=wp_template&postId=woocommerce%2Fwoocommerce%2F%2Farchive-product" "Mozilla/5.0 (Macintosh; Intel Mac OS X 10_15_7) AppleWebKit/537.36 (KHTML, like Gecko) Chrome/118.0.0.0 Safari/537.36"
5.179.80.205 - - [31/Oct/2023:15:51:19 +0000] "GET /index.php?rest_route=%2Fwc%2Fstore%2Fv1%2Fproducts&include=59&_locale=user HTTP/1.1" 200 6178 "https://talmedos.com/wp-admin/site-editor.php?postType=wp_template&postId=woocommerce%2Fwoocommerce%2F%2Farchive-product" "Mozilla/5.0 (Macintosh; Intel Mac OS X 10_15_7) AppleWebKit/537.36 (KHTML, like Gecko) Chrome/118.0.0.0 Safari/537.36"
5.179.80.205 - - [31/Oct/2023:15:51:19 +0000] "GET /index.php?rest_route=%2Fwc%2Fstore%2Fv1%2Fcart&_locale=user HTTP/1.1" 200 2163 "https://talmedos.com/wp-admin/site-editor.php?postType=wp_template&postId=woocommerce%2Fwoocommerce%2F%2Farchive-product" "Mozilla/5.0 (Macintosh; Intel Mac OS X 10_15_7) AppleWebKit/537.36 (KHTML, like Gecko) Chrome/118.0.0.0 Safari/537.36"
5.179.80.205 - - [31/Oct/2023:15:51:21 +0000] "GET /wp-content/uploads/2023/10/logo-1.jpg HTTP/1.1" 200 140417 "-" "Mozilla/5.0 (Macintosh; Intel Mac OS X 10_15_7) AppleWebKit/537.36 (KHTML, like Gecko) Chrome/118.0.0.0 Safari/537.36"
5.179.80.205 - - [31/Oct/2023:15:51:21 +0000] "GET /wp-content/uploads/2023/10/hoodie-with-pocket-2.jpg HTTP/1.1" 200 43644 "-" "Mozilla/5.0 (Macintosh; Intel Mac OS X 10_15_7) AppleWebKit/537.36 (KHTML, like Gecko) Chrome/118.0.0.0 Safari/537.36"
46.101.144.32 - - [31/Oct/2023:15:51:34 +0000] "POST /wp-cron.php?doing_wp_cron=1698767494.8226490020751953125000 HTTP/1.1" 200 3995 "-" "WordPress/6.3.2; https://talmedos.com"
5.179.80.205 - - [31/Oct/2023:15:51:34 +0000] "POST /index.php?rest_route=%2Fwp%2Fv2%2Fusers%2Fme&_locale=user HTTP/1.1" 200 6497 "https://talmedos.com/wp-admin/site-editor.php?postType=wp_template&postId=woocommerce%2Fwoocommerce%2F%2Farchive-product&canvas=edit" "Mozilla/5.0 (Macintosh; Intel Mac OS X 10_15_7) AppleWebKit/537.36 (KHTML, like Gecko) Chrome/118.0.0.0 Safari/537.36"
46.101.144.32 - - [31/Oct/2023:15:51:35 +0000] "GET /index.php?rest_route=%2Fjetpack%2Fv4%2Fsync%2Fspawn-sync&time=1698767495&request_lock_id=1698767495.2074 HTTP/1.1" 200 4032 "-" "WordPress/6.3.2; https://talmedos.com"
5.179.80.205 - - [31/Oct/2023:15:51:56 +0000] "GET /index.php?rest_route=%2Fwpcom%2Fv2%2Fexternal-media%2Flist%2Fgoogle_photos&search=mountain&number=10&path=recent&_locale=user HTTP/1.1" 500 1287 "-" "Mozilla/5.0 (Macintosh; Intel Mac OS X 10_15_7) AppleWebKit/537.36 (KHTML, like Gecko) Chrome/118.0.0.0 Safari/537.36"
46.101.144.32 - - [31/Oct/2023:15:51:56 +0000] "GET /index.php?rest_route=%2Fjetpack%2Fv4%2Fsync%2Fspawn-sync&time=1698767516&request_lock_id=1698767516.6287 HTTP/1.1" 200 4032 "-" "WordPress/6.3.2; https://talmedos.com"
5.179.80.205 - - [31/Oct/2023:15:51:56 +0000] "POST /index.php?rest_route=%2Fwp%2Fv2%2Fusers%2Fme&_locale=user HTTP/1.1" 200 6499 "https://talmedos.com/wp-admin/site-editor.php?postType=wp_template&postId=woocommerce%2Fwoocommerce%2F%2Farchive-product&canvas=edit" "Mozilla/5.0 (Macintosh; Intel Mac OS X 10_15_7) AppleWebKit/537.36 (KHTML, like Gecko) Chrome/118.0.0.0 Safari/537.36"
5.179.80.205 - - [31/Oct/2023:15:51:59 +0000] "OPTIONS /index.php?rest_route=%2Fwp%2Fv2%2Ftemplates&_locale=user HTTP/1.1" 200 5927 "https://talmedos.com/wp-admin/site-editor.php?postType=wp_template&postId=woocommerce%2Fwoocommerce%2F%2Farchive-product&canvas=edit" "Mozilla/5.0 (Macintosh; Intel Mac OS X 10_15_7) AppleWebKit/537.36 (KHTML, like Gecko) Chrome/118.0.0.0 Safari/537.36"
46.101.144.32 - - [31/Oct/2023:15:52:07 +0000] "POST /wp-cron.php?doing_wp_cron=1698767527.3860700130462646484375 HTTP/1.1" 200 3995 "-" "WordPress/6.3.2; https://talmedos.com"
5.179.80.205 - - [31/Oct/2023:15:52:07 +0000] "POST /wp-admin/admin-ajax.php HTTP/1.1" 200 1129 "https://talmedos.com/wp-admin/site-editor.php?postType=wp_template&postId=woocommerce%2Fwoocommerce%2F%2Farchive-product&canvas=edit" "Mozilla/5.0 (Macintosh; Intel Mac OS X 10_15_7) AppleWebKit/537.36 (KHTML, like Gecko) Chrome/118.0.0.0 Safari/537.36"
5.179.80.205 - - [31/Oct/2023:15:52:31 +0000] "GET /wp-admin/index.php HTTP/1.1" 200 35296 "https://talmedos.com/wp-admin/site-editor.php?postType=wp_template&postId=woocommerce%2Fwoocommerce%2F%2Farchive-product" "Mozilla/5.0 (Macintosh; Intel Mac OS X 10_15_7) AppleWebKit/537.36 (KHTML, like Gecko) Chrome/118.0.0.0 Safari/537.36"
5.179.80.205 - - [31/Oct/2023:15:52:32 +0000] "GET /wp-admin/load-styles.php?c=0&dir=ltr&load%5Bchunk_0%5D=dashicons,admin-bar,site-health,common,forms,admin-menu,dashboard,list-tables,edit,revisions,media,themes,about,nav-menus,wp-poi&load%5Bchunk_1%5D=nter,widgets,site-icon,l10n,buttons,wp-auth-check&ver=6.3.2 HTTP/1.1" 200 101724 "https://talmedos.com/wp-admin/index.php" "Mozilla/5.0 (Macintosh; Intel Mac OS X 10_15_7) AppleWebKit/537.36 (KHTML, like Gecko) Chrome/118.0.0.0 Safari/537.36"
5.179.80.205 - - [31/Oct/2023:15:52:33 +0000] "GET /index.php?rest_route=/jetpack/v4/jitm&message_path=wp%3Adashboard%3Aadmin_notices&query=&full_jp_logo_exists=false&_wpnonce=afaa5a6283 HTTP/1.1" 200 1896 "https://talmedos.com/wp-admin/index.php" "Mozilla/5.0 (Macintosh; Intel Mac OS X 10_15_7) AppleWebKit/537.36 (KHTML, like Gecko) Chrome/118.0.0.0 Safari/537.36"
5.179.80.205 - - [31/Oct/2023:15:52:33 +0000] "GET /index.php?rest_route=/jetpack/v4/module/akismet/data&_locale=da HTTP/1.1" 200 4365 "https://talmedos.com/wp-admin/index.php" "Mozilla/5.0 (Macintosh; Intel Mac OS X 10_15_7) AppleWebKit/537.36 (KHTML, like Gecko) Chrome/118.0.0.0 Safari/537.36"
5.179.80.205 - - [31/Oct/2023:15:52:33 +0000] "GET /index.php?rest_route=/jetpack/v4/module/protect/data&_locale=da HTTP/1.1" 200 4356 "https://talmedos.com/wp-admin/index.php" "Mozilla/5.0 (Macintosh; Intel Mac OS X 10_15_7) AppleWebKit/537.36 (KHTML, like Gecko) Chrome/118.0.0.0 Safari/537.36"
5.179.80.205 - - [31/Oct/2023:15:52:33 +0000] "GET /index.php?rest_route=/jetpack/v4/stats-app/sites/224548755/stats/top-posts&locale=da&period=day&num=7&date=2023-10-31&summarize=1&max=0 HTTP/1.1" 200 1582 "https://talmedos.com/wp-admin/index.php" "Mozilla/5.0 (Macintosh; Intel Mac OS X 10_15_7) AppleWebKit/537.36 (KHTML, like Gecko) Chrome/118.0.0.0 Safari/537.36"
5.179.80.205 - - [31/Oct/2023:15:52:33 +0000] "GET /index.php?rest_route=/jetpack/v4/stats-app/sites/224548755/stats/visits&locale=da&unit=day&quantity=7&date=2023-10-31&stat_fields=views%2Cvisitors HTTP/1.1" 200 1415 "https://talmedos.com/wp-admin/index.php" "Mozilla/5.0 (Macintosh; Intel Mac OS X 10_15_7) AppleWebKit/537.36 (KHTML, like Gecko) Chrome/118.0.0.0 Safari/537.36"
5.179.80.205 - - [31/Oct/2023:15:52:33 +0000] "GET /index.php?rest_route=/jetpack/v4/stats-app/sites/224548755/stats/referrers&locale=da&period=day&num=7&date=2023-10-31&summarize=1&max=0 HTTP/1.1" 200 4445 "https://talmedos.com/wp-admin/index.php" "Mozilla/5.0 (Macintosh; Intel Mac OS X 10_15_7) AppleWebKit/537.36 (KHTML, like Gecko) Chrome/118.0.0.0 Safari/537.36"
5.179.80.205 - - [31/Oct/2023:15:52:36 +0000] "GET /wp-admin/edit.php?post_type=page HTTP/1.1" 200 19593 "https://talmedos.com/wp-admin/index.php" "Mozilla/5.0 (Macintosh; Intel Mac OS X 10_15_7) AppleWebKit/537.36 (KHTML, like Gecko) Chrome/118.0.0.0 Safari/537.36"
5.179.80.205 - - [31/Oct/2023:15:52:36 +0000] "GET /wp-admin/load-styles.php?c=0&dir=ltr&load%5Bchunk_0%5D=dashicons,admin-bar,common,forms,admin-menu,dashboard,list-tables,edit,revisions,media,themes,about,nav-menus,wp-pointer,widgets&load%5Bchunk_1%5D=,site-icon,l10n,buttons,wp-auth-check&ver=6.3.2 HTTP/1.1" 200 100585 "https://talmedos.com/wp-admin/edit.php?post_type=page" "Mozilla/5.0 (Macintosh; Intel Mac OS X 10_15_7) AppleWebKit/537.36 (KHTML, like Gecko) Chrome/118.0.0.0 Safari/537.36"
5.179.80.205 - - [31/Oct/2023:15:52:37 +0000] "POST /wp-admin/admin-ajax.php HTTP/1.1" 200 617 "https://talmedos.com/wp-admin/edit.php?post_type=page" "Mozilla/5.0 (Macintosh; Intel Mac OS X 10_15_7) AppleWebKit/537.36 (KHTML, like Gecko) Chrome/118.0.0.0 Safari/537.36"
5.179.80.205 - - [31/Oct/2023:15:52:37 +0000] "GET /index.php?rest_route=/jetpack/v4/jitm&message_path=wp%3Aedit-page%3Aadmin_notices&query=post_type%253Dpage&full_jp_logo_exists=false&_wpnonce=afaa5a6283 HTTP/1.1" 200 693 "https://talmedos.com/wp-admin/edit.php?post_type=page" "Mozilla/5.0 (Macintosh; Intel Mac OS X 10_15_7) AppleWebKit/537.36 (KHTML, like Gecko) Chrome/118.0.0.0 Safari/537.36"
5.179.80.205 - - [31/Oct/2023:15:52:40 +0000] "GET /wp-admin/load-styles.php?c=0&dir=ltr&load%5Bchunk_0%5D=dashicons,admin-bar,buttons,media-views,editor-buttons,wp-components,wp-block-editor,wp-reusable-blocks,wp-editor,common,forms,w&load%5Bchunk_1%5D=p-reset-editor-styles,wp-block-library,wp-block-editor-content,wp-edit-blocks,wp-commands,wp-edit-post,wp-block-directory,wp-for&load%5Bchunk_2%5D=mat-library,admin-menu,dashboard,list-tables,edit,revisions,media,themes,about,nav-menus,wp-pointer,widgets,site-icon,l10n,wp-au&load%5Bchunk_3%5D=th-check,wp-block-library-theme&ver=6.3.2 HTTP/1.1" 200 180672 "https://talmedos.com/wp-admin/post-new.php?post_type=page" "Mozilla/5.0 (Macintosh; Intel Mac OS X 10_15_7) AppleWebKit/537.36 (KHTML, like Gecko) Chrome/118.0.0.0 Safari/537.36"
5.179.80.205 - - [31/Oct/2023:15:52:39 +0000] "GET /wp-admin/post-new.php?post_type=page HTTP/1.1" 200 273238 "https://talmedos.com/wp-admin/edit.php?post_type=page" "Mozilla/5.0 (Macintosh; Intel Mac OS X 10_15_7) AppleWebKit/537.36 (KHTML, like Gecko) Chrome/118.0.0.0 Safari/537.36"
5.179.80.205 - - [31/Oct/2023:15:52:42 +0000] "GET /wp-includes/js/tinymce/tinymce.min.js?ver=49110-20201110 HTTP/1.1" 200 125844 "https://talmedos.com/wp-admin/post-new.php?post_type=page" "Mozilla/5.0 (Macintosh; Intel Mac OS X 10_15_7) AppleWebKit/537.36 (KHTML, like Gecko) Chrome/118.0.0.0 Safari/537.36"
46.101.144.32 - - [31/Oct/2023:15:52:40 +0000] "GET /index.php?rest_route=%2Fjetpack%2Fv4%2Fsync%2Fspawn-sync&time=1698767560&request_lock_id=1698767560.7811 HTTP/1.1" 200 4032 "-" "WordPress/6.3.2; https://talmedos.com"
5.179.80.205 - - [31/Oct/2023:15:52:41 +0000] "GET /index.php?rest_route=%2Fwpcom%2Fv2%2Fexternal-media%2Flist%2Fgoogle_photos&search=mountain&number=10&path=recent&_locale=user HTTP/1.1" 500 776 "https://talmedos.com/wp-admin/post-new.php?post_type=page" "Mozilla/5.0 (Macintosh; Intel Mac OS X 10_15_7) AppleWebKit/537.36 (KHTML, like Gecko) Chrome/118.0.0.0 Safari/537.36"
5.179.80.205 - - [31/Oct/2023:15:52:43 +0000] "GET /?page_id=92&_wp-find-template=true&_locale=user HTTP/1.1" 200 6189 "https://talmedos.com/wp-admin/post-new.php?post_type=page" "Mozilla/5.0 (Macintosh; Intel Mac OS X 10_15_7) AppleWebKit/537.36 (KHTML, like Gecko) Chrome/118.0.0.0 Safari/537.36"
5.179.80.205 - - [31/Oct/2023:15:52:42 +0000] "GET /index.php?rest_route=%2Fwpcom%2Fv2%2Fjetpack-ai%2Fai-assistant-feature&_locale=user HTTP/1.1" 200 884 "https://talmedos.com/wp-admin/post-new.php?post_type=page" "Mozilla/5.0 (Macintosh; Intel Mac OS X 10_15_7) AppleWebKit/537.36 (KHTML, like Gecko) Chrome/118.0.0.0 Safari/537.36"
5.179.80.205 - - [31/Oct/2023:15:52:43 +0000] "GET /index.php?rest_route=/wp/v2/blocks&context=edit&per_page=100&_locale=user HTTP/1.1" 200 1240 "https://talmedos.com/wp-admin/post-new.php?post_type=page" "Mozilla/5.0 (Macintosh; Intel Mac OS X 10_15_7) AppleWebKit/537.36 (KHTML, like Gecko) Chrome/118.0.0.0 Safari/537.36"
5.179.80.205 - - [31/Oct/2023:15:52:43 +0000] "GET /index.php?rest_route=%2Fjetpack%2Fv4%2Fmodule%2Fall&_locale=user HTTP/1.1" 200 78256 "https://talmedos.com/wp-admin/post-new.php?post_type=page" "Mozilla/5.0 (Macintosh; Intel Mac OS X 10_15_7) AppleWebKit/537.36 (KHTML, like Gecko) Chrome/118.0.0.0 Safari/537.36"
5.179.80.205 - - [31/Oct/2023:15:52:43 +0000] "GET /index.php?rest_route=%2Fwp%2Fv2%2Fblock-patterns%2Fcategories&_locale=user HTTP/1.1" 200 6404 "https://talmedos.com/wp-admin/post-new.php?post_type=page" "Mozilla/5.0 (Macintosh; Intel Mac OS X 10_15_7) AppleWebKit/537.36 (KHTML, like Gecko) Chrome/118.0.0.0 Safari/537.36"
5.179.80.205 - - [31/Oct/2023:15:52:43 +0000] "GET /index.php?rest_route=%2Fwp%2Fv2%2Fblock-patterns%2Fpatterns&_locale=user HTTP/1.1" 200 526380 "https://talmedos.com/wp-admin/post-new.php?post_type=page" "Mozilla/5.0 (Macintosh; Intel Mac OS X 10_15_7) AppleWebKit/537.36 (KHTML, like Gecko) Chrome/118.0.0.0 Safari/537.36"
5.179.80.205 - - [31/Oct/2023:15:52:44 +0000] "GET /index.php?rest_route=%2F&_fields=description%2Cgmt_offset%2Chome%2Cname%2Csite_icon%2Csite_icon_url%2Csite_logo%2Ctimezone_string%2Curl&_locale=user HTTP/1.1" 200 1175 "https://talmedos.com/wp-admin/post-new.php?post_type=page" "Mozilla/5.0 (Macintosh; Intel Mac OS X 10_15_7) AppleWebKit/537.36 (KHTML, like Gecko) Chrome/118.0.0.0 Safari/537.36"
5.179.80.205 - - [31/Oct/2023:15:52:44 +0000] "GET /index.php?rest_route=%2Fwp%2Fv2%2Ftemplates%2Ftwentytwentytwo%2F%2Fpage&context=edit&_locale=user HTTP/1.1" 200 3158 "https://talmedos.com/wp-admin/post-new.php?post_type=page" "Mozilla/5.0 (Macintosh; Intel Mac OS X 10_15_7) AppleWebKit/537.36 (KHTML, like Gecko) Chrome/118.0.0.0 Safari/537.36"
5.179.80.205 - - [31/Oct/2023:15:52:44 +0000] "GET /index.php?rest_route=%2Fjetpack%2Fv4%2Fmodule%2Fall&_locale=user HTTP/1.1" 200 77744 "https://talmedos.com/wp-admin/post-new.php?post_type=page" "Mozilla/5.0 (Macintosh; Intel Mac OS X 10_15_7) AppleWebKit/537.36 (KHTML, like Gecko) Chrome/118.0.0.0 Safari/537.36"
46.101.144.32 - - [31/Oct/2023:15:53:42 +0000] "POST /wp-cron.php?doing_wp_cron=1698767622.9371170997619628906250 HTTP/1.1" 200 3995 "-" "WordPress/6.3.2; https://talmedos.com"
5.179.80.205 - - [31/Oct/2023:15:53:42 +0000] "POST /wp-admin/admin-ajax.php HTTP/1.1" 200 1180 "https://talmedos.com/wp-admin/post-new.php?post_type=page" "Mozilla/5.0 (Macintosh; Intel Mac OS X 10_15_7) AppleWebKit/537.36 (KHTML, like Gecko) Chrome/118.0.0.0 Safari/537.36"
46.101.144.32 - - [31/Oct/2023:15:54:27 +0000] "POST /wp-cron.php?doing_wp_cron=1698767667.4478840827941894531250 HTTP/1.1" 200 3995 "-" "WordPress/6.3.2; https://talmedos.com"
192.0.102.40 - - [31/Oct/2023:15:54:27 +0000] "HEAD / HTTP/1.1" 200 3915 "-" "jetmon/1.0 (Jetpack Site Uptime Monitor by WordPress.com)"
46.101.144.32 - - [31/Oct/2023:15:55:42 +0000] "POST /wp-cron.php?doing_wp_cron=1698767742.9632730484008789062500 HTTP/1.1" 200 3995 "-" "WordPress/6.3.2; https://talmedos.com"
5.179.80.205 - - [31/Oct/2023:15:55:42 +0000] "POST /wp-admin/admin-ajax.php HTTP/1.1" 200 1180 "https://talmedos.com/wp-admin/post-new.php?post_type=page" "Mozilla/5.0 (Macintosh; Intel Mac OS X 10_15_7) AppleWebKit/537.36 (KHTML, like Gecko) Chrome/118.0.0.0 Safari/537.36"
46.101.144.32 - - [31/Oct/2023:15:57:42 +0000] "POST /wp-cron.php?doing_wp_cron=1698767862.9242520332336425781250 HTTP/1.1" 200 3995 "-" "WordPress/6.3.2; https://talmedos.com"
5.179.80.205 - - [31/Oct/2023:15:57:42 +0000] "POST /wp-admin/admin-ajax.php HTTP/1.1" 200 1180 "https://talmedos.com/wp-admin/post-new.php?post_type=page" "Mozilla/5.0 (Macintosh; Intel Mac OS X 10_15_7) AppleWebKit/537.36 (KHTML, like Gecko) Chrome/118.0.0.0 Safari/537.36"
46.101.144.32 - - [31/Oct/2023:15:59:28 +0000] "POST /wp-cron.php?doing_wp_cron=1698767968.8326818943023681640625 HTTP/1.1" 200 3995 "-" "WordPress/6.3.2; https://talmedos.com"
192.0.102.40 - - [31/Oct/2023:15:59:28 +0000] "HEAD / HTTP/1.1" 200 3915 "-" "jetmon/1.0 (Jetpack Site Uptime Monitor by WordPress.com)"
5.179.80.205 - - [31/Oct/2023:15:59:42 +0000] "POST /wp-admin/admin-ajax.php HTTP/1.1" 200 1180 "https://talmedos.com/wp-admin/post-new.php?post_type=page" "Mozilla/5.0 (Macintosh; Intel Mac OS X 10_15_7) AppleWebKit/537.36 (KHTML, like Gecko) Chrome/118.0.0.0 Safari/537.36"
46.101.144.32 - - [31/Oct/2023:16:01:42 +0000] "POST /wp-cron.php?doing_wp_cron=1698768102.9538769721984863281250 HTTP/1.1" 200 3995 "-" "WordPress/6.3.2; https://talmedos.com"
5.179.80.205 - - [31/Oct/2023:16:01:42 +0000] "POST /wp-admin/admin-ajax.php HTTP/1.1" 200 1180 "https://talmedos.com/wp-admin/post-new.php?post_type=page" "Mozilla/5.0 (Macintosh; Intel Mac OS X 10_15_7) AppleWebKit/537.36 (KHTML, like Gecko) Chrome/118.0.0.0 Safari/537.36"
46.101.144.32 - - [31/Oct/2023:16:02:13 +0000] "POST /wp-cron.php?doing_wp_cron=1698768133.3208489418029785156250 HTTP/1.1" 200 3995 "-" "WordPress/6.3.2; https://talmedos.com"
5.179.80.205 - - [31/Oct/2023:16:02:13 +0000] "GET / HTTP/1.1" 200 14416 "-" "Mozilla/5.0 (Macintosh; Intel Mac OS X 10_15_7) AppleWebKit/537.36 (KHTML, like Gecko) Chrome/118.0.0.0 Safari/537.36"
5.179.80.205 - - [31/Oct/2023:16:02:13 +0000] "GET /wp-admin/admin.php?page=stats&noheader&proxy&chart=admin-bar-hours-scale HTTP/1.1" 200 689 "https://talmedos.com/" "Mozilla/5.0 (Macintosh; Intel Mac OS X 10_15_7) AppleWebKit/537.36 (KHTML, like Gecko) Chrome/118.0.0.0 Safari/537.36"
5.179.80.205 - - [31/Oct/2023:16:02:16 +0000] "GET /wp-admin/about.php HTTP/1.1" 200 18791 "https://talmedos.com/" "Mozilla/5.0 (Macintosh; Intel Mac OS X 10_15_7) AppleWebKit/537.36 (KHTML, like Gecko) Chrome/118.0.0.0 Safari/537.36"
5.179.80.205 - - [31/Oct/2023:16:02:16 +0000] "GET /wp-admin/images/about-release-badge.svg?ver=6.3 HTTP/1.1" 200 4072 "https://talmedos.com/wp-admin/about.php" "Mozilla/5.0 (Macintosh; Intel Mac OS X 10_15_7) AppleWebKit/537.36 (KHTML, like Gecko) Chrome/118.0.0.0 Safari/537.36"
5.179.80.205 - - [31/Oct/2023:16:02:16 +0000] "GET /wp-admin/images/about-header-about.svg?ver=6.3 HTTP/1.1" 200 3478 "https://talmedos.com/wp-admin/load-styles.php?c=0&dir=ltr&load%5Bchunk_0%5D=dashicons,admin-bar,common,forms,admin-menu,dashboard,list-tables,edit,revisions,media,themes,about,nav-menus,wp-pointer,widgets&load%5Bchunk_1%5D=,site-icon,l10n,buttons,wp-auth-check&ver=6.3.2" "Mozilla/5.0 (Macintosh; Intel Mac OS X 10_15_7) AppleWebKit/537.36 (KHTML, like Gecko) Chrome/118.0.0.0 Safari/537.36"
5.179.80.205 - - [31/Oct/2023:16:02:16 +0000] "GET /index.php?rest_route=/jetpack/v4/jitm&message_path=wp%3Aabout%3Aadmin_notices&query=&full_jp_logo_exists=false&_wpnonce=afaa5a6283 HTTP/1.1" 200 693 "https://talmedos.com/wp-admin/about.php" "Mozilla/5.0 (Macintosh; Intel Mac OS X 10_15_7) AppleWebKit/537.36 (KHTML, like Gecko) Chrome/118.0.0.0 Safari/537.36"
5.179.80.205 - - [31/Oct/2023:16:02:21 +0000] "GET /wp-admin/themes.php HTTP/1.1" 200 22302 "https://talmedos.com/wp-admin/about.php" "Mozilla/5.0 (Macintosh; Intel Mac OS X 10_15_7) AppleWebKit/537.36 (KHTML, like Gecko) Chrome/118.0.0.0 Safari/537.36"
46.101.144.32 - - [31/Oct/2023:16:02:21 +0000] "GET /index.php?rest_route=%2Fjetpack%2Fv4%2Fsync%2Fspawn-sync&time=1698768141&request_lock_id=1698768141.9646 HTTP/1.1" 200 4032 "-" "WordPress/6.3.2; https://talmedos.com"
5.179.80.205 - - [31/Oct/2023:16:02:23 +0000] "GET /wp-content/themes/twentytwentytwo/screenshot.png?ver=1.5 HTTP/1.1" 200 162821 "https://talmedos.com/wp-admin/themes.php" "Mozilla/5.0 (Macintosh; Intel Mac OS X 10_15_7) AppleWebKit/537.36 (KHTML, like Gecko) Chrome/118.0.0.0 Safari/537.36"
5.179.80.205 - - [31/Oct/2023:16:02:23 +0000] "GET /wp-includes/js/customize-base.min.js?ver=6.3.2 HTTP/1.1" 200 3424 "https://talmedos.com/wp-admin/themes.php" "Mozilla/5.0 (Macintosh; Intel Mac OS X 10_15_7) AppleWebKit/537.36 (KHTML, like Gecko) Chrome/118.0.0.0 Safari/537.36"
5.179.80.205 - - [31/Oct/2023:16:02:23 +0000] "GET /wp-content/themes/gutenshop/screenshot.png?ver=8.1 HTTP/1.1" 200 1266735 "https://talmedos.com/wp-admin/themes.php" "Mozilla/5.0 (Macintosh; Intel Mac OS X 10_15_7) AppleWebKit/537.36 (KHTML, like Gecko) Chrome/118.0.0.0 Safari/537.36"
5.179.80.205 - - [31/Oct/2023:16:02:23 +0000] "GET /wp-admin/js/theme.min.js?ver=6.3.2 HTTP/1.1" 200 7767 "https://talmedos.com/wp-admin/themes.php" "Mozilla/5.0 (Macintosh; Intel Mac OS X 10_15_7) AppleWebKit/537.36 (KHTML, like Gecko) Chrome/118.0.0.0 Safari/537.36"
5.179.80.205 - - [31/Oct/2023:16:02:23 +0000] "GET /wp-content/themes/ecommercely/screenshot.png?ver=1.4 HTTP/1.1" 200 815780 "https://talmedos.com/wp-admin/themes.php" "Mozilla/5.0 (Macintosh; Intel Mac OS X 10_15_7) AppleWebKit/537.36 (KHTML, like Gecko) Chrome/118.0.0.0 Safari/537.36"
5.179.80.205 - - [31/Oct/2023:16:02:23 +0000] "GET /wp-content/themes/naked-wordpress/screenshot.png?ver=1.0 HTTP/1.1" 200 19020 "https://talmedos.com/wp-admin/themes.php" "Mozilla/5.0 (Macintosh; Intel Mac OS X 10_15_7) AppleWebKit/537.36 (KHTML, like Gecko) Chrome/118.0.0.0 Safari/537.36"
5.179.80.205 - - [31/Oct/2023:16:02:23 +0000] "GET /wp-content/themes/twentytwentythree/screenshot.png?ver=1.2 HTTP/1.1" 200 95608 "https://talmedos.com/wp-admin/themes.php" "Mozilla/5.0 (Macintosh; Intel Mac OS X 10_15_7) AppleWebKit/537.36 (KHTML, like Gecko) Chrome/118.0.0.0 Safari/537.36"
5.179.80.205 - - [31/Oct/2023:16:02:23 +0000] "GET /wp-content/themes/twentytwentyone/screenshot.png?ver=1.9 HTTP/1.1" 200 283604 "https://talmedos.com/wp-admin/themes.php" "Mozilla/5.0 (Macintosh; Intel Mac OS X 10_15_7) AppleWebKit/537.36 (KHTML, like Gecko) Chrome/118.0.0.0 Safari/537.36"
5.179.80.205 - - [31/Oct/2023:16:02:23 +0000] "GET /wp-content/themes/wulfquiz/screenshot.png?ver=8.1 HTTP/1.1" 200 1270402 "https://talmedos.com/wp-admin/themes.php" "Mozilla/5.0 (Macintosh; Intel Mac OS X 10_15_7) AppleWebKit/537.36 (KHTML, like Gecko) Chrome/118.0.0.0 Safari/537.36"
5.179.80.205 - - [31/Oct/2023:16:02:23 +0000] "GET /index.php?rest_route=/jetpack/v4/jitm&message_path=wp%3Athemes%3Aadmin_notices&query=&full_jp_logo_exists=false&_wpnonce=afaa5a6283 HTTP/1.1" 200 1957 "https://talmedos.com/wp-admin/themes.php" "Mozilla/5.0 (Macintosh; Intel Mac OS X 10_15_7) AppleWebKit/537.36 (KHTML, like Gecko) Chrome/118.0.0.0 Safari/537.36"
46.101.144.32 - - [31/Oct/2023:16:02:28 +0000] "GET /wp-content/uploads/woocommerce_uploads/ HTTP/1.1" 403 4194 "-" "WordPress/6.3.2; https://talmedos.com"
5.179.80.205 - - [31/Oct/2023:16:02:28 +0000] "GET /wp-admin/themes.php?action=activate&stylesheet=naked-wordpress&_wpnonce=7fdea43708 HTTP/1.1" 302 511 "https://talmedos.com/wp-admin/themes.php" "Mozilla/5.0 (Macintosh; Intel Mac OS X 10_15_7) AppleWebKit/537.36 (KHTML, like Gecko) Chrome/118.0.0.0 Safari/537.36"
5.179.80.205 - - [31/Oct/2023:16:02:29 +0000] "GET /wp-admin/themes.php?activated=true HTTP/1.1" 200 22505 "https://talmedos.com/wp-admin/themes.php" "Mozilla/5.0 (Macintosh; Intel Mac OS X 10_15_7) AppleWebKit/537.36 (KHTML, like Gecko) Chrome/118.0.0.0 Safari/537.36"
46.101.144.32 - - [31/Oct/2023:16:02:28 +0000] "GET /index.php?rest_route=%2Fjetpack%2Fv4%2Fsync%2Fspawn-sync&time=1698768148&request_lock_id=1698768148.8291 HTTP/1.1" 200 4032 "-" "WordPress/6.3.2; https://talmedos.com"
46.101.144.32 - - [31/Oct/2023:16:02:30 +0000] "POST /wp-admin/admin-ajax.php?action=wp_1_wc_regenerate_images&nonce=b9f9ab76ae HTTP/1.1" 200 4149 "-" "WordPress/6.3.2; https://talmedos.com"
5.179.80.205 - - [31/Oct/2023:16:02:31 +0000] "GET /wp-content/themes/naked-wordpress/screenshot.png?ver=1.0 HTTP/1.1" 304 203 "https://talmedos.com/wp-admin/themes.php" "Mozilla/5.0 (Macintosh; Intel Mac OS X 10_15_7) AppleWebKit/537.36 (KHTML, like Gecko) Chrome/118.0.0.0 Safari/537.36"
46.101.144.32 - - [31/Oct/2023:16:02:30 +0000] "POST /wp-cron.php?doing_wp_cron=1698768150.3181788921356201171875 HTTP/1.1" 200 3995 "-" "WordPress/6.3.2; https://talmedos.com"
46.101.144.32 - - [31/Oct/2023:16:02:30 +0000] "POST /wp-admin/admin-ajax.php?action=wp_1_wc_regenerate_images&nonce=4a33db8178 HTTP/1.1" 200 4130 "-" "WordPress/6.3.2; https://talmedos.com"
46.101.144.32 - - [31/Oct/2023:16:02:30 +0000] "GET /index.php?rest_route=%2Fjetpack%2Fv4%2Fsync%2Fspawn-sync&time=1698768150&request_lock_id=1698768150.4073 HTTP/1.1" 200 4032 "-" "WordPress/6.3.2; https://talmedos.com"
5.179.80.205 - - [31/Oct/2023:16:02:31 +0000] "GET /index.php?rest_route=/jetpack/v4/jitm&message_path=wp%3Athemes%3Aadmin_notices&query=activated%253Dtrue&full_jp_logo_exists=false&_wpnonce=afaa5a6283 HTTP/1.1" 200 693 "https://talmedos.com/wp-admin/themes.php" "Mozilla/5.0 (Macintosh; Intel Mac OS X 10_15_7) AppleWebKit/537.36 (KHTML, like Gecko) Chrome/118.0.0.0 Safari/537.36"
46.101.144.32 - - [31/Oct/2023:16:02:31 +0000] "POST /wp-admin/admin-ajax.php?action=wp_1_wc_regenerate_images&nonce=4a33db8178 HTTP/1.1" 200 4130 "-" "WordPress/6.3.2; https://talmedos.com"
46.101.144.32 - - [31/Oct/2023:16:02:32 +0000] "POST /wp-admin/admin-ajax.php?action=wp_1_wc_regenerate_images&nonce=4a33db8178 HTTP/1.1" 200 4130 "-" "WordPress/6.3.2; https://talmedos.com"
46.101.144.32 - - [31/Oct/2023:16:02:33 +0000] "POST /wp-admin/admin-ajax.php?action=wp_1_wc_regenerate_images&nonce=4a33db8178 HTTP/1.1" 200 4130 "-" "WordPress/6.3.2; https://talmedos.com"
46.101.144.32 - - [31/Oct/2023:16:02:33 +0000] "POST /wp-admin/admin-ajax.php?action=wp_1_wc_regenerate_images&nonce=4a33db8178 HTTP/1.1" 200 4130 "-" "WordPress/6.3.2; https://talmedos.com"
46.101.144.32 - - [31/Oct/2023:16:02:34 +0000] "GET /index.php?rest_route=%2Fjetpack%2Fv4%2Fsync%2Fspawn-sync&time=1698768154&request_lock_id=1698768154.5026 HTTP/1.1" 200 4013 "-" "WordPress/6.3.2; https://talmedos.com"
46.101.144.32 - - [31/Oct/2023:16:02:31 +0000] "GET /index.php?rest_route=%2Fjetpack%2Fv4%2Fsync%2Fspawn-sync&time=1698768151&request_lock_id=1698768151.8694 HTTP/1.1" 200 4032 "-" "WordPress/6.3.2; https://talmedos.com"
46.101.144.32 - - [31/Oct/2023:16:02:33 +0000] "POST /wp-admin/admin-ajax.php?action=wp_1_wc_regenerate_images&nonce=4a33db8178 HTTP/1.1" 200 4130 "-" "WordPress/6.3.2; https://talmedos.com"
46.101.144.32 - - [31/Oct/2023:16:02:34 +0000] "POST /wp-admin/admin-ajax.php?action=wp_1_wc_regenerate_images&nonce=4a33db8178 HTTP/1.1" 200 4130 "-" "WordPress/6.3.2; https://talmedos.com"
46.101.144.32 - - [31/Oct/2023:16:02:35 +0000] "POST /wp-admin/admin-ajax.php?action=wp_1_wc_regenerate_images&nonce=4a33db8178 HTTP/1.1" 200 4130 "-" "WordPress/6.3.2; https://talmedos.com"
46.101.144.32 - - [31/Oct/2023:16:02:35 +0000] "POST /wp-admin/admin-ajax.php?action=wp_1_wc_regenerate_images&nonce=4a33db8178 HTTP/1.1" 200 4130 "-" "WordPress/6.3.2; https://talmedos.com"
46.101.144.32 - - [31/Oct/2023:16:02:36 +0000] "GET /index.php?rest_route=%2Fjetpack%2Fv4%2Fsync%2Fspawn-sync&time=1698768156&request_lock_id=1698768156.9642 HTTP/1.1" 200 4032 "-" "WordPress/6.3.2; https://talmedos.com"
46.101.144.32 - - [31/Oct/2023:16:02:34 +0000] "GET /index.php?rest_route=%2Fjetpack%2Fv4%2Fsync%2Fspawn-sync&time=1698768154&request_lock_id=1698768154.0286 HTTP/1.1" 200 4032 "-" "WordPress/6.3.2; https://talmedos.com"
46.101.144.32 - - [31/Oct/2023:16:02:36 +0000] "POST /wp-admin/admin-ajax.php?action=wp_1_wc_regenerate_images&nonce=4a33db8178 HTTP/1.1" 200 4130 "-" "WordPress/6.3.2; https://talmedos.com"
46.101.144.32 - - [31/Oct/2023:16:02:36 +0000] "POST /wp-admin/admin-ajax.php?action=wp_1_wc_regenerate_images&nonce=4a33db8178 HTTP/1.1" 200 4130 "-" "WordPress/6.3.2; https://talmedos.com"
46.101.144.32 - - [31/Oct/2023:16:02:36 +0000] "POST /wp-admin/admin-ajax.php?action=wp_1_wc_regenerate_images&nonce=4a33db8178 HTTP/1.1" 200 4130 "-" "WordPress/6.3.2; https://talmedos.com"
46.101.144.32 - - [31/Oct/2023:16:02:37 +0000] "POST /wp-admin/admin-ajax.php?action=wp_1_wc_regenerate_images&nonce=4a33db8178 HTTP/1.1" 200 4130 "-" "WordPress/6.3.2; https://talmedos.com"
46.101.144.32 - - [31/Oct/2023:16:02:37 +0000] "POST /wp-admin/admin-ajax.php?action=wp_1_wc_regenerate_images&nonce=4a33db8178 HTTP/1.1" 200 4130 "-" "WordPress/6.3.2; https://talmedos.com"
46.101.144.32 - - [31/Oct/2023:16:02:38 +0000] "POST /wp-admin/admin-ajax.php?action=wp_1_wc_regenerate_images&nonce=4a33db8178 HTTP/1.1" 200 4130 "-" "WordPress/6.3.2; https://talmedos.com"
46.101.144.32 - - [31/Oct/2023:16:02:38 +0000] "POST /wp-admin/admin-ajax.php?action=wp_1_wc_regenerate_images&nonce=4a33db8178 HTTP/1.1" 200 4130 "-" "WordPress/6.3.2; https://talmedos.com"
46.101.144.32 - - [31/Oct/2023:16:02:39 +0000] "POST /wp-admin/admin-ajax.php?action=wp_1_wc_regenerate_images&nonce=4a33db8178 HTTP/1.1" 200 4130 "-" "WordPress/6.3.2; https://talmedos.com"
46.101.144.32 - - [31/Oct/2023:16:02:39 +0000] "POST /wp-admin/admin-ajax.php?action=wp_1_wc_regenerate_images&nonce=4a33db8178 HTTP/1.1" 200 4130 "-" "WordPress/6.3.2; https://talmedos.com"
46.101.144.32 - - [31/Oct/2023:16:02:39 +0000] "POST /wp-admin/admin-ajax.php?action=wp_1_wc_regenerate_images&nonce=4a33db8178 HTTP/1.1" 200 4130 "-" "WordPress/6.3.2; https://talmedos.com"
46.101.144.32 - - [31/Oct/2023:16:02:40 +0000] "POST /wp-admin/admin-ajax.php?action=wp_1_wc_regenerate_images&nonce=4a33db8178 HTTP/1.1" 200 4130 "-" "WordPress/6.3.2; https://talmedos.com"
46.101.144.32 - - [31/Oct/2023:16:02:40 +0000] "POST /wp-admin/admin-ajax.php?action=wp_1_wc_regenerate_images&nonce=4a33db8178 HTTP/1.1" 200 4130 "-" "WordPress/6.3.2; https://talmedos.com"
5.179.80.205 - - [31/Oct/2023:16:02:41 +0000] "GET / HTTP/1.1" 200 9043 "-" "Mozilla/5.0 (Macintosh; Intel Mac OS X 10_15_7) AppleWebKit/537.36 (KHTML, like Gecko) Chrome/118.0.0.0 Safari/537.36"
46.101.144.32 - - [31/Oct/2023:16:02:41 +0000] "POST /wp-admin/admin-ajax.php?action=wp_1_wc_regenerate_images&nonce=4a33db8178 HTTP/1.1" 200 4130 "-" "WordPress/6.3.2; https://talmedos.com"
46.101.144.32 - - [31/Oct/2023:16:02:41 +0000] "POST /wp-admin/admin-ajax.php?action=wp_1_wc_regenerate_images&nonce=4a33db8178 HTTP/1.1" 200 4130 "-" "WordPress/6.3.2; https://talmedos.com"
46.101.144.32 - - [31/Oct/2023:16:02:41 +0000] "POST /wp-admin/admin-ajax.php?action=wp_1_wc_regenerate_images&nonce=4a33db8178 HTTP/1.1" 200 4130 "-" "WordPress/6.3.2; https://talmedos.com"
5.179.80.205 - - [31/Oct/2023:16:02:42 +0000] "GET /wp-content/plugins/woocommerce/packages/woocommerce-blocks/build/wc-blocks-vendors-style.css?ver=10.9.3 HTTP/1.1" 200 2360 "https://talmedos.com/" "Mozilla/5.0 (Macintosh; Intel Mac OS X 10_15_7) AppleWebKit/537.36 (KHTML, like Gecko) Chrome/118.0.0.0 Safari/537.36"
5.179.80.205 - - [31/Oct/2023:16:02:42 +0000] "GET /wp-content/themes/naked-wordpress/style.css?ver=6.3.2 HTTP/1.1" 200 4298 "https://talmedos.com/" "Mozilla/5.0 (Macintosh; Intel Mac OS X 10_15_7) AppleWebKit/537.36 (KHTML, like Gecko) Chrome/118.0.0.0 Safari/537.36"
5.179.80.205 - - [31/Oct/2023:16:02:42 +0000] "GET /wp-content/themes/naked-wordpress/js/jquery.fitvids.js?ver=1 HTTP/1.1" 200 5151 "https://talmedos.com/" "Mozilla/5.0 (Macintosh; Intel Mac OS X 10_15_7) AppleWebKit/537.36 (KHTML, like Gecko) Chrome/118.0.0.0 Safari/537.36"
5.179.80.205 - - [31/Oct/2023:16:02:42 +0000] "GET /wp-content/plugins/woocommerce/assets/css/woocommerce.css?ver=8.1.1 HTTP/1.1" 200 10290 "https://talmedos.com/" "Mozilla/5.0 (Macintosh; Intel Mac OS X 10_15_7) AppleWebKit/537.36 (KHTML, like Gecko) Chrome/118.0.0.0 Safari/537.36"
5.179.80.205 - - [31/Oct/2023:16:02:42 +0000] "GET /wp-content/themes/naked-wordpress/js/theme.min.js?ver=1 HTTP/1.1" 200 4174 "https://talmedos.com/" "Mozilla/5.0 (Macintosh; Intel Mac OS X 10_15_7) AppleWebKit/537.36 (KHTML, like Gecko) Chrome/118.0.0.0 Safari/537.36"
5.179.80.205 - - [31/Oct/2023:16:02:42 +0000] "GET /wp-content/plugins/woocommerce/packages/woocommerce-blocks/build/wc-all-blocks-style.css?ver=10.9.3 HTTP/1.1" 200 30505 "https://talmedos.com/" "Mozilla/5.0 (Macintosh; Intel Mac OS X 10_15_7) AppleWebKit/537.36 (KHTML, like Gecko) Chrome/118.0.0.0 Safari/537.36"
5.179.80.205 - - [31/Oct/2023:16:02:42 +0000] "GET /wp-content/themes/naked-wordpress/styles/boots-bones.css HTTP/1.1" 200 3586 "https://talmedos.com/wp-content/themes/naked-wordpress/style.css?ver=6.3.2" "Mozilla/5.0 (Macintosh; Intel Mac OS X 10_15_7) AppleWebKit/537.36 (KHTML, like Gecko) Chrome/118.0.0.0 Safari/537.36"
5.179.80.205 - - [31/Oct/2023:16:02:42 +0000] "GET /wp-admin/admin.php?page=stats&noheader&proxy&chart=admin-bar-hours-scale HTTP/1.1" 200 689 "https://talmedos.com/" "Mozilla/5.0 (Macintosh; Intel Mac OS X 10_15_7) AppleWebKit/537.36 (KHTML, like Gecko) Chrome/118.0.0.0 Safari/537.36"
5.179.80.205 - - [31/Oct/2023:16:02:49 +0000] "GET /?page_id=28 HTTP/1.1" 200 14808 "https://talmedos.com/" "Mozilla/5.0 (Macintosh; Intel Mac OS X 10_15_7) AppleWebKit/537.36 (KHTML, like Gecko) Chrome/118.0.0.0 Safari/537.36"
5.179.80.205 - - [31/Oct/2023:16:02:51 +0000] "GET /wp-content/themes/naked-wordpress/style.css?ver=6.3.2 HTTP/1.1" 200 4298 "https://talmedos.com/?page_id=28" "Mozilla/5.0 (Macintosh; Intel Mac OS X 10_15_7) AppleWebKit/537.36 (KHTML, like Gecko) Chrome/118.0.0.0 Safari/537.36"
5.179.80.205 - - [31/Oct/2023:16:02:51 +0000] "GET /wp-content/uploads/2023/10/album-1-300x300.jpg HTTP/1.1" 200 10594 "https://talmedos.com/?page_id=28" "Mozilla/5.0 (Macintosh; Intel Mac OS X 10_15_7) AppleWebKit/537.36 (KHTML, like Gecko) Chrome/118.0.0.0 Safari/537.36"
5.179.80.205 - - [31/Oct/2023:16:02:51 +0000] "GET /wp-content/uploads/2023/10/beanie-2-300x300.jpg HTTP/1.1" 200 5572 "https://talmedos.com/?page_id=28" "Mozilla/5.0 (Macintosh; Intel Mac OS X 10_15_7) AppleWebKit/537.36 (KHTML, like Gecko) Chrome/118.0.0.0 Safari/537.36"
5.179.80.205 - - [31/Oct/2023:16:02:51 +0000] "GET /wp-content/themes/naked-wordpress/styles/boots-bones.css HTTP/1.1" 200 4098 "https://talmedos.com/wp-content/themes/naked-wordpress/style.css?ver=6.3.2" "Mozilla/5.0 (Macintosh; Intel Mac OS X 10_15_7) AppleWebKit/537.36 (KHTML, like Gecko) Chrome/118.0.0.0 Safari/537.36"
5.179.80.205 - - [31/Oct/2023:16:02:51 +0000] "GET /wp-content/uploads/2023/10/beanie-with-logo-1-300x300.jpg HTTP/1.1" 200 5187 "https://talmedos.com/?page_id=28" "Mozilla/5.0 (Macintosh; Intel Mac OS X 10_15_7) AppleWebKit/537.36 (KHTML, like Gecko) Chrome/118.0.0.0 Safari/537.36"
5.179.80.205 - - [31/Oct/2023:16:02:51 +0000] "GET /wp-content/uploads/2023/10/belt-2-300x300.jpg HTTP/1.1" 200 5984 "https://talmedos.com/?page_id=28" "Mozilla/5.0 (Macintosh; Intel Mac OS X 10_15_7) AppleWebKit/537.36 (KHTML, like Gecko) Chrome/118.0.0.0 Safari/537.36"
5.179.80.205 - - [31/Oct/2023:16:02:51 +0000] "GET /wp-content/uploads/2023/10/cap-2-300x300.jpg HTTP/1.1" 200 5901 "https://talmedos.com/?page_id=28" "Mozilla/5.0 (Macintosh; Intel Mac OS X 10_15_7) AppleWebKit/537.36 (KHTML, like Gecko) Chrome/118.0.0.0 Safari/537.36"
5.179.80.205 - - [31/Oct/2023:16:02:51 +0000] "GET /wp-content/uploads/2023/10/hoodie-2-300x300.jpg HTTP/1.1" 200 7226 "https://talmedos.com/?page_id=28" "Mozilla/5.0 (Macintosh; Intel Mac OS X 10_15_7) AppleWebKit/537.36 (KHTML, like Gecko) Chrome/118.0.0.0 Safari/537.36"
5.179.80.205 - - [31/Oct/2023:16:02:51 +0000] "GET /wp-content/uploads/2023/10/hoodie-with-logo-2-300x300.jpg HTTP/1.1" 200 7378 "https://talmedos.com/?page_id=28" "Mozilla/5.0 (Macintosh; Intel Mac OS X 10_15_7) AppleWebKit/537.36 (KHTML, like Gecko) Chrome/118.0.0.0 Safari/537.36"
5.179.80.205 - - [31/Oct/2023:16:02:51 +0000] "GET /wp-content/themes/naked-wordpress/js/jquery.fitvids.js?ver=1 HTTP/1.1" 200 1996 "https://talmedos.com/?page_id=28" "Mozilla/5.0 (Macintosh; Intel Mac OS X 10_15_7) AppleWebKit/537.36 (KHTML, like Gecko) Chrome/118.0.0.0 Safari/537.36"
5.179.80.205 - - [31/Oct/2023:16:02:51 +0000] "GET /wp-content/themes/naked-wordpress/js/theme.min.js?ver=1 HTTP/1.1" 200 507 "https://talmedos.com/?page_id=28" "Mozilla/5.0 (Macintosh; Intel Mac OS X 10_15_7) AppleWebKit/537.36 (KHTML, like Gecko) Chrome/118.0.0.0 Safari/537.36"
5.179.80.205 - - [31/Oct/2023:16:02:51 +0000] "GET /wp-content/uploads/2023/10/hoodie-with-zipper-2-300x300.jpg HTTP/1.1" 200 8415 "https://talmedos.com/?page_id=28" "Mozilla/5.0 (Macintosh; Intel Mac OS X 10_15_7) AppleWebKit/537.36 (KHTML, like Gecko) Chrome/118.0.0.0 Safari/537.36"
5.179.80.205 - - [31/Oct/2023:16:02:51 +0000] "GET /wp-content/uploads/2023/10/logo-1-300x300.jpg HTTP/1.1" 200 15110 "https://talmedos.com/?page_id=28" "Mozilla/5.0 (Macintosh; Intel Mac OS X 10_15_7) AppleWebKit/537.36 (KHTML, like Gecko) Chrome/118.0.0.0 Safari/537.36"
5.179.80.205 - - [31/Oct/2023:16:02:51 +0000] "GET /wp-content/uploads/2023/10/long-sleeve-tee-2-300x300.jpg HTTP/1.1" 200 7323 "https://talmedos.com/?page_id=28" "Mozilla/5.0 (Macintosh; Intel Mac OS X 10_15_7) AppleWebKit/537.36 (KHTML, like Gecko) Chrome/118.0.0.0 Safari/537.36"
5.179.80.205 - - [31/Oct/2023:16:02:51 +0000] "GET /wp-content/uploads/2023/10/polo-2-300x300.jpg HTTP/1.1" 200 6551 "https://talmedos.com/?page_id=28" "Mozilla/5.0 (Macintosh; Intel Mac OS X 10_15_7) AppleWebKit/537.36 (KHTML, like Gecko) Chrome/118.0.0.0 Safari/537.36"
5.179.80.205 - - [31/Oct/2023:16:02:51 +0000] "GET /wp-content/uploads/2023/10/single-1-300x300.jpg HTTP/1.1" 200 12381 "https://talmedos.com/?page_id=28" "Mozilla/5.0 (Macintosh; Intel Mac OS X 10_15_7) AppleWebKit/537.36 (KHTML, like Gecko) Chrome/118.0.0.0 Safari/537.36"
5.179.80.205 - - [31/Oct/2023:16:02:51 +0000] "GET /wp-content/uploads/2023/10/sunglasses-2-300x300.jpg HTTP/1.1" 200 5047 "https://talmedos.com/?page_id=28" "Mozilla/5.0 (Macintosh; Intel Mac OS X 10_15_7) AppleWebKit/537.36 (KHTML, like Gecko) Chrome/118.0.0.0 Safari/537.36"
5.179.80.205 - - [31/Oct/2023:16:02:51 +0000] "GET /wp-content/uploads/2023/10/tshirt-2-300x300.jpg HTTP/1.1" 200 6319 "https://talmedos.com/?page_id=28" "Mozilla/5.0 (Macintosh; Intel Mac OS X 10_15_7) AppleWebKit/537.36 (KHTML, like Gecko) Chrome/118.0.0.0 Safari/537.36"
5.179.80.205 - - [31/Oct/2023:16:02:51 +0000] "GET /wp-content/uploads/2023/10/t-shirt-with-logo-1-300x300.jpg HTTP/1.1" 200 7922 "https://talmedos.com/?page_id=28" "Mozilla/5.0 (Macintosh; Intel Mac OS X 10_15_7) AppleWebKit/537.36 (KHTML, like Gecko) Chrome/118.0.0.0 Safari/537.36"
5.179.80.205 - - [31/Oct/2023:16:02:51 +0000] "GET /wp-content/uploads/2023/10/vneck-tee-2-300x300.jpg HTTP/1.1" 200 7204 "https://talmedos.com/?page_id=28" "Mozilla/5.0 (Macintosh; Intel Mac OS X 10_15_7) AppleWebKit/537.36 (KHTML, like Gecko) Chrome/118.0.0.0 Safari/537.36"
5.179.80.205 - - [31/Oct/2023:16:02:51 +0000] "GET /wp-admin/admin.php?page=stats&noheader&proxy&chart=admin-bar-hours-scale HTTP/1.1" 200 689 "https://talmedos.com/?page_id=28" "Mozilla/5.0 (Macintosh; Intel Mac OS X 10_15_7) AppleWebKit/537.36 (KHTML, like Gecko) Chrome/118.0.0.0 Safari/537.36"
46.101.144.32 - - [31/Oct/2023:16:02:49 +0000] "GET /index.php?rest_route=%2Fjetpack%2Fv4%2Fsync%2Fspawn-sync&time=1698768169&request_lock_id=1698768169.8654 HTTP/1.1" 200 4032 "-" "WordPress/6.3.2; https://talmedos.com"
5.179.80.205 - - [31/Oct/2023:16:03:03 +0000] "GET /wp-admin/about.php HTTP/1.1" 200 19414 "https://talmedos.com/?page_id=28" "Mozilla/5.0 (Macintosh; Intel Mac OS X 10_15_7) AppleWebKit/537.36 (KHTML, like Gecko) Chrome/118.0.0.0 Safari/537.36"
5.179.80.205 - - [31/Oct/2023:16:03:04 +0000] "GET /index.php?rest_route=/jetpack/v4/jitm&message_path=wp%3Aabout%3Aadmin_notices&query=&full_jp_logo_exists=false&_wpnonce=afaa5a6283 HTTP/1.1" 200 693 "https://talmedos.com/wp-admin/about.php" "Mozilla/5.0 (Macintosh; Intel Mac OS X 10_15_7) AppleWebKit/537.36 (KHTML, like Gecko) Chrome/118.0.0.0 Safari/537.36"
