46.101.144.32 - - [29/Oct/2023:00:04:31 +0000] "POST /wp-cron.php?doing_wp_cron=1698537871.9108688831329345703125 HTTP/1.1" 200 3995 "-" "WordPress/6.3.2; https://talmedos.com"
192.0.102.40 - - [29/Oct/2023:00:04:30 +0000] "HEAD / HTTP/1.1" 200 3915 "-" "jetmon/1.0 (Jetpack Site Uptime Monitor by WordPress.com)"
46.101.144.32 - - [29/Oct/2023:00:09:30 +0000] "POST /wp-cron.php?doing_wp_cron=1698538170.8792641162872314453125 HTTP/1.1" 200 3995 "-" "WordPress/6.3.2; https://talmedos.com"
192.0.102.40 - - [29/Oct/2023:00:09:30 +0000] "HEAD / HTTP/1.1" 200 3915 "-" "jetmon/1.0 (Jetpack Site Uptime Monitor by WordPress.com)"
46.101.144.32 - - [29/Oct/2023:00:14:29 +0000] "POST /wp-cron.php?doing_wp_cron=1698538469.9607810974121093750000 HTTP/1.1" 200 3995 "-" "WordPress/6.3.2; https://talmedos.com"
192.0.102.40 - - [29/Oct/2023:00:14:29 +0000] "HEAD / HTTP/1.1" 200 3915 "-" "jetmon/1.0 (Jetpack Site Uptime Monitor by WordPress.com)"
102.129.232.53 - - [29/Oct/2023:00:17:41 +0000] "-" 408 3667 "-" "-"
46.101.144.32 - - [29/Oct/2023:00:19:29 +0000] "POST /wp-cron.php?doing_wp_cron=1698538769.2160439491271972656250 HTTP/1.1" 200 3995 "-" "WordPress/6.3.2; https://talmedos.com"
192.0.102.40 - - [29/Oct/2023:00:19:29 +0000] "HEAD / HTTP/1.1" 200 3915 "-" "jetmon/1.0 (Jetpack Site Uptime Monitor by WordPress.com)"
69.163.203.185 - - [29/Oct/2023:00:22:00 +0000] "POST /wp-login.php HTTP/1.1" 200 8357 "-" "Mozilla/5.0 (Windows NT 6.1; Win64; x64) AppleWebKit/537.36 (KHTML, like Gecko) Chrome/79.0.3945.117 Safari/537.36"
46.101.144.32 - - [29/Oct/2023:00:24:29 +0000] "POST /wp-cron.php?doing_wp_cron=1698539069.3969590663909912109375 HTTP/1.1" 200 3995 "-" "WordPress/6.3.2; https://talmedos.com"
192.0.102.40 - - [29/Oct/2023:00:24:29 +0000] "HEAD / HTTP/1.1" 200 3915 "-" "jetmon/1.0 (Jetpack Site Uptime Monitor by WordPress.com)"
46.101.144.32 - - [29/Oct/2023:00:29:29 +0000] "POST /wp-cron.php?doing_wp_cron=1698539369.9472129344940185546875 HTTP/1.1" 200 3995 "-" "WordPress/6.3.2; https://talmedos.com"
192.0.102.40 - - [29/Oct/2023:00:29:29 +0000] "HEAD / HTTP/1.1" 200 3915 "-" "jetmon/1.0 (Jetpack Site Uptime Monitor by WordPress.com)"
46.101.144.32 - - [29/Oct/2023:00:34:28 +0000] "POST /wp-cron.php?doing_wp_cron=1698539668.9324679374694824218750 HTTP/1.1" 200 3995 "-" "WordPress/6.3.2; https://talmedos.com"
192.0.102.40 - - [29/Oct/2023:00:34:28 +0000] "HEAD / HTTP/1.1" 200 3915 "-" "jetmon/1.0 (Jetpack Site Uptime Monitor by WordPress.com)"
46.101.144.32 - - [29/Oct/2023:00:39:28 +0000] "POST /wp-cron.php?doing_wp_cron=1698539968.1521260738372802734375 HTTP/1.1" 200 3995 "-" "WordPress/6.3.2; https://talmedos.com"
192.0.102.40 - - [29/Oct/2023:00:39:27 +0000] "HEAD / HTTP/1.1" 200 3915 "-" "jetmon/1.0 (Jetpack Site Uptime Monitor by WordPress.com)"
46.101.144.32 - - [29/Oct/2023:00:44:29 +0000] "POST /wp-cron.php?doing_wp_cron=1698540269.7612359523773193359375 HTTP/1.1" 200 3995 "-" "WordPress/6.3.2; https://talmedos.com"
192.0.102.40 - - [29/Oct/2023:00:44:29 +0000] "HEAD / HTTP/1.1" 200 3915 "-" "jetmon/1.0 (Jetpack Site Uptime Monitor by WordPress.com)"
46.101.144.32 - - [29/Oct/2023:00:49:29 +0000] "POST /wp-cron.php?doing_wp_cron=1698540569.0938770771026611328125 HTTP/1.1" 200 3995 "-" "WordPress/6.3.2; https://talmedos.com"
192.0.102.40 - - [29/Oct/2023:00:49:28 +0000] "HEAD / HTTP/1.1" 200 3915 "-" "jetmon/1.0 (Jetpack Site Uptime Monitor by WordPress.com)"
194.180.48.251 - - [29/Oct/2023:00:49:34 +0000] "GET /.env HTTP/1.1" 404 4229 "-" "Mozilla/5.0 (Macintosh; Intel Mac OS X 10.15; rv:77.0) Gecko/20100101 Firefox/77.0"
194.180.48.251 - - [29/Oct/2023:00:49:34 +0000] "GET /.env HTTP/1.1" 404 4229 "-" "Mozilla/5.0 (Macintosh; Intel Mac OS X 10.15; rv:77.0) Gecko/20100101 Firefox/77.0"
46.101.144.32 - - [29/Oct/2023:00:54:28 +0000] "POST /wp-cron.php?doing_wp_cron=1698540867.9915280342102050781250 HTTP/1.1" 200 3995 "-" "WordPress/6.3.2; https://talmedos.com"
192.0.102.40 - - [29/Oct/2023:00:54:27 +0000] "HEAD / HTTP/1.1" 200 3915 "-" "jetmon/1.0 (Jetpack Site Uptime Monitor by WordPress.com)"
164.52.0.94 - - [29/Oct/2023:00:56:35 +0000] "GET / HTTP/1.0" 400 627 "-" "-"
164.52.0.94 - - [29/Oct/2023:00:56:39 +0000] "GET / HTTP/1.0" 400 627 "-" "-"
46.101.144.32 - - [29/Oct/2023:00:59:30 +0000] "POST /wp-cron.php?doing_wp_cron=1698541170.2332339286804199218750 HTTP/1.1" 200 3995 "-" "WordPress/6.3.2; https://talmedos.com"
192.0.102.40 - - [29/Oct/2023:00:59:30 +0000] "HEAD / HTTP/1.1" 200 3915 "-" "jetmon/1.0 (Jetpack Site Uptime Monitor by WordPress.com)"
46.101.144.32 - - [29/Oct/2023:01:04:22 +0000] "POST /wp-cron.php?doing_wp_cron=1698541462.0310380458831787109375 HTTP/1.1" 200 3995 "-" "WordPress/6.3.2; https://talmedos.com"
74.208.33.44 - - [29/Oct/2023:01:04:21 +0000] "POST /xmlrpc.php HTTP/1.1" 200 4418 "-" "Mozilla/5.0 (Windows NT 10.0; Win64; x64) AppleWebKit/537.36 (KHTML, like Gecko) Chrome/74.0.3729.157 Safari/537.36"
107.161.66.68 - - [29/Oct/2023:01:04:22 +0000] "POST /xmlrpc.php HTTP/1.1" 200 4419 "-" "Mozilla/5.0 (Windows NT 6.1; WOW64; rv:50.0) Gecko/20100101 Firefox/50.0"
192.0.102.40 - - [29/Oct/2023:01:04:29 +0000] "HEAD / HTTP/1.1" 200 3915 "-" "jetmon/1.0 (Jetpack Site Uptime Monitor by WordPress.com)"
159.65.197.63 - - [29/Oct/2023:01:04:35 +0000] "POST /xmlrpc.php HTTP/1.1" 200 4419 "-" "Mozilla/5.0 (Windows NT 10.0; Win64; x64) AppleWebKit/537.36 (KHTML, like Gecko) Chrome/83.0.4103.116 Safari/537.36"
159.65.197.63 - - [29/Oct/2023:01:04:36 +0000] "POST /xmlrpc.php HTTP/1.1" 200 4419 "-" "Mozilla/5.0 (Windows NT 10.0; Win64; x64) AppleWebKit/537.36 (KHTML, like Gecko) Chrome/67.0.3396.99 Safari/537.36"
146.56.137.121 - - [29/Oct/2023:01:04:47 +0000] "POST /xmlrpc.php HTTP/1.1" 200 4013 "-" "Mozilla/5.0 (X11; Linux x86_64) AppleWebKit/537.36 (KHTML, like Gecko) Chrome/44.0.2403.157 Safari/537.36"
157.245.40.165 - - [29/Oct/2023:01:04:52 +0000] "POST /xmlrpc.php HTTP/1.1" 200 4420 "-" "Mozilla/5.0 (Windows NT 6.1; rv:52.0) Gecko/20100101 Firefox/52.0"
146.56.106.141 - - [29/Oct/2023:01:04:54 +0000] "POST /xmlrpc.php HTTP/1.1" 200 4013 "-" "Mozilla/5.0 (Linux; Android 10; LM-X420) AppleWebKit/537.36 (KHTML, like Gecko) Chrome/91.0.4472.114 Mobile Safari/537.36"
35.180.182.153 - - [29/Oct/2023:01:05:00 +0000] "POST /xmlrpc.php HTTP/1.1" 200 4420 "-" "Mozilla/5.0 (X11; Ubuntu; Linux i686; rv:24.0) Gecko/20100101 Firefox/24.0"
109.234.162.234 - - [29/Oct/2023:01:05:00 +0000] "POST /xmlrpc.php HTTP/1.1" 200 4421 "-" "Mozilla/5.0 (iPhone; CPU iPhone OS 14_6 like Mac OS X) AppleWebKit/605.1.15 (KHTML, like Gecko) CriOS/91.0.4472.80 Mobile/15E148 Safari/604.1"
46.101.144.32 - - [29/Oct/2023:01:05:02 +0000] "POST /wp-cron.php?doing_wp_cron=1698541502.6254138946533203125000 HTTP/1.1" 200 3995 "-" "WordPress/6.3.2; https://talmedos.com"
185.181.102.52 - - [29/Oct/2023:01:05:02 +0000] "POST /xmlrpc.php HTTP/1.1" 200 4420 "-" "Mozilla/5.0 (iPod; CPU iPhone OS 14_6 like Mac OS X) AppleWebKit/605.1.15 (KHTML, like Gecko) CriOS/91.0.4472.80 Mobile/15E148 Safari/604.1"
159.65.197.63 - - [29/Oct/2023:01:05:05 +0000] "POST /xmlrpc.php HTTP/1.1" 200 4419 "-" "Mozilla/5.0 (Windows NT 10.0; Win64; x64; rv:62.0) Gecko/20100101 Firefox/62.0"
103.28.36.126 - - [29/Oct/2023:01:05:09 +0000] "POST /xmlrpc.php HTTP/1.1" 200 4360 "-" "Mozilla/5.0 (Windows NT 10.0; Win64; x64) AppleWebKit/537.36 (KHTML, like Gecko) Chrome/85.0.4183.121 Safari/537.36"
83.97.73.87 - - [29/Oct/2023:01:05:12 +0000] "GET /actuator/gateway/routes HTTP/1.1" 404 4097 "-" "Mozilla/5.0 (Windows NT 10.0; Win64; x64) AppleWebKit/537.36 (KHTML, like Gecko) Chrome/78.0.3904.108 Safari/537.36"
46.101.144.32 - - [29/Oct/2023:01:09:28 +0000] "POST /wp-cron.php?doing_wp_cron=1698541768.5235190391540527343750 HTTP/1.1" 200 3995 "-" "WordPress/6.3.2; https://talmedos.com"
192.0.102.40 - - [29/Oct/2023:01:09:28 +0000] "HEAD / HTTP/1.1" 200 3915 "-" "jetmon/1.0 (Jetpack Site Uptime Monitor by WordPress.com)"
46.101.144.32 - - [29/Oct/2023:01:14:29 +0000] "POST /wp-cron.php?doing_wp_cron=1698542069.1388878822326660156250 HTTP/1.1" 200 3995 "-" "WordPress/6.3.2; https://talmedos.com"
192.0.102.40 - - [29/Oct/2023:01:14:28 +0000] "HEAD / HTTP/1.1" 200 3915 "-" "jetmon/1.0 (Jetpack Site Uptime Monitor by WordPress.com)"
46.101.144.32 - - [29/Oct/2023:01:19:28 +0000] "POST /wp-cron.php?doing_wp_cron=1698542368.6105079650878906250000 HTTP/1.1" 200 3995 "-" "WordPress/6.3.2; https://talmedos.com"
192.0.102.40 - - [29/Oct/2023:01:19:28 +0000] "HEAD / HTTP/1.1" 200 3915 "-" "jetmon/1.0 (Jetpack Site Uptime Monitor by WordPress.com)"
46.101.144.32 - - [29/Oct/2023:01:24:27 +0000] "POST /wp-cron.php?doing_wp_cron=1698542667.3930759429931640625000 HTTP/1.1" 200 3995 "-" "WordPress/6.3.2; https://talmedos.com"
192.0.102.40 - - [29/Oct/2023:01:24:27 +0000] "HEAD / HTTP/1.1" 200 3915 "-" "jetmon/1.0 (Jetpack Site Uptime Monitor by WordPress.com)"
46.101.144.32 - - [29/Oct/2023:01:29:28 +0000] "POST /wp-cron.php?doing_wp_cron=1698542968.9575920104980468750000 HTTP/1.1" 200 3995 "-" "WordPress/6.3.2; https://talmedos.com"
192.0.102.40 - - [29/Oct/2023:01:29:28 +0000] "HEAD / HTTP/1.1" 200 3915 "-" "jetmon/1.0 (Jetpack Site Uptime Monitor by WordPress.com)"
46.101.144.32 - - [29/Oct/2023:01:34:29 +0000] "POST /wp-cron.php?doing_wp_cron=1698543268.9988350868225097656250 HTTP/1.1" 200 3995 "-" "WordPress/6.3.2; https://talmedos.com"
192.0.102.40 - - [29/Oct/2023:01:34:28 +0000] "HEAD / HTTP/1.1" 200 3915 "-" "jetmon/1.0 (Jetpack Site Uptime Monitor by WordPress.com)"
46.101.144.32 - - [29/Oct/2023:01:39:29 +0000] "POST /wp-cron.php?doing_wp_cron=1698543569.3069798946380615234375 HTTP/1.1" 200 3995 "-" "WordPress/6.3.2; https://talmedos.com"
192.0.102.40 - - [29/Oct/2023:01:39:29 +0000] "HEAD / HTTP/1.1" 200 3915 "-" "jetmon/1.0 (Jetpack Site Uptime Monitor by WordPress.com)"
46.101.144.32 - - [29/Oct/2023:01:44:30 +0000] "POST /wp-cron.php?doing_wp_cron=1698543870.2513499259948730468750 HTTP/1.1" 200 3995 "-" "WordPress/6.3.2; https://talmedos.com"
192.0.102.40 - - [29/Oct/2023:01:44:30 +0000] "HEAD / HTTP/1.1" 200 3915 "-" "jetmon/1.0 (Jetpack Site Uptime Monitor by WordPress.com)"
20.92.138.57 - - [29/Oct/2023:01:45:35 +0000] "POST /wp-login.php HTTP/1.1" 200 8355 "-" "Mozilla/5.0 (Windows NT 6.1; Win64; x64) AppleWebKit/537.36 (KHTML, like Gecko) Chrome/81.0.4044.122 Safari/537.36"
46.101.144.32 - - [29/Oct/2023:01:49:28 +0000] "POST /wp-cron.php?doing_wp_cron=1698544168.7947759628295898437500 HTTP/1.1" 200 3995 "-" "WordPress/6.3.2; https://talmedos.com"
192.0.102.40 - - [29/Oct/2023:01:49:28 +0000] "HEAD / HTTP/1.1" 200 3915 "-" "jetmon/1.0 (Jetpack Site Uptime Monitor by WordPress.com)"
162.240.152.247 - - [29/Oct/2023:01:52:38 +0000] "GET /wp-atom.php HTTP/1.1" 404 4172 "http://talmedos.com/wp-atom.php" "Mozilla/5.0 (Windows; U; Windows NT 5.1; en-US) AppleWebKit/533.4 (KHTML, like Gecko) Chrome/5.0.375.99 Safari/533.4"
46.101.144.32 - - [29/Oct/2023:01:54:29 +0000] "POST /wp-cron.php?doing_wp_cron=1698544469.1565918922424316406250 HTTP/1.1" 200 3995 "-" "WordPress/6.3.2; https://talmedos.com"
192.0.102.40 - - [29/Oct/2023:01:54:28 +0000] "HEAD / HTTP/1.1" 200 3915 "-" "jetmon/1.0 (Jetpack Site Uptime Monitor by WordPress.com)"
46.101.144.32 - - [29/Oct/2023:01:59:29 +0000] "POST /wp-cron.php?doing_wp_cron=1698544769.6075649261474609375000 HTTP/1.1" 200 3995 "-" "WordPress/6.3.2; https://talmedos.com"
192.0.102.40 - - [29/Oct/2023:01:59:29 +0000] "HEAD / HTTP/1.1" 200 3915 "-" "jetmon/1.0 (Jetpack Site Uptime Monitor by WordPress.com)"
46.101.144.32 - - [29/Oct/2023:02:04:28 +0000] "POST /wp-cron.php?doing_wp_cron=1698545068.6450309753417968750000 HTTP/1.1" 200 3995 "-" "WordPress/6.3.2; https://talmedos.com"
192.0.102.40 - - [29/Oct/2023:02:04:28 +0000] "HEAD / HTTP/1.1" 200 3915 "-" "jetmon/1.0 (Jetpack Site Uptime Monitor by WordPress.com)"
46.101.144.32 - - [29/Oct/2023:02:09:28 +0000] "POST /wp-cron.php?doing_wp_cron=1698545368.6580429077148437500000 HTTP/1.1" 200 3995 "-" "WordPress/6.3.2; https://talmedos.com"
192.0.102.40 - - [29/Oct/2023:02:09:28 +0000] "HEAD / HTTP/1.1" 200 3915 "-" "jetmon/1.0 (Jetpack Site Uptime Monitor by WordPress.com)"
46.101.144.32 - - [29/Oct/2023:02:14:30 +0000] "POST /wp-cron.php?doing_wp_cron=1698545670.2290279865264892578125 HTTP/1.1" 200 3995 "-" "WordPress/6.3.2; https://talmedos.com"
192.0.102.40 - - [29/Oct/2023:02:14:30 +0000] "HEAD / HTTP/1.1" 200 3915 "-" "jetmon/1.0 (Jetpack Site Uptime Monitor by WordPress.com)"
46.101.144.32 - - [29/Oct/2023:02:19:29 +0000] "POST /wp-cron.php?doing_wp_cron=1698545969.0939660072326660156250 HTTP/1.1" 200 3995 "-" "WordPress/6.3.2; https://talmedos.com"
192.0.102.40 - - [29/Oct/2023:02:19:28 +0000] "HEAD / HTTP/1.1" 200 3915 "-" "jetmon/1.0 (Jetpack Site Uptime Monitor by WordPress.com)"
46.101.144.32 - - [29/Oct/2023:02:24:28 +0000] "POST /wp-cron.php?doing_wp_cron=1698546268.4732658863067626953125 HTTP/1.1" 200 3995 "-" "WordPress/6.3.2; https://talmedos.com"
192.0.102.40 - - [29/Oct/2023:02:24:28 +0000] "HEAD / HTTP/1.1" 200 3915 "-" "jetmon/1.0 (Jetpack Site Uptime Monitor by WordPress.com)"
46.101.144.32 - - [29/Oct/2023:02:29:30 +0000] "POST /wp-cron.php?doing_wp_cron=1698546570.0551290512084960937500 HTTP/1.1" 200 3995 "-" "WordPress/6.3.2; https://talmedos.com"
192.0.102.40 - - [29/Oct/2023:02:29:29 +0000] "HEAD / HTTP/1.1" 200 3915 "-" "jetmon/1.0 (Jetpack Site Uptime Monitor by WordPress.com)"
46.101.144.32 - - [29/Oct/2023:02:34:29 +0000] "POST /wp-cron.php?doing_wp_cron=1698546869.1987459659576416015625 HTTP/1.1" 200 3995 "-" "WordPress/6.3.2; https://talmedos.com"
192.0.102.40 - - [29/Oct/2023:02:34:29 +0000] "HEAD / HTTP/1.1" 200 3915 "-" "jetmon/1.0 (Jetpack Site Uptime Monitor by WordPress.com)"
46.101.144.32 - - [29/Oct/2023:02:39:28 +0000] "POST /wp-cron.php?doing_wp_cron=1698547168.2649800777435302734375 HTTP/1.1" 200 3995 "-" "WordPress/6.3.2; https://talmedos.com"
192.0.102.40 - - [29/Oct/2023:02:39:28 +0000] "HEAD / HTTP/1.1" 200 3915 "-" "jetmon/1.0 (Jetpack Site Uptime Monitor by WordPress.com)"
46.101.144.32 - - [29/Oct/2023:02:44:30 +0000] "POST /wp-cron.php?doing_wp_cron=1698547470.1833729743957519531250 HTTP/1.1" 200 3995 "-" "WordPress/6.3.2; https://talmedos.com"
192.0.102.40 - - [29/Oct/2023:02:44:30 +0000] "HEAD / HTTP/1.1" 200 3915 "-" "jetmon/1.0 (Jetpack Site Uptime Monitor by WordPress.com)"
46.101.144.32 - - [29/Oct/2023:02:49:29 +0000] "POST /wp-cron.php?doing_wp_cron=1698547769.5441238880157470703125 HTTP/1.1" 200 3995 "-" "WordPress/6.3.2; https://talmedos.com"
192.0.102.40 - - [29/Oct/2023:02:49:29 +0000] "HEAD / HTTP/1.1" 200 3915 "-" "jetmon/1.0 (Jetpack Site Uptime Monitor by WordPress.com)"
46.101.144.32 - - [29/Oct/2023:02:54:28 +0000] "POST /wp-cron.php?doing_wp_cron=1698548068.5195660591125488281250 HTTP/1.1" 200 3995 "-" "WordPress/6.3.2; https://talmedos.com"
192.0.102.40 - - [29/Oct/2023:02:54:28 +0000] "HEAD / HTTP/1.1" 200 3915 "-" "jetmon/1.0 (Jetpack Site Uptime Monitor by WordPress.com)"
46.101.144.32 - - [29/Oct/2023:02:59:30 +0000] "POST /wp-cron.php?doing_wp_cron=1698548370.1819620132446289062500 HTTP/1.1" 200 3995 "-" "WordPress/6.3.2; https://talmedos.com"
192.0.102.40 - - [29/Oct/2023:02:59:30 +0000] "HEAD / HTTP/1.1" 200 3915 "-" "jetmon/1.0 (Jetpack Site Uptime Monitor by WordPress.com)"
46.101.144.32 - - [29/Oct/2023:03:04:28 +0000] "POST /wp-cron.php?doing_wp_cron=1698548668.8129179477691650390625 HTTP/1.1" 200 3995 "-" "WordPress/6.3.2; https://talmedos.com"
192.0.102.40 - - [29/Oct/2023:03:04:28 +0000] "HEAD / HTTP/1.1" 200 3915 "-" "jetmon/1.0 (Jetpack Site Uptime Monitor by WordPress.com)"
46.101.144.32 - - [29/Oct/2023:03:09:28 +0000] "POST /wp-cron.php?doing_wp_cron=1698548968.9767630100250244140625 HTTP/1.1" 200 3995 "-" "WordPress/6.3.2; https://talmedos.com"
192.0.102.40 - - [29/Oct/2023:03:09:28 +0000] "HEAD / HTTP/1.1" 200 3915 "-" "jetmon/1.0 (Jetpack Site Uptime Monitor by WordPress.com)"
51.222.158.14 - - [29/Oct/2023:03:13:15 +0000] "GET /wp-content/plugins/WordPressCore/include.php HTTP/1.1" 404 3610 "-" "Mozlila/5.0 (Linux; Android 7.0; SM-G892A Bulid/NRD90M; wv) AppleWebKit/537.36 (KHTML, like Gecko) Version/4.0 Chrome/60.0.3112.107 Moblie Safari/537.36"
46.101.144.32 - - [29/Oct/2023:03:14:31 +0000] "POST /wp-cron.php?doing_wp_cron=1698549271.4120171070098876953125 HTTP/1.1" 200 3995 "-" "WordPress/6.3.2; https://talmedos.com"
192.0.102.40 - - [29/Oct/2023:03:14:31 +0000] "HEAD / HTTP/1.1" 200 3915 "-" "jetmon/1.0 (Jetpack Site Uptime Monitor by WordPress.com)"
68.232.175.55 - - [29/Oct/2023:03:16:12 +0000] "GET /.env HTTP/1.1" 404 4229 "-" "Mozilla/5.0 (X11; Linux x86_64) AppleWebKit/537.36 (KHTML, like Gecko) Chrome/81.0.4044.129 Safari/537.36"
68.232.175.55 - - [29/Oct/2023:03:16:13 +0000] "POST /.env HTTP/1.1" 404 4229 "-" "Mozilla/5.0 (X11; Linux x86_64) AppleWebKit/537.36 (KHTML, like Gecko) Chrome/81.0.4044.129 Safari/537.36"
46.101.144.32 - - [29/Oct/2023:03:19:29 +0000] "POST /wp-cron.php?doing_wp_cron=1698549569.8364360332489013671875 HTTP/1.1" 200 3995 "-" "WordPress/6.3.2; https://talmedos.com"
192.0.102.40 - - [29/Oct/2023:03:19:29 +0000] "HEAD / HTTP/1.1" 200 3915 "-" "jetmon/1.0 (Jetpack Site Uptime Monitor by WordPress.com)"
46.101.144.32 - - [29/Oct/2023:03:24:28 +0000] "POST /wp-cron.php?doing_wp_cron=1698549868.8959870338439941406250 HTTP/1.1" 200 3995 "-" "WordPress/6.3.2; https://talmedos.com"
192.0.102.40 - - [29/Oct/2023:03:24:28 +0000] "HEAD / HTTP/1.1" 200 3915 "-" "jetmon/1.0 (Jetpack Site Uptime Monitor by WordPress.com)"
46.101.144.32 - - [29/Oct/2023:03:29:29 +0000] "POST /wp-cron.php?doing_wp_cron=1698550169.5278539657592773437500 HTTP/1.1" 200 3995 "-" "WordPress/6.3.2; https://talmedos.com"
192.0.102.40 - - [29/Oct/2023:03:29:29 +0000] "HEAD / HTTP/1.1" 200 3915 "-" "jetmon/1.0 (Jetpack Site Uptime Monitor by WordPress.com)"
198.199.94.11 - - [29/Oct/2023:03:30:50 +0000] "GET /owa/auth/x.js HTTP/1.1" 404 3540 "-" "Mozilla/5.0 zgrab/0.x"
46.101.144.32 - - [29/Oct/2023:03:34:29 +0000] "POST /wp-cron.php?doing_wp_cron=1698550469.7267088890075683593750 HTTP/1.1" 200 3995 "-" "WordPress/6.3.2; https://talmedos.com"
192.0.102.40 - - [29/Oct/2023:03:34:29 +0000] "HEAD / HTTP/1.1" 200 3915 "-" "jetmon/1.0 (Jetpack Site Uptime Monitor by WordPress.com)"
46.101.144.32 - - [29/Oct/2023:03:39:28 +0000] "POST /wp-cron.php?doing_wp_cron=1698550768.2706739902496337890625 HTTP/1.1" 200 3995 "-" "WordPress/6.3.2; https://talmedos.com"
192.0.102.40 - - [29/Oct/2023:03:39:28 +0000] "HEAD / HTTP/1.1" 200 3915 "-" "jetmon/1.0 (Jetpack Site Uptime Monitor by WordPress.com)"
46.101.144.32 - - [29/Oct/2023:03:42:14 +0000] "POST /wp-cron.php?doing_wp_cron=1698550934.5783801078796386718750 HTTP/1.1" 200 3995 "-" "WordPress/6.3.2; https://talmedos.com"
182.42.105.144 - - [29/Oct/2023:03:42:14 +0000] "GET / HTTP/1.1" 200 15247 "http://46.101.144.32" "Mozilla/5.0 (iPhone; CPU iPhone OS 13_2_3 like Mac OS X) AppleWebKit/605.1.15 (KHTML, like Gecko) Version/13.0.3 Mobile/15E148 Safari/604.1"
46.101.144.32 - - [29/Oct/2023:03:44:29 +0000] "POST /wp-cron.php?doing_wp_cron=1698551069.7616670131683349609375 HTTP/1.1" 200 3995 "-" "WordPress/6.3.2; https://talmedos.com"
192.0.102.40 - - [29/Oct/2023:03:44:29 +0000] "HEAD / HTTP/1.1" 200 3915 "-" "jetmon/1.0 (Jetpack Site Uptime Monitor by WordPress.com)"
192.241.222.99 - - [29/Oct/2023:03:45:23 +0000] "GET /actuator/health HTTP/1.1" 404 3540 "-" "Mozilla/5.0 zgrab/0.x"
46.101.144.32 - - [29/Oct/2023:03:48:17 +0000] "POST /wp-cron.php?doing_wp_cron=1698551297.6717760562896728515625 HTTP/1.1" 200 3995 "-" "WordPress/6.3.2; https://talmedos.com"
157.245.40.165 - - [29/Oct/2023:03:48:17 +0000] "POST /xmlrpc.php HTTP/1.1" 200 4420 "-" "Mozilla/5.0 (Windows NT 10.0) AppleWebKit/537.36 (KHTML, like Gecko) Chrome/72.0.3626.121 Safari/537.36"
18.119.100.71 - - [29/Oct/2023:03:48:18 +0000] "POST /xmlrpc.php HTTP/1.1" 200 4012 "-" "Mozilla/5.0 (Windows NT 10.0; Win64; x64) AppleWebKit/537.36 (KHTML, like Gecko) Chrome/87.0.4280.88 Safari/537.36"
157.245.40.165 - - [29/Oct/2023:03:48:19 +0000] "POST /xmlrpc.php HTTP/1.1" 200 4420 "-" "Mozilla/5.0 (Windows; U; Windows NT 5.1; en-US; rv:1.7.10) Gecko/20050716 Firefox/1.0.6"
107.180.121.71 - - [29/Oct/2023:03:48:21 +0000] "POST /xmlrpc.php HTTP/1.1" 200 3984 "-" "Mozilla/5.0 (Windows NT 10.0; Win64; x64) AppleWebKit/537.36 (KHTML, like Gecko) Chrome/89.0.4389.90 Safari/537.36"
173.212.232.6 - - [29/Oct/2023:03:48:23 +0000] "POST /xmlrpc.php HTTP/1.1" 200 4419 "-" "Mozilla/5.0 (X11; Ubuntu; Linux i686; rv:24.0) Gecko/20100101 Firefox/24.0"
68.178.230.66 - - [29/Oct/2023:03:48:26 +0000] "POST /xmlrpc.php HTTP/1.1" 200 4419 "-" "Mozilla/5.0 (Windows; U; Windows NT 5.1; en-US; rv:1.7.10) Gecko/20050716 Firefox/1.0.6"
64.227.108.223 - - [29/Oct/2023:03:48:31 +0000] "POST /xmlrpc.php HTTP/1.1" 200 4420 "-" "Mozilla/5.0 (Linux; Android 10; LM-Q720) AppleWebKit/537.36 (KHTML, like Gecko) Chrome/91.0.4472.114 Mobile Safari/537.36"
178.210.91.239 - - [29/Oct/2023:03:48:36 +0000] "POST /xmlrpc.php HTTP/1.1" 200 4420 "-" "Mozilla/5.0 (Windows NT 5.1; rv:33.0) Gecko/20100101 Firefox/33.0"
35.180.182.153 - - [29/Oct/2023:03:48:40 +0000] "POST /xmlrpc.php HTTP/1.1" 200 4420 "-" "Mozilla/5.0 (Windows NT 6.1; Win64; x64) AppleWebKit/537.36 (KHTML, like Gecko) Chrome/60.0.3112.90 Safari/537.36"
92.205.17.155 - - [29/Oct/2023:03:48:44 +0000] "POST /xmlrpc.php HTTP/1.1" 200 4419 "-" "Mozilla/5.0 (Windows NT 10.0; Win64; x64) AppleWebKit/537.36 (KHTML, like Gecko) Chrome/85.0.4183.121 Safari/537.36"
107.180.121.71 - - [29/Oct/2023:03:49:12 +0000] "POST /xmlrpc.php HTTP/1.1" 200 3984 "-" "Mozilla/5.0 (Windows NT 10.0; Win64; x64) AppleWebKit/537.36 (KHTML, like Gecko) Chrome/61.0.3163.100 Safari/537.36"
46.101.144.32 - - [29/Oct/2023:03:49:12 +0000] "POST /wp-cron.php?doing_wp_cron=1698551352.7252030372619628906250 HTTP/1.1" 200 3995 "-" "WordPress/6.3.2; https://talmedos.com"
18.119.100.71 - - [29/Oct/2023:03:49:12 +0000] "POST /xmlrpc.php HTTP/1.1" 200 4012 "-" "Mozilla/5.0 (Windows NT 10.0; Win64; x64) AppleWebKit/537.36 (KHTML, like Gecko) Chrome/57.0.2987.133 Safari/537.36"
192.0.102.40 - - [29/Oct/2023:03:49:30 +0000] "HEAD / HTTP/1.1" 200 3915 "-" "jetmon/1.0 (Jetpack Site Uptime Monitor by WordPress.com)"
46.101.144.32 - - [29/Oct/2023:03:54:28 +0000] "POST /wp-cron.php?doing_wp_cron=1698551668.7144010066986083984375 HTTP/1.1" 200 3995 "-" "WordPress/6.3.2; https://talmedos.com"
192.0.102.40 - - [29/Oct/2023:03:54:28 +0000] "HEAD / HTTP/1.1" 200 3915 "-" "jetmon/1.0 (Jetpack Site Uptime Monitor by WordPress.com)"
46.101.144.32 - - [29/Oct/2023:03:59:29 +0000] "POST /wp-cron.php?doing_wp_cron=1698551969.3701210021972656250000 HTTP/1.1" 200 3995 "-" "WordPress/6.3.2; https://talmedos.com"
192.0.102.40 - - [29/Oct/2023:03:59:29 +0000] "HEAD / HTTP/1.1" 200 3915 "-" "jetmon/1.0 (Jetpack Site Uptime Monitor by WordPress.com)"
46.101.144.32 - - [29/Oct/2023:04:04:28 +0000] "POST /wp-cron.php?doing_wp_cron=1698552268.5031070709228515625000 HTTP/1.1" 200 3995 "-" "WordPress/6.3.2; https://talmedos.com"
192.0.102.40 - - [29/Oct/2023:04:04:28 +0000] "HEAD / HTTP/1.1" 200 3915 "-" "jetmon/1.0 (Jetpack Site Uptime Monitor by WordPress.com)"
46.101.144.32 - - [29/Oct/2023:04:09:28 +0000] "POST /wp-cron.php?doing_wp_cron=1698552568.5967240333557128906250 HTTP/1.1" 200 3995 "-" "WordPress/6.3.2; https://talmedos.com"
192.0.102.40 - - [29/Oct/2023:04:09:28 +0000] "HEAD / HTTP/1.1" 200 3915 "-" "jetmon/1.0 (Jetpack Site Uptime Monitor by WordPress.com)"
46.101.144.32 - - [29/Oct/2023:04:14:29 +0000] "POST /wp-cron.php?doing_wp_cron=1698552869.2680299282073974609375 HTTP/1.1" 200 3995 "-" "WordPress/6.3.2; https://talmedos.com"
192.0.102.40 - - [29/Oct/2023:04:14:29 +0000] "HEAD / HTTP/1.1" 200 3915 "-" "jetmon/1.0 (Jetpack Site Uptime Monitor by WordPress.com)"
46.101.144.32 - - [29/Oct/2023:04:19:28 +0000] "POST /wp-cron.php?doing_wp_cron=1698553168.8212161064147949218750 HTTP/1.1" 200 3995 "-" "WordPress/6.3.2; https://talmedos.com"
192.0.102.40 - - [29/Oct/2023:04:19:28 +0000] "HEAD / HTTP/1.1" 200 3915 "-" "jetmon/1.0 (Jetpack Site Uptime Monitor by WordPress.com)"
46.101.144.32 - - [29/Oct/2023:04:24:28 +0000] "POST /wp-cron.php?doing_wp_cron=1698553468.0742709636688232421875 HTTP/1.1" 200 3995 "-" "WordPress/6.3.2; https://talmedos.com"
192.0.102.40 - - [29/Oct/2023:04:24:27 +0000] "HEAD / HTTP/1.1" 200 3915 "-" "jetmon/1.0 (Jetpack Site Uptime Monitor by WordPress.com)"
46.101.144.32 - - [29/Oct/2023:04:29:29 +0000] "POST /wp-cron.php?doing_wp_cron=1698553769.3390460014343261718750 HTTP/1.1" 200 3995 "-" "WordPress/6.3.2; https://talmedos.com"
192.0.102.40 - - [29/Oct/2023:04:29:29 +0000] "HEAD / HTTP/1.1" 200 3915 "-" "jetmon/1.0 (Jetpack Site Uptime Monitor by WordPress.com)"
46.101.144.32 - - [29/Oct/2023:04:34:28 +0000] "POST /wp-cron.php?doing_wp_cron=1698554068.8183009624481201171875 HTTP/1.1" 200 3995 "-" "WordPress/6.3.2; https://talmedos.com"
192.0.102.40 - - [29/Oct/2023:04:34:28 +0000] "HEAD / HTTP/1.1" 200 3915 "-" "jetmon/1.0 (Jetpack Site Uptime Monitor by WordPress.com)"
51.77.230.29 - - [29/Oct/2023:04:35:19 +0000] "POST /wp-login.php HTTP/1.1" 200 8355 "-" "Mozilla/5.0 (Windows NT 6.1; Win64; x64) AppleWebKit/537.36 (KHTML, like Gecko) Chrome/70.0.3538.67 Safari/537.36"
46.101.144.32 - - [29/Oct/2023:04:39:28 +0000] "POST /wp-cron.php?doing_wp_cron=1698554368.3702359199523925781250 HTTP/1.1" 200 3995 "-" "WordPress/6.3.2; https://talmedos.com"
192.0.102.40 - - [29/Oct/2023:04:39:28 +0000] "HEAD / HTTP/1.1" 200 3915 "-" "jetmon/1.0 (Jetpack Site Uptime Monitor by WordPress.com)"
46.101.144.32 - - [29/Oct/2023:04:44:29 +0000] "POST /wp-cron.php?doing_wp_cron=1698554669.4879739284515380859375 HTTP/1.1" 200 3995 "-" "WordPress/6.3.2; https://talmedos.com"
192.0.102.40 - - [29/Oct/2023:04:44:29 +0000] "HEAD / HTTP/1.1" 200 3915 "-" "jetmon/1.0 (Jetpack Site Uptime Monitor by WordPress.com)"
46.101.144.32 - - [29/Oct/2023:04:49:28 +0000] "POST /wp-cron.php?doing_wp_cron=1698554968.5662610530853271484375 HTTP/1.1" 200 3995 "-" "WordPress/6.3.2; https://talmedos.com"
192.0.102.40 - - [29/Oct/2023:04:49:28 +0000] "HEAD / HTTP/1.1" 200 3915 "-" "jetmon/1.0 (Jetpack Site Uptime Monitor by WordPress.com)"
46.101.144.32 - - [29/Oct/2023:04:54:27 +0000] "POST /wp-cron.php?doing_wp_cron=1698555267.5327711105346679687500 HTTP/1.1" 200 3995 "-" "WordPress/6.3.2; https://talmedos.com"
192.0.102.40 - - [29/Oct/2023:04:54:27 +0000] "HEAD / HTTP/1.1" 200 3915 "-" "jetmon/1.0 (Jetpack Site Uptime Monitor by WordPress.com)"
46.101.144.32 - - [29/Oct/2023:04:59:28 +0000] "POST /wp-cron.php?doing_wp_cron=1698555568.9322190284729003906250 HTTP/1.1" 200 3995 "-" "WordPress/6.3.2; https://talmedos.com"
192.0.102.40 - - [29/Oct/2023:04:59:28 +0000] "HEAD / HTTP/1.1" 200 3915 "-" "jetmon/1.0 (Jetpack Site Uptime Monitor by WordPress.com)"
46.101.144.32 - - [29/Oct/2023:05:04:28 +0000] "POST /wp-cron.php?doing_wp_cron=1698555868.5233159065246582031250 HTTP/1.1" 200 3995 "-" "WordPress/6.3.2; https://talmedos.com"
192.0.102.40 - - [29/Oct/2023:05:04:28 +0000] "HEAD / HTTP/1.1" 200 3915 "-" "jetmon/1.0 (Jetpack Site Uptime Monitor by WordPress.com)"
46.101.144.32 - - [29/Oct/2023:05:09:27 +0000] "POST /wp-cron.php?doing_wp_cron=1698556167.9613759517669677734375 HTTP/1.1" 200 3995 "-" "WordPress/6.3.2; https://talmedos.com"
192.0.102.40 - - [29/Oct/2023:05:09:27 +0000] "HEAD / HTTP/1.1" 200 3915 "-" "jetmon/1.0 (Jetpack Site Uptime Monitor by WordPress.com)"
46.101.144.32 - - [29/Oct/2023:05:14:29 +0000] "POST /wp-cron.php?doing_wp_cron=1698556469.3688459396362304687500 HTTP/1.1" 200 3995 "-" "WordPress/6.3.2; https://talmedos.com"
192.0.102.40 - - [29/Oct/2023:05:14:29 +0000] "HEAD / HTTP/1.1" 200 3915 "-" "jetmon/1.0 (Jetpack Site Uptime Monitor by WordPress.com)"
46.101.144.32 - - [29/Oct/2023:05:19:28 +0000] "POST /wp-cron.php?doing_wp_cron=1698556768.2950079441070556640625 HTTP/1.1" 200 3995 "-" "WordPress/6.3.2; https://talmedos.com"
192.0.102.40 - - [29/Oct/2023:05:19:28 +0000] "HEAD / HTTP/1.1" 200 3915 "-" "jetmon/1.0 (Jetpack Site Uptime Monitor by WordPress.com)"
46.101.144.32 - - [29/Oct/2023:05:24:27 +0000] "POST /wp-cron.php?doing_wp_cron=1698557067.5157260894775390625000 HTTP/1.1" 200 3995 "-" "WordPress/6.3.2; https://talmedos.com"
192.0.102.40 - - [29/Oct/2023:05:24:27 +0000] "HEAD / HTTP/1.1" 200 3915 "-" "jetmon/1.0 (Jetpack Site Uptime Monitor by WordPress.com)"
46.101.144.32 - - [29/Oct/2023:05:28:47 +0000] "POST /wp-cron.php?doing_wp_cron=1698557327.3898229598999023437500 HTTP/1.1" 200 3995 "-" "WordPress/6.3.2; https://talmedos.com"
146.70.161.230 - - [29/Oct/2023:05:28:47 +0000] "GET / HTTP/1.0" 200 56409 "https://talmedos.com/" "Mozilla/5.0 (Windows NT 6.1; WOW64) AppleWebKit/537.36 (KHTML, like Gecko) Chrome/103.0.0.0 Safari/537.36"
146.70.161.230 - - [29/Oct/2023:05:28:48 +0000] "GET /?page_id=30 HTTP/1.0" 302 3614 "https://talmedos.com/?page_id=30" "Mozilla/5.0 (Windows NT 6.1; WOW64) AppleWebKit/537.36 (KHTML, like Gecko) Chrome/103.0.0.0 Safari/537.36"
146.70.161.230 - - [29/Oct/2023:05:28:49 +0000] "GET /?page_id=29 HTTP/1.0" 200 105572 "https://talmedos.com/?page_id=29" "Mozilla/5.0 (Windows NT 6.1; WOW64) AppleWebKit/537.36 (KHTML, like Gecko) Chrome/103.0.0.0 Safari/537.36"
46.101.144.32 - - [29/Oct/2023:05:29:28 +0000] "POST /wp-cron.php?doing_wp_cron=1698557368.4702219963073730468750 HTTP/1.1" 200 3995 "-" "WordPress/6.3.2; https://talmedos.com"
192.0.102.40 - - [29/Oct/2023:05:29:28 +0000] "HEAD / HTTP/1.1" 200 3915 "-" "jetmon/1.0 (Jetpack Site Uptime Monitor by WordPress.com)"
46.101.144.32 - - [29/Oct/2023:05:34:28 +0000] "POST /wp-cron.php?doing_wp_cron=1698557668.3736650943756103515625 HTTP/1.1" 200 3995 "-" "WordPress/6.3.2; https://talmedos.com"
192.0.102.40 - - [29/Oct/2023:05:34:28 +0000] "HEAD / HTTP/1.1" 200 3915 "-" "jetmon/1.0 (Jetpack Site Uptime Monitor by WordPress.com)"
46.101.144.32 - - [29/Oct/2023:05:35:24 +0000] "POST /wp-cron.php?doing_wp_cron=1698557724.4806311130523681640625 HTTP/1.1" 200 3995 "-" "WordPress/6.3.2; https://talmedos.com"
162.216.149.240 - - [29/Oct/2023:05:35:24 +0000] "GET / HTTP/1.1" 301 3863 "-" "Expanse, a Palo Alto Networks company, searches across the global IPv4 space multiple times per day to identify customers&#39; presences on the Internet. If you would like to be excluded from our scans, please send IP addresses/domains to: scaninfo@paloaltonetworks.com"
162.216.149.240 - - [29/Oct/2023:05:35:24 +0000] "GET / HTTP/1.1" 200 56856 "-" "Expanse, a Palo Alto Networks company, searches across the global IPv4 space multiple times per day to identify customers&#39; presences on the Internet. If you would like to be excluded from our scans, please send IP addresses/domains to: scaninfo@paloaltonetworks.com"
46.101.144.32 - - [29/Oct/2023:05:39:28 +0000] "POST /wp-cron.php?doing_wp_cron=1698557968.7005980014801025390625 HTTP/1.1" 200 3995 "-" "WordPress/6.3.2; https://talmedos.com"
192.0.102.40 - - [29/Oct/2023:05:39:28 +0000] "HEAD / HTTP/1.1" 200 3915 "-" "jetmon/1.0 (Jetpack Site Uptime Monitor by WordPress.com)"
46.101.144.32 - - [29/Oct/2023:05:44:28 +0000] "POST /wp-cron.php?doing_wp_cron=1698558268.9278879165649414062500 HTTP/1.1" 200 3995 "-" "WordPress/6.3.2; https://talmedos.com"
192.0.102.40 - - [29/Oct/2023:05:44:28 +0000] "HEAD / HTTP/1.1" 200 3915 "-" "jetmon/1.0 (Jetpack Site Uptime Monitor by WordPress.com)"
46.101.144.32 - - [29/Oct/2023:05:48:36 +0000] "POST /wp-cron.php?doing_wp_cron=1698558516.0460970401763916015625 HTTP/1.1" 200 3995 "-" "WordPress/6.3.2; https://talmedos.com"
87.236.176.157 - - [29/Oct/2023:05:48:35 +0000] "GET / HTTP/1.1" 200 15247 "http://46.101.144.32" "Mozilla/5.0 (compatible; InternetMeasurement/1.0; +https://internet-measurement.com/)"
87.236.176.53 - - [29/Oct/2023:05:48:36 +0000] "GET /favicon.ico HTTP/1.1" 404 4144 "-" "Mozilla/5.0 (compatible; InternetMeasurement/1.0; +https://internet-measurement.com/)"
157.245.216.203 - - [29/Oct/2023:05:48:37 +0000] "GET /favicon.ico HTTP/1.1" 404 4144 "-" "Mozilla/5.0 (compatible; InternetMeasurement/1.0; +https://internet-measurement.com/)"
23.128.248.26 - - [29/Oct/2023:05:48:39 +0000] "GET /favicon.ico HTTP/1.1" 404 4144 "-" "Mozilla/5.0 (Windows NT 10.0; Win64; x64) AppleWebKit/537.36 (KHTML, like Gecko) Chrome/95.0.4638.69 Safari/537.36"
46.101.144.32 - - [29/Oct/2023:05:49:28 +0000] "POST /wp-cron.php?doing_wp_cron=1698558568.9212970733642578125000 HTTP/1.1" 200 3995 "-" "WordPress/6.3.2; https://talmedos.com"
192.0.102.40 - - [29/Oct/2023:05:49:28 +0000] "HEAD / HTTP/1.1" 200 3915 "-" "jetmon/1.0 (Jetpack Site Uptime Monitor by WordPress.com)"
94.156.102.112 - - [29/Oct/2023:05:51:05 +0000] "GET /.git/config HTTP/1.1" 404 4229 "-" "python-requests/2.28.2"
94.156.102.112 - - [29/Oct/2023:05:51:06 +0000] "GET /.git/config HTTP/1.1" 404 4229 "-" "python-requests/2.28.2"
94.156.102.112 - - [29/Oct/2023:05:51:06 +0000] "GET /.git/config HTTP/1.1" 404 4229 "-" "python-requests/2.28.2"
46.101.144.32 - - [29/Oct/2023:05:54:28 +0000] "POST /wp-cron.php?doing_wp_cron=1698558868.2367990016937255859375 HTTP/1.1" 200 3995 "-" "WordPress/6.3.2; https://talmedos.com"
192.0.102.40 - - [29/Oct/2023:05:54:28 +0000] "HEAD / HTTP/1.1" 200 3915 "-" "jetmon/1.0 (Jetpack Site Uptime Monitor by WordPress.com)"
122.176.39.124 - - [29/Oct/2023:05:57:34 +0000] "POST /wp-login.php HTTP/1.1" 200 8357 "-" "Mozilla/5.0 (Windows NT 10.0; WOW64) AppleWebKit/537.36 (KHTML, like Gecko) Chrome/53.0.2785.143 Safari/537.36"
46.101.144.32 - - [29/Oct/2023:05:59:29 +0000] "POST /wp-cron.php?doing_wp_cron=1698559169.1584300994873046875000 HTTP/1.1" 200 3995 "-" "WordPress/6.3.2; https://talmedos.com"
192.0.102.40 - - [29/Oct/2023:05:59:29 +0000] "HEAD / HTTP/1.1" 200 3915 "-" "jetmon/1.0 (Jetpack Site Uptime Monitor by WordPress.com)"
46.101.144.32 - - [29/Oct/2023:06:04:28 +0000] "POST /wp-cron.php?doing_wp_cron=1698559468.6977689266204833984375 HTTP/1.1" 200 3995 "-" "WordPress/6.3.2; https://talmedos.com"
192.0.102.40 - - [29/Oct/2023:06:04:28 +0000] "HEAD / HTTP/1.1" 200 3915 "-" "jetmon/1.0 (Jetpack Site Uptime Monitor by WordPress.com)"
46.101.144.32 - - [29/Oct/2023:06:09:28 +0000] "POST /wp-cron.php?doing_wp_cron=1698559768.6765971183776855468750 HTTP/1.1" 200 3995 "-" "WordPress/6.3.2; https://talmedos.com"
192.0.102.40 - - [29/Oct/2023:06:09:28 +0000] "HEAD / HTTP/1.1" 200 3915 "-" "jetmon/1.0 (Jetpack Site Uptime Monitor by WordPress.com)"
46.101.144.32 - - [29/Oct/2023:06:13:04 +0000] "POST /wp-cron.php?doing_wp_cron=1698559984.2619910240173339843750 HTTP/1.1" 200 3995 "-" "WordPress/6.3.2; https://talmedos.com"
167.94.138.50 - - [29/Oct/2023:06:13:04 +0000] "GET / HTTP/1.1" 200 15228 "-" "Mozilla/5.0 (compatible; CensysInspect/1.1; +https://about.censys.io/)"
167.94.138.50 - - [29/Oct/2023:06:13:05 +0000] "GET /favicon.ico HTTP/1.1" 404 4097 "-" "Mozilla/5.0 (compatible; CensysInspect/1.1; +https://about.censys.io/)"
46.101.144.32 - - [29/Oct/2023:06:14:28 +0000] "POST /wp-cron.php?doing_wp_cron=1698560068.8031420707702636718750 HTTP/1.1" 200 3995 "-" "WordPress/6.3.2; https://talmedos.com"
192.0.102.40 - - [29/Oct/2023:06:14:28 +0000] "HEAD / HTTP/1.1" 200 3915 "-" "jetmon/1.0 (Jetpack Site Uptime Monitor by WordPress.com)"
198.211.100.233 - - [29/Oct/2023:06:14:40 +0000] "GET /ab2g HTTP/1.1" 404 3540 "-" "Mozilla/5.0 zgrab/0.x"
198.211.100.233 - - [29/Oct/2023:06:14:40 +0000] "GET /ab2h HTTP/1.1" 404 3540 "-" "Mozilla/5.0 zgrab/0.x"
198.211.100.233 - - [29/Oct/2023:06:14:43 +0000] "GET / HTTP/1.1" 200 14711 "-" "Mozilla/5.0 (Windows NT 10.0; Win64; x64) AppleWebKit/537.36 (KHTML, like Gecko) Chrome/108.0.0.0 Safari/537.36"
198.211.100.233 - - [29/Oct/2023:06:14:43 +0000] "GET / HTTP/1.0" 400 627 "-" "-"
198.211.100.233 - - [29/Oct/2023:06:14:43 +0000] "GET / HTTP/1.0" 400 627 "-" "-"
198.211.100.233 - - [29/Oct/2023:06:14:43 +0000] "GET /t4 HTTP/1.1" 404 3540 "-" "Mozilla/5.0"
198.211.100.233 - - [29/Oct/2023:06:14:44 +0000] "GET /favicon.ico HTTP/1.1" 404 3540 "-" "Mozilla/5.0 (Windows NT 10.0; Win64; x64) AppleWebKit/537.36 (KHTML, like Gecko) Chrome/108.0.0.0 Safari/537.36"
198.211.100.233 - - [29/Oct/2023:06:14:44 +0000] "GET / HTTP/1.1" 200 14711 "-" "Mozilla/4.0 (compatible; MSIE 9.0; Windows NT 10.0; .NET4.0C; .NET4.0E; .NET CLR 2.0.50727; .NET CLR 3.0.30729; .NET CLR 3.5.30729)"
46.101.144.32 - - [29/Oct/2023:06:19:28 +0000] "POST /wp-cron.php?doing_wp_cron=1698560368.8567109107971191406250 HTTP/1.1" 200 3995 "-" "WordPress/6.3.2; https://talmedos.com"
192.0.102.40 - - [29/Oct/2023:06:19:28 +0000] "HEAD / HTTP/1.1" 200 3915 "-" "jetmon/1.0 (Jetpack Site Uptime Monitor by WordPress.com)"
46.101.144.32 - - [29/Oct/2023:06:24:28 +0000] "POST /wp-cron.php?doing_wp_cron=1698560668.0642209053039550781250 HTTP/1.1" 200 3995 "-" "WordPress/6.3.2; https://talmedos.com"
192.0.102.40 - - [29/Oct/2023:06:24:27 +0000] "HEAD / HTTP/1.1" 200 3915 "-" "jetmon/1.0 (Jetpack Site Uptime Monitor by WordPress.com)"
46.101.144.32 - - [29/Oct/2023:06:29:30 +0000] "POST /wp-cron.php?doing_wp_cron=1698560970.3119440078735351562500 HTTP/1.1" 200 3995 "-" "WordPress/6.3.2; https://talmedos.com"
192.0.102.40 - - [29/Oct/2023:06:29:30 +0000] "HEAD / HTTP/1.1" 200 3915 "-" "jetmon/1.0 (Jetpack Site Uptime Monitor by WordPress.com)"
46.101.144.32 - - [29/Oct/2023:06:34:29 +0000] "POST /wp-cron.php?doing_wp_cron=1698561269.1644999980926513671875 HTTP/1.1" 200 3995 "-" "WordPress/6.3.2; https://talmedos.com"
192.0.102.40 - - [29/Oct/2023:06:34:29 +0000] "HEAD / HTTP/1.1" 200 3915 "-" "jetmon/1.0 (Jetpack Site Uptime Monitor by WordPress.com)"
46.101.144.32 - - [29/Oct/2023:06:39:28 +0000] "POST /wp-cron.php?doing_wp_cron=1698561568.7480199337005615234375 HTTP/1.1" 200 3995 "-" "WordPress/6.3.2; https://talmedos.com"
192.0.102.40 - - [29/Oct/2023:06:39:28 +0000] "HEAD / HTTP/1.1" 200 3915 "-" "jetmon/1.0 (Jetpack Site Uptime Monitor by WordPress.com)"
46.101.144.32 - - [29/Oct/2023:06:44:32 +0000] "POST /wp-cron.php?doing_wp_cron=1698561872.3921139240264892578125 HTTP/1.1" 200 3995 "-" "WordPress/6.3.2; https://talmedos.com"
192.0.102.40 - - [29/Oct/2023:06:44:32 +0000] "HEAD / HTTP/1.1" 200 3915 "-" "jetmon/1.0 (Jetpack Site Uptime Monitor by WordPress.com)"
46.101.144.32 - - [29/Oct/2023:06:49:29 +0000] "POST /wp-cron.php?doing_wp_cron=1698562169.0034360885620117187500 HTTP/1.1" 200 3995 "-" "WordPress/6.3.2; https://talmedos.com"
192.0.102.40 - - [29/Oct/2023:06:49:28 +0000] "HEAD / HTTP/1.1" 200 3915 "-" "jetmon/1.0 (Jetpack Site Uptime Monitor by WordPress.com)"
46.101.144.32 - - [29/Oct/2023:06:54:29 +0000] "POST /wp-cron.php?doing_wp_cron=1698562469.6501560211181640625000 HTTP/1.1" 200 3995 "-" "WordPress/6.3.2; https://talmedos.com"
192.0.102.40 - - [29/Oct/2023:06:54:29 +0000] "HEAD / HTTP/1.1" 200 3915 "-" "jetmon/1.0 (Jetpack Site Uptime Monitor by WordPress.com)"
46.101.144.32 - - [29/Oct/2023:06:59:31 +0000] "POST /wp-cron.php?doing_wp_cron=1698562771.7816729545593261718750 HTTP/1.1" 200 3995 "-" "WordPress/6.3.2; https://talmedos.com"
192.0.102.40 - - [29/Oct/2023:06:59:31 +0000] "HEAD / HTTP/1.1" 200 3915 "-" "jetmon/1.0 (Jetpack Site Uptime Monitor by WordPress.com)"
46.101.144.32 - - [29/Oct/2023:07:04:31 +0000] "POST /wp-cron.php?doing_wp_cron=1698563071.4187970161437988281250 HTTP/1.1" 200 3995 "-" "WordPress/6.3.2; https://talmedos.com"
192.0.102.40 - - [29/Oct/2023:07:04:31 +0000] "HEAD / HTTP/1.1" 200 3915 "-" "jetmon/1.0 (Jetpack Site Uptime Monitor by WordPress.com)"
46.101.144.32 - - [29/Oct/2023:07:09:30 +0000] "POST /wp-cron.php?doing_wp_cron=1698563370.5141770839691162109375 HTTP/1.1" 200 3995 "-" "WordPress/6.3.2; https://talmedos.com"
192.0.102.40 - - [29/Oct/2023:07:09:30 +0000] "HEAD / HTTP/1.1" 200 3915 "-" "jetmon/1.0 (Jetpack Site Uptime Monitor by WordPress.com)"
46.101.144.32 - - [29/Oct/2023:07:14:29 +0000] "POST /wp-cron.php?doing_wp_cron=1698563669.7534120082855224609375 HTTP/1.1" 200 3995 "-" "WordPress/6.3.2; https://talmedos.com"
192.0.102.40 - - [29/Oct/2023:07:14:29 +0000] "HEAD / HTTP/1.1" 200 3915 "-" "jetmon/1.0 (Jetpack Site Uptime Monitor by WordPress.com)"
46.101.144.32 - - [29/Oct/2023:07:19:29 +0000] "POST /wp-cron.php?doing_wp_cron=1698563969.5078389644622802734375 HTTP/1.1" 200 3995 "-" "WordPress/6.3.2; https://talmedos.com"
192.0.102.40 - - [29/Oct/2023:07:19:29 +0000] "HEAD / HTTP/1.1" 200 3915 "-" "jetmon/1.0 (Jetpack Site Uptime Monitor by WordPress.com)"
46.101.144.32 - - [29/Oct/2023:07:24:30 +0000] "POST /wp-cron.php?doing_wp_cron=1698564270.4793159961700439453125 HTTP/1.1" 200 3995 "-" "WordPress/6.3.2; https://talmedos.com"
192.0.102.40 - - [29/Oct/2023:07:24:30 +0000] "HEAD / HTTP/1.1" 200 3915 "-" "jetmon/1.0 (Jetpack Site Uptime Monitor by WordPress.com)"
46.101.144.32 - - [29/Oct/2023:07:29:30 +0000] "POST /wp-cron.php?doing_wp_cron=1698564570.2522780895233154296875 HTTP/1.1" 200 3995 "-" "WordPress/6.3.2; https://talmedos.com"
192.0.102.40 - - [29/Oct/2023:07:29:30 +0000] "HEAD / HTTP/1.1" 200 3915 "-" "jetmon/1.0 (Jetpack Site Uptime Monitor by WordPress.com)"
89.39.105.126 - - [29/Oct/2023:07:31:55 +0000] "GET /api/Posts/GetCarouselPosts?culture=ka HTTP/1.1" 404 4072 "-" "Mozilla/5.0 (Windows NT 10.0; Win64; x64) AppleWebKit/537.36 (KHTML, like Gecko) Chrome/118.0.0.0 Safari/537.36"
46.101.144.32 - - [29/Oct/2023:07:34:29 +0000] "POST /wp-cron.php?doing_wp_cron=1698564869.2612020969390869140625 HTTP/1.1" 200 3995 "-" "WordPress/6.3.2; https://talmedos.com"
192.0.102.40 - - [29/Oct/2023:07:34:29 +0000] "HEAD / HTTP/1.1" 200 3915 "-" "jetmon/1.0 (Jetpack Site Uptime Monitor by WordPress.com)"
46.101.144.32 - - [29/Oct/2023:07:36:25 +0000] "POST /wp-cron.php?doing_wp_cron=1698564985.7163810729980468750000 HTTP/1.1" 200 3995 "-" "WordPress/6.3.2; https://talmedos.com"
51.15.17.105 - - [29/Oct/2023:07:36:25 +0000] "GET /?of=1 HTTP/1.1" 200 14780 "www.google.com" "Mozilla/6.4 (Windows NT 11.1) Gecko/2010102 Firefox/99.0"
46.101.144.32 - - [29/Oct/2023:07:36:40 +0000] "POST /wp-cron.php?doing_wp_cron=1698565000.7941720485687255859375 HTTP/1.1" 200 3995 "-" "WordPress/6.3.2; https://talmedos.com"
51.15.17.105 - - [29/Oct/2023:07:36:40 +0000] "GET /?of=1 HTTP/1.1" 200 14780 "www.google.com" "Mozilla/6.4 (Windows NT 11.1) Gecko/2010102 Firefox/99.0"
46.101.144.32 - - [29/Oct/2023:07:39:29 +0000] "POST /wp-cron.php?doing_wp_cron=1698565169.5325329303741455078125 HTTP/1.1" 200 3995 "-" "WordPress/6.3.2; https://talmedos.com"
192.0.102.40 - - [29/Oct/2023:07:39:29 +0000] "HEAD / HTTP/1.1" 200 3915 "-" "jetmon/1.0 (Jetpack Site Uptime Monitor by WordPress.com)"
46.101.144.32 - - [29/Oct/2023:07:44:29 +0000] "POST /wp-cron.php?doing_wp_cron=1698565469.8139650821685791015625 HTTP/1.1" 200 3995 "-" "WordPress/6.3.2; https://talmedos.com"
192.0.102.40 - - [29/Oct/2023:07:44:29 +0000] "HEAD / HTTP/1.1" 200 3915 "-" "jetmon/1.0 (Jetpack Site Uptime Monitor by WordPress.com)"
46.101.144.32 - - [29/Oct/2023:07:49:29 +0000] "POST /wp-cron.php?doing_wp_cron=1698565769.2519071102142333984375 HTTP/1.1" 200 3995 "-" "WordPress/6.3.2; https://talmedos.com"
192.0.102.40 - - [29/Oct/2023:07:49:29 +0000] "HEAD / HTTP/1.1" 200 3915 "-" "jetmon/1.0 (Jetpack Site Uptime Monitor by WordPress.com)"
46.101.144.32 - - [29/Oct/2023:07:52:10 +0000] "POST /wp-cron.php?doing_wp_cron=1698565930.7561900615692138671875 HTTP/1.1" 200 3995 "-" "WordPress/6.3.2; https://talmedos.com"
65.49.20.68 - - [29/Oct/2023:07:52:10 +0000] "GET / HTTP/1.1" 200 14711 "http://46.101.144.32/" "Mozilla/5.0 (Windows NT 10.0; Win64; x64) AppleWebKit/537.36 (KHTML, like Gecko) Chrome/110.0.0.0 Safari/537.36 Edg/110.0.1587.57"
46.101.144.32 - - [29/Oct/2023:07:54:27 +0000] "POST /wp-cron.php?doing_wp_cron=1698566067.8329861164093017578125 HTTP/1.1" 200 3995 "-" "WordPress/6.3.2; https://talmedos.com"
192.0.102.40 - - [29/Oct/2023:07:54:27 +0000] "HEAD / HTTP/1.1" 200 3915 "-" "jetmon/1.0 (Jetpack Site Uptime Monitor by WordPress.com)"
192.0.102.40 - - [29/Oct/2023:07:59:29 +0000] "HEAD / HTTP/1.1" 200 3915 "-" "jetmon/1.0 (Jetpack Site Uptime Monitor by WordPress.com)"
46.101.144.32 - - [29/Oct/2023:07:59:29 +0000] "POST /wp-cron.php?doing_wp_cron=1698566369.3061690330505371093750 HTTP/1.1" 200 3995 "-" "WordPress/6.3.2; https://talmedos.com"
46.101.144.32 - - [29/Oct/2023:07:59:30 +0000] "GET /index.php?rest_route=%2Fjetpack%2Fv4%2Fsync%2Fspawn-sync&time=1698566370&request_lock_id=1698566370.3272 HTTP/1.1" 200 4013 "-" "WordPress/6.3.2; https://talmedos.com"
46.101.144.32 - - [29/Oct/2023:07:59:31 +0000] "GET /index.php?rest_route=%2Fjetpack%2Fv4%2Fsync%2Fspawn-sync&time=1698566371&request_lock_id=1698566371.7778 HTTP/1.1" 200 4013 "-" "WordPress/6.3.2; https://talmedos.com"
46.101.144.32 - - [29/Oct/2023:08:02:48 +0000] "POST /wp-cron.php?doing_wp_cron=1698566568.1865260601043701171875 HTTP/1.1" 200 3995 "-" "WordPress/6.3.2; https://talmedos.com"
146.56.106.141 - - [29/Oct/2023:08:02:48 +0000] "POST /xmlrpc.php HTTP/1.1" 200 4013 "-" "Mozilla/5.0 (Windows NT 6.1; WOW64; rv:54.0) Gecko/20100101 Firefox/54.0"
64.227.108.223 - - [29/Oct/2023:08:02:49 +0000] "POST /xmlrpc.php HTTP/1.1" 200 4420 "-" "Mozilla/5.0 (Linux; Android 10; SM-A205U) AppleWebKit/537.36 (KHTML, like Gecko) Chrome/91.0.4472.114 Mobile Safari/537.36"
103.147.130.161 - - [29/Oct/2023:08:02:54 +0000] "POST /xmlrpc.php HTTP/1.1" 200 4421 "-" "Mozilla/5.0 (Windows NT 10.0; Win64; x64) AppleWebKit/537.36 (KHTML, like Gecko) Chrome/61.0.3163.100 Safari/537.36"
46.101.144.32 - - [29/Oct/2023:08:03:04 +0000] "POST /wp-cron.php?doing_wp_cron=1698566584.0466380119323730468750 HTTP/1.1" 200 3995 "-" "WordPress/6.3.2; https://talmedos.com"
82.156.179.196 - - [29/Oct/2023:08:03:03 +0000] "POST /xmlrpc.php HTTP/1.1" 200 4420 "-" "Mozilla/5.0 (Windows NT 5.1; rv:33.0) Gecko/20100101 Firefox/33.0"
184.168.101.160 - - [29/Oct/2023:08:03:06 +0000] "POST /xmlrpc.php HTTP/1.1" 200 4421 "-" "Mozilla/5.0 (X11; Linux x86_64) AppleWebKit/537.36 (KHTML, like Gecko) Chrome/44.0.2403.157 Safari/537.36"
184.168.101.160 - - [29/Oct/2023:08:03:17 +0000] "POST /xmlrpc.php HTTP/1.1" 200 4421 "-" "Mozilla/5.0 (Windows NT 6.1; WOW64; rv:54.0) Gecko/20100101 Firefox/54.0"
159.65.197.63 - - [29/Oct/2023:08:03:31 +0000] "POST /xmlrpc.php HTTP/1.1" 200 4419 "-" "Mozilla/5.0 (Windows NT 10.0; WOW64) AppleWebKit/537.36 (KHTML, like Gecko) Chrome/72.0.3626.121 Safari/537.36"
149.255.62.6 - - [29/Oct/2023:08:03:33 +0000] "POST /xmlrpc.php HTTP/1.1" 200 4418 "-" "Mozilla/5.0 (Windows NT 6.1; rv:17.0) Gecko/20100101 Firefox/20.6.14"
79.170.40.247 - - [29/Oct/2023:08:03:36 +0000] "POST /xmlrpc.php HTTP/1.1" 200 4012 "-" "Mozilla/5.0 (Windows NT 10.0; Win64; x64; rv:78.0) Gecko/20100101 Firefox/78.0"
91.239.200.44 - - [29/Oct/2023:08:03:37 +0000] "POST /xmlrpc.php HTTP/1.1" 200 4419 "-" "Mozilla/5.0 (Windows NT 6.2; Win64; x64) AppleWebKit/537.36 (KHTML, like Gecko) Chrome/60.0.3112.90 Safari/537.36"
79.170.40.247 - - [29/Oct/2023:08:03:50 +0000] "POST /xmlrpc.php HTTP/1.1" 200 4012 "-" "Mozilla/5.0 (Windows NT 6.1; WOW64; rv:45.0) Gecko/20100101 Firefox/45.0"
46.101.144.32 - - [29/Oct/2023:08:04:29 +0000] "POST /wp-cron.php?doing_wp_cron=1698566669.3320589065551757812500 HTTP/1.1" 200 3995 "-" "WordPress/6.3.2; https://talmedos.com"
192.0.102.40 - - [29/Oct/2023:08:04:29 +0000] "HEAD / HTTP/1.1" 200 3915 "-" "jetmon/1.0 (Jetpack Site Uptime Monitor by WordPress.com)"
89.39.105.126 - - [29/Oct/2023:08:05:47 +0000] "GET /api/Posts/GetCarouselPosts?culture=ka HTTP/1.1" 404 4072 "-" "Mozilla/5.0 (Windows NT 10.0; Win64; x64) AppleWebKit/537.36 (KHTML, like Gecko) Chrome/118.0.0.0 Safari/537.36"
46.101.144.32 - - [29/Oct/2023:08:09:27 +0000] "POST /wp-cron.php?doing_wp_cron=1698566967.8576629161834716796875 HTTP/1.1" 200 3995 "-" "WordPress/6.3.2; https://talmedos.com"
192.0.102.40 - - [29/Oct/2023:08:09:27 +0000] "HEAD / HTTP/1.1" 200 3915 "-" "jetmon/1.0 (Jetpack Site Uptime Monitor by WordPress.com)"
46.101.144.32 - - [29/Oct/2023:08:14:30 +0000] "POST /wp-cron.php?doing_wp_cron=1698567270.0409181118011474609375 HTTP/1.1" 200 3995 "-" "WordPress/6.3.2; https://talmedos.com"
192.0.102.40 - - [29/Oct/2023:08:14:29 +0000] "HEAD / HTTP/1.1" 200 3915 "-" "jetmon/1.0 (Jetpack Site Uptime Monitor by WordPress.com)"
46.101.144.32 - - [29/Oct/2023:08:19:28 +0000] "POST /wp-cron.php?doing_wp_cron=1698567568.9405620098114013671875 HTTP/1.1" 200 3995 "-" "WordPress/6.3.2; https://talmedos.com"
192.0.102.40 - - [29/Oct/2023:08:19:28 +0000] "HEAD / HTTP/1.1" 200 3915 "-" "jetmon/1.0 (Jetpack Site Uptime Monitor by WordPress.com)"
46.101.144.32 - - [29/Oct/2023:08:24:27 +0000] "POST /wp-cron.php?doing_wp_cron=1698567867.7215259075164794921875 HTTP/1.1" 200 3995 "-" "WordPress/6.3.2; https://talmedos.com"
192.0.102.40 - - [29/Oct/2023:08:24:27 +0000] "HEAD / HTTP/1.1" 200 3915 "-" "jetmon/1.0 (Jetpack Site Uptime Monitor by WordPress.com)"
46.101.144.32 - - [29/Oct/2023:08:29:29 +0000] "POST /wp-cron.php?doing_wp_cron=1698568169.0949389934539794921875 HTTP/1.1" 200 3995 "-" "WordPress/6.3.2; https://talmedos.com"
192.0.102.40 - - [29/Oct/2023:08:29:28 +0000] "HEAD / HTTP/1.1" 200 3915 "-" "jetmon/1.0 (Jetpack Site Uptime Monitor by WordPress.com)"
162.240.239.98 - - [29/Oct/2023:08:31:39 +0000] "GET /.env HTTP/1.1" 404 3775 "-" "python-requests/2.6.0 CPython/2.7.5 Linux/3.10.0-1160.99.1.el7.x86_64"
46.101.144.32 - - [29/Oct/2023:08:31:40 +0000] "POST /wp-cron.php?doing_wp_cron=1698568300.1845579147338867187500 HTTP/1.1" 200 3995 "-" "WordPress/6.3.2; https://talmedos.com"
162.240.239.98 - - [29/Oct/2023:08:31:40 +0000] "POST / HTTP/1.1" 200 14946 "-" "url"
162.240.239.98 - - [29/Oct/2023:08:31:41 +0000] "POST /core/.env HTTP/1.1" 404 3775 "-" "url"
162.240.239.98 - - [29/Oct/2023:08:31:41 +0000] "GET /core/.env HTTP/1.1" 404 3775 "-" "python-requests/2.6.0 CPython/2.7.5 Linux/3.10.0-1160.99.1.el7.x86_64"
162.240.239.98 - - [29/Oct/2023:08:31:42 +0000] "POST / HTTP/1.1" 200 14946 "-" "url"
162.240.239.98 - - [29/Oct/2023:08:31:43 +0000] "POST /core/.env HTTP/1.1" 404 3775 "-" "url"
