192.0.102.40 - - [01/Nov/2023:16:44:26 +0000] "HEAD / HTTP/1.1" 200 3915 "-" "jetmon/1.0 (Jetpack Site Uptime Monitor by WordPress.com)"
46.101.144.32 - - [01/Nov/2023:16:49:26 +0000] "POST /wp-cron.php?doing_wp_cron=1698857366.1046500205993652343750 HTTP/1.1" 200 3995 "-" "WordPress/6.3.2; https://talmedos.com"
192.0.102.40 - - [01/Nov/2023:16:49:26 +0000] "HEAD / HTTP/1.1" 200 3915 "-" "jetmon/1.0 (Jetpack Site Uptime Monitor by WordPress.com)"
46.101.144.32 - - [01/Nov/2023:16:54:37 +0000] "POST /wp-cron.php?doing_wp_cron=1698857677.4337620735168457031250 HTTP/1.1" 200 3995 "-" "WordPress/6.3.2; https://talmedos.com"
192.0.102.40 - - [01/Nov/2023:16:54:37 +0000] "HEAD / HTTP/1.1" 200 3915 "-" "jetmon/1.0 (Jetpack Site Uptime Monitor by WordPress.com)"
91.92.242.188 - - [01/Nov/2023:16:57:59 +0000] "GET / HTTP/1.0" 400 627 "-" "-"
46.101.144.32 - - [01/Nov/2023:16:58:01 +0000] "POST /wp-cron.php?doing_wp_cron=1698857881.1151630878448486328125 HTTP/1.1" 200 3995 "-" "WordPress/6.3.2; https://talmedos.com"
91.92.242.188 - - [01/Nov/2023:16:58:01 +0000] "HEAD / HTTP/1.1" 200 3896 "-" "Mozilla/5.0 (Linux; U; Android 4.4.2; en-US; HM NOTE 1W Build/KOT49H) AppleWebKit/534.30 (KHTML, like Gecko) Version/4.0 UCBrowser/11.0.5.850 U3/0.8.0 Mobile Safari/534.30"
91.92.242.188 - - [01/Nov/2023:16:58:02 +0000] "GET /info.php HTTP/1.1" 404 4126 "-" "Mozilla/5.0 (Linux; U; Android 4.4.2; en-US; HM NOTE 1W Build/KOT49H) AppleWebKit/534.30 (KHTML, like Gecko) Version/4.0 UCBrowser/11.0.5.850 U3/0.8.0 Mobile Safari/534.30"
91.92.242.188 - - [01/Nov/2023:16:58:03 +0000] "GET /phpinfo.php HTTP/1.1" 404 4126 "-" "Mozilla/5.0 (Linux; U; Android 4.4.2; en-US; HM NOTE 1W Build/KOT49H) AppleWebKit/534.30 (KHTML, like Gecko) Version/4.0 UCBrowser/11.0.5.850 U3/0.8.0 Mobile Safari/534.30"
91.92.242.188 - - [01/Nov/2023:16:58:04 +0000] "GET /_profiler/phpinfo HTTP/1.1" 404 4126 "-" "Mozilla/5.0 (Linux; U; Android 4.4.2; en-US; HM NOTE 1W Build/KOT49H) AppleWebKit/534.30 (KHTML, like Gecko) Version/4.0 UCBrowser/11.0.5.850 U3/0.8.0 Mobile Safari/534.30"
91.92.242.188 - - [01/Nov/2023:16:58:06 +0000] "GET /debug/default/view?panel=config HTTP/1.1" 404 4126 "-" "Mozilla/5.0 (Linux; U; Android 4.4.2; en-US; HM NOTE 1W Build/KOT49H) AppleWebKit/534.30 (KHTML, like Gecko) Version/4.0 UCBrowser/11.0.5.850 U3/0.8.0 Mobile Safari/534.30"
192.0.102.40 - - [01/Nov/2023:16:59:26 +0000] "HEAD / HTTP/1.1" 200 3915 "-" "jetmon/1.0 (Jetpack Site Uptime Monitor by WordPress.com)"
46.101.144.32 - - [01/Nov/2023:17:03:45 +0000] "POST /wp-cron.php?doing_wp_cron=1698858224.9871380329132080078125 HTTP/1.1" 200 3995 "-" "WordPress/6.3.2; https://talmedos.com"
2.71.54.125 - - [01/Nov/2023:17:03:44 +0000] "GET / HTTP/1.0" 200 23343 "-" "-"
192.0.102.40 - - [01/Nov/2023:17:04:26 +0000] "HEAD / HTTP/1.1" 200 3915 "-" "jetmon/1.0 (Jetpack Site Uptime Monitor by WordPress.com)"
46.101.144.32 - - [01/Nov/2023:17:08:19 +0000] "POST /wp-cron.php?doing_wp_cron=1698858499.4814980030059814453125 HTTP/1.1" 200 3995 "-" "WordPress/6.3.2; https://talmedos.com"
72.167.104.249 - - [01/Nov/2023:17:08:19 +0000] "GET /wp-login.php HTTP/1.1" 200 6120 "http://www.talmedos.com/wp-login.php" "Mozilla/5.0 (X11; Fedora; Linux x86_64; rv:94.0) Gecko/20100101 Firefox/95.0"
72.167.104.249 - - [01/Nov/2023:17:08:20 +0000] "GET /?author=1 HTTP/1.1" 301 3319 "http://www.talmedos.com///?author=1" "Mozilla/5.0 (X11; Fedora; Linux x86_64; rv:94.0) Gecko/20100101 Firefox/95.0"
72.167.104.249 - - [01/Nov/2023:17:08:21 +0000] "GET /?author=1 HTTP/1.1" 200 8649 "https://www.talmedos.com/?author=1" "Mozilla/5.0 (X11; Fedora; Linux x86_64; rv:94.0) Gecko/20100101 Firefox/95.0"
72.167.104.249 - - [01/Nov/2023:17:08:22 +0000] "GET /wp-json/wp/v2/users/ HTTP/1.1" 404 3529 "http://www.talmedos.com///wp-json/wp/v2/users/" "Mozilla/5.0 (X11; Fedora; Linux x86_64; rv:94.0) Gecko/20100101 Firefox/95.0"
72.167.104.249 - - [01/Nov/2023:17:08:23 +0000] "GET /?author=2 HTTP/1.1" 301 3319 "http://www.talmedos.com///?author=2" "Mozilla/5.0 (X11; Fedora; Linux x86_64; rv:94.0) Gecko/20100101 Firefox/95.0"
72.167.104.249 - - [01/Nov/2023:17:08:23 +0000] "GET /?author=2 HTTP/1.1" 200 8366 "https://www.talmedos.com/?author=2" "Mozilla/5.0 (X11; Fedora; Linux x86_64; rv:94.0) Gecko/20100101 Firefox/95.0"
72.167.104.249 - - [01/Nov/2023:17:08:24 +0000] "GET /?author=3 HTTP/1.1" 301 3412 "http://www.talmedos.com///?author=3" "Mozilla/5.0 (X11; Fedora; Linux x86_64; rv:94.0) Gecko/20100101 Firefox/95.0"
72.167.104.249 - - [01/Nov/2023:17:08:25 +0000] "GET /?author=3 HTTP/1.1" 404 22259 "https://www.talmedos.com/?author=3" "Mozilla/5.0 (X11; Fedora; Linux x86_64; rv:94.0) Gecko/20100101 Firefox/95.0"
192.0.102.40 - - [01/Nov/2023:17:09:25 +0000] "HEAD / HTTP/1.1" 200 3915 "-" "jetmon/1.0 (Jetpack Site Uptime Monitor by WordPress.com)"
141.94.247.170 - - [01/Nov/2023:17:14:20 +0000] "POST /wp-login.php HTTP/1.1" 200 8355 "-" "Mozilla/5.0 (Windows NT 6.1; WOW64) AppleWebKit/537.36 (KHTML, like Gecko) Chrome/41.0.2272.101 Safari/537.36"
46.101.144.32 - - [01/Nov/2023:17:14:26 +0000] "POST /wp-cron.php?doing_wp_cron=1698858866.2867009639739990234375 HTTP/1.1" 200 3995 "-" "WordPress/6.3.2; https://talmedos.com"
192.0.102.40 - - [01/Nov/2023:17:14:26 +0000] "HEAD / HTTP/1.1" 200 3915 "-" "jetmon/1.0 (Jetpack Site Uptime Monitor by WordPress.com)"
46.101.144.32 - - [01/Nov/2023:17:19:26 +0000] "POST /wp-cron.php?doing_wp_cron=1698859166.1920359134674072265625 HTTP/1.1" 200 3995 "-" "WordPress/6.3.2; https://talmedos.com"
192.0.102.40 - - [01/Nov/2023:17:19:26 +0000] "HEAD / HTTP/1.1" 200 3915 "-" "jetmon/1.0 (Jetpack Site Uptime Monitor by WordPress.com)"
81.7.178.226 - - [01/Nov/2023:17:20:26 +0000] "GET /wp-includes/js/dist/vendor/react-dom.min.js?ver=18.2.0 HTTP/1.1" 200 46208 "https://talmedos.com/?post_type=product" "Mozilla/5.0 (Macintosh; Intel Mac OS X 10_15_7) AppleWebKit/537.36 (KHTML, like Gecko) Chrome/118.0.0.0 Safari/537.36"
81.7.178.226 - - [01/Nov/2023:17:20:26 +0000] "GET /wp-content/uploads/2023/10/album-1.jpg HTTP/1.1" 200 124165 "https://talmedos.com/?post_type=product" "Mozilla/5.0 (Macintosh; Intel Mac OS X 10_15_7) AppleWebKit/537.36 (KHTML, like Gecko) Chrome/118.0.0.0 Safari/537.36"
81.7.178.226 - - [01/Nov/2023:17:20:26 +0000] "GET /wp-content/uploads/2023/10/beanie-with-logo-1.jpg HTTP/1.1" 200 46259 "https://talmedos.com/?post_type=product" "Mozilla/5.0 (Macintosh; Intel Mac OS X 10_15_7) AppleWebKit/537.36 (KHTML, like Gecko) Chrome/118.0.0.0 Safari/537.36"
81.7.178.226 - - [01/Nov/2023:17:20:26 +0000] "GET /wp-content/uploads/2023/10/hoodie-2.jpg HTTP/1.1" 200 46455 "https://talmedos.com/?post_type=product" "Mozilla/5.0 (Macintosh; Intel Mac OS X 10_15_7) AppleWebKit/537.36 (KHTML, like Gecko) Chrome/118.0.0.0 Safari/537.36"
81.7.178.226 - - [01/Nov/2023:17:20:26 +0000] "GET /wp-content/uploads/2023/10/hoodie-with-zipper-2.jpg HTTP/1.1" 200 60674 "https://talmedos.com/?post_type=product" "Mozilla/5.0 (Macintosh; Intel Mac OS X 10_15_7) AppleWebKit/537.36 (KHTML, like Gecko) Chrome/118.0.0.0 Safari/537.36"
81.7.178.226 - - [01/Nov/2023:17:20:26 +0000] "GET /wp-content/uploads/2023/10/hoodie-with-logo-2.jpg HTTP/1.1" 200 51012 "https://talmedos.com/?post_type=product" "Mozilla/5.0 (Macintosh; Intel Mac OS X 10_15_7) AppleWebKit/537.36 (KHTML, like Gecko) Chrome/118.0.0.0 Safari/537.36"
81.7.178.226 - - [01/Nov/2023:17:20:26 +0000] "GET /wp-content/uploads/2023/10/logo-1.jpg HTTP/1.1" 200 140417 "https://talmedos.com/?post_type=product" "Mozilla/5.0 (Macintosh; Intel Mac OS X 10_15_7) AppleWebKit/537.36 (KHTML, like Gecko) Chrome/118.0.0.0 Safari/537.36"
81.7.178.226 - - [01/Nov/2023:17:20:26 +0000] "GET /wp-content/uploads/2023/10/long-sleeve-tee-2.jpg HTTP/1.1" 200 51516 "https://talmedos.com/?post_type=product" "Mozilla/5.0 (Macintosh; Intel Mac OS X 10_15_7) AppleWebKit/537.36 (KHTML, like Gecko) Chrome/118.0.0.0 Safari/537.36"
81.7.178.226 - - [01/Nov/2023:17:20:26 +0000] "GET /wp-content/themes/twentytwentytwo/assets/fonts/source-serif-pro/SourceSerif4Variable-Roman.ttf.woff2 HTTP/1.1" 200 429866 "https://talmedos.com/?post_type=product" "Mozilla/5.0 (Macintosh; Intel Mac OS X 10_15_7) AppleWebKit/537.36 (KHTML, like Gecko) Chrome/118.0.0.0 Safari/537.36"
81.7.178.226 - - [01/Nov/2023:17:20:26 +0000] "GET /wp-content/uploads/2023/10/polo-2.jpg HTTP/1.1" 200 44785 "https://talmedos.com/?post_type=product" "Mozilla/5.0 (Macintosh; Intel Mac OS X 10_15_7) AppleWebKit/537.36 (KHTML, like Gecko) Chrome/118.0.0.0 Safari/537.36"
81.7.178.226 - - [01/Nov/2023:17:20:26 +0000] "GET /wp-content/uploads/2023/10/single-1.jpg HTTP/1.1" 200 125208 "https://talmedos.com/?post_type=product" "Mozilla/5.0 (Macintosh; Intel Mac OS X 10_15_7) AppleWebKit/537.36 (KHTML, like Gecko) Chrome/118.0.0.0 Safari/537.36"
81.7.178.226 - - [01/Nov/2023:17:20:26 +0000] "GET /index.php?rest_route=%2Fwc%2Fstore%2Fv1%2Fcart&_locale=user HTTP/1.1" 403 746 "https://talmedos.com/?post_type=product" "Mozilla/5.0 (Macintosh; Intel Mac OS X 10_15_7) AppleWebKit/537.36 (KHTML, like Gecko) Chrome/118.0.0.0 Safari/537.36"
81.7.178.226 - - [01/Nov/2023:17:20:26 +0000] "GET /favicon.ico HTTP/1.1" 404 513 "https://talmedos.com/?post_type=product" "Mozilla/5.0 (Macintosh; Intel Mac OS X 10_15_7) AppleWebKit/537.36 (KHTML, like Gecko) Chrome/118.0.0.0 Safari/537.36"
81.7.178.226 - - [01/Nov/2023:17:20:26 +0000] "GET /wp-admin/admin-ajax.php?action=rest-nonce HTTP/1.1" 400 426 "https://talmedos.com/?post_type=product" "Mozilla/5.0 (Macintosh; Intel Mac OS X 10_15_7) AppleWebKit/537.36 (KHTML, like Gecko) Chrome/118.0.0.0 Safari/537.36"
46.101.144.32 - - [01/Nov/2023:17:24:26 +0000] "POST /wp-cron.php?doing_wp_cron=1698859466.0156719684600830078125 HTTP/1.1" 200 3995 "-" "WordPress/6.3.2; https://talmedos.com"
192.0.102.40 - - [01/Nov/2023:17:24:25 +0000] "HEAD / HTTP/1.1" 200 3915 "-" "jetmon/1.0 (Jetpack Site Uptime Monitor by WordPress.com)"
46.101.144.32 - - [01/Nov/2023:17:29:26 +0000] "POST /wp-cron.php?doing_wp_cron=1698859766.2001950740814208984375 HTTP/1.1" 200 3995 "-" "WordPress/6.3.2; https://talmedos.com"
192.0.102.40 - - [01/Nov/2023:17:29:26 +0000] "HEAD / HTTP/1.1" 200 3915 "-" "jetmon/1.0 (Jetpack Site Uptime Monitor by WordPress.com)"
46.101.144.32 - - [01/Nov/2023:17:34:26 +0000] "POST /wp-cron.php?doing_wp_cron=1698860066.0219790935516357421875 HTTP/1.1" 200 3995 "-" "WordPress/6.3.2; https://talmedos.com"
192.0.102.40 - - [01/Nov/2023:17:34:25 +0000] "HEAD / HTTP/1.1" 200 3915 "-" "jetmon/1.0 (Jetpack Site Uptime Monitor by WordPress.com)"
46.101.144.32 - - [01/Nov/2023:17:39:26 +0000] "POST /wp-cron.php?doing_wp_cron=1698860366.2071681022644042968750 HTTP/1.1" 200 3995 "-" "WordPress/6.3.2; https://talmedos.com"
192.0.102.40 - - [01/Nov/2023:17:39:26 +0000] "HEAD / HTTP/1.1" 200 3915 "-" "jetmon/1.0 (Jetpack Site Uptime Monitor by WordPress.com)"
138.75.30.252 - - [01/Nov/2023:17:40:12 +0000] "GET / HTTP/1.0" 200 23343 "-" "-"
198.199.119.67 - - [01/Nov/2023:17:43:52 +0000] "GET /autodiscover/autodiscover.json?@zdi/Powershell HTTP/1.1" 404 3540 "-" "Mozilla/5.0 zgrab/0.x"
46.101.144.32 - - [01/Nov/2023:17:44:26 +0000] "POST /wp-cron.php?doing_wp_cron=1698860666.2053730487823486328125 HTTP/1.1" 200 3995 "-" "WordPress/6.3.2; https://talmedos.com"
192.0.102.40 - - [01/Nov/2023:17:44:26 +0000] "HEAD / HTTP/1.1" 200 3915 "-" "jetmon/1.0 (Jetpack Site Uptime Monitor by WordPress.com)"
192.0.102.40 - - [01/Nov/2023:17:49:26 +0000] "HEAD / HTTP/1.1" 200 3915 "-" "jetmon/1.0 (Jetpack Site Uptime Monitor by WordPress.com)"
46.101.144.32 - - [01/Nov/2023:17:49:26 +0000] "POST /wp-cron.php?doing_wp_cron=1698860966.2422780990600585937500 HTTP/1.1" 200 3995 "-" "WordPress/6.3.2; https://talmedos.com"
194.31.59.88 - - [01/Nov/2023:17:50:01 +0000] "GET / HTTP/1.1" 200 9018 "-" "Mozilla/5.0 (Windows NT 10.0; Win64; x64) AppleWebKit/537.36 (KHTML, like Gecko) Chrome/117.0.0.0 Safari/537.36"
194.31.59.88 - - [01/Nov/2023:17:50:01 +0000] "GET /wp-json/ HTTP/1.1" 404 4077 "-" "Mozilla/5.0 (Macintosh; Intel Mac OS X 10.15; rv:109.0) Gecko/20100101 Firefox/117.0"
194.31.59.88 - - [01/Nov/2023:17:50:02 +0000] "GET / HTTP/1.1" 200 9018 "-" "Mozilla/5.0 (Windows NT 10.0; Win64; x64; rv:109.0) Gecko/20100101 Firefox/118.0"
194.31.59.88 - - [01/Nov/2023:17:50:03 +0000] "GET / HTTP/1.1" 200 9018 "-" "Mozilla/5.0 (X11; Linux x86_64) AppleWebKit/537.36 (KHTML, like Gecko) Chrome/116.0.0.0 Safari/537.36"
194.31.59.88 - - [01/Nov/2023:17:50:03 +0000] "GET /wp-json HTTP/1.1" 404 4077 "-" "Mozilla/5.0 (Macintosh; Intel Mac OS X 10_15_7) AppleWebKit/537.36 (KHTML, like Gecko) Chrome/116.0.0.0 Safari/537.36"
194.31.59.88 - - [01/Nov/2023:17:50:04 +0000] "POST /wwryeryyj HTTP/1.1" 404 4096 "-" "Mozilla/5.0 (X11; Linux x86_64) AppleWebKit/537.36 (KHTML, like Gecko) Chrome/117.0.0.0 Safari/537.36"
194.31.59.88 - - [01/Nov/2023:17:50:04 +0000] "POST /wp-content/themes/Newspaper/404.php HTTP/1.1" 404 4096 "-" "Mozilla/5.0 (X11; Linux x86_64) AppleWebKit/537.36 (KHTML, like Gecko) Chrome/116.0.0.0 Safari/537.36"
194.31.59.88 - - [01/Nov/2023:17:50:05 +0000] "POST /wp-content/themes/Newspaper/404.php/wwryeryyj HTTP/1.1" 404 4096 "-" "Mozilla/5.0 (Windows NT 10.0; Win64; x64; rv:109.0) Gecko/20100101 Firefox/117.0"
194.31.59.88 - - [01/Nov/2023:17:50:05 +0000] "POST /wp-content/themes/Newspaper/404.php/wp-content/themes/Newspaper/404.php HTTP/1.1" 404 4096 "-" "Mozilla/5.0 (Windows NT 10.0; Win64; x64; rv:109.0) Gecko/20100101 Firefox/117.0"
194.31.59.88 - - [01/Nov/2023:17:50:06 +0000] "GET /?ar8=1 HTTP/1.1" 200 9018 "-" "Mozilla/5.0 (Windows NT 10.0; Win64; x64; rv:109.0) Gecko/20100101 Firefox/118.0"
194.31.59.88 - - [01/Nov/2023:17:50:06 +0000] "POST / HTTP/1.1" 200 9037 "-" "Mozilla/5.0 (Macintosh; Intel Mac OS X 10_15_7) AppleWebKit/537.36 (KHTML, like Gecko) Chrome/117.0.0.0 Safari/537.36"
149.91.122.223 - - [01/Nov/2023:17:50:06 +0000] "POST /wp-login.php HTTP/1.1" 200 8355 "-" "Mozilla/5.0 (Windows NT 6.1) AppleWebKit/537.36 (KHTML, like Gecko) Chrome/56.0.2924.87 Safari/537.36"
46.101.144.32 - - [01/Nov/2023:17:54:26 +0000] "POST /wp-cron.php?doing_wp_cron=1698861266.0192949771881103515625 HTTP/1.1" 200 3995 "-" "WordPress/6.3.2; https://talmedos.com"
192.0.102.40 - - [01/Nov/2023:17:54:25 +0000] "HEAD / HTTP/1.1" 200 3915 "-" "jetmon/1.0 (Jetpack Site Uptime Monitor by WordPress.com)"
46.101.144.32 - - [01/Nov/2023:17:56:19 +0000] "POST /wp-cron.php?doing_wp_cron=1698861379.7111730575561523437500 HTTP/1.1" 200 3995 "-" "WordPress/6.3.2; https://talmedos.com"
162.243.141.38 - - [01/Nov/2023:17:56:19 +0000] "GET / HTTP/1.1" 200 8496 "-" "Mozilla/5.0 zgrab/0.x"
46.101.144.32 - - [01/Nov/2023:17:59:26 +0000] "POST /wp-cron.php?doing_wp_cron=1698861566.2137620449066162109375 HTTP/1.1" 200 3995 "-" "WordPress/6.3.2; https://talmedos.com"
192.0.102.40 - - [01/Nov/2023:17:59:26 +0000] "HEAD / HTTP/1.1" 200 3915 "-" "jetmon/1.0 (Jetpack Site Uptime Monitor by WordPress.com)"
46.101.144.32 - - [01/Nov/2023:18:04:26 +0000] "POST /wp-cron.php?doing_wp_cron=1698861866.2877140045166015625000 HTTP/1.1" 200 3995 "-" "WordPress/6.3.2; https://talmedos.com"
192.0.102.40 - - [01/Nov/2023:18:04:26 +0000] "HEAD / HTTP/1.1" 200 3915 "-" "jetmon/1.0 (Jetpack Site Uptime Monitor by WordPress.com)"
46.101.144.32 - - [01/Nov/2023:18:09:37 +0000] "POST /wp-cron.php?doing_wp_cron=1698862177.0646190643310546875000 HTTP/1.1" 200 3995 "-" "WordPress/6.3.2; https://talmedos.com"
192.0.102.40 - - [01/Nov/2023:18:09:37 +0000] "HEAD / HTTP/1.1" 200 3915 "-" "jetmon/1.0 (Jetpack Site Uptime Monitor by WordPress.com)"
46.101.144.32 - - [01/Nov/2023:18:14:26 +0000] "POST /wp-cron.php?doing_wp_cron=1698862466.3298079967498779296875 HTTP/1.1" 200 3995 "-" "WordPress/6.3.2; https://talmedos.com"
192.0.102.40 - - [01/Nov/2023:18:14:26 +0000] "HEAD / HTTP/1.1" 200 3915 "-" "jetmon/1.0 (Jetpack Site Uptime Monitor by WordPress.com)"
46.101.144.32 - - [01/Nov/2023:18:17:42 +0000] "POST /wp-cron.php?doing_wp_cron=1698862662.6119060516357421875000 HTTP/1.1" 200 3995 "-" "WordPress/6.3.2; https://talmedos.com"
212.231.197.96 - - [01/Nov/2023:18:17:42 +0000] "GET / HTTP/1.0" 200 23343 "-" "-"
1.85.217.250 - - [01/Nov/2023:18:19:02 +0000] "GET / HTTP/1.0" 301 3882 "-" "-"
124.235.138.201 - - [01/Nov/2023:18:19:06 +0000] "GET / HTTP/1.0" 400 627 "-" "-"
192.0.102.40 - - [01/Nov/2023:18:19:26 +0000] "HEAD / HTTP/1.1" 200 3915 "-" "jetmon/1.0 (Jetpack Site Uptime Monitor by WordPress.com)"
122.96.28.106 - - [01/Nov/2023:18:19:26 +0000] "GET / HTTP/1.0" 400 627 "-" "-"
46.101.144.32 - - [01/Nov/2023:18:24:37 +0000] "POST /wp-cron.php?doing_wp_cron=1698863077.3193550109863281250000 HTTP/1.1" 200 3995 "-" "WordPress/6.3.2; https://talmedos.com"
192.0.102.40 - - [01/Nov/2023:18:24:37 +0000] "HEAD / HTTP/1.1" 200 3915 "-" "jetmon/1.0 (Jetpack Site Uptime Monitor by WordPress.com)"
46.101.144.32 - - [01/Nov/2023:18:29:26 +0000] "POST /wp-cron.php?doing_wp_cron=1698863366.0820848941802978515625 HTTP/1.1" 200 3995 "-" "WordPress/6.3.2; https://talmedos.com"
192.0.102.40 - - [01/Nov/2023:18:29:26 +0000] "HEAD / HTTP/1.1" 200 3915 "-" "jetmon/1.0 (Jetpack Site Uptime Monitor by WordPress.com)"
148.72.214.194 - - [01/Nov/2023:18:32:10 +0000] "POST /wp-login.php HTTP/1.1" 200 8355 "-" "Mozilla/5.0 (Windows NT 6.1) AppleWebKit/537.36 (KHTML, like Gecko) Chrome/62.0.3202.94 Safari/537.36"
46.101.144.32 - - [01/Nov/2023:18:34:26 +0000] "POST /wp-cron.php?doing_wp_cron=1698863666.1344690322875976562500 HTTP/1.1" 200 3995 "-" "WordPress/6.3.2; https://talmedos.com"
192.0.102.40 - - [01/Nov/2023:18:34:26 +0000] "HEAD / HTTP/1.1" 200 3915 "-" "jetmon/1.0 (Jetpack Site Uptime Monitor by WordPress.com)"
139.162.204.149 - - [01/Nov/2023:18:34:44 +0000] "GET /p1Kp HTTP/1.1" 404 4145 "-" "Mozilla/5.0 (compatible; Nmap Scripting Engine; https://nmap.org/book/nse.html)"
139.162.204.149 - - [01/Nov/2023:18:34:44 +0000] "GET /iI2y HTTP/1.1" 404 4145 "-" "Mozilla/5.0 (compatible; Nmap Scripting Engine; https://nmap.org/book/nse.html)"
46.101.144.32 - - [01/Nov/2023:18:39:33 +0000] "POST /wp-cron.php?doing_wp_cron=1698863973.3067569732666015625000 HTTP/1.1" 200 3995 "-" "WordPress/6.3.2; https://talmedos.com"
192.0.102.40 - - [01/Nov/2023:18:39:33 +0000] "HEAD / HTTP/1.1" 200 3915 "-" "jetmon/1.0 (Jetpack Site Uptime Monitor by WordPress.com)"
46.101.144.32 - - [01/Nov/2023:18:44:26 +0000] "POST /wp-cron.php?doing_wp_cron=1698864266.3081998825073242187500 HTTP/1.1" 200 3995 "-" "WordPress/6.3.2; https://talmedos.com"
192.0.102.40 - - [01/Nov/2023:18:44:26 +0000] "HEAD / HTTP/1.1" 200 3915 "-" "jetmon/1.0 (Jetpack Site Uptime Monitor by WordPress.com)"
46.101.144.32 - - [01/Nov/2023:18:49:26 +0000] "POST /wp-cron.php?doing_wp_cron=1698864566.0776109695434570312500 HTTP/1.1" 200 3995 "-" "WordPress/6.3.2; https://talmedos.com"
192.0.102.40 - - [01/Nov/2023:18:49:26 +0000] "HEAD / HTTP/1.1" 200 3915 "-" "jetmon/1.0 (Jetpack Site Uptime Monitor by WordPress.com)"
51.161.94.36 - - [01/Nov/2023:18:52:19 +0000] "GET /wp-content/uploads/index.php HTTP/1.1" 404 3607 "http://talmedos.com/wp-content/uploads/index.php" "Mozilla/5.0 (Windows; U; Windows NT 5.1; en-US) AppleWebKit/533.4 (KHTML, like Gecko) Chrome/5.0.375.99 Safari/533.4"
51.161.94.36 - - [01/Nov/2023:18:52:24 +0000] "GET /wp-content/uploads/index.php HTTP/1.1" 404 3607 "http://talmedos.com/wp-content/uploads/index.php" "Mozilla/5.0 (Windows; U; Windows NT 5.1; en-US) AppleWebKit/533.4 (KHTML, like Gecko) Chrome/5.0.375.99 Safari/533.4"
46.101.144.32 - - [01/Nov/2023:18:54:26 +0000] "POST /wp-cron.php?doing_wp_cron=1698864866.1519780158996582031250 HTTP/1.1" 200 3995 "-" "WordPress/6.3.2; https://talmedos.com"
192.0.102.40 - - [01/Nov/2023:18:54:26 +0000] "HEAD / HTTP/1.1" 200 3915 "-" "jetmon/1.0 (Jetpack Site Uptime Monitor by WordPress.com)"
170.64.220.120 - - [01/Nov/2023:18:56:30 +0000] "GET /.git/config HTTP/1.1" 404 4229 "-" "Mozilla/5.0 (X11; Linux x86_64) AppleWebKit/537.36 (KHTML, like Gecko) Chrome/81.0.4044.129 Safari/537.36"
46.101.144.32 - - [01/Nov/2023:18:59:26 +0000] "POST /wp-cron.php?doing_wp_cron=1698865166.2880470752716064453125 HTTP/1.1" 200 3995 "-" "WordPress/6.3.2; https://talmedos.com"
192.0.102.40 - - [01/Nov/2023:18:59:26 +0000] "HEAD / HTTP/1.1" 200 3915 "-" "jetmon/1.0 (Jetpack Site Uptime Monitor by WordPress.com)"
46.101.144.32 - - [01/Nov/2023:19:04:40 +0000] "POST /wp-cron.php?doing_wp_cron=1698865480.6022229194641113281250 HTTP/1.1" 200 3995 "-" "WordPress/6.3.2; https://talmedos.com"
192.0.102.40 - - [01/Nov/2023:19:04:40 +0000] "HEAD / HTTP/1.1" 200 3915 "-" "jetmon/1.0 (Jetpack Site Uptime Monitor by WordPress.com)"
46.101.144.32 - - [01/Nov/2023:19:09:34 +0000] "POST /wp-cron.php?doing_wp_cron=1698865774.2085731029510498046875 HTTP/1.1" 200 3995 "-" "WordPress/6.3.2; https://talmedos.com"
192.0.102.40 - - [01/Nov/2023:19:09:34 +0000] "HEAD / HTTP/1.1" 200 3915 "-" "jetmon/1.0 (Jetpack Site Uptime Monitor by WordPress.com)"
46.101.144.32 - - [01/Nov/2023:19:14:26 +0000] "POST /wp-cron.php?doing_wp_cron=1698866066.1702930927276611328125 HTTP/1.1" 200 3995 "-" "WordPress/6.3.2; https://talmedos.com"
192.0.102.40 - - [01/Nov/2023:19:14:26 +0000] "HEAD / HTTP/1.1" 200 3915 "-" "jetmon/1.0 (Jetpack Site Uptime Monitor by WordPress.com)"
23.224.194.56 - - [01/Nov/2023:19:18:45 +0000] "GET /wp-includes/js/swfupload/index.php HTTP/1.1" 404 3510 "http://talmedos.com/wp-includes/js/swfupload/index.php" "Mozilla/5.0 (Windows; U; Windows NT 5.1; en-US) AppleWebKit/533.4 (KHTML, like Gecko) Chrome/5.0.375.99 Safari/533.4"
23.224.194.56 - - [01/Nov/2023:19:18:47 +0000] "GET /wp-includes/js/swfupload/index.php HTTP/1.1" 404 3510 "http://talmedos.com/wp-includes/js/swfupload/index.php" "Mozilla/5.0 (Windows; U; Windows NT 5.1; en-US) AppleWebKit/533.4 (KHTML, like Gecko) Chrome/5.0.375.99 Safari/533.4"
46.101.144.32 - - [01/Nov/2023:19:19:36 +0000] "POST /wp-cron.php?doing_wp_cron=1698866376.8409860134124755859375 HTTP/1.1" 200 3995 "-" "WordPress/6.3.2; https://talmedos.com"
192.0.102.40 - - [01/Nov/2023:19:19:36 +0000] "HEAD / HTTP/1.1" 200 3915 "-" "jetmon/1.0 (Jetpack Site Uptime Monitor by WordPress.com)"
46.101.144.32 - - [01/Nov/2023:19:24:35 +0000] "POST /wp-cron.php?doing_wp_cron=1698866675.4602229595184326171875 HTTP/1.1" 200 3995 "-" "WordPress/6.3.2; https://talmedos.com"
192.0.102.40 - - [01/Nov/2023:19:24:35 +0000] "HEAD / HTTP/1.1" 200 3915 "-" "jetmon/1.0 (Jetpack Site Uptime Monitor by WordPress.com)"
46.101.144.32 - - [01/Nov/2023:19:29:26 +0000] "POST /wp-cron.php?doing_wp_cron=1698866966.3797740936279296875000 HTTP/1.1" 200 3995 "-" "WordPress/6.3.2; https://talmedos.com"
192.0.102.40 - - [01/Nov/2023:19:29:26 +0000] "HEAD / HTTP/1.1" 200 3915 "-" "jetmon/1.0 (Jetpack Site Uptime Monitor by WordPress.com)"
157.90.209.77 - - [01/Nov/2023:19:30:01 +0000] "GET /robots.txt HTTP/1.1" 404 4181 "-" "Mozilla/5.0 (compatible; BLEXBot/1.0; +http://webmeup-crawler.com/)"
157.90.209.77 - - [01/Nov/2023:19:30:05 +0000] "GET /robots.txt HTTP/1.1" 404 4181 "-" "Mozilla/5.0 (compatible; BLEXBot/1.0; +http://webmeup-crawler.com/)"
157.90.209.77 - - [01/Nov/2023:19:30:08 +0000] "GET /sitemap HTTP/1.1" 404 4181 "-" "Mozilla/5.0 (compatible; BLEXBot/1.0; +http://webmeup-crawler.com/)"
157.90.209.77 - - [01/Nov/2023:19:30:12 +0000] "GET /sitemap HTTP/1.1" 404 4181 "-" "Mozilla/5.0 (compatible; BLEXBot/1.0; +http://webmeup-crawler.com/)"
157.90.209.77 - - [01/Nov/2023:19:30:15 +0000] "GET /sitemap.txt HTTP/1.1" 404 4181 "-" "Mozilla/5.0 (compatible; BLEXBot/1.0; +http://webmeup-crawler.com/)"
157.90.209.77 - - [01/Nov/2023:19:30:18 +0000] "GET /sitemap.txt HTTP/1.1" 404 4181 "-" "Mozilla/5.0 (compatible; BLEXBot/1.0; +http://webmeup-crawler.com/)"
46.101.144.32 - - [01/Nov/2023:19:31:02 +0000] "POST /wp-cron.php?doing_wp_cron=1698867062.4568250179290771484375 HTTP/1.1" 200 3995 "-" "WordPress/6.3.2; https://talmedos.com"
104.199.31.214 - - [01/Nov/2023:19:31:02 +0000] "GET / HTTP/1.1" 200 8567 "-" "python-requests/2.31.0"
46.101.144.32 - - [01/Nov/2023:19:34:34 +0000] "POST /wp-cron.php?doing_wp_cron=1698867274.8729400634765625000000 HTTP/1.1" 200 3995 "-" "WordPress/6.3.2; https://talmedos.com"
192.0.102.40 - - [01/Nov/2023:19:34:34 +0000] "HEAD / HTTP/1.1" 200 3915 "-" "jetmon/1.0 (Jetpack Site Uptime Monitor by WordPress.com)"
46.101.144.32 - - [01/Nov/2023:19:39:34 +0000] "POST /wp-cron.php?doing_wp_cron=1698867574.0094799995422363281250 HTTP/1.1" 200 3995 "-" "WordPress/6.3.2; https://talmedos.com"
192.0.102.40 - - [01/Nov/2023:19:39:33 +0000] "HEAD / HTTP/1.1" 200 3915 "-" "jetmon/1.0 (Jetpack Site Uptime Monitor by WordPress.com)"
212.110.92.155 - - [01/Nov/2023:19:43:55 +0000] "POST /wp-login.php HTTP/1.1" 200 8354 "-" "Mozilla/5.0 (Windows NT 6.1; Win64; x64) AppleWebKit/537.36 (KHTML, like Gecko) Chrome/79.0.3945.117 Safari/537.36"
46.101.144.32 - - [01/Nov/2023:19:44:40 +0000] "POST /wp-cron.php?doing_wp_cron=1698867880.0750079154968261718750 HTTP/1.1" 200 3995 "-" "WordPress/6.3.2; https://talmedos.com"
192.0.102.40 - - [01/Nov/2023:19:44:40 +0000] "HEAD / HTTP/1.1" 200 3915 "-" "jetmon/1.0 (Jetpack Site Uptime Monitor by WordPress.com)"
185.18.197.110 - - [01/Nov/2023:19:46:59 +0000] "POST /wp-login.php HTTP/1.1" 200 8355 "-" "Mozilla/5.0 (Windows NT 10.0; Win64; x64) AppleWebKit/537.36 (KHTML, like Gecko) Chrome/64.0.3282.167 Safari/537.36"
46.101.144.32 - - [01/Nov/2023:19:49:35 +0000] "POST /wp-cron.php?doing_wp_cron=1698868175.5327339172363281250000 HTTP/1.1" 200 3995 "-" "WordPress/6.3.2; https://talmedos.com"
192.0.102.40 - - [01/Nov/2023:19:49:35 +0000] "HEAD / HTTP/1.1" 200 3915 "-" "jetmon/1.0 (Jetpack Site Uptime Monitor by WordPress.com)"
83.136.252.73 - - [01/Nov/2023:19:54:19 +0000] "GET /login HTTP/1.1" 404 4100 "-" "Mozilla/5.0 (Macintosh; Intel Mac OS X 10_8_4) AppleWebKit/537.31 (KHTML like Gecko) Chrome/26.0.1410.63 Safari/537.31"
46.101.144.32 - - [01/Nov/2023:19:54:34 +0000] "POST /wp-cron.php?doing_wp_cron=1698868474.4906280040740966796875 HTTP/1.1" 200 3995 "-" "WordPress/6.3.2; https://talmedos.com"
192.0.102.40 - - [01/Nov/2023:19:54:34 +0000] "HEAD / HTTP/1.1" 200 3915 "-" "jetmon/1.0 (Jetpack Site Uptime Monitor by WordPress.com)"
46.101.144.32 - - [01/Nov/2023:19:59:39 +0000] "POST /wp-cron.php?doing_wp_cron=1698868779.8436870574951171875000 HTTP/1.1" 200 3995 "-" "WordPress/6.3.2; https://talmedos.com"
192.0.102.40 - - [01/Nov/2023:19:59:39 +0000] "HEAD / HTTP/1.1" 200 3915 "-" "jetmon/1.0 (Jetpack Site Uptime Monitor by WordPress.com)"
46.101.144.32 - - [01/Nov/2023:20:04:33 +0000] "POST /wp-cron.php?doing_wp_cron=1698869073.4806189537048339843750 HTTP/1.1" 200 3995 "-" "WordPress/6.3.2; https://talmedos.com"
192.0.102.40 - - [01/Nov/2023:20:04:33 +0000] "HEAD / HTTP/1.1" 200 3915 "-" "jetmon/1.0 (Jetpack Site Uptime Monitor by WordPress.com)"
46.101.144.32 - - [01/Nov/2023:20:09:32 +0000] "POST /wp-cron.php?doing_wp_cron=1698869372.8788979053497314453125 HTTP/1.1" 200 3995 "-" "WordPress/6.3.2; https://talmedos.com"
192.0.102.40 - - [01/Nov/2023:20:09:32 +0000] "HEAD / HTTP/1.1" 200 3915 "-" "jetmon/1.0 (Jetpack Site Uptime Monitor by WordPress.com)"
46.101.144.32 - - [01/Nov/2023:20:13:41 +0000] "POST /wp-cron.php?doing_wp_cron=1698869621.0958080291748046875000 HTTP/1.1" 200 3995 "-" "WordPress/6.3.2; https://talmedos.com"
45.56.86.210 - - [01/Nov/2023:20:13:41 +0000] "GET / HTTP/1.1" 200 9039 "-" "Mozilla/5.0 (Symbian/3; Series60/5.2 NokiaE7-00/010.016; Profile/MIDP-2.1 Configuration/CLDC-1.1 ) AppleWebKit/525 (KHTML, like Gecko) Version/3.0 BrowserNG/7.2.7.3 3gpp-gba"
45.56.86.210 - - [01/Nov/2023:20:13:42 +0000] "GET / HTTP/1.1" 200 9039 "http://46.101.144.32:80" "Nokia6100/1.0 (04.01) Profile/MIDP-1.0 Configuration/CLDC-1.0"
192.0.102.40 - - [01/Nov/2023:20:14:37 +0000] "HEAD / HTTP/1.1" 200 3915 "-" "jetmon/1.0 (Jetpack Site Uptime Monitor by WordPress.com)"
103.176.78.41 - - [01/Nov/2023:20:18:50 +0000] "POST /wp-login.php HTTP/1.1" 200 8354 "-" "Mozilla/5.0 (Windows NT 6.1; Win64; x64) AppleWebKit/537.36 (KHTML, like Gecko) Chrome/60.0.3112.113 Safari/537.36"
46.101.144.32 - - [01/Nov/2023:20:19:33 +0000] "POST /wp-cron.php?doing_wp_cron=1698869973.4324910640716552734375 HTTP/1.1" 200 3995 "-" "WordPress/6.3.2; https://talmedos.com"
192.0.102.40 - - [01/Nov/2023:20:19:33 +0000] "HEAD / HTTP/1.1" 200 3915 "-" "jetmon/1.0 (Jetpack Site Uptime Monitor by WordPress.com)"
46.101.144.32 - - [01/Nov/2023:20:24:33 +0000] "POST /wp-cron.php?doing_wp_cron=1698870273.3089640140533447265625 HTTP/1.1" 200 3995 "-" "WordPress/6.3.2; https://talmedos.com"
192.0.102.40 - - [01/Nov/2023:20:24:33 +0000] "HEAD / HTTP/1.1" 200 3915 "-" "jetmon/1.0 (Jetpack Site Uptime Monitor by WordPress.com)"
46.101.144.32 - - [01/Nov/2023:20:29:26 +0000] "POST /wp-cron.php?doing_wp_cron=1698870566.3922719955444335937500 HTTP/1.1" 200 3995 "-" "WordPress/6.3.2; https://talmedos.com"
192.0.102.40 - - [01/Nov/2023:20:29:26 +0000] "HEAD / HTTP/1.1" 200 3915 "-" "jetmon/1.0 (Jetpack Site Uptime Monitor by WordPress.com)"
46.101.144.32 - - [01/Nov/2023:20:34:35 +0000] "POST /wp-cron.php?doing_wp_cron=1698870875.2666330337524414062500 HTTP/1.1" 200 3995 "-" "WordPress/6.3.2; https://talmedos.com"
192.0.102.40 - - [01/Nov/2023:20:34:35 +0000] "HEAD / HTTP/1.1" 200 3915 "-" "jetmon/1.0 (Jetpack Site Uptime Monitor by WordPress.com)"
167.94.145.56 - - [01/Nov/2023:20:35:14 +0000] "GET / HTTP/1.1" 301 3863 "-" "-"
167.94.145.56 - - [01/Nov/2023:20:35:14 +0000] "GET / HTTP/1.1" 200 9020 "-" "Mozilla/5.0 (compatible; CensysInspect/1.1; +https://about.censys.io/)"
167.94.145.56 - - [01/Nov/2023:20:35:14 +0000] "GET /favicon.ico HTTP/1.1" 404 4097 "-" "Mozilla/5.0 (compatible; CensysInspect/1.1; +https://about.censys.io/)"
46.101.144.32 - - [01/Nov/2023:20:39:33 +0000] "GET / HTTP/1.1" 200 9132 "-" "WordPress/6.3.2; https://talmedos.com"
192.0.102.40 - - [01/Nov/2023:20:39:33 +0000] "HEAD / HTTP/1.1" 200 3915 "-" "jetmon/1.0 (Jetpack Site Uptime Monitor by WordPress.com)"
46.101.144.32 - - [01/Nov/2023:20:39:33 +0000] "POST /wp-cron.php?doing_wp_cron=1698871173.3647251129150390625000 HTTP/1.1" 200 3995 "-" "WordPress/6.3.2; https://talmedos.com"
46.101.144.32 - - [01/Nov/2023:20:44:36 +0000] "POST /wp-cron.php?doing_wp_cron=1698871476.1062879562377929687500 HTTP/1.1" 200 3995 "-" "WordPress/6.3.2; https://talmedos.com"
192.0.102.40 - - [01/Nov/2023:20:44:36 +0000] "HEAD / HTTP/1.1" 200 3915 "-" "jetmon/1.0 (Jetpack Site Uptime Monitor by WordPress.com)"
46.101.144.32 - - [01/Nov/2023:20:49:33 +0000] "POST /wp-cron.php?doing_wp_cron=1698871773.9196629524230957031250 HTTP/1.1" 200 3995 "-" "WordPress/6.3.2; https://talmedos.com"
192.0.102.40 - - [01/Nov/2023:20:49:33 +0000] "HEAD / HTTP/1.1" 200 3915 "-" "jetmon/1.0 (Jetpack Site Uptime Monitor by WordPress.com)"
46.101.144.32 - - [01/Nov/2023:20:54:33 +0000] "POST /wp-cron.php?doing_wp_cron=1698872073.8503010272979736328125 HTTP/1.1" 200 3995 "-" "WordPress/6.3.2; https://talmedos.com"
192.0.102.40 - - [01/Nov/2023:20:54:33 +0000] "HEAD / HTTP/1.1" 200 3915 "-" "jetmon/1.0 (Jetpack Site Uptime Monitor by WordPress.com)"
91.92.242.188 - - [01/Nov/2023:20:54:45 +0000] "GET / HTTP/1.0" 400 627 "-" "-"
91.92.242.188 - - [01/Nov/2023:20:54:45 +0000] "GET /_profiler/phpinfo HTTP/1.1" 404 4229 "-" "Mozilla/5.0 (Linux; U; Android 4.4.2; en-US; HM NOTE 1W Build/KOT49H) AppleWebKit/534.30 (KHTML, like Gecko) Version/4.0 UCBrowser/11.0.5.850 U3/0.8.0 Mobile Safari/534.30"
91.238.164.172 - - [01/Nov/2023:20:56:26 +0000] "POST /wp-login.php HTTP/1.1" 200 8354 "-" "Mozilla/5.0 (Windows NT 6.1) AppleWebKit/537.36 (KHTML, like Gecko) Chrome/70.0.3538.102 Safari/537.36"
46.101.144.32 - - [01/Nov/2023:20:59:33 +0000] "POST /wp-cron.php?doing_wp_cron=1698872373.2202219963073730468750 HTTP/1.1" 200 3995 "-" "WordPress/6.3.2; https://talmedos.com"
192.0.102.40 - - [01/Nov/2023:20:59:33 +0000] "HEAD / HTTP/1.1" 200 3915 "-" "jetmon/1.0 (Jetpack Site Uptime Monitor by WordPress.com)"
46.101.144.32 - - [01/Nov/2023:21:02:59 +0000] "POST /wp-cron.php?doing_wp_cron=1698872579.2691390514373779296875 HTTP/1.1" 200 3995 "-" "WordPress/6.3.2; https://talmedos.com"
182.44.9.147 - - [01/Nov/2023:21:02:59 +0000] "GET / HTTP/1.1" 200 9039 "http://46.101.144.32" "Mozilla/5.0 (iPhone; CPU iPhone OS 13_2_3 like Mac OS X) AppleWebKit/605.1.15 (KHTML, like Gecko) Version/13.0.3 Mobile/15E148 Safari/604.1"
192.0.102.40 - - [01/Nov/2023:21:04:33 +0000] "HEAD / HTTP/1.1" 200 3915 "-" "jetmon/1.0 (Jetpack Site Uptime Monitor by WordPress.com)"
46.101.144.32 - - [01/Nov/2023:21:09:32 +0000] "POST /wp-cron.php?doing_wp_cron=1698872972.3421049118041992187500 HTTP/1.1" 200 3995 "-" "WordPress/6.3.2; https://talmedos.com"
192.0.102.40 - - [01/Nov/2023:21:09:32 +0000] "HEAD / HTTP/1.1" 200 3915 "-" "jetmon/1.0 (Jetpack Site Uptime Monitor by WordPress.com)"
46.101.144.32 - - [01/Nov/2023:21:14:34 +0000] "POST /wp-cron.php?doing_wp_cron=1698873274.0555739402770996093750 HTTP/1.1" 200 3995 "-" "WordPress/6.3.2; https://talmedos.com"
192.0.102.40 - - [01/Nov/2023:21:14:34 +0000] "HEAD / HTTP/1.1" 200 3915 "-" "jetmon/1.0 (Jetpack Site Uptime Monitor by WordPress.com)"
46.101.144.32 - - [01/Nov/2023:21:19:32 +0000] "POST /wp-cron.php?doing_wp_cron=1698873572.5405249595642089843750 HTTP/1.1" 200 3995 "-" "WordPress/6.3.2; https://talmedos.com"
192.0.102.40 - - [01/Nov/2023:21:19:32 +0000] "HEAD / HTTP/1.1" 200 3915 "-" "jetmon/1.0 (Jetpack Site Uptime Monitor by WordPress.com)"
159.100.22.180 - - [01/Nov/2023:21:23:01 +0000] "GET /sendgrid.env HTTP/1.1" 404 4100 "-" "Mozilla/5.0 (Linux; Android 7.0; SM-N920C) AppleWebKit/537.36 (KHTML, like Gecko) Chrome/101.0.4951.61 Mobile Safari/537.36"
46.101.144.32 - - [01/Nov/2023:21:24:32 +0000] "POST /wp-cron.php?doing_wp_cron=1698873872.9508199691772460937500 HTTP/1.1" 200 3995 "-" "WordPress/6.3.2; https://talmedos.com"
192.0.102.40 - - [01/Nov/2023:21:24:32 +0000] "HEAD / HTTP/1.1" 200 3915 "-" "jetmon/1.0 (Jetpack Site Uptime Monitor by WordPress.com)"
94.23.61.165 - - [01/Nov/2023:21:27:14 +0000] "POST /wp-login.php HTTP/1.1" 200 8354 "-" "Mozilla/5.0 (Windows NT 6.3; WOW64) AppleWebKit/537.36 (KHTML, like Gecko) Chrome/46.0.2490.80 Safari/537.36"
46.101.144.32 - - [01/Nov/2023:21:29:34 +0000] "POST /wp-cron.php?doing_wp_cron=1698874174.4434800148010253906250 HTTP/1.1" 200 3995 "-" "WordPress/6.3.2; https://talmedos.com"
192.0.102.40 - - [01/Nov/2023:21:29:34 +0000] "HEAD / HTTP/1.1" 200 3915 "-" "jetmon/1.0 (Jetpack Site Uptime Monitor by WordPress.com)"
170.64.220.120 - - [01/Nov/2023:21:33:49 +0000] "GET /.git/config HTTP/1.1" 404 4229 "-" "Mozilla/5.0 (X11; Linux x86_64) AppleWebKit/537.36 (KHTML, like Gecko) Chrome/81.0.4044.129 Safari/537.36"
46.101.144.32 - - [01/Nov/2023:21:34:33 +0000] "POST /wp-cron.php?doing_wp_cron=1698874473.7760179042816162109375 HTTP/1.1" 200 3995 "-" "WordPress/6.3.2; https://talmedos.com"
192.0.102.40 - - [01/Nov/2023:21:34:33 +0000] "HEAD / HTTP/1.1" 200 3915 "-" "jetmon/1.0 (Jetpack Site Uptime Monitor by WordPress.com)"
46.101.144.32 - - [01/Nov/2023:21:39:33 +0000] "POST /wp-cron.php?doing_wp_cron=1698874773.2854790687561035156250 HTTP/1.1" 200 3995 "-" "WordPress/6.3.2; https://talmedos.com"
192.0.102.40 - - [01/Nov/2023:21:39:33 +0000] "HEAD / HTTP/1.1" 200 3915 "-" "jetmon/1.0 (Jetpack Site Uptime Monitor by WordPress.com)"
46.101.144.32 - - [01/Nov/2023:21:44:36 +0000] "POST /wp-cron.php?doing_wp_cron=1698875076.7160360813140869140625 HTTP/1.1" 200 3995 "-" "WordPress/6.3.2; https://talmedos.com"
192.0.102.40 - - [01/Nov/2023:21:44:36 +0000] "HEAD / HTTP/1.1" 200 3915 "-" "jetmon/1.0 (Jetpack Site Uptime Monitor by WordPress.com)"
46.101.144.32 - - [01/Nov/2023:21:48:14 +0000] "POST /wp-cron.php?doing_wp_cron=1698875294.5649950504302978515625 HTTP/1.1" 200 3995 "-" "WordPress/6.3.2; https://talmedos.com"
167.94.146.55 - - [01/Nov/2023:21:48:14 +0000] "GET / HTTP/1.1" 200 9020 "-" "Mozilla/5.0 (compatible; CensysInspect/1.1; +https://about.censys.io/)"
167.94.146.55 - - [01/Nov/2023:21:48:14 +0000] "GET /favicon.ico HTTP/1.1" 404 4097 "-" "Mozilla/5.0 (compatible; CensysInspect/1.1; +https://about.censys.io/)"
192.0.102.40 - - [01/Nov/2023:21:49:34 +0000] "HEAD / HTTP/1.1" 200 3915 "-" "jetmon/1.0 (Jetpack Site Uptime Monitor by WordPress.com)"
46.101.144.32 - - [01/Nov/2023:21:54:33 +0000] "POST /wp-cron.php?doing_wp_cron=1698875673.9756069183349609375000 HTTP/1.1" 200 3995 "-" "WordPress/6.3.2; https://talmedos.com"
192.0.102.40 - - [01/Nov/2023:21:54:33 +0000] "HEAD / HTTP/1.1" 200 3915 "-" "jetmon/1.0 (Jetpack Site Uptime Monitor by WordPress.com)"
46.101.144.32 - - [01/Nov/2023:21:59:35 +0000] "POST /wp-cron.php?doing_wp_cron=1698875975.0110249519348144531250 HTTP/1.1" 200 3995 "-" "WordPress/6.3.2; https://talmedos.com"
192.0.102.40 - - [01/Nov/2023:21:59:34 +0000] "HEAD / HTTP/1.1" 200 3915 "-" "jetmon/1.0 (Jetpack Site Uptime Monitor by WordPress.com)"
46.101.144.32 - - [01/Nov/2023:22:04:33 +0000] "POST /wp-cron.php?doing_wp_cron=1698876273.2632789611816406250000 HTTP/1.1" 200 3995 "-" "WordPress/6.3.2; https://talmedos.com"
192.0.102.40 - - [01/Nov/2023:22:04:33 +0000] "HEAD / HTTP/1.1" 200 3915 "-" "jetmon/1.0 (Jetpack Site Uptime Monitor by WordPress.com)"
94.245.105.127 - - [01/Nov/2023:22:04:32 +0000] "POST /wp-login.php HTTP/1.1" 200 8355 "-" "Mozilla/5.0 (Windows NT 10.0; Win64; x64) AppleWebKit/537.36 (KHTML, like Gecko) Chrome/66.0.3359.117 Safari/537.36"
46.101.144.32 - - [01/Nov/2023:22:09:33 +0000] "POST /wp-cron.php?doing_wp_cron=1698876573.1340560913085937500000 HTTP/1.1" 200 3995 "-" "WordPress/6.3.2; https://talmedos.com"
192.0.102.40 - - [01/Nov/2023:22:09:33 +0000] "HEAD / HTTP/1.1" 200 3915 "-" "jetmon/1.0 (Jetpack Site Uptime Monitor by WordPress.com)"
46.101.144.32 - - [01/Nov/2023:22:14:33 +0000] "POST /wp-cron.php?doing_wp_cron=1698876873.6175849437713623046875 HTTP/1.1" 200 3995 "-" "WordPress/6.3.2; https://talmedos.com"
75.119.132.189 - - [01/Nov/2023:22:14:33 +0000] "GET / HTTP/1.1" 200 9121 "-" "Mozilla/5.0 (X11; Linux x86_64) AppleWebKit/537.36 (KHTML, like Gecko) HeadlessChrome/112.0.5614.0 Safari/537.36"
75.119.132.189 - - [01/Nov/2023:22:14:33 +0000] "GET /wp-includes/css/dist/block-library/style.min.css?ver=6.3.2 HTTP/1.1" 200 14268 "https://talmedos.com/" "Mozilla/5.0 (X11; Linux x86_64) AppleWebKit/537.36 (KHTML, like Gecko) HeadlessChrome/112.0.5614.0 Safari/537.36"
75.119.132.189 - - [01/Nov/2023:22:14:34 +0000] "GET /wp-includes/js/mediaelement/mediaelementplayer-legacy.min.css?ver=4.2.17 HTTP/1.1" 200 3507 "https://talmedos.com/" "Mozilla/5.0 (X11; Linux x86_64) AppleWebKit/537.36 (KHTML, like Gecko) HeadlessChrome/112.0.5614.0 Safari/537.36"
75.119.132.189 - - [01/Nov/2023:22:14:34 +0000] "GET /wp-includes/js/mediaelement/wp-mediaelement.min.css?ver=6.3.2 HTTP/1.1" 200 2027 "https://talmedos.com/" "Mozilla/5.0 (X11; Linux x86_64) AppleWebKit/537.36 (KHTML, like Gecko) HeadlessChrome/112.0.5614.0 Safari/537.36"
75.119.132.189 - - [01/Nov/2023:22:14:34 +0000] "GET /wp-content/themes/naked-wordpress/style.css?ver=6.3.2 HTTP/1.1" 200 7965 "https://talmedos.com/" "Mozilla/5.0 (X11; Linux x86_64) AppleWebKit/537.36 (KHTML, like Gecko) HeadlessChrome/112.0.5614.0 Safari/537.36"
75.119.132.189 - - [01/Nov/2023:22:14:34 +0000] "GET /wp-includes/js/jquery/jquery.min.js?ver=3.7.0 HTTP/1.1" 200 34495 "https://talmedos.com/" "Mozilla/5.0 (X11; Linux x86_64) AppleWebKit/537.36 (KHTML, like Gecko) HeadlessChrome/112.0.5614.0 Safari/537.36"
75.119.132.189 - - [01/Nov/2023:22:14:34 +0000] "GET /wp-content/plugins/jetpack/css/jetpack.css?ver=12.6.2 HTTP/1.1" 200 22430 "https://talmedos.com/" "Mozilla/5.0 (X11; Linux x86_64) AppleWebKit/537.36 (KHTML, like Gecko) HeadlessChrome/112.0.5614.0 Safari/537.36"
75.119.132.189 - - [01/Nov/2023:22:14:34 +0000] "GET /wp-includes/js/jquery/jquery-migrate.min.js?ver=3.4.1 HTTP/1.1" 200 5289 "https://talmedos.com/" "Mozilla/5.0 (X11; Linux x86_64) AppleWebKit/537.36 (KHTML, like Gecko) HeadlessChrome/112.0.5614.0 Safari/537.36"
75.119.132.189 - - [01/Nov/2023:22:14:34 +0000] "GET /wp-content/themes/naked-wordpress/js/jquery.fitvids.js?ver=1 HTTP/1.1" 200 1484 "https://talmedos.com/" "Mozilla/5.0 (X11; Linux x86_64) AppleWebKit/537.36 (KHTML, like Gecko) HeadlessChrome/112.0.5614.0 Safari/537.36"
75.119.132.189 - - [01/Nov/2023:22:14:34 +0000] "GET /wp-content/themes/naked-wordpress/js/theme.min.js?ver=1 HTTP/1.1" 200 507 "https://talmedos.com/" "Mozilla/5.0 (X11; Linux x86_64) AppleWebKit/537.36 (KHTML, like Gecko) HeadlessChrome/112.0.5614.0 Safari/537.36"
75.119.132.189 - - [01/Nov/2023:22:14:34 +0000] "GET /wp-content/themes/naked-wordpress/styles/boots-bones.css HTTP/1.1" 200 3586 "https://talmedos.com/wp-content/themes/naked-wordpress/style.css?ver=6.3.2" "Mozilla/5.0 (X11; Linux x86_64) AppleWebKit/537.36 (KHTML, like Gecko) HeadlessChrome/112.0.5614.0 Safari/537.36"
75.119.132.189 - - [01/Nov/2023:22:14:34 +0000] "GET /wp-includes/js/wp-emoji-release.min.js?ver=6.3.2 HTTP/1.1" 200 5456 "https://talmedos.com/" "Mozilla/5.0 (X11; Linux x86_64) AppleWebKit/537.36 (KHTML, like Gecko) HeadlessChrome/112.0.5614.0 Safari/537.36"
192.0.102.40 - - [01/Nov/2023:22:14:35 +0000] "HEAD / HTTP/1.1" 200 3915 "-" "jetmon/1.0 (Jetpack Site Uptime Monitor by WordPress.com)"
46.101.144.32 - - [01/Nov/2023:22:19:32 +0000] "POST /wp-cron.php?doing_wp_cron=1698877172.9431300163269042968750 HTTP/1.1" 200 3995 "-" "WordPress/6.3.2; https://talmedos.com"
192.0.102.40 - - [01/Nov/2023:22:19:32 +0000] "HEAD / HTTP/1.1" 200 3915 "-" "jetmon/1.0 (Jetpack Site Uptime Monitor by WordPress.com)"
46.101.144.32 - - [01/Nov/2023:22:24:33 +0000] "POST /wp-cron.php?doing_wp_cron=1698877473.8961269855499267578125 HTTP/1.1" 200 3995 "-" "WordPress/6.3.2; https://talmedos.com"
192.0.102.40 - - [01/Nov/2023:22:24:33 +0000] "HEAD / HTTP/1.1" 200 3915 "-" "jetmon/1.0 (Jetpack Site Uptime Monitor by WordPress.com)"
46.101.144.32 - - [01/Nov/2023:22:29:36 +0000] "POST /wp-cron.php?doing_wp_cron=1698877776.9394109249114990234375 HTTP/1.1" 200 3995 "-" "WordPress/6.3.2; https://talmedos.com"
192.0.102.40 - - [01/Nov/2023:22:29:36 +0000] "HEAD / HTTP/1.1" 200 3915 "-" "jetmon/1.0 (Jetpack Site Uptime Monitor by WordPress.com)"
46.101.144.32 - - [01/Nov/2023:22:34:33 +0000] "POST /wp-cron.php?doing_wp_cron=1698878073.5424969196319580078125 HTTP/1.1" 200 3995 "-" "WordPress/6.3.2; https://talmedos.com"
192.0.102.40 - - [01/Nov/2023:22:34:33 +0000] "HEAD / HTTP/1.1" 200 3915 "-" "jetmon/1.0 (Jetpack Site Uptime Monitor by WordPress.com)"
86.107.198.192 - - [01/Nov/2023:22:36:52 +0000] "POST /wp-login.php HTTP/1.1" 200 8355 "-" "Mozilla/5.0 (Windows NT 6.1) AppleWebKit/537.36 (KHTML, like Gecko) Chrome/56.0.2924.87 Safari/537.36"
46.101.144.32 - - [01/Nov/2023:22:39:33 +0000] "POST /wp-cron.php?doing_wp_cron=1698878373.7268860340118408203125 HTTP/1.1" 200 3995 "-" "WordPress/6.3.2; https://talmedos.com"
192.0.102.40 - - [01/Nov/2023:22:39:33 +0000] "HEAD / HTTP/1.1" 200 3915 "-" "jetmon/1.0 (Jetpack Site Uptime Monitor by WordPress.com)"
170.64.220.120 - - [01/Nov/2023:22:42:45 +0000] "GET /.git/config HTTP/1.1" 404 4229 "-" "Mozilla/5.0 (X11; Linux x86_64) AppleWebKit/537.36 (KHTML, like Gecko) Chrome/81.0.4044.129 Safari/537.36"
46.101.144.32 - - [01/Nov/2023:22:44:33 +0000] "POST /wp-cron.php?doing_wp_cron=1698878673.2616140842437744140625 HTTP/1.1" 200 3995 "-" "WordPress/6.3.2; https://talmedos.com"
192.0.102.40 - - [01/Nov/2023:22:44:33 +0000] "HEAD / HTTP/1.1" 200 3915 "-" "jetmon/1.0 (Jetpack Site Uptime Monitor by WordPress.com)"
46.101.144.32 - - [01/Nov/2023:22:49:33 +0000] "POST /wp-cron.php?doing_wp_cron=1698878973.0790219306945800781250 HTTP/1.1" 200 3995 "-" "WordPress/6.3.2; https://talmedos.com"
192.0.102.40 - - [01/Nov/2023:22:49:33 +0000] "HEAD / HTTP/1.1" 200 3915 "-" "jetmon/1.0 (Jetpack Site Uptime Monitor by WordPress.com)"
159.203.224.37 - - [01/Nov/2023:22:53:54 +0000] "GET /autodiscover/autodiscover.json?@zdi/Powershell HTTP/1.1" 404 3540 "-" "Mozilla/5.0 zgrab/0.x"
46.101.144.32 - - [01/Nov/2023:22:54:33 +0000] "POST /wp-cron.php?doing_wp_cron=1698879273.8630061149597167968750 HTTP/1.1" 200 3995 "-" "WordPress/6.3.2; https://talmedos.com"
192.0.102.40 - - [01/Nov/2023:22:54:33 +0000] "HEAD / HTTP/1.1" 200 3915 "-" "jetmon/1.0 (Jetpack Site Uptime Monitor by WordPress.com)"
94.142.138.104 - - [01/Nov/2023:22:54:42 +0000] "GET /RDWeb/Pages/en-US/login.aspx HTTP/1.1" 404 4097 "-" "Go-http-client/1.1"
46.101.144.32 - - [01/Nov/2023:22:59:33 +0000] "POST /wp-cron.php?doing_wp_cron=1698879573.1848480701446533203125 HTTP/1.1" 200 3995 "-" "WordPress/6.3.2; https://talmedos.com"
192.0.102.40 - - [01/Nov/2023:22:59:33 +0000] "HEAD / HTTP/1.1" 200 3915 "-" "jetmon/1.0 (Jetpack Site Uptime Monitor by WordPress.com)"
46.101.144.32 - - [01/Nov/2023:23:04:33 +0000] "POST /wp-cron.php?doing_wp_cron=1698879873.3365230560302734375000 HTTP/1.1" 200 3995 "-" "WordPress/6.3.2; https://talmedos.com"
192.0.102.40 - - [01/Nov/2023:23:04:33 +0000] "HEAD / HTTP/1.1" 200 3915 "-" "jetmon/1.0 (Jetpack Site Uptime Monitor by WordPress.com)"
91.92.252.106 - - [01/Nov/2023:23:09:24 +0000] "GET /wp-admin/css/colors/blue/blue.php?wall=ZWNobyAnQmxhY2sgQm90Jztmd3JpdGUoZm9wZW4oJ2Jsa3hiYWJ0LnBocCcsJ3crJyksJzw/cGhwIGVjaG8gIkJsYWNrIEJvdCI7Pz4nKTs= HTTP/1.1" 404 3610 "-" "Mozilla/5.0 (Linux; Android 7.0; SM-G892A Build/NRD90M; wv) AppleWebKit/537.36 (KHTML, like Gecko) Version/4.0 Chrome/60.0.3112.107 Mobile Safari/537.36"
46.101.144.32 - - [01/Nov/2023:23:09:32 +0000] "POST /wp-cron.php?doing_wp_cron=1698880172.3598699569702148437500 HTTP/1.1" 200 3995 "-" "WordPress/6.3.2; https://talmedos.com"
192.0.102.40 - - [01/Nov/2023:23:09:32 +0000] "HEAD / HTTP/1.1" 200 3915 "-" "jetmon/1.0 (Jetpack Site Uptime Monitor by WordPress.com)"
94.102.49.193 - - [01/Nov/2023:23:12:10 +0000] "GET /favicon.ico HTTP/1.1" 404 4229 "-" "Mozilla/5.0 (Macintosh; Intel Mac OS X 10.15; rv:80.0) Gecko/20100101 Firefox/80.0"
46.101.144.32 - - [01/Nov/2023:23:14:33 +0000] "POST /wp-cron.php?doing_wp_cron=1698880473.3312420845031738281250 HTTP/1.1" 200 3995 "-" "WordPress/6.3.2; https://talmedos.com"
192.0.102.40 - - [01/Nov/2023:23:14:33 +0000] "HEAD / HTTP/1.1" 200 3915 "-" "jetmon/1.0 (Jetpack Site Uptime Monitor by WordPress.com)"
20.92.138.57 - - [01/Nov/2023:23:16:35 +0000] "POST /wp-login.php HTTP/1.1" 200 8354 "-" "Mozilla/5.0 (Windows NT 10.0; WOW64) AppleWebKit/537.36 (KHTML, like Gecko) Chrome/53.0.2785.143 Safari/537.36"
46.101.144.32 - - [01/Nov/2023:23:18:43 +0000] "POST /wp-cron.php?doing_wp_cron=1698880723.7776660919189453125000 HTTP/1.1" 200 3995 "-" "WordPress/6.3.2; https://talmedos.com"
161.35.182.161 - - [01/Nov/2023:23:18:43 +0000] "GET / HTTP/1.1" 200 8552 "http://46.101.144.32/" "Mozilla/5.0 (X11; Linux x86_64; rv:73.0) Gecko/20100101 Firefox/73.0"
161.35.182.161 - - [01/Nov/2023:23:18:45 +0000] "GET /favicon.ico HTTP/1.1" 404 521 "https://46.101.144.32/" "Mozilla/5.0 (X11; Linux x86_64; rv:73.0) Gecko/20100101 Firefox/73.0"
192.0.102.40 - - [01/Nov/2023:23:19:33 +0000] "HEAD / HTTP/1.1" 200 3915 "-" "jetmon/1.0 (Jetpack Site Uptime Monitor by WordPress.com)"
46.101.144.32 - - [01/Nov/2023:23:24:32 +0000] "POST /wp-cron.php?doing_wp_cron=1698881072.5852909088134765625000 HTTP/1.1" 200 3995 "-" "WordPress/6.3.2; https://talmedos.com"
192.0.102.40 - - [01/Nov/2023:23:24:32 +0000] "HEAD / HTTP/1.1" 200 3915 "-" "jetmon/1.0 (Jetpack Site Uptime Monitor by WordPress.com)"
46.101.144.32 - - [01/Nov/2023:23:29:33 +0000] "POST /wp-cron.php?doing_wp_cron=1698881373.9617829322814941406250 HTTP/1.1" 200 3995 "-" "WordPress/6.3.2; https://talmedos.com"
192.0.102.40 - - [01/Nov/2023:23:29:33 +0000] "HEAD / HTTP/1.1" 200 3915 "-" "jetmon/1.0 (Jetpack Site Uptime Monitor by WordPress.com)"
46.101.144.32 - - [01/Nov/2023:23:31:08 +0000] "POST /wp-cron.php?doing_wp_cron=1698881468.2666931152343750000000 HTTP/1.1" 200 3995 "-" "WordPress/6.3.2; https://talmedos.com"
23.236.147.154 - - [01/Nov/2023:23:31:08 +0000] "GET / HTTP/1.1" 200 23383 "-" "Mozilla/5.0 (X11; Linux x86_64) AppleWebKit/537.36 (KHTML, like Gecko) Chrome/98.0.4758.102 Safari/537.36"
23.236.147.154 - - [01/Nov/2023:23:31:12 +0000] "\n" 400 3745 "-" "-"
23.236.147.154 - - [01/Nov/2023:23:31:12 +0000] "\n" 400 4181 "-" "-"
23.236.147.154 - - [01/Nov/2023:23:31:12 +0000] "\n" 400 4181 "-" "-"
23.236.147.154 - - [01/Nov/2023:23:31:12 +0000] "\n" 400 4181 "-" "-"
23.236.147.154 - - [01/Nov/2023:23:31:15 +0000] "GET /robots.txt HTTP/1.1" 404 3719 "-" "-"
23.236.147.154 - - [01/Nov/2023:23:31:15 +0000] "GET /sitemap.xml HTTP/1.1" 404 3719 "-" "-"
23.236.147.154 - - [01/Nov/2023:23:31:15 +0000] "GET /.well-known/security.txt HTTP/1.1" 404 3719 "-" "-"
23.236.147.154 - - [01/Nov/2023:23:31:15 +0000] "GET /favicon.ico HTTP/1.1" 404 4182 "-" "Mozilla/5.0 (Windows NT 10.0; Win64; x64) AppleWebKit/537.36 (KHTML, like Gecko) Chrome/102.0.5005.63 Safari/537.36"
23.236.147.154 - - [01/Nov/2023:23:31:15 +0000] "\n" 400 4216 "-" "-"
46.101.144.32 - - [01/Nov/2023:23:34:32 +0000] "POST /wp-cron.php?doing_wp_cron=1698881672.8477659225463867187500 HTTP/1.1" 200 3995 "-" "WordPress/6.3.2; https://talmedos.com"
192.0.102.40 - - [01/Nov/2023:23:34:32 +0000] "HEAD / HTTP/1.1" 200 3915 "-" "jetmon/1.0 (Jetpack Site Uptime Monitor by WordPress.com)"
46.101.144.32 - - [01/Nov/2023:23:39:32 +0000] "POST /wp-cron.php?doing_wp_cron=1698881972.4645729064941406250000 HTTP/1.1" 200 3995 "-" "WordPress/6.3.2; https://talmedos.com"
192.0.102.40 - - [01/Nov/2023:23:39:32 +0000] "HEAD / HTTP/1.1" 200 3915 "-" "jetmon/1.0 (Jetpack Site Uptime Monitor by WordPress.com)"
46.101.144.32 - - [01/Nov/2023:23:44:33 +0000] "POST /wp-cron.php?doing_wp_cron=1698882273.2060379981994628906250 HTTP/1.1" 200 3995 "-" "WordPress/6.3.2; https://talmedos.com"
192.0.102.40 - - [01/Nov/2023:23:44:33 +0000] "HEAD / HTTP/1.1" 200 3915 "-" "jetmon/1.0 (Jetpack Site Uptime Monitor by WordPress.com)"
35.195.93.98 - - [01/Nov/2023:23:48:27 +0000] "GET / HTTP/1.0" 400 627 "-" "-"
