185.197.249.104 - - [27/Oct/2023:00:00:52 +0000] "GET /wp-content/plugins/autoload_classmap.php HTTP/1.1" 404 4172 "http://talmedos.com/wp-content/plugins/autoload_classmap.php" "Mozilla/5.0 (Windows; U; Windows NT 5.1; en-US) AppleWebKit/533.4 (KHTML, like Gecko) Chrome/5.0.375.99 Safari/533.4"
46.101.144.32 - - [27/Oct/2023:00:04:31 +0000] "POST /wp-cron.php?doing_wp_cron=1698365071.9136040210723876953125 HTTP/1.1" 200 3995 "-" "WordPress/6.3.2; https://talmedos.com"
192.0.102.40 - - [27/Oct/2023:00:04:29 +0000] "HEAD / HTTP/1.1" 200 3915 "-" "jetmon/1.0 (Jetpack Site Uptime Monitor by WordPress.com)"
46.101.144.32 - - [27/Oct/2023:00:09:30 +0000] "POST /wp-cron.php?doing_wp_cron=1698365370.3323690891265869140625 HTTP/1.1" 200 3995 "-" "WordPress/6.3.2; https://talmedos.com"
192.0.102.40 - - [27/Oct/2023:00:09:30 +0000] "HEAD / HTTP/1.1" 200 3915 "-" "jetmon/1.0 (Jetpack Site Uptime Monitor by WordPress.com)"
46.101.144.32 - - [27/Oct/2023:00:14:30 +0000] "POST /wp-cron.php?doing_wp_cron=1698365670.8762021064758300781250 HTTP/1.1" 200 3995 "-" "WordPress/6.3.2; https://talmedos.com"
192.0.102.40 - - [27/Oct/2023:00:14:30 +0000] "HEAD / HTTP/1.1" 200 3915 "-" "jetmon/1.0 (Jetpack Site Uptime Monitor by WordPress.com)"
46.101.144.32 - - [27/Oct/2023:00:16:08 +0000] "POST /wp-cron.php?doing_wp_cron=1698365768.6171879768371582031250 HTTP/1.1" 200 3995 "-" "WordPress/6.3.2; https://talmedos.com"
130.226.230.200 - - [27/Oct/2023:00:16:08 +0000] "GET / HTTP/1.1" 200 15331 "-" "Mozilla/5.0 (Windows NT 10.0; Win64; x64) AppleWebKit/537.36 (KHTML, like Gecko) HeadlessChrome/118.0.5993.117 Safari/537.36"
46.101.144.32 - - [27/Oct/2023:00:19:29 +0000] "POST /wp-cron.php?doing_wp_cron=1698365969.8635931015014648437500 HTTP/1.1" 200 3995 "-" "WordPress/6.3.2; https://talmedos.com"
192.0.102.40 - - [27/Oct/2023:00:19:29 +0000] "HEAD / HTTP/1.1" 200 3915 "-" "jetmon/1.0 (Jetpack Site Uptime Monitor by WordPress.com)"
46.101.144.32 - - [27/Oct/2023:00:24:29 +0000] "POST /wp-cron.php?doing_wp_cron=1698366269.3548500537872314453125 HTTP/1.1" 200 3995 "-" "WordPress/6.3.2; https://talmedos.com"
192.0.102.40 - - [27/Oct/2023:00:24:29 +0000] "HEAD / HTTP/1.1" 200 3915 "-" "jetmon/1.0 (Jetpack Site Uptime Monitor by WordPress.com)"
91.134.248.192 - - [27/Oct/2023:00:27:43 +0000] "GET /wp-includes/pomo/admin.php HTTP/1.1" 404 4172 "http://talmedos.com/wp-includes/pomo/admin.php" "Mozilla/5.0 (Windows; U; Windows NT 5.1; en-US) AppleWebKit/533.4 (KHTML, like Gecko) Chrome/5.0.375.99 Safari/533.4"
46.101.144.32 - - [27/Oct/2023:00:29:29 +0000] "POST /wp-cron.php?doing_wp_cron=1698366569.4050710201263427734375 HTTP/1.1" 200 3995 "-" "WordPress/6.3.2; https://talmedos.com"
192.0.102.40 - - [27/Oct/2023:00:29:29 +0000] "HEAD / HTTP/1.1" 200 3915 "-" "jetmon/1.0 (Jetpack Site Uptime Monitor by WordPress.com)"
46.101.144.32 - - [27/Oct/2023:00:34:30 +0000] "POST /wp-cron.php?doing_wp_cron=1698366870.5692811012268066406250 HTTP/1.1" 200 3995 "-" "WordPress/6.3.2; https://talmedos.com"
192.0.102.40 - - [27/Oct/2023:00:34:30 +0000] "HEAD / HTTP/1.1" 200 3915 "-" "jetmon/1.0 (Jetpack Site Uptime Monitor by WordPress.com)"
46.101.144.32 - - [27/Oct/2023:00:39:27 +0000] "POST /wp-cron.php?doing_wp_cron=1698367167.5938510894775390625000 HTTP/1.1" 200 3995 "-" "WordPress/6.3.2; https://talmedos.com"
192.0.102.40 - - [27/Oct/2023:00:39:27 +0000] "HEAD / HTTP/1.1" 200 3915 "-" "jetmon/1.0 (Jetpack Site Uptime Monitor by WordPress.com)"
46.101.144.32 - - [27/Oct/2023:00:44:29 +0000] "POST /wp-cron.php?doing_wp_cron=1698367469.8920280933380126953125 HTTP/1.1" 200 3995 "-" "WordPress/6.3.2; https://talmedos.com"
192.0.102.40 - - [27/Oct/2023:00:44:29 +0000] "HEAD / HTTP/1.1" 200 3915 "-" "jetmon/1.0 (Jetpack Site Uptime Monitor by WordPress.com)"
46.101.144.32 - - [27/Oct/2023:00:49:28 +0000] "POST /wp-cron.php?doing_wp_cron=1698367768.6148219108581542968750 HTTP/1.1" 200 3995 "-" "WordPress/6.3.2; https://talmedos.com"
192.0.102.40 - - [27/Oct/2023:00:49:28 +0000] "HEAD / HTTP/1.1" 200 3915 "-" "jetmon/1.0 (Jetpack Site Uptime Monitor by WordPress.com)"
46.101.144.32 - - [27/Oct/2023:00:54:29 +0000] "POST /wp-cron.php?doing_wp_cron=1698368069.6923739910125732421875 HTTP/1.1" 200 3995 "-" "WordPress/6.3.2; https://talmedos.com"
192.0.102.40 - - [27/Oct/2023:00:54:29 +0000] "HEAD / HTTP/1.1" 200 3915 "-" "jetmon/1.0 (Jetpack Site Uptime Monitor by WordPress.com)"
159.203.174.89 - - [27/Oct/2023:00:54:58 +0000] "GET / HTTP/1.1" 200 14711 "http://46.101.144.32/" "Mozilla/5.0 (Windows NT 10.0; Win64; x64) AppleWebKit/537.36 (KHTML, like Gecko) Chrome/108.0.0.0 Safari/537.36"
46.101.144.32 - - [27/Oct/2023:00:59:30 +0000] "POST /wp-cron.php?doing_wp_cron=1698368370.7066490650177001953125 HTTP/1.1" 200 3995 "-" "WordPress/6.3.2; https://talmedos.com"
192.0.102.40 - - [27/Oct/2023:00:59:30 +0000] "HEAD / HTTP/1.1" 200 3915 "-" "jetmon/1.0 (Jetpack Site Uptime Monitor by WordPress.com)"
46.101.144.32 - - [27/Oct/2023:01:04:29 +0000] "POST /wp-cron.php?doing_wp_cron=1698368669.8925170898437500000000 HTTP/1.1" 200 3995 "-" "WordPress/6.3.2; https://talmedos.com"
192.0.102.40 - - [27/Oct/2023:01:04:29 +0000] "HEAD / HTTP/1.1" 200 3915 "-" "jetmon/1.0 (Jetpack Site Uptime Monitor by WordPress.com)"
46.101.144.32 - - [27/Oct/2023:01:08:38 +0000] "POST /wp-cron.php?doing_wp_cron=1698368918.3405289649963378906250 HTTP/1.1" 200 3995 "-" "WordPress/6.3.2; https://talmedos.com"
130.226.230.200 - - [27/Oct/2023:01:08:38 +0000] "GET / HTTP/1.1" 200 15329 "-" "Mozilla/5.0 (Windows NT 10.0; Win64; x64) AppleWebKit/537.36 (KHTML, like Gecko) HeadlessChrome/118.0.5993.117 Safari/537.36"
46.101.144.32 - - [27/Oct/2023:01:09:29 +0000] "POST /wp-cron.php?doing_wp_cron=1698368969.9093871116638183593750 HTTP/1.1" 200 3995 "-" "WordPress/6.3.2; https://talmedos.com"
192.0.102.40 - - [27/Oct/2023:01:09:29 +0000] "HEAD / HTTP/1.1" 200 3915 "-" "jetmon/1.0 (Jetpack Site Uptime Monitor by WordPress.com)"
159.65.197.63 - - [27/Oct/2023:01:09:53 +0000] "POST /xmlrpc.php HTTP/1.1" 200 4419 "-" "Mozilla/5.0 (Linux; Android 6.0.1; RedMi Note 5 Build/RB3N5C; wv) AppleWebKit/537.36 (KHTML, like Gecko) Version/4.0 Chrome/68.0.3440.91 Mobile Safari/537.36"
167.235.242.54 - - [27/Oct/2023:01:09:58 +0000] "POST /xmlrpc.php HTTP/1.1" 200 4420 "-" "Mozilla/5.0 (Windows NT 10.0; Win64; x64) AppleWebKit/537.36 (KHTML, like Gecko) Chrome/64.0.3282.186 Safari/537.36"
46.101.144.32 - - [27/Oct/2023:01:10:09 +0000] "POST /wp-cron.php?doing_wp_cron=1698369009.7481100559234619140625 HTTP/1.1" 200 3995 "-" "WordPress/6.3.2; https://talmedos.com"
74.208.33.44 - - [27/Oct/2023:01:10:09 +0000] "POST /xmlrpc.php HTTP/1.1" 200 4418 "-" "Mozilla/5.0 (Linux; Android 10; LM-X420) AppleWebKit/537.36 (KHTML, like Gecko) Chrome/91.0.4472.114 Mobile Safari/537.36"
109.234.162.234 - - [27/Oct/2023:01:10:12 +0000] "POST /xmlrpc.php HTTP/1.1" 200 4421 "-" "Mozilla/5.0 (X11; Ubuntu; Linux i686; rv:24.0) Gecko/20100101 Firefox/24.0"
173.231.198.137 - - [27/Oct/2023:01:10:13 +0000] "POST /xmlrpc.php HTTP/1.1" 200 4421 "-" "Mozilla/5.0 (Windows NT 10.0; Win64; x64; rv:58.0) Gecko/20100101 Firefox/58.0"
54.36.174.113 - - [27/Oct/2023:01:10:13 +0000] "POST /xmlrpc.php HTTP/1.1" 200 3924 "-" "Mozilla/5.0 (Windows NT 10.0; Win64; x64) AppleWebKit/537.36 (KHTML, like Gecko) Chrome/87.0.4280.88 Safari/537.36"
154.204.32.184 - - [27/Oct/2023:01:10:16 +0000] "POST /xmlrpc.php HTTP/1.1" 200 4420 "-" "Mozilla/5.0 (Linux; Android 10; SM-G960U) AppleWebKit/537.36 (KHTML, like Gecko) Chrome/91.0.4472.114 Mobile Safari/537.36"
54.37.121.239 - - [27/Oct/2023:01:10:17 +0000] "POST /xmlrpc.php HTTP/1.1" 200 4419 "-" "Mozilla/5.0 (Windows NT 5.1; Win64; x64) AppleWebKit/537.36 (KHTML, like Gecko) Chrome/60.0.3112.90 Safari/537.36"
208.109.226.46 - - [27/Oct/2023:01:10:19 +0000] "POST /xmlrpc.php HTTP/1.1" 200 4420 "-" "Mozilla/5.0 (Windows NT 5.1; rv:33.0) Gecko/20100101 Firefox/33.0"
193.123.68.87 - - [27/Oct/2023:01:10:21 +0000] "POST /xmlrpc.php HTTP/1.1" 200 4012 "-" "Mozilla/5.0 (Windows NT 10.0; Win64; x64) AppleWebKit/537.36 (KHTML, like Gecko) Chrome/88.0.4324.104 Safari/537.36"
198.71.228.65 - - [27/Oct/2023:01:10:24 +0000] "POST /xmlrpc.php HTTP/1.1" 200 4419 "-" "Mozilla/5.0 (Windows NT 10.0; Win64; x64) AppleWebKit/537.36 (KHTML, like Gecko) Chrome/88.0.4324.104 Safari/537.36"
178.128.26.49 - - [27/Oct/2023:01:10:26 +0000] "POST /xmlrpc.php HTTP/1.1" 200 4419 "-" "Mozilla/5.0 (Windows NT 10.0; Win64; x64) AppleWebKit/537.36 (KHTML, like Gecko) Chrome/88.0.4324.104 Safari/537.36"
64.227.108.223 - - [27/Oct/2023:01:10:31 +0000] "POST /xmlrpc.php HTTP/1.1" 200 4420 "-" "Mozilla/5.0 (Windows NT 6.1; Win64; x64; rv:58.0) Gecko/20100101 Firefox/58.0"
64.227.108.223 - - [27/Oct/2023:01:10:36 +0000] "POST /xmlrpc.php HTTP/1.1" 200 4420 "-" "Mozilla/5.0 (Windows NT 10.0; Win64; x64) AppleWebKit/537.36 (KHTML, like Gecko) Chrome/80.0.3987.163 Safari/537.36"
46.101.144.32 - - [27/Oct/2023:01:14:29 +0000] "POST /wp-cron.php?doing_wp_cron=1698369269.0320570468902587890625 HTTP/1.1" 200 3995 "-" "WordPress/6.3.2; https://talmedos.com"
192.0.102.40 - - [27/Oct/2023:01:14:28 +0000] "HEAD / HTTP/1.1" 200 3915 "-" "jetmon/1.0 (Jetpack Site Uptime Monitor by WordPress.com)"
46.101.144.32 - - [27/Oct/2023:01:19:29 +0000] "POST /wp-cron.php?doing_wp_cron=1698369569.3685860633850097656250 HTTP/1.1" 200 3995 "-" "WordPress/6.3.2; https://talmedos.com"
192.0.102.40 - - [27/Oct/2023:01:19:29 +0000] "HEAD / HTTP/1.1" 200 3915 "-" "jetmon/1.0 (Jetpack Site Uptime Monitor by WordPress.com)"
170.64.154.131 - - [27/Oct/2023:01:20:33 +0000] "" 400 3595 "-" "-"
17.241.227.226 - - [27/Oct/2023:01:21:03 +0000] "GET /wp-content/themes/twentytwentytwo/assets/images/flight-path-on-transparent-d.png HTTP/1.1" 200 107716 "-" "Mozilla/5.0 (Macintosh; Intel Mac OS X 10_15_5) AppleWebKit/605.1.15 (KHTML, like Gecko) Version/13.1.1 Safari/605.1.15 (Applebot/0.1; +http://www.apple.com/go/applebot)"
46.101.144.32 - - [27/Oct/2023:01:24:30 +0000] "POST /wp-cron.php?doing_wp_cron=1698369870.1672999858856201171875 HTTP/1.1" 200 3995 "-" "WordPress/6.3.2; https://talmedos.com"
192.0.102.40 - - [27/Oct/2023:01:24:30 +0000] "HEAD / HTTP/1.1" 200 3915 "-" "jetmon/1.0 (Jetpack Site Uptime Monitor by WordPress.com)"
46.101.144.32 - - [27/Oct/2023:01:29:32 +0000] "POST /wp-cron.php?doing_wp_cron=1698370172.3583939075469970703125 HTTP/1.1" 200 3995 "-" "WordPress/6.3.2; https://talmedos.com"
192.0.102.40 - - [27/Oct/2023:01:29:32 +0000] "HEAD / HTTP/1.1" 200 3915 "-" "jetmon/1.0 (Jetpack Site Uptime Monitor by WordPress.com)"
46.101.144.32 - - [27/Oct/2023:01:30:07 +0000] "POST /wp-cron.php?doing_wp_cron=1698370207.4913930892944335937500 HTTP/1.1" 200 3995 "-" "WordPress/6.3.2; https://talmedos.com"
167.94.138.52 - - [27/Oct/2023:01:30:07 +0000] "GET / HTTP/1.1" 301 3863 "-" "-"
167.94.138.52 - - [27/Oct/2023:01:30:08 +0000] "GET / HTTP/1.1" 200 15228 "-" "Mozilla/5.0 (compatible; CensysInspect/1.1; +https://about.censys.io/)"
167.94.138.52 - - [27/Oct/2023:01:30:08 +0000] "GET /favicon.ico HTTP/1.1" 404 4097 "-" "Mozilla/5.0 (compatible; CensysInspect/1.1; +https://about.censys.io/)"
68.178.148.52 - - [27/Oct/2023:01:33:01 +0000] "GET /wp-login.php HTTP/1.1" 200 7796 "http://talmedos.com/wp-login.php" "Mozilla/5.0 (X11; Fedora; Linux x86_64; rv:94.0) Gecko/20100101 Firefox/95.0"
46.101.144.32 - - [27/Oct/2023:01:34:27 +0000] "POST /wp-cron.php?doing_wp_cron=1698370467.7317700386047363281250 HTTP/1.1" 200 3995 "-" "WordPress/6.3.2; https://talmedos.com"
192.0.102.40 - - [27/Oct/2023:01:34:27 +0000] "HEAD / HTTP/1.1" 200 3915 "-" "jetmon/1.0 (Jetpack Site Uptime Monitor by WordPress.com)"
46.101.144.32 - - [27/Oct/2023:01:39:28 +0000] "POST /wp-cron.php?doing_wp_cron=1698370768.9554200172424316406250 HTTP/1.1" 200 3995 "-" "WordPress/6.3.2; https://talmedos.com"
192.0.102.40 - - [27/Oct/2023:01:39:28 +0000] "HEAD / HTTP/1.1" 200 3915 "-" "jetmon/1.0 (Jetpack Site Uptime Monitor by WordPress.com)"
46.101.144.32 - - [27/Oct/2023:01:44:30 +0000] "POST /wp-cron.php?doing_wp_cron=1698371070.2473061084747314453125 HTTP/1.1" 200 3995 "-" "WordPress/6.3.2; https://talmedos.com"
192.0.102.40 - - [27/Oct/2023:01:44:30 +0000] "HEAD / HTTP/1.1" 200 3915 "-" "jetmon/1.0 (Jetpack Site Uptime Monitor by WordPress.com)"
46.101.144.32 - - [27/Oct/2023:01:49:27 +0000] "POST /wp-cron.php?doing_wp_cron=1698371367.6966669559478759765625 HTTP/1.1" 200 3995 "-" "WordPress/6.3.2; https://talmedos.com"
192.0.102.40 - - [27/Oct/2023:01:49:27 +0000] "HEAD / HTTP/1.1" 200 3915 "-" "jetmon/1.0 (Jetpack Site Uptime Monitor by WordPress.com)"
46.101.144.32 - - [27/Oct/2023:01:54:28 +0000] "POST /wp-cron.php?doing_wp_cron=1698371668.3857600688934326171875 HTTP/1.1" 200 3995 "-" "WordPress/6.3.2; https://talmedos.com"
192.0.102.40 - - [27/Oct/2023:01:54:28 +0000] "HEAD / HTTP/1.1" 200 3915 "-" "jetmon/1.0 (Jetpack Site Uptime Monitor by WordPress.com)"
46.101.144.32 - - [27/Oct/2023:01:59:30 +0000] "POST /wp-cron.php?doing_wp_cron=1698371970.2566349506378173828125 HTTP/1.1" 200 3995 "-" "WordPress/6.3.2; https://talmedos.com"
192.0.102.40 - - [27/Oct/2023:01:59:30 +0000] "HEAD / HTTP/1.1" 200 3915 "-" "jetmon/1.0 (Jetpack Site Uptime Monitor by WordPress.com)"
109.237.97.180 - - [27/Oct/2023:02:03:48 +0000] "GET / HTTP/1.0" 400 627 "-" "-"
109.237.97.180 - - [27/Oct/2023:02:03:50 +0000] "GET /.env HTTP/1.1" 404 4182 "-" "Mozilla/5.0 (X11; Linux x86_64) AppleWebKit/537.36 (KHTML, like Gecko) Chrome/81.0.4044.129 Safari/537.36"
46.101.144.32 - - [27/Oct/2023:02:04:29 +0000] "POST /wp-cron.php?doing_wp_cron=1698372269.6095480918884277343750 HTTP/1.1" 200 3995 "-" "WordPress/6.3.2; https://talmedos.com"
192.0.102.40 - - [27/Oct/2023:02:04:29 +0000] "HEAD / HTTP/1.1" 200 3915 "-" "jetmon/1.0 (Jetpack Site Uptime Monitor by WordPress.com)"
46.101.144.32 - - [27/Oct/2023:02:09:27 +0000] "POST /wp-cron.php?doing_wp_cron=1698372567.0815351009368896484375 HTTP/1.1" 200 3995 "-" "WordPress/6.3.2; https://talmedos.com"
192.0.102.40 - - [27/Oct/2023:02:09:26 +0000] "HEAD / HTTP/1.1" 200 3915 "-" "jetmon/1.0 (Jetpack Site Uptime Monitor by WordPress.com)"
199.195.249.112 - - [27/Oct/2023:02:09:41 +0000] "GET /wp-login.php HTTP/1.1" 200 6165 "http://www.google.com.hk" "Mozilla/5.0 (Windows NT 6.1; WOW64) AppleWebKit/537.36 (KHTML, like Gecko) Chrome/42.0.2311.90 Safari/537.36"
199.195.249.112 - - [27/Oct/2023:02:10:41 +0000] "GET //wp-content/plugins/WordPressCore/include.php HTTP/1.1" 404 3610 "http://www.google.com.hk" "Mozilla/5.0 (Windows NT 6.1; WOW64) AppleWebKit/537.36 (KHTML, like Gecko) Chrome/42.0.2311.90 Safari/537.36"
46.101.144.32 - - [27/Oct/2023:02:11:10 +0000] "POST /wp-cron.php?doing_wp_cron=1698372670.6135170459747314453125 HTTP/1.1" 200 3995 "-" "WordPress/6.3.2; https://talmedos.com"
199.195.249.112 - - [27/Oct/2023:02:11:10 +0000] "GET /?author=1 HTTP/1.1" 200 13686 "http://www.google.com.hk" "Mozilla/5.0 (Windows NT 6.1; WOW64) AppleWebKit/537.36 (KHTML, like Gecko) Chrome/42.0.2311.90 Safari/537.36"
46.101.144.32 - - [27/Oct/2023:02:14:28 +0000] "POST /wp-cron.php?doing_wp_cron=1698372868.4289290904998779296875 HTTP/1.1" 200 3995 "-" "WordPress/6.3.2; https://talmedos.com"
192.0.102.40 - - [27/Oct/2023:02:14:28 +0000] "HEAD / HTTP/1.1" 200 3915 "-" "jetmon/1.0 (Jetpack Site Uptime Monitor by WordPress.com)"
46.101.144.32 - - [27/Oct/2023:02:16:25 +0000] "POST /wp-cron.php?doing_wp_cron=1698372985.5847530364990234375000 HTTP/1.1" 200 3995 "-" "WordPress/6.3.2; https://talmedos.com"
199.195.249.112 - - [27/Oct/2023:02:16:25 +0000] "GET /wp-login.php HTTP/1.1" 200 11188 "-" "Mozilla/5.0 (Macintosh; Intel Mac OS X 10_9_4 AppleWebKit/537.36 (KHTML, like Gecko) Chrome/36.0.1985.125 Safari/537.36"
199.195.249.112 - - [27/Oct/2023:02:16:28 +0000] "POST /wp-login.php HTTP/1.1" 200 9320 "-" "Mozilla/5.0 (Macintosh; Intel Mac OS X 10_9_4 AppleWebKit/537.36 (KHTML, like Gecko) Chrome/36.0.1985.125 Safari/537.36"
46.101.144.32 - - [27/Oct/2023:02:16:29 +0000] "GET /index.php?rest_route=%2Fjetpack%2Fv4%2Fsync%2Fspawn-sync&time=1698372989&request_lock_id=1698372989.4199 HTTP/1.1" 200 4013 "-" "WordPress/6.3.2; https://talmedos.com"
46.101.144.32 - - [27/Oct/2023:02:17:18 +0000] "POST /wp-cron.php?doing_wp_cron=1698373038.1143128871917724609375 HTTP/1.1" 200 3995 "-" "WordPress/6.3.2; https://talmedos.com"
199.195.249.112 - - [27/Oct/2023:02:17:17 +0000] "GET /?author=2 HTTP/1.1" 302 3394 "http://www.google.com.hk" "Mozilla/5.0 (Windows NT 6.1; WOW64) AppleWebKit/537.36 (KHTML, like Gecko) Chrome/42.0.2311.90 Safari/537.36"
46.101.144.32 - - [27/Oct/2023:02:18:22 +0000] "POST /wp-cron.php?doing_wp_cron=1698373102.1419510841369628906250 HTTP/1.1" 200 3995 "-" "WordPress/6.3.2; https://talmedos.com"
199.195.249.112 - - [27/Oct/2023:02:18:21 +0000] "GET /?page_id=28 HTTP/1.1" 302 3401 "http://www.google.com.hk" "Mozilla/5.0 (Windows NT 6.1; WOW64) AppleWebKit/537.36 (KHTML, like Gecko) Chrome/42.0.2311.90 Safari/537.36"
46.101.144.32 - - [27/Oct/2023:02:19:28 +0000] "POST /wp-cron.php?doing_wp_cron=1698373168.4541389942169189453125 HTTP/1.1" 200 3995 "-" "WordPress/6.3.2; https://talmedos.com"
192.0.102.40 - - [27/Oct/2023:02:19:28 +0000] "HEAD / HTTP/1.1" 200 3915 "-" "jetmon/1.0 (Jetpack Site Uptime Monitor by WordPress.com)"
199.195.249.112 - - [27/Oct/2023:02:19:59 +0000] "GET /?post_type=product HTTP/1.1" 200 23990 "http://www.google.com.hk" "Mozilla/5.0 (Windows NT 6.1; WOW64) AppleWebKit/537.36 (KHTML, like Gecko) Chrome/42.0.2311.90 Safari/537.36"
46.101.144.32 - - [27/Oct/2023:02:21:05 +0000] "POST /wp-cron.php?doing_wp_cron=1698373265.0042319297790527343750 HTTP/1.1" 200 3995 "-" "WordPress/6.3.2; https://talmedos.com"
154.209.125.131 - - [27/Oct/2023:02:21:04 +0000] "GET / HTTP/1.1" 301 4044 "-" "Mozilla/5.0 (Macintosh; Intel Mac OS X 10.11; rv:47.0) Gecko/20100101 Firefox/47.0"
154.209.125.131 - - [27/Oct/2023:02:21:06 +0000] "GET / HTTP/1.1" 200 57226 "-" "Mozilla/5.0 (Macintosh; Intel Mac OS X 10.11; rv:47.0) Gecko/20100101 Firefox/47.0"
46.101.144.32 - - [27/Oct/2023:02:24:29 +0000] "POST /wp-cron.php?doing_wp_cron=1698373469.4809899330139160156250 HTTP/1.1" 200 3995 "-" "WordPress/6.3.2; https://talmedos.com"
192.0.102.40 - - [27/Oct/2023:02:24:29 +0000] "HEAD / HTTP/1.1" 200 3915 "-" "jetmon/1.0 (Jetpack Site Uptime Monitor by WordPress.com)"
46.101.144.32 - - [27/Oct/2023:02:29:28 +0000] "POST /wp-cron.php?doing_wp_cron=1698373768.3591570854187011718750 HTTP/1.1" 200 3995 "-" "WordPress/6.3.2; https://talmedos.com"
192.0.102.40 - - [27/Oct/2023:02:29:28 +0000] "HEAD / HTTP/1.1" 200 3915 "-" "jetmon/1.0 (Jetpack Site Uptime Monitor by WordPress.com)"
46.101.144.32 - - [27/Oct/2023:02:34:26 +0000] "POST /wp-cron.php?doing_wp_cron=1698374066.8845570087432861328125 HTTP/1.1" 200 3995 "-" "WordPress/6.3.2; https://talmedos.com"
192.0.102.40 - - [27/Oct/2023:02:34:26 +0000] "HEAD / HTTP/1.1" 200 3915 "-" "jetmon/1.0 (Jetpack Site Uptime Monitor by WordPress.com)"
46.101.144.32 - - [27/Oct/2023:02:36:11 +0000] "POST /wp-cron.php?doing_wp_cron=1698374171.2936539649963378906250 HTTP/1.1" 200 3995 "-" "WordPress/6.3.2; https://talmedos.com"
164.92.114.212 - - [27/Oct/2023:02:36:11 +0000] "GET / HTTP/1.1" 200 15377 "-" "Mozilla/5.0 (X11; Linux x86_64; rv:83.0) Gecko/20100101 Firefox/83.0"
46.101.144.32 - - [27/Oct/2023:02:38:38 +0000] "POST /wp-cron.php?doing_wp_cron=1698374318.3663609027862548828125 HTTP/1.1" 200 3995 "-" "WordPress/6.3.2; https://talmedos.com"
35.203.211.208 - - [27/Oct/2023:02:38:38 +0000] "GET / HTTP/1.1" 200 56856 "http://46.101.144.32:80/" "Expanse, a Palo Alto Networks company, searches across the global IPv4 space multiple times per day to identify customers&#39; presences on the Internet. If you would like to be excluded from our scans, please send IP addresses/domains to: scaninfo@paloaltonetworks.com"
46.101.144.32 - - [27/Oct/2023:02:39:27 +0000] "POST /wp-cron.php?doing_wp_cron=1698374367.0303449630737304687500 HTTP/1.1" 200 3995 "-" "WordPress/6.3.2; https://talmedos.com"
192.0.102.40 - - [27/Oct/2023:02:39:26 +0000] "HEAD / HTTP/1.1" 200 3915 "-" "jetmon/1.0 (Jetpack Site Uptime Monitor by WordPress.com)"
46.101.144.32 - - [27/Oct/2023:02:44:27 +0000] "POST /wp-cron.php?doing_wp_cron=1698374667.7780959606170654296875 HTTP/1.1" 200 3995 "-" "WordPress/6.3.2; https://talmedos.com"
192.0.102.40 - - [27/Oct/2023:02:44:27 +0000] "HEAD / HTTP/1.1" 200 3915 "-" "jetmon/1.0 (Jetpack Site Uptime Monitor by WordPress.com)"
46.101.144.32 - - [27/Oct/2023:02:49:27 +0000] "POST /wp-cron.php?doing_wp_cron=1698374967.4917778968811035156250 HTTP/1.1" 200 3995 "-" "WordPress/6.3.2; https://talmedos.com"
192.0.102.40 - - [27/Oct/2023:02:49:27 +0000] "HEAD / HTTP/1.1" 200 3915 "-" "jetmon/1.0 (Jetpack Site Uptime Monitor by WordPress.com)"
46.101.144.32 - - [27/Oct/2023:02:54:27 +0000] "POST /wp-cron.php?doing_wp_cron=1698375267.4166209697723388671875 HTTP/1.1" 200 3995 "-" "WordPress/6.3.2; https://talmedos.com"
192.0.102.40 - - [27/Oct/2023:02:54:27 +0000] "HEAD / HTTP/1.1" 200 3915 "-" "jetmon/1.0 (Jetpack Site Uptime Monitor by WordPress.com)"
46.101.144.32 - - [27/Oct/2023:02:59:29 +0000] "POST /wp-cron.php?doing_wp_cron=1698375569.7374138832092285156250 HTTP/1.1" 200 3995 "-" "WordPress/6.3.2; https://talmedos.com"
192.0.102.40 - - [27/Oct/2023:02:59:29 +0000] "HEAD / HTTP/1.1" 200 3915 "-" "jetmon/1.0 (Jetpack Site Uptime Monitor by WordPress.com)"
46.101.144.32 - - [27/Oct/2023:03:04:29 +0000] "POST /wp-cron.php?doing_wp_cron=1698375869.1238930225372314453125 HTTP/1.1" 200 3995 "-" "WordPress/6.3.2; https://talmedos.com"
192.0.102.40 - - [27/Oct/2023:03:04:28 +0000] "HEAD / HTTP/1.1" 200 3915 "-" "jetmon/1.0 (Jetpack Site Uptime Monitor by WordPress.com)"
34.140.248.32 - - [27/Oct/2023:03:06:34 +0000] "GET / HTTP/1.0" 400 627 "-" "-"
46.101.144.32 - - [27/Oct/2023:03:09:27 +0000] "POST /wp-cron.php?doing_wp_cron=1698376167.4668219089508056640625 HTTP/1.1" 200 3995 "-" "WordPress/6.3.2; https://talmedos.com"
192.0.102.40 - - [27/Oct/2023:03:09:27 +0000] "HEAD / HTTP/1.1" 200 3915 "-" "jetmon/1.0 (Jetpack Site Uptime Monitor by WordPress.com)"
46.101.144.32 - - [27/Oct/2023:03:14:29 +0000] "POST /wp-cron.php?doing_wp_cron=1698376469.0696280002593994140625 HTTP/1.1" 200 3995 "-" "WordPress/6.3.2; https://talmedos.com"
192.0.102.40 - - [27/Oct/2023:03:14:28 +0000] "HEAD / HTTP/1.1" 200 3915 "-" "jetmon/1.0 (Jetpack Site Uptime Monitor by WordPress.com)"
46.101.144.32 - - [27/Oct/2023:03:19:27 +0000] "POST /wp-cron.php?doing_wp_cron=1698376767.2936389446258544921875 HTTP/1.1" 200 3995 "-" "WordPress/6.3.2; https://talmedos.com"
192.0.102.40 - - [27/Oct/2023:03:19:27 +0000] "HEAD / HTTP/1.1" 200 3915 "-" "jetmon/1.0 (Jetpack Site Uptime Monitor by WordPress.com)"
62.72.33.105 - - [27/Oct/2023:03:22:08 +0000] "GET /.well-known/security.txt HTTP/1.1" 404 4096 "-" "Mozilla/5.0 (Macintosh; Intel Mac OS X 10_8_3) AppleWebKit/537.36 (KHTML, like Gecko) Chrome/54.0.2866.71 Safari/537.36"
62.72.33.105 - - [27/Oct/2023:03:22:08 +0000] "GET /security.txt HTTP/1.1" 404 4096 "-" "Mozilla/5.0 (X11; Linux x86_64) AppleWebKit/537.36 (KHTML, like Gecko) Chrome/34.0.1847.137 Safari/4E423F"
46.101.144.32 - - [27/Oct/2023:03:24:26 +0000] "POST /wp-cron.php?doing_wp_cron=1698377066.2857770919799804687500 HTTP/1.1" 200 3995 "-" "WordPress/6.3.2; https://talmedos.com"
192.0.102.40 - - [27/Oct/2023:03:24:26 +0000] "HEAD / HTTP/1.1" 200 3915 "-" "jetmon/1.0 (Jetpack Site Uptime Monitor by WordPress.com)"
109.237.98.226 - - [27/Oct/2023:03:27:47 +0000] "GET /.env HTTP/1.1" 404 4182 "-" "Mozilla/5.0 (X11; Linux x86_64) AppleWebKit/537.36 (KHTML, like Gecko) Chrome/81.0.4044.129 Safari/537.36"
46.101.144.32 - - [27/Oct/2023:03:29:27 +0000] "POST /wp-cron.php?doing_wp_cron=1698377367.5666680335998535156250 HTTP/1.1" 200 3995 "-" "WordPress/6.3.2; https://talmedos.com"
192.0.102.40 - - [27/Oct/2023:03:29:27 +0000] "HEAD / HTTP/1.1" 200 3915 "-" "jetmon/1.0 (Jetpack Site Uptime Monitor by WordPress.com)"
46.101.144.32 - - [27/Oct/2023:03:34:26 +0000] "POST /wp-cron.php?doing_wp_cron=1698377666.3212809562683105468750 HTTP/1.1" 200 3995 "-" "WordPress/6.3.2; https://talmedos.com"
192.0.102.40 - - [27/Oct/2023:03:34:26 +0000] "HEAD / HTTP/1.1" 200 3915 "-" "jetmon/1.0 (Jetpack Site Uptime Monitor by WordPress.com)"
46.101.144.32 - - [27/Oct/2023:03:39:26 +0000] "POST /wp-cron.php?doing_wp_cron=1698377966.1374320983886718750000 HTTP/1.1" 200 3995 "-" "WordPress/6.3.2; https://talmedos.com"
192.0.102.40 - - [27/Oct/2023:03:39:25 +0000] "HEAD / HTTP/1.1" 200 3915 "-" "jetmon/1.0 (Jetpack Site Uptime Monitor by WordPress.com)"
46.101.144.32 - - [27/Oct/2023:03:44:27 +0000] "POST /wp-cron.php?doing_wp_cron=1698378267.8256320953369140625000 HTTP/1.1" 200 3995 "-" "WordPress/6.3.2; https://talmedos.com"
192.0.102.40 - - [27/Oct/2023:03:44:27 +0000] "HEAD / HTTP/1.1" 200 3915 "-" "jetmon/1.0 (Jetpack Site Uptime Monitor by WordPress.com)"
78.110.50.42 - - [27/Oct/2023:03:49:23 +0000] "GET /style.php?sig=rename HTTP/1.1" 404 4172 "-" "Mozilla/5.0 (Linux; Android 7.1.1; Nokia 2) AppleWebKit/537.36 (KHTML, like Gecko) Chrome/71.0.3578.83 Mobile Safari/537.36"
46.101.144.32 - - [27/Oct/2023:03:49:27 +0000] "POST /wp-cron.php?doing_wp_cron=1698378567.1546230316162109375000 HTTP/1.1" 200 3995 "-" "WordPress/6.3.2; https://talmedos.com"
192.0.102.40 - - [27/Oct/2023:03:49:26 +0000] "HEAD / HTTP/1.1" 200 3915 "-" "jetmon/1.0 (Jetpack Site Uptime Monitor by WordPress.com)"
46.101.144.32 - - [27/Oct/2023:03:50:31 +0000] "POST /wp-cron.php?doing_wp_cron=1698378631.2360661029815673828125 HTTP/1.1" 200 3995 "-" "WordPress/6.3.2; https://talmedos.com"
54.37.121.239 - - [27/Oct/2023:03:50:31 +0000] "GET /xmlrpc.php HTTP/1.1" 405 3955 "http://talmedos.com/xmlrpc.php" "Mozilla/5.0 (Windows; U; Windows NT 5.1; en-US) AppleWebKit/533.4 (KHTML, like Gecko) Chrome/5.0.375.99 Safari/533.4"
54.37.121.239 - - [27/Oct/2023:03:50:35 +0000] "GET /xmlrpc.php HTTP/1.1" 405 3955 "http://talmedos.com/xmlrpc.php" "Mozilla/5.0 (Windows; U; Windows NT 5.1; en-US) AppleWebKit/533.4 (KHTML, like Gecko) Chrome/5.0.375.99 Safari/533.4"
46.101.144.32 - - [27/Oct/2023:03:54:26 +0000] "POST /wp-cron.php?doing_wp_cron=1698378866.1857979297637939453125 HTTP/1.1" 200 3995 "-" "WordPress/6.3.2; https://talmedos.com"
192.0.102.40 - - [27/Oct/2023:03:54:26 +0000] "HEAD / HTTP/1.1" 200 3915 "-" "jetmon/1.0 (Jetpack Site Uptime Monitor by WordPress.com)"
46.101.144.32 - - [27/Oct/2023:03:59:27 +0000] "POST /wp-cron.php?doing_wp_cron=1698379167.1722919940948486328125 HTTP/1.1" 200 3995 "-" "WordPress/6.3.2; https://talmedos.com"
192.0.102.40 - - [27/Oct/2023:03:59:27 +0000] "HEAD / HTTP/1.1" 200 3915 "-" "jetmon/1.0 (Jetpack Site Uptime Monitor by WordPress.com)"
46.101.144.32 - - [27/Oct/2023:04:04:27 +0000] "POST /wp-cron.php?doing_wp_cron=1698379467.1986451148986816406250 HTTP/1.1" 200 3995 "-" "WordPress/6.3.2; https://talmedos.com"
192.0.102.40 - - [27/Oct/2023:04:04:26 +0000] "HEAD / HTTP/1.1" 200 3915 "-" "jetmon/1.0 (Jetpack Site Uptime Monitor by WordPress.com)"
46.101.144.32 - - [27/Oct/2023:04:09:26 +0000] "POST /wp-cron.php?doing_wp_cron=1698379766.5884299278259277343750 HTTP/1.1" 200 3995 "-" "WordPress/6.3.2; https://talmedos.com"
192.0.102.40 - - [27/Oct/2023:04:09:26 +0000] "HEAD / HTTP/1.1" 200 3915 "-" "jetmon/1.0 (Jetpack Site Uptime Monitor by WordPress.com)"
46.101.144.32 - - [27/Oct/2023:04:10:13 +0000] "POST /wp-cron.php?doing_wp_cron=1698379813.9011070728302001953125 HTTP/1.1" 200 3995 "-" "WordPress/6.3.2; https://talmedos.com"
109.234.162.234 - - [27/Oct/2023:04:10:13 +0000] "POST /xmlrpc.php HTTP/1.1" 200 4421 "-" "Mozilla/5.0 (Windows NT 10.0; Win64; x64; rv:67.0) Gecko/20100101 Firefox/67.0"
157.245.40.165 - - [27/Oct/2023:04:10:14 +0000] "POST /xmlrpc.php HTTP/1.1" 200 4420 "-" "Mozilla/5.0 (Windows NT 5.1; rv:52.0) Gecko/20100101 Firefox/52.0"
74.208.33.44 - - [27/Oct/2023:04:10:15 +0000] "POST /xmlrpc.php HTTP/1.1" 200 4418 "-" "Mozilla/5.0 (Windows NT 10.0; Win64; x64) AppleWebKit/537.36 (KHTML, like Gecko) Chrome/83.0.4103.116 Safari/537.36"
159.65.197.63 - - [27/Oct/2023:04:10:18 +0000] "POST /xmlrpc.php HTTP/1.1" 200 4419 "-" "Mozilla/5.0 (Windows NT 10.0; Win64; x64) AppleWebKit/537.36 (KHTML, like Gecko) Chrome/65.0.3325.181 Safari/537.36"
185.33.65.98 - - [27/Oct/2023:04:10:20 +0000] "POST /xmlrpc.php HTTP/1.1" 200 4418 "-" "Mozilla/5.0 (Windows NT 6.0; rv:34.0) Gecko/20100101 Firefox/34.0"
80.237.132.71 - - [27/Oct/2023:04:10:21 +0000] "POST /xmlrpc.php HTTP/1.1" 200 4419 "-" "Mozilla/5.0 (Windows NT 10.0; Win64; x64) AppleWebKit/537.36 (KHTML, like Gecko) Chrome/83.0.4103.116 Safari/537.36"
109.234.162.234 - - [27/Oct/2023:04:10:24 +0000] "POST /xmlrpc.php HTTP/1.1" 200 4421 "-" "Mozilla/5.0 (Windows NT 10.0; Win64; x64) AppleWebKit/537.36 (KHTML, like Gecko) Chrome/87.0.4280.88 Safari/537.36"
134.122.59.215 - - [27/Oct/2023:04:10:28 +0000] "POST /xmlrpc.php HTTP/1.1" 200 4420 "-" "Mozilla/5.0 (Windows NT 6.1; Win64; x64; rv:25.0) Gecko/20100101 Firefox/29.0"
157.245.40.165 - - [27/Oct/2023:04:10:31 +0000] "POST /xmlrpc.php HTTP/1.1" 200 4420 "-" "Mozilla/5.0 (Windows NT 6.1) AppleWebKit/537.36 (KHTML, like Gecko) Chrome/56.0.2924.76 Safari/537.36"
18.119.100.71 - - [27/Oct/2023:04:10:44 +0000] "POST /xmlrpc.php HTTP/1.1" 200 4012 "-" "Mozilla/5.0 (Windows NT 10.0; Win64; x64) AppleWebKit/537.36 (KHTML, like Gecko) Chrome/69.0.3497.100 Safari/537.36"
51.79.79.183 - - [27/Oct/2023:04:10:49 +0000] "POST /xmlrpc.php HTTP/1.1" 200 3982 "-" "Mozilla/5.0 (Windows NT 10.0; WOW64; rv:50.0) Gecko/20100101 Firefox/50.0"
46.101.144.32 - - [27/Oct/2023:04:11:01 +0000] "POST /wp-cron.php?doing_wp_cron=1698379861.4914081096649169921875 HTTP/1.1" 200 3995 "-" "WordPress/6.3.2; https://talmedos.com"
200.58.111.33 - - [27/Oct/2023:04:11:01 +0000] "POST /xmlrpc.php HTTP/1.1" 200 4012 "-" "Mozilla/5.0 (Windows NT 10.0; Win64; x64) AppleWebKit/537.36 (KHTML, like Gecko) Chrome/91.0.4472.114 Safari/537.36"
46.101.144.32 - - [27/Oct/2023:04:11:08 +0000] "POST /wp-cron.php?doing_wp_cron=1698379868.5974669456481933593750 HTTP/1.1" 200 3995 "-" "WordPress/6.3.2; https://talmedos.com"
18.119.100.71 - - [27/Oct/2023:04:11:08 +0000] "POST /xmlrpc.php HTTP/1.1" 200 4012 "-" "Mozilla/5.0 (Windows NT 6.1; Win64; x64) AppleWebKit/537.36 (KHTML, like Gecko) Chrome/69.0.3497.100 Safari/537.36"
54.36.166.224 - - [27/Oct/2023:04:11:16 +0000] "POST /xmlrpc.php HTTP/1.1" 200 4419 "-" "Mozilla/5.0 (iPod; CPU iPhone OS 14_6 like Mac OS X) AppleWebKit/605.1.15 (KHTML, like Gecko) CriOS/91.0.4472.80 Mobile/15E148 Safari/604.1"
72.13.46.6 - - [27/Oct/2023:04:13:09 +0000] "GET /robots.txt HTTP/1.1" 404 4234 "-" "Mozilla/5.0 (compatible; ips-agent)"
46.101.144.32 - - [27/Oct/2023:04:13:11 +0000] "POST /wp-cron.php?doing_wp_cron=1698379991.0998349189758300781250 HTTP/1.1" 200 3995 "-" "WordPress/6.3.2; https://talmedos.com"
72.13.46.6 - - [27/Oct/2023:04:13:10 +0000] "GET / HTTP/1.1" 301 298 "-" "Mozilla/5.0 (compatible; ips-agent)"
72.13.46.6 - - [27/Oct/2023:04:13:11 +0000] "GET /robots.txt HTTP/1.1" 404 513 "-" "Mozilla/5.0 (compatible; ips-agent)"
72.13.46.6 - - [27/Oct/2023:04:13:12 +0000] "GET / HTTP/1.1" 200 11662 "-" "Mozilla/5.0 (compatible; ips-agent)"
46.101.144.32 - - [27/Oct/2023:04:14:28 +0000] "POST /wp-cron.php?doing_wp_cron=1698380068.0113110542297363281250 HTTP/1.1" 200 3995 "-" "WordPress/6.3.2; https://talmedos.com"
192.0.102.40 - - [27/Oct/2023:04:14:27 +0000] "HEAD / HTTP/1.1" 200 3915 "-" "jetmon/1.0 (Jetpack Site Uptime Monitor by WordPress.com)"
46.101.144.32 - - [27/Oct/2023:04:19:27 +0000] "POST /wp-cron.php?doing_wp_cron=1698380367.1101009845733642578125 HTTP/1.1" 200 3995 "-" "WordPress/6.3.2; https://talmedos.com"
192.0.102.40 - - [27/Oct/2023:04:19:26 +0000] "HEAD / HTTP/1.1" 200 3915 "-" "jetmon/1.0 (Jetpack Site Uptime Monitor by WordPress.com)"
46.101.144.32 - - [27/Oct/2023:04:24:26 +0000] "POST /wp-cron.php?doing_wp_cron=1698380666.4047539234161376953125 HTTP/1.1" 200 3995 "-" "WordPress/6.3.2; https://talmedos.com"
192.0.102.40 - - [27/Oct/2023:04:24:26 +0000] "HEAD / HTTP/1.1" 200 3915 "-" "jetmon/1.0 (Jetpack Site Uptime Monitor by WordPress.com)"
46.101.144.32 - - [27/Oct/2023:04:29:23 +0000] "POST /wp-cron.php?doing_wp_cron=1698380963.9487938880920410156250 HTTP/1.1" 200 3995 "-" "WordPress/6.3.2; https://talmedos.com"
163.172.148.184 - - [27/Oct/2023:04:29:23 +0000] "GET / HTTP/1.1" 200 15245 "-" "Mozilla/5.0 (Windows NT 6.1; Win64; x64) AppleWebKit/537.36 (KHTML, like Gecko) Chrome/107.0.0.0 Safari/537.36 Edg/107.0.1418.42"
192.0.102.40 - - [27/Oct/2023:04:29:27 +0000] "HEAD / HTTP/1.1" 200 3915 "-" "jetmon/1.0 (Jetpack Site Uptime Monitor by WordPress.com)"
46.101.144.32 - - [27/Oct/2023:04:34:27 +0000] "POST /wp-cron.php?doing_wp_cron=1698381267.4347620010375976562500 HTTP/1.1" 200 3995 "-" "WordPress/6.3.2; https://talmedos.com"
192.0.102.40 - - [27/Oct/2023:04:34:27 +0000] "HEAD / HTTP/1.1" 200 3915 "-" "jetmon/1.0 (Jetpack Site Uptime Monitor by WordPress.com)"
46.101.144.32 - - [27/Oct/2023:04:39:26 +0000] "POST /wp-cron.php?doing_wp_cron=1698381566.4474170207977294921875 HTTP/1.1" 200 3995 "-" "WordPress/6.3.2; https://talmedos.com"
192.0.102.40 - - [27/Oct/2023:04:39:26 +0000] "HEAD / HTTP/1.1" 200 3915 "-" "jetmon/1.0 (Jetpack Site Uptime Monitor by WordPress.com)"
46.101.144.32 - - [27/Oct/2023:04:44:28 +0000] "POST /wp-cron.php?doing_wp_cron=1698381868.1675229072570800781250 HTTP/1.1" 200 3995 "-" "WordPress/6.3.2; https://talmedos.com"
192.0.102.40 - - [27/Oct/2023:04:44:28 +0000] "HEAD / HTTP/1.1" 200 3915 "-" "jetmon/1.0 (Jetpack Site Uptime Monitor by WordPress.com)"
46.101.144.32 - - [27/Oct/2023:04:49:27 +0000] "POST /wp-cron.php?doing_wp_cron=1698382167.0990869998931884765625 HTTP/1.1" 200 3995 "-" "WordPress/6.3.2; https://talmedos.com"
192.0.102.40 - - [27/Oct/2023:04:49:26 +0000] "HEAD / HTTP/1.1" 200 3915 "-" "jetmon/1.0 (Jetpack Site Uptime Monitor by WordPress.com)"
46.101.144.32 - - [27/Oct/2023:04:54:26 +0000] "POST /wp-cron.php?doing_wp_cron=1698382466.4612829685211181640625 HTTP/1.1" 200 3995 "-" "WordPress/6.3.2; https://talmedos.com"
192.0.102.40 - - [27/Oct/2023:04:54:26 +0000] "HEAD / HTTP/1.1" 200 3915 "-" "jetmon/1.0 (Jetpack Site Uptime Monitor by WordPress.com)"
46.101.144.32 - - [27/Oct/2023:04:59:28 +0000] "POST /wp-cron.php?doing_wp_cron=1698382768.2237761020660400390625 HTTP/1.1" 200 3995 "-" "WordPress/6.3.2; https://talmedos.com"
192.0.102.40 - - [27/Oct/2023:04:59:28 +0000] "HEAD / HTTP/1.1" 200 3915 "-" "jetmon/1.0 (Jetpack Site Uptime Monitor by WordPress.com)"
46.101.144.32 - - [27/Oct/2023:05:04:27 +0000] "POST /wp-cron.php?doing_wp_cron=1698383067.2449591159820556640625 HTTP/1.1" 200 3995 "-" "WordPress/6.3.2; https://talmedos.com"
192.0.102.40 - - [27/Oct/2023:05:04:27 +0000] "HEAD / HTTP/1.1" 200 3915 "-" "jetmon/1.0 (Jetpack Site Uptime Monitor by WordPress.com)"
185.189.182.234 - - [27/Oct/2023:05:05:08 +0000] "GET / HTTP/1.0" 400 627 "-" "-"
46.101.144.32 - - [27/Oct/2023:05:09:26 +0000] "POST /wp-cron.php?doing_wp_cron=1698383366.5569579601287841796875 HTTP/1.1" 200 3995 "-" "WordPress/6.3.2; https://talmedos.com"
192.0.102.40 - - [27/Oct/2023:05:09:26 +0000] "HEAD / HTTP/1.1" 200 3915 "-" "jetmon/1.0 (Jetpack Site Uptime Monitor by WordPress.com)"
46.101.144.32 - - [27/Oct/2023:05:14:27 +0000] "POST /wp-cron.php?doing_wp_cron=1698383667.4942378997802734375000 HTTP/1.1" 200 3995 "-" "WordPress/6.3.2; https://talmedos.com"
192.0.102.40 - - [27/Oct/2023:05:14:27 +0000] "HEAD / HTTP/1.1" 200 3915 "-" "jetmon/1.0 (Jetpack Site Uptime Monitor by WordPress.com)"
46.101.144.32 - - [27/Oct/2023:05:19:26 +0000] "POST /wp-cron.php?doing_wp_cron=1698383966.6966750621795654296875 HTTP/1.1" 200 3995 "-" "WordPress/6.3.2; https://talmedos.com"
192.0.102.40 - - [27/Oct/2023:05:19:26 +0000] "HEAD / HTTP/1.1" 200 3915 "-" "jetmon/1.0 (Jetpack Site Uptime Monitor by WordPress.com)"
46.101.144.32 - - [27/Oct/2023:05:24:26 +0000] "POST /wp-cron.php?doing_wp_cron=1698384266.7281711101531982421875 HTTP/1.1" 200 3995 "-" "WordPress/6.3.2; https://talmedos.com"
192.0.102.40 - - [27/Oct/2023:05:24:26 +0000] "HEAD / HTTP/1.1" 200 3915 "-" "jetmon/1.0 (Jetpack Site Uptime Monitor by WordPress.com)"
46.101.144.32 - - [27/Oct/2023:05:29:27 +0000] "POST /wp-cron.php?doing_wp_cron=1698384567.7143940925598144531250 HTTP/1.1" 200 3995 "-" "WordPress/6.3.2; https://talmedos.com"
192.0.102.40 - - [27/Oct/2023:05:29:27 +0000] "HEAD / HTTP/1.1" 200 3915 "-" "jetmon/1.0 (Jetpack Site Uptime Monitor by WordPress.com)"
161.35.190.246 - - [27/Oct/2023:05:31:41 +0000] "" 400 3595 "-" "-"
46.101.144.32 - - [27/Oct/2023:05:34:26 +0000] "POST /wp-cron.php?doing_wp_cron=1698384866.2793369293212890625000 HTTP/1.1" 200 3995 "-" "WordPress/6.3.2; https://talmedos.com"
192.0.102.40 - - [27/Oct/2023:05:34:26 +0000] "HEAD / HTTP/1.1" 200 3915 "-" "jetmon/1.0 (Jetpack Site Uptime Monitor by WordPress.com)"
46.101.144.32 - - [27/Oct/2023:05:39:26 +0000] "POST /wp-cron.php?doing_wp_cron=1698385166.5879878997802734375000 HTTP/1.1" 200 3995 "-" "WordPress/6.3.2; https://talmedos.com"
192.0.102.40 - - [27/Oct/2023:05:39:26 +0000] "HEAD / HTTP/1.1" 200 3915 "-" "jetmon/1.0 (Jetpack Site Uptime Monitor by WordPress.com)"
46.101.144.32 - - [27/Oct/2023:05:44:28 +0000] "POST /wp-cron.php?doing_wp_cron=1698385468.4683070182800292968750 HTTP/1.1" 200 3995 "-" "WordPress/6.3.2; https://talmedos.com"
192.0.102.40 - - [27/Oct/2023:05:44:28 +0000] "HEAD / HTTP/1.1" 200 3915 "-" "jetmon/1.0 (Jetpack Site Uptime Monitor by WordPress.com)"
46.101.144.32 - - [27/Oct/2023:05:46:02 +0000] "POST /wp-cron.php?doing_wp_cron=1698385562.1023979187011718750000 HTTP/1.1" 200 3995 "-" "WordPress/6.3.2; https://talmedos.com"
35.171.144.152 - - [27/Oct/2023:05:46:01 +0000] "GET / HTTP/1.1" 200 56901 "-" "Mozilla/5.0 \\(Windows NT 10.0\\; Win64\\; x64\\) AppleWebKit/537.36 \\(KHTML, like Gecko\\) Chrome/100.0.4896.60 Safari/537.36"
54.88.179.33 - - [27/Oct/2023:05:46:03 +0000] "GET / HTTP/1.1" 200 56951 "-" "Mozilla/5.0 \\(Windows NT 10.0\\; Win64\\; x64\\) AppleWebKit/537.36 \\(KHTML, like Gecko\\) Chrome/100.0.4896.60 Safari/537.36"
35.171.144.152 - - [27/Oct/2023:05:46:03 +0000] "GET / HTTP/1.1" 200 56901 "-" "Mozilla/5.0 \\(Windows NT 10.0\\; Win64\\; x64\\) AppleWebKit/537.36 \\(KHTML, like Gecko\\) Chrome/100.0.4896.60 Safari/537.36"
46.101.144.32 - - [27/Oct/2023:05:49:26 +0000] "POST /wp-cron.php?doing_wp_cron=1698385766.5997250080108642578125 HTTP/1.1" 200 3995 "-" "WordPress/6.3.2; https://talmedos.com"
192.0.102.40 - - [27/Oct/2023:05:49:26 +0000] "HEAD / HTTP/1.1" 200 3915 "-" "jetmon/1.0 (Jetpack Site Uptime Monitor by WordPress.com)"
46.101.144.32 - - [27/Oct/2023:05:50:14 +0000] "POST /wp-cron.php?doing_wp_cron=1698385814.0780119895935058593750 HTTP/1.1" 200 3995 "-" "WordPress/6.3.2; https://talmedos.com"
35.161.8.2 - - [27/Oct/2023:05:50:13 +0000] "GET / HTTP/1.1" 200 15377 "-" "python-requests/2.25.1"
35.161.8.2 - - [27/Oct/2023:05:50:18 +0000] "GET /wp-includes/blocks/navigation/view.min.js HTTP/1.1" 200 4494 "-" "python-requests/2.25.1"
35.161.8.2 - - [27/Oct/2023:05:50:21 +0000] "GET /wp-includes/blocks/navigation/view-modal.min.js HTTP/1.1" 200 6887 "-" "python-requests/2.25.1"
35.161.8.2 - - [27/Oct/2023:05:50:25 +0000] "GET /wp-includes/js/jquery/jquery.min.js HTTP/1.1" 200 34543 "-" "python-requests/2.25.1"
35.161.8.2 - - [27/Oct/2023:05:50:29 +0000] "GET /wp-includes/js/jquery/jquery-migrate.min.js HTTP/1.1" 200 9004 "-" "python-requests/2.25.1"
35.161.8.2 - - [27/Oct/2023:05:50:33 +0000] "GET /wp-content/plugins/woocommerce/assets/js/jquery-blockui/jquery.blockUI.min.js HTTP/1.1" 200 7669 "-" "python-requests/2.25.1"
35.161.8.2 - - [27/Oct/2023:05:50:37 +0000] "GET /wp-content/plugins/woocommerce/assets/js/frontend/add-to-cart.min.js HTTP/1.1" 200 5178 "-" "python-requests/2.25.1"
35.161.8.2 - - [27/Oct/2023:05:50:42 +0000] "GET /wp-content/plugins/woocommerce/assets/js/js-cookie/js.cookie.min.js HTTP/1.1" 200 5066 "-" "python-requests/2.25.1"
35.161.8.2 - - [27/Oct/2023:05:50:46 +0000] "GET /wp-content/plugins/woocommerce/assets/js/frontend/woocommerce.min.js HTTP/1.1" 200 4885 "-" "python-requests/2.25.1"
46.101.144.32 - - [27/Oct/2023:05:54:28 +0000] "POST /wp-cron.php?doing_wp_cron=1698386068.3620181083679199218750 HTTP/1.1" 200 3995 "-" "WordPress/6.3.2; https://talmedos.com"
192.0.102.40 - - [27/Oct/2023:05:54:28 +0000] "HEAD / HTTP/1.1" 200 3915 "-" "jetmon/1.0 (Jetpack Site Uptime Monitor by WordPress.com)"
185.56.83.82 - - [27/Oct/2023:05:59:16 +0000] "GET /owa/auth/logon.aspx HTTP/1.1" 404 4229 "-" "Mozilla/5.0 (iPhone; CPU iPhone OS 11_3 like Mac OS X) AppleWebKit/605.1.15 (KHTML, like Gecko) Version/11.0 Mobile/15E148 Safari/604.1"
46.101.144.32 - - [27/Oct/2023:05:59:27 +0000] "POST /wp-cron.php?doing_wp_cron=1698386367.2797510623931884765625 HTTP/1.1" 200 3995 "-" "WordPress/6.3.2; https://talmedos.com"
192.0.102.40 - - [27/Oct/2023:05:59:27 +0000] "HEAD / HTTP/1.1" 200 3915 "-" "jetmon/1.0 (Jetpack Site Uptime Monitor by WordPress.com)"
46.101.144.32 - - [27/Oct/2023:06:04:28 +0000] "POST /wp-cron.php?doing_wp_cron=1698386668.4814589023590087890625 HTTP/1.1" 200 3995 "-" "WordPress/6.3.2; https://talmedos.com"
192.0.102.40 - - [27/Oct/2023:06:04:28 +0000] "HEAD / HTTP/1.1" 200 3915 "-" "jetmon/1.0 (Jetpack Site Uptime Monitor by WordPress.com)"
46.101.144.32 - - [27/Oct/2023:06:09:26 +0000] "POST /wp-cron.php?doing_wp_cron=1698386966.1740291118621826171875 HTTP/1.1" 200 3995 "-" "WordPress/6.3.2; https://talmedos.com"
192.0.102.40 - - [27/Oct/2023:06:09:26 +0000] "HEAD / HTTP/1.1" 200 3915 "-" "jetmon/1.0 (Jetpack Site Uptime Monitor by WordPress.com)"
46.101.144.32 - - [27/Oct/2023:06:14:27 +0000] "POST /wp-cron.php?doing_wp_cron=1698387267.6204359531402587890625 HTTP/1.1" 200 3995 "-" "WordPress/6.3.2; https://talmedos.com"
192.0.102.40 - - [27/Oct/2023:06:14:27 +0000] "HEAD / HTTP/1.1" 200 3915 "-" "jetmon/1.0 (Jetpack Site Uptime Monitor by WordPress.com)"
71.6.134.230 - - [27/Oct/2023:06:17:28 +0000] "GET / HTTP/1.0" 400 627 "-" "-"
46.101.144.32 - - [27/Oct/2023:06:19:27 +0000] "POST /wp-cron.php?doing_wp_cron=1698387567.2218511104583740234375 HTTP/1.1" 200 3995 "-" "WordPress/6.3.2; https://talmedos.com"
192.0.102.40 - - [27/Oct/2023:06:19:27 +0000] "HEAD / HTTP/1.1" 200 3915 "-" "jetmon/1.0 (Jetpack Site Uptime Monitor by WordPress.com)"
46.101.144.32 - - [27/Oct/2023:06:24:26 +0000] "POST /wp-cron.php?doing_wp_cron=1698387866.3651719093322753906250 HTTP/1.1" 200 3995 "-" "WordPress/6.3.2; https://talmedos.com"
192.0.102.40 - - [27/Oct/2023:06:24:26 +0000] "HEAD / HTTP/1.1" 200 3915 "-" "jetmon/1.0 (Jetpack Site Uptime Monitor by WordPress.com)"
46.101.144.32 - - [27/Oct/2023:06:25:13 +0000] "POST /wp-cron.php?doing_wp_cron=1698387913.1407759189605712890625 HTTP/1.1" 200 3995 "-" "WordPress/6.3.2; https://talmedos.com"
174.138.61.44 - - [27/Oct/2023:06:25:12 +0000] "GET / HTTP/1.1" 200 14711 "http://46.101.144.32/" "Mozilla/5.0 (Windows NT 10.0; Win64; x64) AppleWebKit/537.36 (KHTML, like Gecko) Chrome/102.0.5005.63 Safari/537.36"
46.101.144.32 - - [27/Oct/2023:06:29:30 +0000] "POST /wp-cron.php?doing_wp_cron=1698388170.3101859092712402343750 HTTP/1.1" 200 3995 "-" "WordPress/6.3.2; https://talmedos.com"
192.0.102.40 - - [27/Oct/2023:06:29:30 +0000] "HEAD / HTTP/1.1" 200 3915 "-" "jetmon/1.0 (Jetpack Site Uptime Monitor by WordPress.com)"
46.101.144.32 - - [27/Oct/2023:06:33:26 +0000] "POST /wp-cron.php?doing_wp_cron=1698388406.0912370681762695312500 HTTP/1.1" 200 3995 "-" "WordPress/6.3.2; https://talmedos.com"
71.6.134.230 - - [27/Oct/2023:06:33:25 +0000] "GET / HTTP/1.1" 200 15228 "-" "Mozilla/5.0 (Windows NT 10.0; Win64; x64) AppleWebKit/537.36 (KHTML, like Gecko) Chrome/102.0.0.0 Safari/537.36"
46.101.144.32 - - [27/Oct/2023:06:34:28 +0000] "POST /wp-cron.php?doing_wp_cron=1698388468.4079229831695556640625 HTTP/1.1" 200 3995 "-" "WordPress/6.3.2; https://talmedos.com"
192.0.102.40 - - [27/Oct/2023:06:34:28 +0000] "HEAD / HTTP/1.1" 200 3915 "-" "jetmon/1.0 (Jetpack Site Uptime Monitor by WordPress.com)"
45.61.187.193 - - [27/Oct/2023:06:34:30 +0000] "GET /wp-login.php HTTP/1.1" 200 6374 "http://www.google.com.hk" "Mozilla/5.0 (Windows NT 6.1; WOW64) AppleWebKit/537.36 (KHTML, like Gecko) Chrome/42.0.2311.90 Safari/537.36"
45.61.187.193 - - [27/Oct/2023:06:37:40 +0000] "GET /wp-content/plugins/WordPressCore/include.php HTTP/1.1" 404 3610 "http://www.google.com.hk" "Mozilla/5.0 (Windows NT 6.1; WOW64) AppleWebKit/537.36 (KHTML, like Gecko) Chrome/42.0.2311.90 Safari/537.36"
46.101.144.32 - - [27/Oct/2023:06:37:43 +0000] "POST /wp-cron.php?doing_wp_cron=1698388663.3512749671936035156250 HTTP/1.1" 200 3995 "-" "WordPress/6.3.2; https://talmedos.com"
45.61.187.193 - - [27/Oct/2023:06:37:43 +0000] "GET /?author=1 HTTP/1.1" 200 13686 "http://www.google.com.hk" "Mozilla/5.0 (Windows NT 6.1; WOW64) AppleWebKit/537.36 (KHTML, like Gecko) Chrome/42.0.2311.90 Safari/537.36"
45.61.187.193 - - [27/Oct/2023:06:37:51 +0000] "GET /wp-login.php HTTP/1.1" 200 11835 "-" "Mozilla/5.0 (Macintosh; Intel Mac OS X 10_9_4 AppleWebKit/537.36 (KHTML, like Gecko) Chrome/36.0.1985.125 Safari/537.36"
45.61.187.193 - - [27/Oct/2023:06:37:52 +0000] "GET /wp-login.php HTTP/1.1" 200 8745 "-" "Mozilla/5.0 (Macintosh; Intel Mac OS X 10_9_4 AppleWebKit/537.36 (KHTML, like Gecko) Chrome/36.0.1985.125 Safari/537.36"
46.101.144.32 - - [27/Oct/2023:06:37:57 +0000] "POST /wp-cron.php?doing_wp_cron=1698388677.4286999702453613281250 HTTP/1.1" 200 3995 "-" "WordPress/6.3.2; https://talmedos.com"
45.61.187.193 - - [27/Oct/2023:06:37:57 +0000] "GET /?author=2 HTTP/1.1" 302 3394 "http://www.google.com.hk" "Mozilla/5.0 (Windows NT 6.1; WOW64) AppleWebKit/537.36 (KHTML, like Gecko) Chrome/42.0.2311.90 Safari/537.36"
45.61.187.193 - - [27/Oct/2023:06:37:57 +0000] "GET /?page_id=28 HTTP/1.1" 302 311 "http://www.google.com.hk" "Mozilla/5.0 (Windows NT 6.1; WOW64) AppleWebKit/537.36 (KHTML, like Gecko) Chrome/42.0.2311.90 Safari/537.36"
45.61.187.193 - - [27/Oct/2023:06:37:58 +0000] "GET /?post_type=product HTTP/1.1" 200 20900 "http://www.google.com.hk" "Mozilla/5.0 (Windows NT 6.1; WOW64) AppleWebKit/537.36 (KHTML, like Gecko) Chrome/42.0.2311.90 Safari/537.36"
46.101.144.32 - - [27/Oct/2023:06:39:27 +0000] "POST /wp-cron.php?doing_wp_cron=1698388767.1836481094360351562500 HTTP/1.1" 200 3995 "-" "WordPress/6.3.2; https://talmedos.com"
192.0.102.40 - - [27/Oct/2023:06:39:27 +0000] "HEAD / HTTP/1.1" 200 3915 "-" "jetmon/1.0 (Jetpack Site Uptime Monitor by WordPress.com)"
46.101.144.32 - - [27/Oct/2023:06:44:29 +0000] "POST /wp-cron.php?doing_wp_cron=1698389069.2860000133514404296875 HTTP/1.1" 200 3995 "-" "WordPress/6.3.2; https://talmedos.com"
192.0.102.40 - - [27/Oct/2023:06:44:29 +0000] "HEAD / HTTP/1.1" 200 3915 "-" "jetmon/1.0 (Jetpack Site Uptime Monitor by WordPress.com)"
198.199.107.35 - - [27/Oct/2023:06:46:16 +0000] "GET /ReportServer HTTP/1.1" 404 3540 "-" "Mozilla/5.0 zgrab/0.x"
46.101.144.32 - - [27/Oct/2023:06:49:13 +0000] "POST /wp-cron.php?doing_wp_cron=1698389353.2268478870391845703125 HTTP/1.1" 200 3995 "-" "WordPress/6.3.2; https://talmedos.com"
47.254.74.59 - - [27/Oct/2023:06:49:13 +0000] "GET / HTTP/1.1" 200 14711 "-" "Mozilla/5.0 (Linux; Android 11; M2004J15SC) AppleWebKit/537.36 (KHTML, like Gecko) Chrome/103.0.5060.114 Mobile Safari/537.36"
47.254.16.187 - - [27/Oct/2023:06:49:14 +0000] "GET /Public/home/js/check.js HTTP/1.1" 404 3540 "-" "Mozilla/5.0 (Linux; Android 11; M2004J15SC) AppleWebKit/537.36 (KHTML, like Gecko) Chrome/103.0.5060.114 Mobile Safari/537.36"
47.251.15.21 - - [27/Oct/2023:06:49:16 +0000] "GET /static/admin/javascript/hetong.js HTTP/1.1" 404 3540 "-" "Mozilla/5.0 (Linux; Android 11; M2004J15SC) AppleWebKit/537.36 (KHTML, like Gecko) Chrome/103.0.5060.114 Mobile Safari/537.36"
192.0.102.40 - - [27/Oct/2023:06:49:27 +0000] "HEAD / HTTP/1.1" 200 3915 "-" "jetmon/1.0 (Jetpack Site Uptime Monitor by WordPress.com)"
46.101.144.32 - - [27/Oct/2023:06:54:25 +0000] "POST /wp-cron.php?doing_wp_cron=1698389665.9167859554290771484375 HTTP/1.1" 200 3995 "-" "WordPress/6.3.2; https://talmedos.com"
192.0.102.40 - - [27/Oct/2023:06:54:25 +0000] "HEAD / HTTP/1.1" 200 3915 "-" "jetmon/1.0 (Jetpack Site Uptime Monitor by WordPress.com)"
46.101.144.32 - - [27/Oct/2023:06:59:27 +0000] "POST /wp-cron.php?doing_wp_cron=1698389967.6471450328826904296875 HTTP/1.1" 200 3995 "-" "WordPress/6.3.2; https://talmedos.com"
192.0.102.40 - - [27/Oct/2023:06:59:27 +0000] "HEAD / HTTP/1.1" 200 3915 "-" "jetmon/1.0 (Jetpack Site Uptime Monitor by WordPress.com)"
46.101.144.32 - - [27/Oct/2023:07:04:26 +0000] "POST /wp-cron.php?doing_wp_cron=1698390266.0961298942565917968750 HTTP/1.1" 200 3995 "-" "WordPress/6.3.2; https://talmedos.com"
192.0.102.40 - - [27/Oct/2023:07:04:25 +0000] "HEAD / HTTP/1.1" 200 3915 "-" "jetmon/1.0 (Jetpack Site Uptime Monitor by WordPress.com)"
46.101.144.32 - - [27/Oct/2023:07:09:25 +0000] "POST /wp-cron.php?doing_wp_cron=1698390565.7826700210571289062500 HTTP/1.1" 200 3995 "-" "WordPress/6.3.2; https://talmedos.com"
192.0.102.40 - - [27/Oct/2023:07:09:25 +0000] "HEAD / HTTP/1.1" 200 3915 "-" "jetmon/1.0 (Jetpack Site Uptime Monitor by WordPress.com)"
192.241.184.245 - - [27/Oct/2023:07:10:44 +0000] "GET /wp-content/plugins/blog-designer-pack/assets/js/post-vticker.min.js HTTP/1.1" 404 3805 "talmedos.com" "Mozilla/5.0 (Windows NT 10.0; Win64; x64) AppleWebKit/537.36 (KHTML, like Gecko) colonel Chrome/196.3.1597.530 Safari/537.36"
46.101.144.32 - - [27/Oct/2023:07:14:28 +0000] "POST /wp-cron.php?doing_wp_cron=1698390868.0301818847656250000000 HTTP/1.1" 200 3995 "-" "WordPress/6.3.2; https://talmedos.com"
192.0.102.40 - - [27/Oct/2023:07:14:27 +0000] "HEAD / HTTP/1.1" 200 3915 "-" "jetmon/1.0 (Jetpack Site Uptime Monitor by WordPress.com)"
46.101.144.32 - - [27/Oct/2023:07:19:26 +0000] "POST /wp-cron.php?doing_wp_cron=1698391166.0056920051574707031250 HTTP/1.1" 200 3995 "-" "WordPress/6.3.2; https://talmedos.com"
