192.0.86.160 - - [27/Oct/2023:20:01:58 +0000] "POST /?rest_route=%2Fjetpack%2Fv4%2Fsync%2Fdata-histogram&_for=jetpack&token=u%2349SxDjxIbJ0f%28h%2611tWuYh1cDjK%25ws%3A1%3A0&timestamp=1698436918&nonce=qRlC19lP5E&body-hash=S%2BvNj2OUsPfDk0h1RWhzt%2FsYpe0%3D&signature=9sbpV7fBfnsJEYc9G%2B%2FKQZYsekM%3D HTTP/1.1" 200 22644 "https://talmedos.com/?rest_route=%2Fjetpack%2Fv4%2Fsync%2Fdata-histogram&_for=jetpack&token=u%2349SxDjxIbJ0f%28h%2611tWuYh1cDjK%25ws%3A1%3A0&timestamp=1698436918&nonce=qRlC19lP5E&body-hash=S%2BvNj2OUsPfDk0h1RWhzt%2FsYpe0%3D&signature=9sbpV7fBfnsJEYc9G%2B%2FKQZYsekM%3D" "Jetpack by WordPress.com"
192.0.86.160 - - [27/Oct/2023:20:01:59 +0000] "POST /?rest_route=%2Fjetpack%2Fv4%2Fsync%2Fobject&_for=jetpack&token=u%2349SxDjxIbJ0f%28h%2611tWuYh1cDjK%25ws%3A1%3A0&timestamp=1698436919&nonce=q28oZcW4wl&body-hash=vr7PWGwe1omIr2k%2FP3PeCTP3OT4%3D&signature=V%2FkKdVs7djib91351cZ7sE%2BVfX0%3D HTTP/1.1" 200 4411 "https://talmedos.com/?rest_route=%2Fjetpack%2Fv4%2Fsync%2Fobject&_for=jetpack&token=u%2349SxDjxIbJ0f%28h%2611tWuYh1cDjK%25ws%3A1%3A0&timestamp=1698436919&nonce=q28oZcW4wl&body-hash=vr7PWGwe1omIr2k%2FP3PeCTP3OT4%3D&signature=V%2FkKdVs7djib91351cZ7sE%2BVfX0%3D" "Jetpack by WordPress.com"
192.0.86.160 - - [27/Oct/2023:20:02:01 +0000] "POST /?rest_route=%2Fjetpack%2Fv4%2Fsync%2Fdata-histogram&_for=jetpack&token=u%2349SxDjxIbJ0f%28h%2611tWuYh1cDjK%25ws%3A1%3A0&timestamp=1698436920&nonce=BR9QVgX7GY&body-hash=EVN9rwmX4WWOTYGEdatlB55jcvo%3D&signature=28py8BbGJmnakP0Nz0gTs1x%2FZCs%3D HTTP/1.1" 200 4522 "https://talmedos.com/?rest_route=%2Fjetpack%2Fv4%2Fsync%2Fdata-histogram&_for=jetpack&token=u%2349SxDjxIbJ0f%28h%2611tWuYh1cDjK%25ws%3A1%3A0&timestamp=1698436920&nonce=BR9QVgX7GY&body-hash=EVN9rwmX4WWOTYGEdatlB55jcvo%3D&signature=28py8BbGJmnakP0Nz0gTs1x%2FZCs%3D" "Jetpack by WordPress.com"
46.101.144.32 - - [27/Oct/2023:20:02:02 +0000] "POST /wp-cron.php?doing_wp_cron=1698436922.1293048858642578125000 HTTP/1.1" 200 3995 "-" "WordPress/6.3.2; https://talmedos.com"
192.0.86.160 - - [27/Oct/2023:20:02:01 +0000] "POST /?rest_route=%2Fjetpack%2Fv4%2Fsync%2Fdata-histogram&_for=jetpack&token=u%2349SxDjxIbJ0f%28h%2611tWuYh1cDjK%25ws%3A1%3A0&timestamp=1698436921&nonce=4Y5uYnN49K&body-hash=q2OdamOPXCHdflis8P69V3PkQgw%3D&signature=P32R3EqMRLL81vPkIBxZmP0q6KQ%3D HTTP/1.1" 200 5035 "https://talmedos.com/?rest_route=%2Fjetpack%2Fv4%2Fsync%2Fdata-histogram&_for=jetpack&token=u%2349SxDjxIbJ0f%28h%2611tWuYh1cDjK%25ws%3A1%3A0&timestamp=1698436921&nonce=4Y5uYnN49K&body-hash=q2OdamOPXCHdflis8P69V3PkQgw%3D&signature=P32R3EqMRLL81vPkIBxZmP0q6KQ%3D" "Jetpack by WordPress.com"
192.0.86.160 - - [27/Oct/2023:20:02:02 +0000] "POST /?rest_route=%2Fjetpack%2Fv4%2Fsync%2Fobject&_for=jetpack&token=u%2349SxDjxIbJ0f%28h%2611tWuYh1cDjK%25ws%3A1%3A0&timestamp=1698436922&nonce=otCBZNUQbh&body-hash=YbDhTIh%2BQXvBTTQxfOsyCQdMh0c%3D&signature=jwwj0axGJe4J6%2BpeqPGgQPoq4cI%3D HTTP/1.1" 200 4676 "https://talmedos.com/?rest_route=%2Fjetpack%2Fv4%2Fsync%2Fobject&_for=jetpack&token=u%2349SxDjxIbJ0f%28h%2611tWuYh1cDjK%25ws%3A1%3A0&timestamp=1698436922&nonce=otCBZNUQbh&body-hash=YbDhTIh%2BQXvBTTQxfOsyCQdMh0c%3D&signature=jwwj0axGJe4J6%2BpeqPGgQPoq4cI%3D" "Jetpack by WordPress.com"
192.0.86.160 - - [27/Oct/2023:20:02:05 +0000] "POST /?rest_route=%2Fjetpack%2Fv4%2Fsync%2Fdata-histogram&_for=jetpack&token=u%2349SxDjxIbJ0f%28h%2611tWuYh1cDjK%25ws%3A1%3A0&timestamp=1698436924&nonce=vp0yOyZ1dQ&body-hash=etHv18Zagh9Qtqc71U8FFZ5Kx%2Bk%3D&signature=8vqrtZ3DIgyxlPqqjZLEFTSljV0%3D HTTP/1.1" 200 4522 "https://talmedos.com/?rest_route=%2Fjetpack%2Fv4%2Fsync%2Fdata-histogram&_for=jetpack&token=u%2349SxDjxIbJ0f%28h%2611tWuYh1cDjK%25ws%3A1%3A0&timestamp=1698436924&nonce=vp0yOyZ1dQ&body-hash=etHv18Zagh9Qtqc71U8FFZ5Kx%2Bk%3D&signature=8vqrtZ3DIgyxlPqqjZLEFTSljV0%3D" "Jetpack by WordPress.com"
192.0.86.160 - - [27/Oct/2023:20:02:05 +0000] "POST /?rest_route=%2Fjetpack%2Fv4%2Fsync%2Fdata-histogram&_for=jetpack&token=u%2349SxDjxIbJ0f%28h%2611tWuYh1cDjK%25ws%3A1%3A0&timestamp=1698436925&nonce=OZ5au0gS1c&body-hash=DiqLjKrAeM%2B6A80OngphyHFRwvQ%3D&signature=OZz8guqernakVlC4%2FT4Er8UAgyU%3D HTTP/1.1" 200 5001 "https://talmedos.com/?rest_route=%2Fjetpack%2Fv4%2Fsync%2Fdata-histogram&_for=jetpack&token=u%2349SxDjxIbJ0f%28h%2611tWuYh1cDjK%25ws%3A1%3A0&timestamp=1698436925&nonce=OZ5au0gS1c&body-hash=DiqLjKrAeM%2B6A80OngphyHFRwvQ%3D&signature=OZz8guqernakVlC4%2FT4Er8UAgyU%3D" "Jetpack by WordPress.com"
192.0.86.160 - - [27/Oct/2023:20:02:06 +0000] "POST /?rest_route=%2Fjetpack%2Fv4%2Fsync%2Fobject&_for=jetpack&token=u%2349SxDjxIbJ0f%28h%2611tWuYh1cDjK%25ws%3A1%3A0&timestamp=1698436926&nonce=pwXjm53FHZ&body-hash=9P9roWZk1rPhWC3bCGLk%2Fwg48tk%3D&signature=B9x%2B2AwxwGfSjikrNSA1OWoboAU%3D HTTP/1.1" 200 4499 "https://talmedos.com/?rest_route=%2Fjetpack%2Fv4%2Fsync%2Fobject&_for=jetpack&token=u%2349SxDjxIbJ0f%28h%2611tWuYh1cDjK%25ws%3A1%3A0&timestamp=1698436926&nonce=pwXjm53FHZ&body-hash=9P9roWZk1rPhWC3bCGLk%2Fwg48tk%3D&signature=B9x%2B2AwxwGfSjikrNSA1OWoboAU%3D" "Jetpack by WordPress.com"
192.0.86.160 - - [27/Oct/2023:20:02:08 +0000] "POST /?rest_route=%2Fjetpack%2Fv4%2Fsync%2Fdata-histogram&_for=jetpack&token=u%2349SxDjxIbJ0f%28h%2611tWuYh1cDjK%25ws%3A1%3A0&timestamp=1698436927&nonce=BIZ7n5mg0t&body-hash=Elyea%2FjLFQXAojoUvKQN8QQvZJg%3D&signature=r%2BJLFhImGBsPRhWZ8RPY06%2Bii1k%3D HTTP/1.1" 200 4522 "https://talmedos.com/?rest_route=%2Fjetpack%2Fv4%2Fsync%2Fdata-histogram&_for=jetpack&token=u%2349SxDjxIbJ0f%28h%2611tWuYh1cDjK%25ws%3A1%3A0&timestamp=1698436927&nonce=BIZ7n5mg0t&body-hash=Elyea%2FjLFQXAojoUvKQN8QQvZJg%3D&signature=r%2BJLFhImGBsPRhWZ8RPY06%2Bii1k%3D" "Jetpack by WordPress.com"
192.0.86.160 - - [27/Oct/2023:20:02:08 +0000] "POST /?rest_route=%2Fjetpack%2Fv4%2Fsync%2Fdata-histogram&_for=jetpack&token=u%2349SxDjxIbJ0f%28h%2611tWuYh1cDjK%25ws%3A1%3A0&timestamp=1698436928&nonce=GLnXNgdBTh&body-hash=h0ZDKmMhv%2BcGE4nqSH8LVmVoSk0%3D&signature=eze767e%2By7Am%2FTykirhg8g%2FZrC4%3D HTTP/1.1" 200 5033 "https://talmedos.com/?rest_route=%2Fjetpack%2Fv4%2Fsync%2Fdata-histogram&_for=jetpack&token=u%2349SxDjxIbJ0f%28h%2611tWuYh1cDjK%25ws%3A1%3A0&timestamp=1698436928&nonce=GLnXNgdBTh&body-hash=h0ZDKmMhv%2BcGE4nqSH8LVmVoSk0%3D&signature=eze767e%2By7Am%2FTykirhg8g%2FZrC4%3D" "Jetpack by WordPress.com"
192.0.86.160 - - [27/Oct/2023:20:02:09 +0000] "POST /?rest_route=%2Fjetpack%2Fv4%2Fsync%2Fobject&_for=jetpack&token=u%2349SxDjxIbJ0f%28h%2611tWuYh1cDjK%25ws%3A1%3A0&timestamp=1698436929&nonce=nPYoAgHNlV&body-hash=6CMCAKKX48mI8%2FmiZeYCg0BCTxE%3D&signature=1app6G1csdDjt%2Byojpmz7MqxP1o%3D HTTP/1.1" 200 4521 "https://talmedos.com/?rest_route=%2Fjetpack%2Fv4%2Fsync%2Fobject&_for=jetpack&token=u%2349SxDjxIbJ0f%28h%2611tWuYh1cDjK%25ws%3A1%3A0&timestamp=1698436929&nonce=nPYoAgHNlV&body-hash=6CMCAKKX48mI8%2FmiZeYCg0BCTxE%3D&signature=1app6G1csdDjt%2Byojpmz7MqxP1o%3D" "Jetpack by WordPress.com"
192.0.86.160 - - [27/Oct/2023:20:02:11 +0000] "POST /?rest_route=%2Fjetpack%2Fv4%2Fsync%2Fdata-histogram&_for=jetpack&token=u%2349SxDjxIbJ0f%28h%2611tWuYh1cDjK%25ws%3A1%3A0&timestamp=1698436931&nonce=kaWtdc1zzV&body-hash=cdOYhPDLlrrFEHndTDAWqxrucvo%3D&signature=5w17BRHEQswIUot8G%2BShvPN0Kns%3D HTTP/1.1" 200 4520 "https://talmedos.com/?rest_route=%2Fjetpack%2Fv4%2Fsync%2Fdata-histogram&_for=jetpack&token=u%2349SxDjxIbJ0f%28h%2611tWuYh1cDjK%25ws%3A1%3A0&timestamp=1698436931&nonce=kaWtdc1zzV&body-hash=cdOYhPDLlrrFEHndTDAWqxrucvo%3D&signature=5w17BRHEQswIUot8G%2BShvPN0Kns%3D" "Jetpack by WordPress.com"
192.0.86.160 - - [27/Oct/2023:20:02:12 +0000] "POST /?rest_route=%2Fjetpack%2Fv4%2Fsync%2Fdata-histogram&_for=jetpack&token=u%2349SxDjxIbJ0f%28h%2611tWuYh1cDjK%25ws%3A1%3A0&timestamp=1698436932&nonce=gJIC3i6vHV&body-hash=fUSRyxI4511BYzBBWU0dOI70T64%3D&signature=TrKQSpaXdzIxbg5MaXDhEViWCX4%3D HTTP/1.1" 200 4494 "https://talmedos.com/?rest_route=%2Fjetpack%2Fv4%2Fsync%2Fdata-histogram&_for=jetpack&token=u%2349SxDjxIbJ0f%28h%2611tWuYh1cDjK%25ws%3A1%3A0&timestamp=1698436932&nonce=gJIC3i6vHV&body-hash=fUSRyxI4511BYzBBWU0dOI70T64%3D&signature=TrKQSpaXdzIxbg5MaXDhEViWCX4%3D" "Jetpack by WordPress.com"
192.0.86.160 - - [27/Oct/2023:20:02:13 +0000] "POST /?rest_route=%2Fjetpack%2Fv4%2Fsync%2Fdata-histogram&_for=jetpack&token=u%2349SxDjxIbJ0f%28h%2611tWuYh1cDjK%25ws%3A1%3A0&timestamp=1698436933&nonce=bTvMRP91pw&body-hash=guP0GKcn8ZkGhAig8tk7N1p%2BJmA%3D&signature=hzyZCV1DfNBeZMdV%2FyeP2mBXikY%3D HTTP/1.1" 200 4520 "https://talmedos.com/?rest_route=%2Fjetpack%2Fv4%2Fsync%2Fdata-histogram&_for=jetpack&token=u%2349SxDjxIbJ0f%28h%2611tWuYh1cDjK%25ws%3A1%3A0&timestamp=1698436933&nonce=bTvMRP91pw&body-hash=guP0GKcn8ZkGhAig8tk7N1p%2BJmA%3D&signature=hzyZCV1DfNBeZMdV%2FyeP2mBXikY%3D" "Jetpack by WordPress.com"
192.0.86.160 - - [27/Oct/2023:20:02:14 +0000] "POST /?rest_route=%2Fjetpack%2Fv4%2Fsync%2Fdata-histogram&_for=jetpack&token=u%2349SxDjxIbJ0f%28h%2611tWuYh1cDjK%25ws%3A1%3A0&timestamp=1698436933&nonce=LxHal8XbLw&body-hash=0UzVgT6UU3NjIWzQT%2BRgfBw5axE%3D&signature=2%2BeAJes4n3uBmQLxhV9%2FfD%2BMDUw%3D HTTP/1.1" 200 4494 "https://talmedos.com/?rest_route=%2Fjetpack%2Fv4%2Fsync%2Fdata-histogram&_for=jetpack&token=u%2349SxDjxIbJ0f%28h%2611tWuYh1cDjK%25ws%3A1%3A0&timestamp=1698436933&nonce=LxHal8XbLw&body-hash=0UzVgT6UU3NjIWzQT%2BRgfBw5axE%3D&signature=2%2BeAJes4n3uBmQLxhV9%2FfD%2BMDUw%3D" "Jetpack by WordPress.com"
192.0.86.160 - - [27/Oct/2023:20:02:14 +0000] "POST /?rest_route=%2Fjetpack%2Fv4%2Fsync%2Fobject&_for=jetpack&token=u%2349SxDjxIbJ0f%28h%2611tWuYh1cDjK%25ws%3A1%3A0&timestamp=1698436934&nonce=NYDntXnbZ1&body-hash=eGzGe%2BTQuE203aFADc0jSknCE5k%3D&signature=WLj%2F7SXHBqrlwv5EGpHmOORacQY%3D HTTP/1.1" 200 6235 "https://talmedos.com/?rest_route=%2Fjetpack%2Fv4%2Fsync%2Fobject&_for=jetpack&token=u%2349SxDjxIbJ0f%28h%2611tWuYh1cDjK%25ws%3A1%3A0&timestamp=1698436934&nonce=NYDntXnbZ1&body-hash=eGzGe%2BTQuE203aFADc0jSknCE5k%3D&signature=WLj%2F7SXHBqrlwv5EGpHmOORacQY%3D" "Jetpack by WordPress.com"
192.0.86.160 - - [27/Oct/2023:20:02:15 +0000] "POST /?rest_route=%2Fjetpack%2Fv4%2Fsync%2Fdata-histogram&_for=jetpack&token=u%2349SxDjxIbJ0f%28h%2611tWuYh1cDjK%25ws%3A1%3A0&timestamp=1698436935&nonce=3Uig3qZye2&body-hash=3Lv7RpM4uBNmLNXKMZmK34Xp0UY%3D&signature=jM0x9jQ4tEev%2B2Wl%2FPUIfLj6dhc%3D HTTP/1.1" 200 4522 "https://talmedos.com/?rest_route=%2Fjetpack%2Fv4%2Fsync%2Fdata-histogram&_for=jetpack&token=u%2349SxDjxIbJ0f%28h%2611tWuYh1cDjK%25ws%3A1%3A0&timestamp=1698436935&nonce=3Uig3qZye2&body-hash=3Lv7RpM4uBNmLNXKMZmK34Xp0UY%3D&signature=jM0x9jQ4tEev%2B2Wl%2FPUIfLj6dhc%3D" "Jetpack by WordPress.com"
192.0.86.160 - - [27/Oct/2023:20:02:16 +0000] "POST /?rest_route=%2Fjetpack%2Fv4%2Fsync%2Fdata-histogram&_for=jetpack&token=u%2349SxDjxIbJ0f%28h%2611tWuYh1cDjK%25ws%3A1%3A0&timestamp=1698436936&nonce=Fn8wNLfZ0f&body-hash=aRUCY%2FhEIJ1%2Bi2PZkpR7g72L4eY%3D&signature=GOmiQPSFVpYsJl5Ypm8SCF1Mnao%3D HTTP/1.1" 200 5822 "https://talmedos.com/?rest_route=%2Fjetpack%2Fv4%2Fsync%2Fdata-histogram&_for=jetpack&token=u%2349SxDjxIbJ0f%28h%2611tWuYh1cDjK%25ws%3A1%3A0&timestamp=1698436936&nonce=Fn8wNLfZ0f&body-hash=aRUCY%2FhEIJ1%2Bi2PZkpR7g72L4eY%3D&signature=GOmiQPSFVpYsJl5Ypm8SCF1Mnao%3D" "Jetpack by WordPress.com"
192.0.86.160 - - [27/Oct/2023:20:02:17 +0000] "POST /?rest_route=%2Fjetpack%2Fv4%2Fsync%2Fdata-histogram&_for=jetpack&token=u%2349SxDjxIbJ0f%28h%2611tWuYh1cDjK%25ws%3A1%3A0&timestamp=1698436937&nonce=YwCh2BKafS&body-hash=Qvl0mAovW%2FrwqzIbwTtTzxmCfQc%3D&signature=foRYUT0%2FnKLfwPbn%2FcjkTEGuAcA%3D HTTP/1.1" 200 4522 "https://talmedos.com/?rest_route=%2Fjetpack%2Fv4%2Fsync%2Fdata-histogram&_for=jetpack&token=u%2349SxDjxIbJ0f%28h%2611tWuYh1cDjK%25ws%3A1%3A0&timestamp=1698436937&nonce=YwCh2BKafS&body-hash=Qvl0mAovW%2FrwqzIbwTtTzxmCfQc%3D&signature=foRYUT0%2FnKLfwPbn%2FcjkTEGuAcA%3D" "Jetpack by WordPress.com"
192.0.86.160 - - [27/Oct/2023:20:02:18 +0000] "POST /?rest_route=%2Fjetpack%2Fv4%2Fsync%2Fdata-histogram&_for=jetpack&token=u%2349SxDjxIbJ0f%28h%2611tWuYh1cDjK%25ws%3A1%3A0&timestamp=1698436938&nonce=O9IW7oJ0bZ&body-hash=eW04phuN81j3ZPrplQYu59XyxWE%3D&signature=w3YCSHwJt16uYWdu31vWx67ODvg%3D HTTP/1.1" 200 22644 "https://talmedos.com/?rest_route=%2Fjetpack%2Fv4%2Fsync%2Fdata-histogram&_for=jetpack&token=u%2349SxDjxIbJ0f%28h%2611tWuYh1cDjK%25ws%3A1%3A0&timestamp=1698436938&nonce=O9IW7oJ0bZ&body-hash=eW04phuN81j3ZPrplQYu59XyxWE%3D&signature=w3YCSHwJt16uYWdu31vWx67ODvg%3D" "Jetpack by WordPress.com"
192.0.86.160 - - [27/Oct/2023:20:02:19 +0000] "POST /?rest_route=%2Fjetpack%2Fv4%2Fsync%2Fdata-histogram&_for=jetpack&token=u%2349SxDjxIbJ0f%28h%2611tWuYh1cDjK%25ws%3A1%3A0&timestamp=1698436939&nonce=NVdauRa0ej&body-hash=YmaSBuacKlXI7Qjw4ngGCP3pDVw%3D&signature=wt9ZNCnXNNdXBd%2BVQedAkgEfZ8k%3D HTTP/1.1" 200 4520 "https://talmedos.com/?rest_route=%2Fjetpack%2Fv4%2Fsync%2Fdata-histogram&_for=jetpack&token=u%2349SxDjxIbJ0f%28h%2611tWuYh1cDjK%25ws%3A1%3A0&timestamp=1698436939&nonce=NVdauRa0ej&body-hash=YmaSBuacKlXI7Qjw4ngGCP3pDVw%3D&signature=wt9ZNCnXNNdXBd%2BVQedAkgEfZ8k%3D" "Jetpack by WordPress.com"
192.0.86.160 - - [27/Oct/2023:20:02:20 +0000] "POST /?rest_route=%2Fjetpack%2Fv4%2Fsync%2Fdata-histogram&_for=jetpack&token=u%2349SxDjxIbJ0f%28h%2611tWuYh1cDjK%25ws%3A1%3A0&timestamp=1698436940&nonce=lKWBNQyf9r&body-hash=WepQOZOWcTeHDNbRXbVWqPJuzfs%3D&signature=OaklQFN%2B%2FKbhH6dQTB0ty%2FlZ3d4%3D HTTP/1.1" 200 4493 "https://talmedos.com/?rest_route=%2Fjetpack%2Fv4%2Fsync%2Fdata-histogram&_for=jetpack&token=u%2349SxDjxIbJ0f%28h%2611tWuYh1cDjK%25ws%3A1%3A0&timestamp=1698436940&nonce=lKWBNQyf9r&body-hash=WepQOZOWcTeHDNbRXbVWqPJuzfs%3D&signature=OaklQFN%2B%2FKbhH6dQTB0ty%2FlZ3d4%3D" "Jetpack by WordPress.com"
192.0.86.160 - - [27/Oct/2023:20:02:21 +0000] "POST /?rest_route=%2Fjetpack%2Fv4%2Fsync%2Fdata-histogram&_for=jetpack&token=u%2349SxDjxIbJ0f%28h%2611tWuYh1cDjK%25ws%3A1%3A0&timestamp=1698436941&nonce=bKDBrsXG1a&body-hash=y28XsNcrJiCAuTobnmqAwkC2Zco%3D&signature=NcBYaUv4tI8PE6fhoC4i34Tlbm4%3D HTTP/1.1" 200 4522 "https://talmedos.com/?rest_route=%2Fjetpack%2Fv4%2Fsync%2Fdata-histogram&_for=jetpack&token=u%2349SxDjxIbJ0f%28h%2611tWuYh1cDjK%25ws%3A1%3A0&timestamp=1698436941&nonce=bKDBrsXG1a&body-hash=y28XsNcrJiCAuTobnmqAwkC2Zco%3D&signature=NcBYaUv4tI8PE6fhoC4i34Tlbm4%3D" "Jetpack by WordPress.com"
192.0.86.160 - - [27/Oct/2023:20:02:22 +0000] "POST /?rest_route=%2Fjetpack%2Fv4%2Fsync%2Fdata-histogram&_for=jetpack&token=u%2349SxDjxIbJ0f%28h%2611tWuYh1cDjK%25ws%3A1%3A0&timestamp=1698436941&nonce=tKxepyjKWo&body-hash=EVN9rwmX4WWOTYGEdatlB55jcvo%3D&signature=WLAnZ1TJ5%2FyDjNR4XVzCwc9gVO4%3D HTTP/1.1" 200 4522 "https://talmedos.com/?rest_route=%2Fjetpack%2Fv4%2Fsync%2Fdata-histogram&_for=jetpack&token=u%2349SxDjxIbJ0f%28h%2611tWuYh1cDjK%25ws%3A1%3A0&timestamp=1698436941&nonce=tKxepyjKWo&body-hash=EVN9rwmX4WWOTYGEdatlB55jcvo%3D&signature=WLAnZ1TJ5%2FyDjNR4XVzCwc9gVO4%3D" "Jetpack by WordPress.com"
192.0.86.160 - - [27/Oct/2023:20:02:22 +0000] "POST /?rest_route=%2Fjetpack%2Fv4%2Fsync%2Fdata-histogram&_for=jetpack&token=u%2349SxDjxIbJ0f%28h%2611tWuYh1cDjK%25ws%3A1%3A0&timestamp=1698436942&nonce=kQZLGhvc4H&body-hash=aU1FVB7qL8NVzkntjLpStZYvZc8%3D&signature=fgLptQlMlGNZcgXAd3GF5bdP%2FOQ%3D HTTP/1.1" 200 5035 "https://talmedos.com/?rest_route=%2Fjetpack%2Fv4%2Fsync%2Fdata-histogram&_for=jetpack&token=u%2349SxDjxIbJ0f%28h%2611tWuYh1cDjK%25ws%3A1%3A0&timestamp=1698436942&nonce=kQZLGhvc4H&body-hash=aU1FVB7qL8NVzkntjLpStZYvZc8%3D&signature=fgLptQlMlGNZcgXAd3GF5bdP%2FOQ%3D" "Jetpack by WordPress.com"
192.0.86.160 - - [27/Oct/2023:20:02:23 +0000] "POST /?rest_route=%2Fjetpack%2Fv4%2Fsync%2Fdata-histogram&_for=jetpack&token=u%2349SxDjxIbJ0f%28h%2611tWuYh1cDjK%25ws%3A1%3A0&timestamp=1698436943&nonce=uUXklO0pIc&body-hash=Elyea%2FjLFQXAojoUvKQN8QQvZJg%3D&signature=yYNgdy50KsFxusELzXJo9hOusM4%3D HTTP/1.1" 200 4522 "https://talmedos.com/?rest_route=%2Fjetpack%2Fv4%2Fsync%2Fdata-histogram&_for=jetpack&token=u%2349SxDjxIbJ0f%28h%2611tWuYh1cDjK%25ws%3A1%3A0&timestamp=1698436943&nonce=uUXklO0pIc&body-hash=Elyea%2FjLFQXAojoUvKQN8QQvZJg%3D&signature=yYNgdy50KsFxusELzXJo9hOusM4%3D" "Jetpack by WordPress.com"
192.0.86.160 - - [27/Oct/2023:20:02:24 +0000] "POST /?rest_route=%2Fjetpack%2Fv4%2Fsync%2Fdata-histogram&_for=jetpack&token=u%2349SxDjxIbJ0f%28h%2611tWuYh1cDjK%25ws%3A1%3A0&timestamp=1698436944&nonce=tIgGEbjvke&body-hash=h0ZDKmMhv%2BcGE4nqSH8LVmVoSk0%3D&signature=ACscGz9TiYRZSmHMKdj2etU430M%3D HTTP/1.1" 200 5033 "https://talmedos.com/?rest_route=%2Fjetpack%2Fv4%2Fsync%2Fdata-histogram&_for=jetpack&token=u%2349SxDjxIbJ0f%28h%2611tWuYh1cDjK%25ws%3A1%3A0&timestamp=1698436944&nonce=tIgGEbjvke&body-hash=h0ZDKmMhv%2BcGE4nqSH8LVmVoSk0%3D&signature=ACscGz9TiYRZSmHMKdj2etU430M%3D" "Jetpack by WordPress.com"
192.0.86.160 - - [27/Oct/2023:20:02:25 +0000] "POST /?rest_route=%2Fjetpack%2Fv4%2Fsync%2Fdata-histogram&_for=jetpack&token=u%2349SxDjxIbJ0f%28h%2611tWuYh1cDjK%25ws%3A1%3A0&timestamp=1698436945&nonce=cOWhQYTfZS&body-hash=etHv18Zagh9Qtqc71U8FFZ5Kx%2Bk%3D&signature=LRTBlHJc4OXD8hf5emjoOJ49gas%3D HTTP/1.1" 200 4522 "https://talmedos.com/?rest_route=%2Fjetpack%2Fv4%2Fsync%2Fdata-histogram&_for=jetpack&token=u%2349SxDjxIbJ0f%28h%2611tWuYh1cDjK%25ws%3A1%3A0&timestamp=1698436945&nonce=cOWhQYTfZS&body-hash=etHv18Zagh9Qtqc71U8FFZ5Kx%2Bk%3D&signature=LRTBlHJc4OXD8hf5emjoOJ49gas%3D" "Jetpack by WordPress.com"
192.0.86.160 - - [27/Oct/2023:20:02:26 +0000] "POST /?rest_route=%2Fjetpack%2Fv4%2Fsync%2Fdata-histogram&_for=jetpack&token=u%2349SxDjxIbJ0f%28h%2611tWuYh1cDjK%25ws%3A1%3A0&timestamp=1698436946&nonce=CmOBHgTWHD&body-hash=DiqLjKrAeM%2B6A80OngphyHFRwvQ%3D&signature=nVuZbvqIhWUO0SHiKxU6t3nCe8A%3D HTTP/1.1" 200 5001 "https://talmedos.com/?rest_route=%2Fjetpack%2Fv4%2Fsync%2Fdata-histogram&_for=jetpack&token=u%2349SxDjxIbJ0f%28h%2611tWuYh1cDjK%25ws%3A1%3A0&timestamp=1698436946&nonce=CmOBHgTWHD&body-hash=DiqLjKrAeM%2B6A80OngphyHFRwvQ%3D&signature=nVuZbvqIhWUO0SHiKxU6t3nCe8A%3D" "Jetpack by WordPress.com"
192.0.86.160 - - [27/Oct/2023:20:02:27 +0000] "POST /?rest_route=%2Fjetpack%2Fv4%2Fsync%2Fdata-histogram&_for=jetpack&token=u%2349SxDjxIbJ0f%28h%2611tWuYh1cDjK%25ws%3A1%3A0&timestamp=1698436947&nonce=Sr3m9Md8Me&body-hash=iGEA3ylx%2F8cZYXYrL8Qjo84tteU%3D&signature=57sla55eMd38GbH7AAHhHsNtc2c%3D HTTP/1.1" 200 4520 "https://talmedos.com/?rest_route=%2Fjetpack%2Fv4%2Fsync%2Fdata-histogram&_for=jetpack&token=u%2349SxDjxIbJ0f%28h%2611tWuYh1cDjK%25ws%3A1%3A0&timestamp=1698436947&nonce=Sr3m9Md8Me&body-hash=iGEA3ylx%2F8cZYXYrL8Qjo84tteU%3D&signature=57sla55eMd38GbH7AAHhHsNtc2c%3D" "Jetpack by WordPress.com"
192.0.86.160 - - [27/Oct/2023:20:02:28 +0000] "POST /?rest_route=%2Fjetpack%2Fv4%2Fsync%2Fdata-histogram&_for=jetpack&token=u%2349SxDjxIbJ0f%28h%2611tWuYh1cDjK%25ws%3A1%3A0&timestamp=1698436947&nonce=tzDVfSjCDn&body-hash=lK23zZSJaI9J%2BOnHVyNO8qW4eoE%3D&signature=Kl6msTvaTx0epS5N7BjctnYW2a8%3D HTTP/1.1" 200 4494 "https://talmedos.com/?rest_route=%2Fjetpack%2Fv4%2Fsync%2Fdata-histogram&_for=jetpack&token=u%2349SxDjxIbJ0f%28h%2611tWuYh1cDjK%25ws%3A1%3A0&timestamp=1698436947&nonce=tzDVfSjCDn&body-hash=lK23zZSJaI9J%2BOnHVyNO8qW4eoE%3D&signature=Kl6msTvaTx0epS5N7BjctnYW2a8%3D" "Jetpack by WordPress.com"
192.0.86.160 - - [27/Oct/2023:20:02:29 +0000] "POST /?rest_route=%2Fjetpack%2Fv4%2Fsync%2Fdata-histogram&_for=jetpack&token=u%2349SxDjxIbJ0f%28h%2611tWuYh1cDjK%25ws%3A1%3A0&timestamp=1698436948&nonce=a83eU9R2e4&body-hash=pd8lm%2F2DXrYwxTzMm6csR4uMXm4%3D&signature=LyUu6cuzQgVbOsLk7qJeB72y14o%3D HTTP/1.1" 200 4520 "https://talmedos.com/?rest_route=%2Fjetpack%2Fv4%2Fsync%2Fdata-histogram&_for=jetpack&token=u%2349SxDjxIbJ0f%28h%2611tWuYh1cDjK%25ws%3A1%3A0&timestamp=1698436948&nonce=a83eU9R2e4&body-hash=pd8lm%2F2DXrYwxTzMm6csR4uMXm4%3D&signature=LyUu6cuzQgVbOsLk7qJeB72y14o%3D" "Jetpack by WordPress.com"
192.0.86.160 - - [27/Oct/2023:20:02:29 +0000] "POST /?rest_route=%2Fjetpack%2Fv4%2Fsync%2Fdata-histogram&_for=jetpack&token=u%2349SxDjxIbJ0f%28h%2611tWuYh1cDjK%25ws%3A1%3A0&timestamp=1698436949&nonce=GZoRZpZOza&body-hash=b37zYpS0bVfE%2FE3qCSyrRtyWl94%3D&signature=4Mg4LBMxZO3IJN9mrDnts2z1V8E%3D HTTP/1.1" 200 4742 "https://talmedos.com/?rest_route=%2Fjetpack%2Fv4%2Fsync%2Fdata-histogram&_for=jetpack&token=u%2349SxDjxIbJ0f%28h%2611tWuYh1cDjK%25ws%3A1%3A0&timestamp=1698436949&nonce=GZoRZpZOza&body-hash=b37zYpS0bVfE%2FE3qCSyrRtyWl94%3D&signature=4Mg4LBMxZO3IJN9mrDnts2z1V8E%3D" "Jetpack by WordPress.com"
192.0.86.160 - - [27/Oct/2023:20:02:31 +0000] "POST /?rest_route=%2Fjetpack%2Fv4%2Fsync%2Fdata-histogram&_for=jetpack&token=u%2349SxDjxIbJ0f%28h%2611tWuYh1cDjK%25ws%3A1%3A0&timestamp=1698436950&nonce=JdrpTUUXQ9&body-hash=cdOYhPDLlrrFEHndTDAWqxrucvo%3D&signature=jXmFcYJNmS9iWjUtX6hbARnCXZ4%3D HTTP/1.1" 200 4520 "https://talmedos.com/?rest_route=%2Fjetpack%2Fv4%2Fsync%2Fdata-histogram&_for=jetpack&token=u%2349SxDjxIbJ0f%28h%2611tWuYh1cDjK%25ws%3A1%3A0&timestamp=1698436950&nonce=JdrpTUUXQ9&body-hash=cdOYhPDLlrrFEHndTDAWqxrucvo%3D&signature=jXmFcYJNmS9iWjUtX6hbARnCXZ4%3D" "Jetpack by WordPress.com"
192.0.86.160 - - [27/Oct/2023:20:02:31 +0000] "POST /?rest_route=%2Fjetpack%2Fv4%2Fsync%2Fdata-histogram&_for=jetpack&token=u%2349SxDjxIbJ0f%28h%2611tWuYh1cDjK%25ws%3A1%3A0&timestamp=1698436951&nonce=vNjhLc039h&body-hash=dwrSY7GtSFmulvmrflUak%2BNwxBg%3D&signature=KTmFGnhF2qhSvux0PUgTtnlNeSA%3D HTTP/1.1" 200 4494 "https://talmedos.com/?rest_route=%2Fjetpack%2Fv4%2Fsync%2Fdata-histogram&_for=jetpack&token=u%2349SxDjxIbJ0f%28h%2611tWuYh1cDjK%25ws%3A1%3A0&timestamp=1698436951&nonce=vNjhLc039h&body-hash=dwrSY7GtSFmulvmrflUak%2BNwxBg%3D&signature=KTmFGnhF2qhSvux0PUgTtnlNeSA%3D" "Jetpack by WordPress.com"
192.0.86.160 - - [27/Oct/2023:20:02:32 +0000] "POST /?rest_route=%2Fjetpack%2Fv4%2Fsync%2Fhealth&_for=jetpack&token=u%2349SxDjxIbJ0f%28h%2611tWuYh1cDjK%25ws%3A1%3A0&timestamp=1698436952&nonce=Mmm9KNlCU5&body-hash=lKHMv1qixxzsVb2b%2B7IjCG6lL5g%3D&signature=HA%2F2swa3gBuKNlgsWMQHnsfqfzw%3D HTTP/1.1" 200 4262 "https://talmedos.com/?rest_route=%2Fjetpack%2Fv4%2Fsync%2Fhealth&_for=jetpack&token=u%2349SxDjxIbJ0f%28h%2611tWuYh1cDjK%25ws%3A1%3A0&timestamp=1698436952&nonce=Mmm9KNlCU5&body-hash=lKHMv1qixxzsVb2b%2B7IjCG6lL5g%3D&signature=HA%2F2swa3gBuKNlgsWMQHnsfqfzw%3D" "Jetpack by WordPress.com"
157.97.121.127 - - [27/Oct/2023:20:03:18 +0000] "GET /.env HTTP/1.1" 404 4229 "-" "Mozilla/5.0 (X11; Linux x86_64) AppleWebKit/537.36 (KHTML, like Gecko) Chrome/81.0.4044.129 Safari/537.36"
46.101.144.32 - - [27/Oct/2023:20:03:41 +0000] "POST /wp-cron.php?doing_wp_cron=1698437021.2153921127319335937500 HTTP/1.1" 200 3995 "-" "WordPress/6.3.2; https://talmedos.com"
157.97.121.127 - - [27/Oct/2023:20:03:41 +0000] "POST / HTTP/1.1" 200 15379 "-" "Mozilla/5.0 (X11; Linux x86_64) AppleWebKit/537.36 (KHTML, like Gecko) Chrome/81.0.4044.129 Safari/537.36"
46.101.144.32 - - [27/Oct/2023:20:04:25 +0000] "POST /wp-cron.php?doing_wp_cron=1698437065.8673770427703857421875 HTTP/1.1" 200 3995 "-" "WordPress/6.3.2; https://talmedos.com"
192.0.102.40 - - [27/Oct/2023:20:04:25 +0000] "HEAD / HTTP/1.1" 200 3915 "-" "jetmon/1.0 (Jetpack Site Uptime Monitor by WordPress.com)"
46.101.144.32 - - [27/Oct/2023:20:09:25 +0000] "POST /wp-cron.php?doing_wp_cron=1698437365.8406250476837158203125 HTTP/1.1" 200 3995 "-" "WordPress/6.3.2; https://talmedos.com"
192.0.102.40 - - [27/Oct/2023:20:09:25 +0000] "HEAD / HTTP/1.1" 200 3915 "-" "jetmon/1.0 (Jetpack Site Uptime Monitor by WordPress.com)"
46.101.144.32 - - [27/Oct/2023:20:11:14 +0000] "POST /wp-cron.php?doing_wp_cron=1698437474.6990280151367187500000 HTTP/1.1" 200 3995 "-" "WordPress/6.3.2; https://talmedos.com"
64.227.112.120 - - [27/Oct/2023:20:11:14 +0000] "GET / HTTP/1.1" 301 3325 "-" "Mozilla/5.0 (Windows NT 10.0; Win64; x64) AppleWebKit/537.36 (KHTML, like Gecko) Chrome/68.0.3440.106 Safari/537.36"
64.227.112.120 - - [27/Oct/2023:20:11:15 +0000] "GET / HTTP/1.1" 200 11637 "https://46.101.144.32:443/" "Mozilla/5.0 (Windows NT 10.0; Win64; x64) AppleWebKit/537.36 (KHTML, like Gecko) Chrome/68.0.3440.106 Safari/537.36"
64.227.112.120 - - [27/Oct/2023:20:11:15 +0000] "GET /favicon.ico HTTP/1.1" 404 466 "-" "Mozilla/5.0 (Windows NT 10.0; Win64; x64) AppleWebKit/537.36 (KHTML, like Gecko) Chrome/68.0.3440.106 Safari/537.36"
46.101.144.32 - - [27/Oct/2023:20:14:26 +0000] "POST /wp-cron.php?doing_wp_cron=1698437666.0483150482177734375000 HTTP/1.1" 200 3995 "-" "WordPress/6.3.2; https://talmedos.com"
192.0.102.40 - - [27/Oct/2023:20:14:25 +0000] "HEAD / HTTP/1.1" 200 3915 "-" "jetmon/1.0 (Jetpack Site Uptime Monitor by WordPress.com)"
46.101.144.32 - - [27/Oct/2023:20:19:25 +0000] "POST /wp-cron.php?doing_wp_cron=1698437965.8525168895721435546875 HTTP/1.1" 200 3995 "-" "WordPress/6.3.2; https://talmedos.com"
192.0.102.40 - - [27/Oct/2023:20:19:25 +0000] "HEAD / HTTP/1.1" 200 3915 "-" "jetmon/1.0 (Jetpack Site Uptime Monitor by WordPress.com)"
46.101.144.32 - - [27/Oct/2023:20:24:25 +0000] "POST /wp-cron.php?doing_wp_cron=1698438265.7087209224700927734375 HTTP/1.1" 200 3995 "-" "WordPress/6.3.2; https://talmedos.com"
192.0.102.40 - - [27/Oct/2023:20:24:25 +0000] "HEAD / HTTP/1.1" 200 3915 "-" "jetmon/1.0 (Jetpack Site Uptime Monitor by WordPress.com)"
46.101.144.32 - - [27/Oct/2023:20:29:26 +0000] "POST /wp-cron.php?doing_wp_cron=1698438566.0987520217895507812500 HTTP/1.1" 200 3995 "-" "WordPress/6.3.2; https://talmedos.com"
192.0.102.40 - - [27/Oct/2023:20:29:25 +0000] "HEAD / HTTP/1.1" 200 3915 "-" "jetmon/1.0 (Jetpack Site Uptime Monitor by WordPress.com)"
46.101.144.32 - - [27/Oct/2023:20:34:13 +0000] "POST /wp-cron.php?doing_wp_cron=1698438853.8680679798126220703125 HTTP/1.1" 200 3995 "-" "WordPress/6.3.2; https://talmedos.com"
185.180.143.18 - - [27/Oct/2023:20:34:13 +0000] "GET / HTTP/1.1" 200 14711 "http://46.101.144.32/" "Mozilla/5.0 (Windows NT 10.0; Win64; x64) AppleWebKit/537.36 (KHTML, like Gecko) Chrome/60.0.3112.113 Safari/537.36"
192.0.102.40 - - [27/Oct/2023:20:34:25 +0000] "HEAD / HTTP/1.1" 200 3915 "-" "jetmon/1.0 (Jetpack Site Uptime Monitor by WordPress.com)"
8.219.51.183 - - [27/Oct/2023:20:35:21 +0000] "POST /wp-login.php HTTP/1.1" 200 8354 "-" "Mozilla/5.0 (Windows NT 6.1; WOW64) AppleWebKit/537.36 (KHTML, like Gecko) Chrome/46.0.2490.86 Safari/537.36"
46.101.144.32 - - [27/Oct/2023:20:39:26 +0000] "GET / HTTP/1.1" 200 15340 "-" "WordPress/6.3.2; https://talmedos.com"
192.0.102.40 - - [27/Oct/2023:20:39:25 +0000] "HEAD / HTTP/1.1" 200 3915 "-" "jetmon/1.0 (Jetpack Site Uptime Monitor by WordPress.com)"
46.101.144.32 - - [27/Oct/2023:20:39:26 +0000] "POST /wp-cron.php?doing_wp_cron=1698439166.0636160373687744140625 HTTP/1.1" 200 3995 "-" "WordPress/6.3.2; https://talmedos.com"
146.70.59.6 - - [27/Oct/2023:20:40:30 +0000] "GET /.env HTTP/1.1" 404 4229 "-" "Mozilla/5.0 (Linux; U; Android 4.4.2; en-US; HM NOTE 1W Build/KOT49H) AppleWebKit/534.30 (KHTML, like Gecko) Version/4.0 UCBrowser/11.0.5.850 U3/0.8.0 Mobile Safari/534.30"
46.101.144.32 - - [27/Oct/2023:20:40:31 +0000] "POST /wp-cron.php?doing_wp_cron=1698439231.6557381153106689453125 HTTP/1.1" 200 3995 "-" "WordPress/6.3.2; https://talmedos.com"
146.70.59.6 - - [27/Oct/2023:20:40:31 +0000] "POST / HTTP/1.1" 200 15379 "-" "Mozilla/5.0 (Linux; U; Android 4.4.2; en-US; HM NOTE 1W Build/KOT49H) AppleWebKit/534.30 (KHTML, like Gecko) Version/4.0 UCBrowser/11.0.5.850 U3/0.8.0 Mobile Safari/534.30"
46.101.144.32 - - [27/Oct/2023:20:44:25 +0000] "POST /wp-cron.php?doing_wp_cron=1698439465.8012950420379638671875 HTTP/1.1" 200 3995 "-" "WordPress/6.3.2; https://talmedos.com"
192.0.102.40 - - [27/Oct/2023:20:44:25 +0000] "HEAD / HTTP/1.1" 200 3915 "-" "jetmon/1.0 (Jetpack Site Uptime Monitor by WordPress.com)"
46.101.144.32 - - [27/Oct/2023:20:49:25 +0000] "POST /wp-cron.php?doing_wp_cron=1698439765.8973109722137451171875 HTTP/1.1" 200 3995 "-" "WordPress/6.3.2; https://talmedos.com"
192.0.102.40 - - [27/Oct/2023:20:49:25 +0000] "HEAD / HTTP/1.1" 200 3915 "-" "jetmon/1.0 (Jetpack Site Uptime Monitor by WordPress.com)"
46.101.144.32 - - [27/Oct/2023:20:54:25 +0000] "POST /wp-cron.php?doing_wp_cron=1698440065.7467019557952880859375 HTTP/1.1" 200 3995 "-" "WordPress/6.3.2; https://talmedos.com"
192.0.102.40 - - [27/Oct/2023:20:54:25 +0000] "HEAD / HTTP/1.1" 200 3915 "-" "jetmon/1.0 (Jetpack Site Uptime Monitor by WordPress.com)"
46.101.144.32 - - [27/Oct/2023:20:57:27 +0000] "POST /wp-cron.php?doing_wp_cron=1698440247.2274699211120605468750 HTTP/1.1" 200 3995 "-" "WordPress/6.3.2; https://talmedos.com"
185.190.42.200 - - [27/Oct/2023:20:57:27 +0000] "GET / HTTP/1.0" 200 56409 "https://talmedos.com/" "Mozilla/5.0 (Windows NT 10.0; Win64; x64) AppleWebKit/537.36 (KHTML, like Gecko) Chrome/103.0.5042.0 Safari/537.36"
46.101.144.32 - - [27/Oct/2023:20:59:25 +0000] "POST /wp-cron.php?doing_wp_cron=1698440365.7855269908905029296875 HTTP/1.1" 200 3995 "-" "WordPress/6.3.2; https://talmedos.com"
192.0.102.40 - - [27/Oct/2023:20:59:25 +0000] "HEAD / HTTP/1.1" 200 3915 "-" "jetmon/1.0 (Jetpack Site Uptime Monitor by WordPress.com)"
93.162.98.150 - - [27/Oct/2023:21:01:04 +0000] "GET /wp-content/uploads/2023/10/album-1-600x600.jpg HTTP/1.1" 200 29785 "https://talmedos.com/?product=album" "Mozilla/5.0 (Macintosh; Intel Mac OS X 10_15_7) AppleWebKit/537.36 (KHTML, like Gecko) Chrome/117.0.0.0 Safari/537.36"
93.162.98.150 - - [27/Oct/2023:21:01:04 +0000] "GET /wp-content/uploads/2023/10/single-1-600x600.jpg HTTP/1.1" 200 31618 "https://talmedos.com/?product=album" "Mozilla/5.0 (Macintosh; Intel Mac OS X 10_15_7) AppleWebKit/537.36 (KHTML, like Gecko) Chrome/117.0.0.0 Safari/537.36"
23.22.35.162 - - [27/Oct/2023:21:03:03 +0000] "GET /robots.txt HTTP/1.1" 404 3562 "-" "Mozilla/5.0 (Macintosh; Intel Mac OS X 10_10_1) AppleWebKit/600.2.5 (KHTML, like Gecko) Version/8.0.2 Safari/600.2.5 (Amazonbot/0.1; +https://developer.amazon.com/support/amazonbot)"
23.22.35.162 - - [27/Oct/2023:21:03:03 +0000] "GET /robots.txt HTTP/1.1" 404 3566 "-" "Mozilla/5.0 (Macintosh; Intel Mac OS X 10_10_1) AppleWebKit/600.2.5 (KHTML, like Gecko) Version/8.0.2 Safari/600.2.5 (Amazonbot/0.1; +https://developer.amazon.com/support/amazonbot)"
23.22.35.162 - - [27/Oct/2023:21:03:04 +0000] "GET /robots.txt HTTP/1.1" 404 3562 "-" "Mozilla/5.0 (Macintosh; Intel Mac OS X 10_10_1) AppleWebKit/600.2.5 (KHTML, like Gecko) Version/8.0.2 Safari/600.2.5 (Amazonbot/0.1; +https://developer.amazon.com/support/amazonbot)"
23.22.35.162 - - [27/Oct/2023:21:03:04 +0000] "GET /robots.txt HTTP/1.1" 404 3566 "-" "Mozilla/5.0 (Macintosh; Intel Mac OS X 10_10_1) AppleWebKit/600.2.5 (KHTML, like Gecko) Version/8.0.2 Safari/600.2.5 (Amazonbot/0.1; +https://developer.amazon.com/support/amazonbot)"
46.101.144.32 - - [27/Oct/2023:21:03:05 +0000] "POST /wp-cron.php?doing_wp_cron=1698440585.8855879306793212890625 HTTP/1.1" 200 3995 "-" "WordPress/6.3.2; https://talmedos.com"
23.22.35.162 - - [27/Oct/2023:21:03:05 +0000] "GET / HTTP/1.1" 200 14732 "-" "Mozilla/5.0 (Macintosh; Intel Mac OS X 10_10_1) AppleWebKit/600.2.5 (KHTML, like Gecko) Version/8.0.2 Safari/600.2.5 (Amazonbot/0.1; +https://developer.amazon.com/support/amazonbot)"
23.22.35.162 - - [27/Oct/2023:21:03:07 +0000] "GET / HTTP/1.1" 301 3347 "-" "Mozilla/5.0 (Macintosh; Intel Mac OS X 10_10_1) AppleWebKit/600.2.5 (KHTML, like Gecko) Version/8.0.2 Safari/600.2.5 (Amazonbot/0.1; +https://developer.amazon.com/support/amazonbot)"
3.224.220.101 - - [27/Oct/2023:21:03:08 +0000] "GET / HTTP/1.1" 200 14732 "-" "Mozilla/5.0 (Macintosh; Intel Mac OS X 10_10_1) AppleWebKit/600.2.5 (KHTML, like Gecko) Version/8.0.2 Safari/600.2.5 (Amazonbot/0.1; +https://developer.amazon.com/support/amazonbot)"
23.22.35.162 - - [27/Oct/2023:21:03:10 +0000] "GET / HTTP/1.1" 301 3347 "-" "Mozilla/5.0 (Macintosh; Intel Mac OS X 10_10_1) AppleWebKit/600.2.5 (KHTML, like Gecko) Version/8.0.2 Safari/600.2.5 (Amazonbot/0.1; +https://developer.amazon.com/support/amazonbot)"
46.101.144.32 - - [27/Oct/2023:21:04:25 +0000] "POST /wp-cron.php?doing_wp_cron=1698440665.9396789073944091796875 HTTP/1.1" 200 3995 "-" "WordPress/6.3.2; https://talmedos.com"
192.0.102.40 - - [27/Oct/2023:21:04:25 +0000] "HEAD / HTTP/1.1" 200 3915 "-" "jetmon/1.0 (Jetpack Site Uptime Monitor by WordPress.com)"
23.22.35.162 - - [27/Oct/2023:21:05:00 +0000] "GET /?page_id=30 HTTP/1.1" 302 3439 "-" "Mozilla/5.0 (Macintosh; Intel Mac OS X 10_10_1) AppleWebKit/600.2.5 (KHTML, like Gecko) Version/8.0.2 Safari/600.2.5 (Amazonbot/0.1; +https://developer.amazon.com/support/amazonbot)"
46.101.144.32 - - [27/Oct/2023:21:05:02 +0000] "POST /wp-cron.php?doing_wp_cron=1698440702.6602470874786376953125 HTTP/1.1" 200 3995 "-" "WordPress/6.3.2; https://talmedos.com"
3.224.220.101 - - [27/Oct/2023:21:05:02 +0000] "GET /?page_id=28 HTTP/1.1" 302 3353 "-" "Mozilla/5.0 (Macintosh; Intel Mac OS X 10_10_1) AppleWebKit/600.2.5 (KHTML, like Gecko) Version/8.0.2 Safari/600.2.5 (Amazonbot/0.1; +https://developer.amazon.com/support/amazonbot)"
3.224.220.101 - - [27/Oct/2023:21:05:03 +0000] "GET /?post_type=product HTTP/1.1" 200 23941 "-" "Mozilla/5.0 (Macintosh; Intel Mac OS X 10_10_1) AppleWebKit/600.2.5 (KHTML, like Gecko) Version/8.0.2 Safari/600.2.5 (Amazonbot/0.1; +https://developer.amazon.com/support/amazonbot)"
23.22.35.162 - - [27/Oct/2023:21:05:04 +0000] "GET /?p=1 HTTP/1.1" 200 15293 "-" "Mozilla/5.0 (Macintosh; Intel Mac OS X 10_10_1) AppleWebKit/600.2.5 (KHTML, like Gecko) Version/8.0.2 Safari/600.2.5 (Amazonbot/0.1; +https://developer.amazon.com/support/amazonbot)"
3.224.220.101 - - [27/Oct/2023:21:05:06 +0000] "GET /?page_id=31 HTTP/1.1" 200 15428 "-" "Mozilla/5.0 (Macintosh; Intel Mac OS X 10_10_1) AppleWebKit/600.2.5 (KHTML, like Gecko) Version/8.0.2 Safari/600.2.5 (Amazonbot/0.1; +https://developer.amazon.com/support/amazonbot)"
3.224.220.101 - - [27/Oct/2023:21:05:08 +0000] "GET /?page_id=29 HTTP/1.1" 200 33467 "-" "Mozilla/5.0 (Macintosh; Intel Mac OS X 10_10_1) AppleWebKit/600.2.5 (KHTML, like Gecko) Version/8.0.2 Safari/600.2.5 (Amazonbot/0.1; +https://developer.amazon.com/support/amazonbot)"
46.101.144.32 - - [27/Oct/2023:21:06:18 +0000] "POST /wp-cron.php?doing_wp_cron=1698440778.7747418880462646484375 HTTP/1.1" 200 3995 "-" "WordPress/6.3.2; https://talmedos.com"
52.70.240.171 - - [27/Oct/2023:21:06:18 +0000] "GET /?product=album HTTP/1.1" 200 24907 "-" "Mozilla/5.0 (Macintosh; Intel Mac OS X 10_10_1) AppleWebKit/600.2.5 (KHTML, like Gecko) Version/8.0.2 Safari/600.2.5 (Amazonbot/0.1; +https://developer.amazon.com/support/amazonbot)"
3.224.220.101 - - [27/Oct/2023:21:06:20 +0000] "GET /?product=hoodie-with-logo HTTP/1.1" 200 25078 "-" "Mozilla/5.0 (Macintosh; Intel Mac OS X 10_10_1) AppleWebKit/600.2.5 (KHTML, like Gecko) Version/8.0.2 Safari/600.2.5 (Amazonbot/0.1; +https://developer.amazon.com/support/amazonbot)"
3.224.220.101 - - [27/Oct/2023:21:06:23 +0000] "GET /?product=hoodie HTTP/1.1" 200 27439 "-" "Mozilla/5.0 (Macintosh; Intel Mac OS X 10_10_1) AppleWebKit/600.2.5 (KHTML, like Gecko) Version/8.0.2 Safari/600.2.5 (Amazonbot/0.1; +https://developer.amazon.com/support/amazonbot)"
23.22.35.162 - - [27/Oct/2023:21:06:25 +0000] "GET /?product=cap HTTP/1.1" 200 25388 "-" "Mozilla/5.0 (Macintosh; Intel Mac OS X 10_10_1) AppleWebKit/600.2.5 (KHTML, like Gecko) Version/8.0.2 Safari/600.2.5 (Amazonbot/0.1; +https://developer.amazon.com/support/amazonbot)"
52.70.240.171 - - [27/Oct/2023:21:06:26 +0000] "GET /?product=beanie HTTP/1.1" 200 25400 "-" "Mozilla/5.0 (Macintosh; Intel Mac OS X 10_10_1) AppleWebKit/600.2.5 (KHTML, like Gecko) Version/8.0.2 Safari/600.2.5 (Amazonbot/0.1; +https://developer.amazon.com/support/amazonbot)"
3.224.220.101 - - [27/Oct/2023:21:06:28 +0000] "GET /?product=logo-collection HTTP/1.1" 200 17512 "-" "Mozilla/5.0 (Macintosh; Intel Mac OS X 10_10_1) AppleWebKit/600.2.5 (KHTML, like Gecko) Version/8.0.2 Safari/600.2.5 (Amazonbot/0.1; +https://developer.amazon.com/support/amazonbot)"
46.101.144.32 - - [27/Oct/2023:21:06:31 +0000] "POST /wp-cron.php?doing_wp_cron=1698440791.6308739185333251953125 HTTP/1.1" 200 3995 "-" "WordPress/6.3.2; https://talmedos.com"
3.224.220.101 - - [27/Oct/2023:21:06:31 +0000] "GET /?product=beanie-with-logo HTTP/1.1" 200 25384 "-" "Mozilla/5.0 (Macintosh; Intel Mac OS X 10_10_1) AppleWebKit/600.2.5 (KHTML, like Gecko) Version/8.0.2 Safari/600.2.5 (Amazonbot/0.1; +https://developer.amazon.com/support/amazonbot)"
52.70.240.171 - - [27/Oct/2023:21:06:32 +0000] "GET /?product=belt HTTP/1.1" 200 25238 "-" "Mozilla/5.0 (Macintosh; Intel Mac OS X 10_10_1) AppleWebKit/600.2.5 (KHTML, like Gecko) Version/8.0.2 Safari/600.2.5 (Amazonbot/0.1; +https://developer.amazon.com/support/amazonbot)"
23.22.35.162 - - [27/Oct/2023:21:06:33 +0000] "GET /?product=hoodie-with-zipper HTTP/1.1" 200 24899 "-" "Mozilla/5.0 (Macintosh; Intel Mac OS X 10_10_1) AppleWebKit/600.2.5 (KHTML, like Gecko) Version/8.0.2 Safari/600.2.5 (Amazonbot/0.1; +https://developer.amazon.com/support/amazonbot)"
3.224.220.101 - - [27/Oct/2023:21:06:37 +0000] "GET /?paged=2&post_type=product HTTP/1.1" 200 21108 "-" "Mozilla/5.0 (Macintosh; Intel Mac OS X 10_10_1) AppleWebKit/600.2.5 (KHTML, like Gecko) Version/8.0.2 Safari/600.2.5 (Amazonbot/0.1; +https://developer.amazon.com/support/amazonbot)"
3.224.220.101 - - [27/Oct/2023:21:06:39 +0000] "GET /?product=t-shirt HTTP/1.1" 200 25360 "-" "Mozilla/5.0 (Macintosh; Intel Mac OS X 10_10_1) AppleWebKit/600.2.5 (KHTML, like Gecko) Version/8.0.2 Safari/600.2.5 (Amazonbot/0.1; +https://developer.amazon.com/support/amazonbot)"
3.224.220.101 - - [27/Oct/2023:21:06:46 +0000] "GET /?product=sunglasses HTTP/1.1" 200 25227 "-" "Mozilla/5.0 (Macintosh; Intel Mac OS X 10_10_1) AppleWebKit/600.2.5 (KHTML, like Gecko) Version/8.0.2 Safari/600.2.5 (Amazonbot/0.1; +https://developer.amazon.com/support/amazonbot)"
23.22.35.162 - - [27/Oct/2023:21:06:49 +0000] "GET /?product=long-sleeve-tee HTTP/1.1" 200 25371 "-" "Mozilla/5.0 (Macintosh; Intel Mac OS X 10_10_1) AppleWebKit/600.2.5 (KHTML, like Gecko) Version/8.0.2 Safari/600.2.5 (Amazonbot/0.1; +https://developer.amazon.com/support/amazonbot)"
23.22.35.162 - - [27/Oct/2023:21:06:50 +0000] "GET /?product=single HTTP/1.1" 200 24859 "-" "Mozilla/5.0 (Macintosh; Intel Mac OS X 10_10_1) AppleWebKit/600.2.5 (KHTML, like Gecko) Version/8.0.2 Safari/600.2.5 (Amazonbot/0.1; +https://developer.amazon.com/support/amazonbot)"
3.224.220.101 - - [27/Oct/2023:21:06:52 +0000] "GET /?product=t-shirt-with-logo HTTP/1.1" 200 25377 "-" "Mozilla/5.0 (Macintosh; Intel Mac OS X 10_10_1) AppleWebKit/600.2.5 (KHTML, like Gecko) Version/8.0.2 Safari/600.2.5 (Amazonbot/0.1; +https://developer.amazon.com/support/amazonbot)"
23.22.35.162 - - [27/Oct/2023:21:06:55 +0000] "GET /?product=polo HTTP/1.1" 200 25369 "-" "Mozilla/5.0 (Macintosh; Intel Mac OS X 10_10_1) AppleWebKit/600.2.5 (KHTML, like Gecko) Version/8.0.2 Safari/600.2.5 (Amazonbot/0.1; +https://developer.amazon.com/support/amazonbot)"
52.70.240.171 - - [27/Oct/2023:21:06:57 +0000] "GET /?product=v-neck-t-shirt HTTP/1.1" 200 27553 "-" "Mozilla/5.0 (Macintosh; Intel Mac OS X 10_10_1) AppleWebKit/600.2.5 (KHTML, like Gecko) Version/8.0.2 Safari/600.2.5 (Amazonbot/0.1; +https://developer.amazon.com/support/amazonbot)"
52.70.240.171 - - [27/Oct/2023:21:06:59 +0000] "GET /?cat=1 HTTP/1.1" 200 13644 "-" "Mozilla/5.0 (Macintosh; Intel Mac OS X 10_10_1) AppleWebKit/600.2.5 (KHTML, like Gecko) Version/8.0.2 Safari/600.2.5 (Amazonbot/0.1; +https://developer.amazon.com/support/amazonbot)"
23.22.35.162 - - [27/Oct/2023:21:07:01 +0000] "GET /?lost-password&page_id=31 HTTP/1.1" 200 14984 "-" "Mozilla/5.0 (Macintosh; Intel Mac OS X 10_10_1) AppleWebKit/600.2.5 (KHTML, like Gecko) Version/8.0.2 Safari/600.2.5 (Amazonbot/0.1; +https://developer.amazon.com/support/amazonbot)"
46.101.144.32 - - [27/Oct/2023:21:07:04 +0000] "POST /wp-cron.php?doing_wp_cron=1698440824.5612049102783203125000 HTTP/1.1" 200 3995 "-" "WordPress/6.3.2; https://talmedos.com"
23.22.35.162 - - [27/Oct/2023:21:07:04 +0000] "GET /?page_id=3 HTTP/1.1" 404 45154 "-" "Mozilla/5.0 (Macintosh; Intel Mac OS X 10_10_1) AppleWebKit/600.2.5 (KHTML, like Gecko) Version/8.0.2 Safari/600.2.5 (Amazonbot/0.1; +https://developer.amazon.com/support/amazonbot)"
52.70.240.171 - - [27/Oct/2023:21:07:12 +0000] "GET /?product_cat=clothing HTTP/1.1" 200 23691 "-" "Mozilla/5.0 (Macintosh; Intel Mac OS X 10_10_1) AppleWebKit/600.2.5 (KHTML, like Gecko) Version/8.0.2 Safari/600.2.5 (Amazonbot/0.1; +https://developer.amazon.com/support/amazonbot)"
3.224.220.101 - - [27/Oct/2023:21:07:13 +0000] "GET /?product_cat=hoodies HTTP/1.1" 200 21898 "-" "Mozilla/5.0 (Macintosh; Intel Mac OS X 10_10_1) AppleWebKit/600.2.5 (KHTML, like Gecko) Version/8.0.2 Safari/600.2.5 (Amazonbot/0.1; +https://developer.amazon.com/support/amazonbot)"
52.70.240.171 - - [27/Oct/2023:21:07:16 +0000] "GET /?product_cat=music HTTP/1.1" 200 21711 "-" "Mozilla/5.0 (Macintosh; Intel Mac OS X 10_10_1) AppleWebKit/600.2.5 (KHTML, like Gecko) Version/8.0.2 Safari/600.2.5 (Amazonbot/0.1; +https://developer.amazon.com/support/amazonbot)"
52.70.240.171 - - [27/Oct/2023:21:07:18 +0000] "GET /?product_cat=accessories HTTP/1.1" 200 22239 "-" "Mozilla/5.0 (Macintosh; Intel Mac OS X 10_10_1) AppleWebKit/600.2.5 (KHTML, like Gecko) Version/8.0.2 Safari/600.2.5 (Amazonbot/0.1; +https://developer.amazon.com/support/amazonbot)"
3.224.220.101 - - [27/Oct/2023:21:07:24 +0000] "GET /?product_cat=tshirts HTTP/1.1" 200 22147 "-" "Mozilla/5.0 (Macintosh; Intel Mac OS X 10_10_1) AppleWebKit/600.2.5 (KHTML, like Gecko) Version/8.0.2 Safari/600.2.5 (Amazonbot/0.1; +https://developer.amazon.com/support/amazonbot)"
52.70.240.171 - - [27/Oct/2023:21:07:26 +0000] "GET /?product=wordpress-pennant HTTP/1.1" 200 16701 "-" "Mozilla/5.0 (Macintosh; Intel Mac OS X 10_10_1) AppleWebKit/600.2.5 (KHTML, like Gecko) Version/8.0.2 Safari/600.2.5 (Amazonbot/0.1; +https://developer.amazon.com/support/amazonbot)"
23.22.35.162 - - [27/Oct/2023:21:08:00 +0000] "GET /?product_cat=decor HTTP/1.1" 200 21136 "-" "Mozilla/5.0 (Macintosh; Intel Mac OS X 10_10_1) AppleWebKit/600.2.5 (KHTML, like Gecko) Version/8.0.2 Safari/600.2.5 (Amazonbot/0.1; +https://developer.amazon.com/support/amazonbot)"
46.101.144.32 - - [27/Oct/2023:21:09:25 +0000] "POST /wp-cron.php?doing_wp_cron=1698440965.7354218959808349609375 HTTP/1.1" 200 3995 "-" "WordPress/6.3.2; https://talmedos.com"
192.0.102.40 - - [27/Oct/2023:21:09:25 +0000] "HEAD / HTTP/1.1" 200 3915 "-" "jetmon/1.0 (Jetpack Site Uptime Monitor by WordPress.com)"
46.101.144.32 - - [27/Oct/2023:21:14:26 +0000] "POST /wp-cron.php?doing_wp_cron=1698441266.0937991142272949218750 HTTP/1.1" 200 3995 "-" "WordPress/6.3.2; https://talmedos.com"
192.0.102.40 - - [27/Oct/2023:21:14:25 +0000] "HEAD / HTTP/1.1" 200 3915 "-" "jetmon/1.0 (Jetpack Site Uptime Monitor by WordPress.com)"
148.72.214.245 - - [27/Oct/2023:21:17:20 +0000] "POST /wp-login.php HTTP/1.1" 200 8356 "-" "Mozilla/5.0 (Windows NT 6.1) AppleWebKit/537.36 (KHTML, like Gecko) Chrome/70.0.3538.77 Safari/537.36"
46.101.144.32 - - [27/Oct/2023:21:19:26 +0000] "POST /wp-cron.php?doing_wp_cron=1698441566.0532250404357910156250 HTTP/1.1" 200 3995 "-" "WordPress/6.3.2; https://talmedos.com"
192.0.102.40 - - [27/Oct/2023:21:19:25 +0000] "HEAD / HTTP/1.1" 200 3915 "-" "jetmon/1.0 (Jetpack Site Uptime Monitor by WordPress.com)"
46.101.144.32 - - [27/Oct/2023:21:20:46 +0000] "POST /wp-cron.php?doing_wp_cron=1698441646.6284189224243164062500 HTTP/1.1" 200 3995 "-" "WordPress/6.3.2; https://talmedos.com"
45.56.86.210 - - [27/Oct/2023:21:20:46 +0000] "GET / HTTP/1.1" 200 15247 "-" "Mozilla/5.0 (Linux; Android 7.0; HUAWEI CAN-L11) AppleWebKit/537.36 (KHTML, like Gecko) Chrome/101.0.4951.61 Mobile Safari/537.36"
45.56.86.210 - - [27/Oct/2023:21:20:48 +0000] "GET / HTTP/1.1" 200 15247 "http://46.101.144.32:80" "Mozilla/5.0 (Windows NT 6.1) AppleWebKit/537.36 (KHTML, like Gecko) Chrome/98.0.4758.141 YaBrowser/22.3.3.855 Yowser/2.5 Safari/537.36"
46.101.144.32 - - [27/Oct/2023:21:24:25 +0000] "POST /wp-cron.php?doing_wp_cron=1698441865.7304830551147460937500 HTTP/1.1" 200 3995 "-" "WordPress/6.3.2; https://talmedos.com"
192.0.102.40 - - [27/Oct/2023:21:24:25 +0000] "HEAD / HTTP/1.1" 200 3915 "-" "jetmon/1.0 (Jetpack Site Uptime Monitor by WordPress.com)"
46.101.144.32 - - [27/Oct/2023:21:29:25 +0000] "POST /wp-cron.php?doing_wp_cron=1698442165.7368619441986083984375 HTTP/1.1" 200 3995 "-" "WordPress/6.3.2; https://talmedos.com"
192.0.102.40 - - [27/Oct/2023:21:29:25 +0000] "HEAD / HTTP/1.1" 200 3915 "-" "jetmon/1.0 (Jetpack Site Uptime Monitor by WordPress.com)"
46.101.144.32 - - [27/Oct/2023:21:30:29 +0000] "POST /wp-cron.php?doing_wp_cron=1698442229.1566269397735595703125 HTTP/1.1" 200 3995 "-" "WordPress/6.3.2; https://talmedos.com"
45.156.129.7 - - [27/Oct/2023:21:30:28 +0000] "GET / HTTP/1.1" 200 14814 "-" "Mozilla/5.0 (Windows NT 10.0; Win64; x64) AppleWebKit/537.36 (KHTML, like Gecko) Chrome/60.0.3112.113 Safari/537.36"
46.101.144.32 - - [27/Oct/2023:21:34:25 +0000] "POST /wp-cron.php?doing_wp_cron=1698442465.9498939514160156250000 HTTP/1.1" 200 3995 "-" "WordPress/6.3.2; https://talmedos.com"
192.0.102.40 - - [27/Oct/2023:21:34:25 +0000] "HEAD / HTTP/1.1" 200 3915 "-" "jetmon/1.0 (Jetpack Site Uptime Monitor by WordPress.com)"
46.101.144.32 - - [27/Oct/2023:21:39:25 +0000] "POST /wp-cron.php?doing_wp_cron=1698442765.7955019474029541015625 HTTP/1.1" 200 3995 "-" "WordPress/6.3.2; https://talmedos.com"
192.0.102.40 - - [27/Oct/2023:21:39:25 +0000] "HEAD / HTTP/1.1" 200 3915 "-" "jetmon/1.0 (Jetpack Site Uptime Monitor by WordPress.com)"
46.101.144.32 - - [27/Oct/2023:21:44:25 +0000] "POST /wp-cron.php?doing_wp_cron=1698443065.7106039524078369140625 HTTP/1.1" 200 3995 "-" "WordPress/6.3.2; https://talmedos.com"
192.0.102.40 - - [27/Oct/2023:21:44:25 +0000] "HEAD / HTTP/1.1" 200 3915 "-" "jetmon/1.0 (Jetpack Site Uptime Monitor by WordPress.com)"
46.101.144.32 - - [27/Oct/2023:21:49:25 +0000] "POST /wp-cron.php?doing_wp_cron=1698443365.8451890945434570312500 HTTP/1.1" 200 3995 "-" "WordPress/6.3.2; https://talmedos.com"
192.0.102.40 - - [27/Oct/2023:21:49:25 +0000] "HEAD / HTTP/1.1" 200 3915 "-" "jetmon/1.0 (Jetpack Site Uptime Monitor by WordPress.com)"
46.101.144.32 - - [27/Oct/2023:21:54:25 +0000] "POST /wp-cron.php?doing_wp_cron=1698443665.8584411144256591796875 HTTP/1.1" 200 3995 "-" "WordPress/6.3.2; https://talmedos.com"
192.0.102.40 - - [27/Oct/2023:21:54:25 +0000] "HEAD / HTTP/1.1" 200 3915 "-" "jetmon/1.0 (Jetpack Site Uptime Monitor by WordPress.com)"
46.101.144.32 - - [27/Oct/2023:21:58:27 +0000] "POST /wp-cron.php?doing_wp_cron=1698443907.8986399173736572265625 HTTP/1.1" 200 3995 "-" "WordPress/6.3.2; https://talmedos.com"
146.190.90.35 - - [27/Oct/2023:21:58:27 +0000] "POST /xmlrpc.php HTTP/1.1" 200 4419 "-" "Mozilla/5.0 (Windows NT 6.1; WOW64; rv:40.0) Gecko/20100101 Firefox/40.1"
18.119.100.71 - - [27/Oct/2023:21:58:30 +0000] "POST /xmlrpc.php HTTP/1.1" 200 4012 "-" "Mozilla/5.0 (Windows; U; Windows NT 5.1; en-US; rv:1.7.10) Gecko/20050716 Firefox/1.0.6"
34.81.4.25 - - [27/Oct/2023:21:58:36 +0000] "POST /xmlrpc.php HTTP/1.1" 200 4416 "-" "Mozilla/5.0 (Windows NT 10.0; WOW64; rv:50.0) Gecko/20100101 Firefox/50.0"
159.69.205.59 - - [27/Oct/2023:21:58:36 +0000] "POST /xmlrpc.php HTTP/1.1" 200 4419 "-" "Mozilla/5.0 (Macintosh; Intel Mac OS X 10_10; rv:33.0) Gecko/20100101 Firefox/33.0"
208.109.226.46 - - [27/Oct/2023:21:58:38 +0000] "POST /xmlrpc.php HTTP/1.1" 200 4420 "-" "Mozilla/5.0 (Windows NT 10.0; Win64; x64) AppleWebKit/537.36 (KHTML, like Gecko) Chrome/88.0.4324.104 Safari/537.36"
51.38.134.68 - - [27/Oct/2023:21:58:40 +0000] "POST /xmlrpc.php HTTP/1.1" 200 4418 "-" "Mozilla/5.0 (Windows NT 10.0; Win64; x64; rv:65.0) Gecko/20100101 Firefox/65.0"
59.188.181.140 - - [27/Oct/2023:21:58:45 +0000] "POST /xmlrpc.php HTTP/1.1" 200 4081 "-" "Mozilla/5.0 (Windows NT 6.1; Win64; x64) AppleWebKit/537.36 (KHTML, like Gecko) Chrome/60.0.3112.90 Safari/537.36"
196.189.119.84 - - [27/Oct/2023:21:58:52 +0000] "POST /xmlrpc.php HTTP/1.1" 200 4420 "-" "Mozilla/5.0 (Windows NT 5.1; rv:7.0.1) Gecko/20100101 Firefox/7.0.1"
185.33.65.98 - - [27/Oct/2023:21:58:59 +0000] "POST /xmlrpc.php HTTP/1.1" 200 4418 "-" "Mozilla/5.0 (Windows NT 6.1; Win64; x64) AppleWebKit/537.36 (KHTML, like Gecko) Chrome/74.0.3729.169 Safari/537.36"
46.101.144.32 - - [27/Oct/2023:21:59:04 +0000] "POST /wp-cron.php?doing_wp_cron=1698443944.2439808845520019531250 HTTP/1.1" 200 3995 "-" "WordPress/6.3.2; https://talmedos.com"
178.210.91.239 - - [27/Oct/2023:21:59:04 +0000] "POST /xmlrpc.php HTTP/1.1" 200 4420 "-" "Mozilla/5.0 (Linux; Android 10; LM-X420) AppleWebKit/537.36 (KHTML, like Gecko) Chrome/91.0.4472.114 Mobile Safari/537.36"
192.0.102.40 - - [27/Oct/2023:21:59:25 +0000] "HEAD / HTTP/1.1" 200 3915 "-" "jetmon/1.0 (Jetpack Site Uptime Monitor by WordPress.com)"
46.101.144.32 - - [27/Oct/2023:22:04:25 +0000] "POST /wp-cron.php?doing_wp_cron=1698444265.7621619701385498046875 HTTP/1.1" 200 3995 "-" "WordPress/6.3.2; https://talmedos.com"
192.0.102.40 - - [27/Oct/2023:22:04:25 +0000] "HEAD / HTTP/1.1" 200 3915 "-" "jetmon/1.0 (Jetpack Site Uptime Monitor by WordPress.com)"
46.101.144.32 - - [27/Oct/2023:22:09:26 +0000] "POST /wp-cron.php?doing_wp_cron=1698444566.0322608947753906250000 HTTP/1.1" 200 3995 "-" "WordPress/6.3.2; https://talmedos.com"
192.0.102.40 - - [27/Oct/2023:22:09:25 +0000] "HEAD / HTTP/1.1" 200 3915 "-" "jetmon/1.0 (Jetpack Site Uptime Monitor by WordPress.com)"
46.101.144.32 - - [27/Oct/2023:22:14:25 +0000] "POST /wp-cron.php?doing_wp_cron=1698444865.9646229743957519531250 HTTP/1.1" 200 3995 "-" "WordPress/6.3.2; https://talmedos.com"
192.0.102.40 - - [27/Oct/2023:22:14:25 +0000] "HEAD / HTTP/1.1" 200 3915 "-" "jetmon/1.0 (Jetpack Site Uptime Monitor by WordPress.com)"
46.101.144.32 - - [27/Oct/2023:22:19:25 +0000] "POST /wp-cron.php?doing_wp_cron=1698445165.9360330104827880859375 HTTP/1.1" 200 3995 "-" "WordPress/6.3.2; https://talmedos.com"
192.0.102.40 - - [27/Oct/2023:22:19:25 +0000] "HEAD / HTTP/1.1" 200 3915 "-" "jetmon/1.0 (Jetpack Site Uptime Monitor by WordPress.com)"
46.101.144.32 - - [27/Oct/2023:22:24:25 +0000] "POST /wp-cron.php?doing_wp_cron=1698445465.8549530506134033203125 HTTP/1.1" 200 3995 "-" "WordPress/6.3.2; https://talmedos.com"
