46.101.144.32 - - [02/Nov/2023:00:04:33 +0000] "POST /wp-cron.php?doing_wp_cron=1698883473.6903469562530517578125 HTTP/1.1" 200 3995 "-" "WordPress/6.3.2; https://talmedos.com"
192.0.102.40 - - [02/Nov/2023:00:04:32 +0000] "HEAD / HTTP/1.1" 200 3915 "-" "jetmon/1.0 (Jetpack Site Uptime Monitor by WordPress.com)"
46.101.144.32 - - [02/Nov/2023:00:09:32 +0000] "POST /wp-cron.php?doing_wp_cron=1698883772.1632668972015380859375 HTTP/1.1" 200 3995 "-" "WordPress/6.3.2; https://talmedos.com"
192.0.102.40 - - [02/Nov/2023:00:09:32 +0000] "HEAD / HTTP/1.1" 200 3915 "-" "jetmon/1.0 (Jetpack Site Uptime Monitor by WordPress.com)"
46.101.144.32 - - [02/Nov/2023:00:14:34 +0000] "POST /wp-cron.php?doing_wp_cron=1698884074.4721031188964843750000 HTTP/1.1" 200 3995 "-" "WordPress/6.3.2; https://talmedos.com"
192.0.102.40 - - [02/Nov/2023:00:14:34 +0000] "HEAD / HTTP/1.1" 200 3915 "-" "jetmon/1.0 (Jetpack Site Uptime Monitor by WordPress.com)"
46.101.144.32 - - [02/Nov/2023:00:19:32 +0000] "POST /wp-cron.php?doing_wp_cron=1698884372.3617420196533203125000 HTTP/1.1" 200 3995 "-" "WordPress/6.3.2; https://talmedos.com"
192.0.102.40 - - [02/Nov/2023:00:19:32 +0000] "HEAD / HTTP/1.1" 200 3915 "-" "jetmon/1.0 (Jetpack Site Uptime Monitor by WordPress.com)"
46.101.144.32 - - [02/Nov/2023:00:24:32 +0000] "POST /wp-cron.php?doing_wp_cron=1698884672.6801519393920898437500 HTTP/1.1" 200 3995 "-" "WordPress/6.3.2; https://talmedos.com"
192.0.102.40 - - [02/Nov/2023:00:24:32 +0000] "HEAD / HTTP/1.1" 200 3915 "-" "jetmon/1.0 (Jetpack Site Uptime Monitor by WordPress.com)"
46.101.144.32 - - [02/Nov/2023:00:29:33 +0000] "POST /wp-cron.php?doing_wp_cron=1698884973.2830259799957275390625 HTTP/1.1" 200 3995 "-" "WordPress/6.3.2; https://talmedos.com"
192.0.102.40 - - [02/Nov/2023:00:29:33 +0000] "HEAD / HTTP/1.1" 200 3915 "-" "jetmon/1.0 (Jetpack Site Uptime Monitor by WordPress.com)"
178.128.187.183 - - [02/Nov/2023:00:29:47 +0000] "POST /wp-login.php HTTP/1.1" 200 8357 "-" "Mozilla/5.0 (Windows NT 6.1; WOW64) AppleWebKit/537.36 (KHTML, like Gecko) Chrome/48.0.2564.116 Safari/537.36"
192.241.223.43 - - [02/Nov/2023:00:33:53 +0000] "GET /version HTTP/1.1" 404 3540 "-" "Mozilla/5.0 zgrab/0.x"
46.101.144.32 - - [02/Nov/2023:00:34:32 +0000] "POST /wp-cron.php?doing_wp_cron=1698885272.4143970012664794921875 HTTP/1.1" 200 3995 "-" "WordPress/6.3.2; https://talmedos.com"
192.0.102.40 - - [02/Nov/2023:00:34:32 +0000] "HEAD / HTTP/1.1" 200 3915 "-" "jetmon/1.0 (Jetpack Site Uptime Monitor by WordPress.com)"
46.101.144.32 - - [02/Nov/2023:00:37:31 +0000] "POST /wp-cron.php?doing_wp_cron=1698885451.6934890747070312500000 HTTP/1.1" 200 3995 "-" "WordPress/6.3.2; https://talmedos.com"
167.248.133.34 - - [02/Nov/2023:00:37:31 +0000] "GET / HTTP/1.1" 301 3863 "-" "-"
167.248.133.34 - - [02/Nov/2023:00:37:32 +0000] "GET / HTTP/1.1" 200 9020 "-" "Mozilla/5.0 (compatible; CensysInspect/1.1; +https://about.censys.io/)"
167.248.133.34 - - [02/Nov/2023:00:37:33 +0000] "GET /favicon.ico HTTP/1.1" 404 4097 "-" "Mozilla/5.0 (compatible; CensysInspect/1.1; +https://about.censys.io/)"
46.101.144.32 - - [02/Nov/2023:00:39:32 +0000] "POST /wp-cron.php?doing_wp_cron=1698885572.4785399436950683593750 HTTP/1.1" 200 3995 "-" "WordPress/6.3.2; https://talmedos.com"
192.0.102.40 - - [02/Nov/2023:00:39:32 +0000] "HEAD / HTTP/1.1" 200 3915 "-" "jetmon/1.0 (Jetpack Site Uptime Monitor by WordPress.com)"
46.101.144.32 - - [02/Nov/2023:00:44:33 +0000] "POST /wp-cron.php?doing_wp_cron=1698885873.0443170070648193359375 HTTP/1.1" 200 3995 "-" "WordPress/6.3.2; https://talmedos.com"
192.0.102.40 - - [02/Nov/2023:00:44:32 +0000] "HEAD / HTTP/1.1" 200 3915 "-" "jetmon/1.0 (Jetpack Site Uptime Monitor by WordPress.com)"
46.101.144.32 - - [02/Nov/2023:00:49:33 +0000] "POST /wp-cron.php?doing_wp_cron=1698886173.0473001003265380859375 HTTP/1.1" 200 3995 "-" "WordPress/6.3.2; https://talmedos.com"
192.0.102.40 - - [02/Nov/2023:00:49:32 +0000] "HEAD / HTTP/1.1" 200 3915 "-" "jetmon/1.0 (Jetpack Site Uptime Monitor by WordPress.com)"
46.101.144.32 - - [02/Nov/2023:00:54:32 +0000] "POST /wp-cron.php?doing_wp_cron=1698886472.7425329685211181640625 HTTP/1.1" 200 3995 "-" "WordPress/6.3.2; https://talmedos.com"
192.0.102.40 - - [02/Nov/2023:00:54:32 +0000] "HEAD / HTTP/1.1" 200 3915 "-" "jetmon/1.0 (Jetpack Site Uptime Monitor by WordPress.com)"
46.101.144.32 - - [02/Nov/2023:00:59:33 +0000] "POST /wp-cron.php?doing_wp_cron=1698886773.2324099540710449218750 HTTP/1.1" 200 3995 "-" "WordPress/6.3.2; https://talmedos.com"
192.0.102.40 - - [02/Nov/2023:00:59:33 +0000] "HEAD / HTTP/1.1" 200 3915 "-" "jetmon/1.0 (Jetpack Site Uptime Monitor by WordPress.com)"
94.23.61.165 - - [02/Nov/2023:01:03:09 +0000] "POST /wp-login.php HTTP/1.1" 200 8355 "-" "Mozilla/5.0 (Windows NT 6.3; Win64; x64) AppleWebKit/537.36 (KHTML, like Gecko) Chrome/68.0.3440.106 Safari/537.36"
46.101.144.32 - - [02/Nov/2023:01:04:32 +0000] "POST /wp-cron.php?doing_wp_cron=1698887072.3023769855499267578125 HTTP/1.1" 200 3995 "-" "WordPress/6.3.2; https://talmedos.com"
192.0.102.40 - - [02/Nov/2023:01:04:32 +0000] "HEAD / HTTP/1.1" 200 3915 "-" "jetmon/1.0 (Jetpack Site Uptime Monitor by WordPress.com)"
46.101.144.32 - - [02/Nov/2023:01:09:32 +0000] "POST /wp-cron.php?doing_wp_cron=1698887372.4997429847717285156250 HTTP/1.1" 200 3995 "-" "WordPress/6.3.2; https://talmedos.com"
192.0.102.40 - - [02/Nov/2023:01:09:32 +0000] "HEAD / HTTP/1.1" 200 3915 "-" "jetmon/1.0 (Jetpack Site Uptime Monitor by WordPress.com)"
138.199.59.51 - - [02/Nov/2023:01:13:48 +0000] "GET /.env HTTP/1.1" 404 3746 "-" "Mozilla/5.0 (Linux; U; Android 4.4.2; en-US; HM NOTE 1W Build/KOT49H) AppleWebKit/534.30 (KHTML, like Gecko) Version/4.0 UCBrowser/11.0.5.850 U3/0.8.0 Mobile Safari/534.30"
46.101.144.32 - - [02/Nov/2023:01:14:02 +0000] "POST /wp-cron.php?doing_wp_cron=1698887642.7330200672149658203125 HTTP/1.1" 200 3995 "-" "WordPress/6.3.2; https://talmedos.com"
138.199.59.51 - - [02/Nov/2023:01:14:02 +0000] "POST / HTTP/1.1" 200 8702 "-" "Mozilla/5.0 (Linux; U; Android 4.4.2; en-US; HM NOTE 1W Build/KOT49H) AppleWebKit/534.30 (KHTML, like Gecko) Version/4.0 UCBrowser/11.0.5.850 U3/0.8.0 Mobile Safari/534.30"
138.199.59.51 - - [02/Nov/2023:01:14:18 +0000] "GET /vendor/phpunit/phpunit/src/Util/PHP/eval-stdin.php HTTP/1.1" 404 3746 "-" "python-requests/2.24.0"
192.0.102.40 - - [02/Nov/2023:01:14:33 +0000] "HEAD / HTTP/1.1" 200 3915 "-" "jetmon/1.0 (Jetpack Site Uptime Monitor by WordPress.com)"
103.144.170.189 - - [02/Nov/2023:01:18:01 +0000] "GET /sftp-config.json HTTP/1.1" 404 4228 "-" "Mozilla/5.0 (Macintosh; Intel Mac OS X 10.15; rv:77.0) Gecko/20100101 Firefox/77.0"
103.144.170.189 - - [02/Nov/2023:01:18:02 +0000] "GET /.vscode/sftp.json HTTP/1.1" 404 4228 "-" "Mozilla/5.0 (Macintosh; Intel Mac OS X 10.15; rv:77.0) Gecko/20100101 Firefox/77.0"
46.101.144.32 - - [02/Nov/2023:01:19:32 +0000] "POST /wp-cron.php?doing_wp_cron=1698887972.9341459274291992187500 HTTP/1.1" 200 3995 "-" "WordPress/6.3.2; https://talmedos.com"
192.0.102.40 - - [02/Nov/2023:01:19:32 +0000] "HEAD / HTTP/1.1" 200 3915 "-" "jetmon/1.0 (Jetpack Site Uptime Monitor by WordPress.com)"
103.144.170.189 - - [02/Nov/2023:01:23:26 +0000] "GET /sftp-config.json HTTP/1.1" 404 4228 "-" "Mozilla/5.0 (Macintosh; Intel Mac OS X 10.15; rv:77.0) Gecko/20100101 Firefox/77.0"
103.144.170.189 - - [02/Nov/2023:01:23:27 +0000] "GET /.vscode/sftp.json HTTP/1.1" 404 4228 "-" "Mozilla/5.0 (Macintosh; Intel Mac OS X 10.15; rv:77.0) Gecko/20100101 Firefox/77.0"
46.101.144.32 - - [02/Nov/2023:01:24:31 +0000] "POST /wp-cron.php?doing_wp_cron=1698888271.7071499824523925781250 HTTP/1.1" 200 3995 "-" "WordPress/6.3.2; https://talmedos.com"
192.0.102.40 - - [02/Nov/2023:01:24:31 +0000] "HEAD / HTTP/1.1" 200 3915 "-" "jetmon/1.0 (Jetpack Site Uptime Monitor by WordPress.com)"
46.101.144.32 - - [02/Nov/2023:01:29:33 +0000] "POST /wp-cron.php?doing_wp_cron=1698888573.6861059665679931640625 HTTP/1.1" 200 3995 "-" "WordPress/6.3.2; https://talmedos.com"
192.0.102.40 - - [02/Nov/2023:01:29:33 +0000] "HEAD / HTTP/1.1" 200 3915 "-" "jetmon/1.0 (Jetpack Site Uptime Monitor by WordPress.com)"
46.101.144.32 - - [02/Nov/2023:01:34:33 +0000] "POST /wp-cron.php?doing_wp_cron=1698888873.0512158870697021484375 HTTP/1.1" 200 3995 "-" "WordPress/6.3.2; https://talmedos.com"
192.0.102.40 - - [02/Nov/2023:01:34:32 +0000] "HEAD / HTTP/1.1" 200 3915 "-" "jetmon/1.0 (Jetpack Site Uptime Monitor by WordPress.com)"
46.101.144.32 - - [02/Nov/2023:01:36:41 +0000] "POST /wp-cron.php?doing_wp_cron=1698889001.1551990509033203125000 HTTP/1.1" 200 3995 "-" "WordPress/6.3.2; https://talmedos.com"
216.218.206.67 - - [02/Nov/2023:01:36:41 +0000] "GET / HTTP/1.1" 200 8496 "-" "Mozilla/5.0 (Windows NT 10.0; rv:102.0) Gecko/20100101 Firefox/102.0"
46.101.144.32 - - [02/Nov/2023:01:39:31 +0000] "POST /wp-cron.php?doing_wp_cron=1698889171.8109068870544433593750 HTTP/1.1" 200 3995 "-" "WordPress/6.3.2; https://talmedos.com"
192.0.102.40 - - [02/Nov/2023:01:39:31 +0000] "HEAD / HTTP/1.1" 200 3915 "-" "jetmon/1.0 (Jetpack Site Uptime Monitor by WordPress.com)"
173.236.168.10 - - [02/Nov/2023:01:43:06 +0000] "POST /wp-login.php HTTP/1.1" 200 8355 "-" "Mozilla/5.0 (Windows NT 6.1; WOW64) AppleWebKit/537.36 (KHTML, like Gecko) Chrome/47.0.2526.111 Safari/537.36"
192.185.4.73 - - [02/Nov/2023:01:44:13 +0000] "GET /wp-content/themes/twentyfifteen/function.php HTTP/1.1" 404 4172 "http://talmedos.com/wp-content/themes/twentyfifteen/function.php" "Mozilla/5.0 (Windows; U; Windows NT 5.1; en-US) AppleWebKit/533.4 (KHTML, like Gecko) Chrome/5.0.375.99 Safari/533.4"
46.101.144.32 - - [02/Nov/2023:01:44:33 +0000] "POST /wp-cron.php?doing_wp_cron=1698889473.1747310161590576171875 HTTP/1.1" 200 3995 "-" "WordPress/6.3.2; https://talmedos.com"
192.0.102.40 - - [02/Nov/2023:01:44:33 +0000] "HEAD / HTTP/1.1" 200 3915 "-" "jetmon/1.0 (Jetpack Site Uptime Monitor by WordPress.com)"
216.218.206.67 - - [02/Nov/2023:01:44:37 +0000] "GET /favicon.ico HTTP/1.1" 404 3540 "-" "Mozilla/5.0 (Windows NT 10.0; Win64; x64) AppleWebKit/537.36 (KHTML, like Gecko) Chrome/110.0.0.0 Safari/537.36 Edg/110.0.1587.57"
176.126.103.91 - - [02/Nov/2023:01:46:23 +0000] "GET / HTTP/1.0" 400 627 "-" "-"
46.101.144.32 - - [02/Nov/2023:01:46:23 +0000] "POST /wp-cron.php?doing_wp_cron=1698889583.7225019931793212890625 HTTP/1.1" 200 3995 "-" "WordPress/6.3.2; https://talmedos.com"
176.126.103.91 - - [02/Nov/2023:01:46:23 +0000] "GET / HTTP/1.1" 200 9171 "-" "python-requests/2.28.1"
46.101.144.32 - - [02/Nov/2023:01:46:48 +0000] "POST /wp-cron.php?doing_wp_cron=1698889608.4875209331512451171875 HTTP/1.1" 200 3995 "-" "WordPress/6.3.2; https://talmedos.com"
216.218.206.67 - - [02/Nov/2023:01:46:48 +0000] "GET / HTTP/1.1" 200 9020 "-" "Mozilla/5.0 (Windows NT 10.0; rv:102.0) Gecko/20100101 Firefox/102.0"
192.0.102.40 - - [02/Nov/2023:01:49:32 +0000] "HEAD / HTTP/1.1" 200 3915 "-" "jetmon/1.0 (Jetpack Site Uptime Monitor by WordPress.com)"
216.218.206.67 - - [02/Nov/2023:01:50:36 +0000] "GET /geoserver/web/ HTTP/1.1" 404 3540 "-" "Mozilla/5.0 (Macintosh; Intel Mac OS X 10_15_7) AppleWebKit/605.1.15 (KHTML, like Gecko) Version/16.2 Safari/605.1.15"
216.218.206.67 - - [02/Nov/2023:01:51:31 +0000] "GET /.git/config HTTP/1.1" 404 3540 "-" "Mozilla/5.0 (X11; Ubuntu; Linux x86_64; rv:109.0) Gecko/20100101 Firefox/110.0"
46.101.144.32 - - [02/Nov/2023:01:54:32 +0000] "POST /wp-cron.php?doing_wp_cron=1698890072.8548278808593750000000 HTTP/1.1" 200 3995 "-" "WordPress/6.3.2; https://talmedos.com"
192.0.102.40 - - [02/Nov/2023:01:54:32 +0000] "HEAD / HTTP/1.1" 200 3915 "-" "jetmon/1.0 (Jetpack Site Uptime Monitor by WordPress.com)"
46.101.144.32 - - [02/Nov/2023:01:59:33 +0000] "POST /wp-cron.php?doing_wp_cron=1698890373.4106969833374023437500 HTTP/1.1" 200 3995 "-" "WordPress/6.3.2; https://talmedos.com"
192.0.102.40 - - [02/Nov/2023:01:59:33 +0000] "HEAD / HTTP/1.1" 200 3915 "-" "jetmon/1.0 (Jetpack Site Uptime Monitor by WordPress.com)"
46.101.144.32 - - [02/Nov/2023:02:04:31 +0000] "POST /wp-cron.php?doing_wp_cron=1698890671.4127879142761230468750 HTTP/1.1" 200 3995 "-" "WordPress/6.3.2; https://talmedos.com"
192.0.102.40 - - [02/Nov/2023:02:04:31 +0000] "HEAD / HTTP/1.1" 200 3915 "-" "jetmon/1.0 (Jetpack Site Uptime Monitor by WordPress.com)"
46.101.144.32 - - [02/Nov/2023:02:08:03 +0000] "POST /wp-cron.php?doing_wp_cron=1698890883.8638720512390136718750 HTTP/1.1" 200 3995 "-" "WordPress/6.3.2; https://talmedos.com"
35.203.211.54 - - [02/Nov/2023:02:08:03 +0000] "GET / HTTP/1.1" 301 3863 "-" "Expanse, a Palo Alto Networks company, searches across the global IPv4 space multiple times per day to identify customers&#39; presences on the Internet. If you would like to be excluded from our scans, please send IP addresses/domains to: scaninfo@paloaltonetworks.com"
35.203.211.54 - - [02/Nov/2023:02:08:04 +0000] "GET / HTTP/1.1" 200 23714 "-" "Expanse, a Palo Alto Networks company, searches across the global IPv4 space multiple times per day to identify customers&#39; presences on the Internet. If you would like to be excluded from our scans, please send IP addresses/domains to: scaninfo@paloaltonetworks.com"
192.0.102.40 - - [02/Nov/2023:02:09:32 +0000] "HEAD / HTTP/1.1" 200 3915 "-" "jetmon/1.0 (Jetpack Site Uptime Monitor by WordPress.com)"
198.54.114.119 - - [02/Nov/2023:02:10:14 +0000] "POST /xmlrpc.php HTTP/1.1" 200 3625 "-" "Mozilla/5.0 (X11; Fedora; Linux x86_64; rv:94.0) Gecko/20100101 Firefox/95.0"
46.101.144.32 - - [02/Nov/2023:02:14:32 +0000] "POST /wp-cron.php?doing_wp_cron=1698891272.5658330917358398437500 HTTP/1.1" 200 3995 "-" "WordPress/6.3.2; https://talmedos.com"
192.0.102.40 - - [02/Nov/2023:02:14:32 +0000] "HEAD / HTTP/1.1" 200 3915 "-" "jetmon/1.0 (Jetpack Site Uptime Monitor by WordPress.com)"
92.205.9.254 - - [02/Nov/2023:02:15:08 +0000] "POST /xmlrpc.php HTTP/1.1" 200 3624 "-" "Mozilla/5.0 (X11; Fedora; Linux x86_64; rv:94.0) Gecko/20100101 Firefox/95.0"
150.109.148.216 - - [02/Nov/2023:02:16:40 +0000] "POST /wp-login.php HTTP/1.1" 200 8356 "-" "Mozilla/5.0 (Windows NT 10.0; Win64; x64) AppleWebKit/537.36 (KHTML, like Gecko) Chrome/72.0.3626.109 Safari/537.36"
46.101.144.32 - - [02/Nov/2023:02:19:31 +0000] "POST /wp-cron.php?doing_wp_cron=1698891571.5099980831146240234375 HTTP/1.1" 200 3995 "-" "WordPress/6.3.2; https://talmedos.com"
192.0.102.40 - - [02/Nov/2023:02:19:31 +0000] "HEAD / HTTP/1.1" 200 3915 "-" "jetmon/1.0 (Jetpack Site Uptime Monitor by WordPress.com)"
188.85.81.233 - - [02/Nov/2023:02:20:00 +0000] "POST /xmlrpc.php HTTP/1.1" 200 3624 "-" "Mozilla/5.0 (X11; Fedora; Linux x86_64; rv:94.0) Gecko/20100101 Firefox/95.0"
46.101.144.32 - - [02/Nov/2023:02:24:15 +0000] "POST /wp-cron.php?doing_wp_cron=1698891855.4051969051361083984375 HTTP/1.1" 200 3995 "-" "WordPress/6.3.2; https://talmedos.com"
103.149.192.230 - - [02/Nov/2023:02:24:15 +0000] "GET / HTTP/1.1" 200 8496 "http://46.101.144.32/" "Mozilla/5.0 (Windows NT 10.0; Win64; x64) AppleWebKit/537.36 (KHTML, like Gecko) Chrome/79.0.3945.130 Safari/537.36"
192.0.102.40 - - [02/Nov/2023:02:24:31 +0000] "HEAD / HTTP/1.1" 200 3915 "-" "jetmon/1.0 (Jetpack Site Uptime Monitor by WordPress.com)"
185.92.194.80 - - [02/Nov/2023:02:24:55 +0000] "POST /xmlrpc.php HTTP/1.1" 200 3609 "-" "Mozilla/5.0 (X11; Fedora; Linux x86_64; rv:94.0) Gecko/20100101 Firefox/95.0"
46.101.144.32 - - [02/Nov/2023:02:29:33 +0000] "POST /wp-cron.php?doing_wp_cron=1698892173.0905559062957763671875 HTTP/1.1" 200 3995 "-" "WordPress/6.3.2; https://talmedos.com"
192.0.102.40 - - [02/Nov/2023:02:29:33 +0000] "HEAD / HTTP/1.1" 200 3915 "-" "jetmon/1.0 (Jetpack Site Uptime Monitor by WordPress.com)"
103.148.157.88 - - [02/Nov/2023:02:30:15 +0000] "POST /xmlrpc.php HTTP/1.1" 200 3625 "-" "Mozilla/5.0 (X11; Fedora; Linux x86_64; rv:94.0) Gecko/20100101 Firefox/95.0"
46.101.144.32 - - [02/Nov/2023:02:34:33 +0000] "POST /wp-cron.php?doing_wp_cron=1698892472.9921369552612304687500 HTTP/1.1" 200 3995 "-" "WordPress/6.3.2; https://talmedos.com"
192.0.102.40 - - [02/Nov/2023:02:34:32 +0000] "HEAD / HTTP/1.1" 200 3915 "-" "jetmon/1.0 (Jetpack Site Uptime Monitor by WordPress.com)"
68.178.145.205 - - [02/Nov/2023:02:35:00 +0000] "POST /xmlrpc.php HTTP/1.1" 200 3626 "-" "Mozilla/5.0 (X11; Fedora; Linux x86_64; rv:94.0) Gecko/20100101 Firefox/95.0"
46.101.144.32 - - [02/Nov/2023:02:39:32 +0000] "POST /wp-cron.php?doing_wp_cron=1698892772.7697539329528808593750 HTTP/1.1" 200 3995 "-" "WordPress/6.3.2; https://talmedos.com"
192.0.102.40 - - [02/Nov/2023:02:39:32 +0000] "HEAD / HTTP/1.1" 200 3915 "-" "jetmon/1.0 (Jetpack Site Uptime Monitor by WordPress.com)"
68.178.151.204 - - [02/Nov/2023:02:40:27 +0000] "POST /xmlrpc.php HTTP/1.1" 200 3625 "-" "Mozilla/5.0 (X11; Fedora; Linux x86_64; rv:94.0) Gecko/20100101 Firefox/95.0"
46.101.144.32 - - [02/Nov/2023:02:44:34 +0000] "POST /wp-cron.php?doing_wp_cron=1698893074.9739420413970947265625 HTTP/1.1" 200 3995 "-" "WordPress/6.3.2; https://talmedos.com"
192.0.102.40 - - [02/Nov/2023:02:44:34 +0000] "HEAD / HTTP/1.1" 200 3915 "-" "jetmon/1.0 (Jetpack Site Uptime Monitor by WordPress.com)"
64.62.197.183 - - [02/Nov/2023:02:45:09 +0000] "GET / HTTP/1.1" 200 8496 "http://46.101.144.32/" "Mozilla/5.0 (X11; Ubuntu; Linux x86_64; rv:109.0) Gecko/20100101 Firefox/110.0"
46.101.144.32 - - [02/Nov/2023:02:46:19 +0000] "POST /wp-cron.php?doing_wp_cron=1698893179.4012339115142822265625 HTTP/1.1" 200 3995 "-" "WordPress/6.3.2; https://talmedos.com"
139.59.2.175 - - [02/Nov/2023:02:46:19 +0000] "POST /xmlrpc.php HTTP/1.1" 200 3624 "-" "Mozilla/5.0 (X11; Fedora; Linux x86_64; rv:94.0) Gecko/20100101 Firefox/95.0"
46.101.144.32 - - [02/Nov/2023:02:49:32 +0000] "POST /wp-cron.php?doing_wp_cron=1698893372.3277420997619628906250 HTTP/1.1" 200 3995 "-" "WordPress/6.3.2; https://talmedos.com"
192.0.102.40 - - [02/Nov/2023:02:49:32 +0000] "HEAD / HTTP/1.1" 200 3915 "-" "jetmon/1.0 (Jetpack Site Uptime Monitor by WordPress.com)"
46.101.144.32 - - [02/Nov/2023:02:52:07 +0000] "POST /wp-cron.php?doing_wp_cron=1698893527.5715289115905761718750 HTTP/1.1" 200 3995 "-" "WordPress/6.3.2; https://talmedos.com"
173.236.210.94 - - [02/Nov/2023:02:52:07 +0000] "POST /xmlrpc.php HTTP/1.1" 200 3626 "-" "Mozilla/5.0 (X11; Fedora; Linux x86_64; rv:94.0) Gecko/20100101 Firefox/95.0"
192.0.102.40 - - [02/Nov/2023:02:54:34 +0000] "HEAD / HTTP/1.1" 200 3915 "-" "jetmon/1.0 (Jetpack Site Uptime Monitor by WordPress.com)"
143.198.131.181 - - [02/Nov/2023:02:56:45 +0000] "POST /wp-login.php HTTP/1.1" 200 8357 "-" "Mozilla/5.0 (Windows NT 10.0; WOW64) AppleWebKit/537.36 (KHTML, like Gecko) Chrome/79.0.3945.130 Safari/537.36"
46.101.144.32 - - [02/Nov/2023:02:58:00 +0000] "POST /wp-cron.php?doing_wp_cron=1698893880.8051750659942626953125 HTTP/1.1" 200 3995 "-" "WordPress/6.3.2; https://talmedos.com"
208.109.48.184 - - [02/Nov/2023:02:58:00 +0000] "POST /xmlrpc.php HTTP/1.1" 200 3624 "-" "Mozilla/5.0 (X11; Fedora; Linux x86_64; rv:94.0) Gecko/20100101 Firefox/95.0"
192.0.102.40 - - [02/Nov/2023:02:59:36 +0000] "HEAD / HTTP/1.1" 200 3915 "-" "jetmon/1.0 (Jetpack Site Uptime Monitor by WordPress.com)"
143.198.85.59 - - [02/Nov/2023:03:03:00 +0000] "GET / HTTP/1.0" 400 627 "-" "-"
46.101.144.32 - - [02/Nov/2023:03:04:32 +0000] "POST /wp-cron.php?doing_wp_cron=1698894272.7425019741058349609375 HTTP/1.1" 200 3995 "-" "WordPress/6.3.2; https://talmedos.com"
192.0.102.40 - - [02/Nov/2023:03:04:32 +0000] "HEAD / HTTP/1.1" 200 3915 "-" "jetmon/1.0 (Jetpack Site Uptime Monitor by WordPress.com)"
173.236.210.94 - - [02/Nov/2023:03:04:34 +0000] "POST /xmlrpc.php HTTP/1.1" 200 3626 "-" "Mozilla/5.0 (X11; Fedora; Linux x86_64; rv:94.0) Gecko/20100101 Firefox/95.0"
46.101.144.32 - - [02/Nov/2023:03:09:32 +0000] "POST /wp-cron.php?doing_wp_cron=1698894572.3333001136779785156250 HTTP/1.1" 200 3995 "-" "WordPress/6.3.2; https://talmedos.com"
192.0.102.40 - - [02/Nov/2023:03:09:32 +0000] "HEAD / HTTP/1.1" 200 3915 "-" "jetmon/1.0 (Jetpack Site Uptime Monitor by WordPress.com)"
46.101.144.32 - - [02/Nov/2023:03:11:14 +0000] "POST /wp-cron.php?doing_wp_cron=1698894674.0223999023437500000000 HTTP/1.1" 200 3995 "-" "WordPress/6.3.2; https://talmedos.com"
208.109.48.184 - - [02/Nov/2023:03:11:13 +0000] "POST /xmlrpc.php HTTP/1.1" 200 3624 "-" "Mozilla/5.0 (X11; Fedora; Linux x86_64; rv:94.0) Gecko/20100101 Firefox/95.0"
46.101.144.32 - - [02/Nov/2023:03:14:32 +0000] "POST /wp-cron.php?doing_wp_cron=1698894872.0618140697479248046875 HTTP/1.1" 200 3995 "-" "WordPress/6.3.2; https://talmedos.com"
192.0.102.40 - - [02/Nov/2023:03:14:32 +0000] "HEAD / HTTP/1.1" 200 3915 "-" "jetmon/1.0 (Jetpack Site Uptime Monitor by WordPress.com)"
46.101.144.32 - - [02/Nov/2023:03:19:31 +0000] "POST /wp-cron.php?doing_wp_cron=1698895171.8207240104675292968750 HTTP/1.1" 200 3995 "-" "WordPress/6.3.2; https://talmedos.com"
192.0.102.40 - - [02/Nov/2023:03:19:31 +0000] "HEAD / HTTP/1.1" 200 3915 "-" "jetmon/1.0 (Jetpack Site Uptime Monitor by WordPress.com)"
83.97.73.87 - - [02/Nov/2023:03:20:05 +0000] "GET /?XDEBUG_SESSION_START=phpstorm HTTP/1.1" 200 9039 "http://46.101.144.32:80/?XDEBUG_SESSION_START=phpstorm" "Mozilla/5.0 (Windows NT 10.0; Win64; x64) AppleWebKit/537.36 (KHTML, like Gecko) Chrome/78.0.3904.108 Safari/537.36"
46.101.144.32 - - [02/Nov/2023:03:24:31 +0000] "POST /wp-cron.php?doing_wp_cron=1698895471.6982510089874267578125 HTTP/1.1" 200 3995 "-" "WordPress/6.3.2; https://talmedos.com"
192.0.102.40 - - [02/Nov/2023:03:24:31 +0000] "HEAD / HTTP/1.1" 200 3915 "-" "jetmon/1.0 (Jetpack Site Uptime Monitor by WordPress.com)"
103.152.79.201 - - [02/Nov/2023:03:25:26 +0000] "POST /xmlrpc.php HTTP/1.1" 200 3626 "-" "Mozilla/5.0 (X11; Fedora; Linux x86_64; rv:94.0) Gecko/20100101 Firefox/95.0"
46.101.144.32 - - [02/Nov/2023:03:29:32 +0000] "POST /wp-cron.php?doing_wp_cron=1698895772.7472600936889648437500 HTTP/1.1" 200 3995 "-" "WordPress/6.3.2; https://talmedos.com"
192.0.102.40 - - [02/Nov/2023:03:29:32 +0000] "HEAD / HTTP/1.1" 200 3915 "-" "jetmon/1.0 (Jetpack Site Uptime Monitor by WordPress.com)"
181.43.100.7 - - [02/Nov/2023:03:30:29 +0000] "POST /wp-login.php HTTP/1.1" 200 8354 "-" "Mozilla/5.0 (Windows NT 6.1; Win64; x64) AppleWebKit/537.36 (KHTML, like Gecko) Chrome/80.0.3987.163 Safari/537.36"
46.101.144.32 - - [02/Nov/2023:03:31:19 +0000] "POST /wp-cron.php?doing_wp_cron=1698895879.8447020053863525390625 HTTP/1.1" 200 3995 "-" "WordPress/6.3.2; https://talmedos.com"
170.130.187.58 - - [02/Nov/2023:03:31:19 +0000] "GET / HTTP/1.1" 200 23714 "http://46.101.144.32:80/" "https://gdnplus.com:Gather Analyze Provide."
46.101.144.32 - - [02/Nov/2023:03:32:59 +0000] "POST /wp-cron.php?doing_wp_cron=1698895979.3561539649963378906250 HTTP/1.1" 200 3995 "-" "WordPress/6.3.2; https://talmedos.com"
67.222.147.67 - - [02/Nov/2023:03:32:59 +0000] "POST /xmlrpc.php HTTP/1.1" 200 3625 "-" "Mozilla/5.0 (X11; Fedora; Linux x86_64; rv:94.0) Gecko/20100101 Firefox/95.0"
192.0.102.40 - - [02/Nov/2023:03:34:31 +0000] "HEAD / HTTP/1.1" 200 3915 "-" "jetmon/1.0 (Jetpack Site Uptime Monitor by WordPress.com)"
46.101.144.32 - - [02/Nov/2023:03:39:31 +0000] "POST /wp-cron.php?doing_wp_cron=1698896371.3813729286193847656250 HTTP/1.1" 200 3995 "-" "WordPress/6.3.2; https://talmedos.com"
192.0.102.40 - - [02/Nov/2023:03:39:31 +0000] "HEAD / HTTP/1.1" 200 3915 "-" "jetmon/1.0 (Jetpack Site Uptime Monitor by WordPress.com)"
75.119.221.80 - - [02/Nov/2023:03:40:19 +0000] "POST /xmlrpc.php HTTP/1.1" 200 3625 "-" "Mozilla/5.0 (X11; Fedora; Linux x86_64; rv:94.0) Gecko/20100101 Firefox/95.0"
46.101.144.32 - - [02/Nov/2023:03:44:19 +0000] "POST /wp-cron.php?doing_wp_cron=1698896659.1577429771423339843750 HTTP/1.1" 200 3995 "-" "WordPress/6.3.2; https://talmedos.com"
185.180.143.50 - - [02/Nov/2023:03:44:19 +0000] "GET / HTTP/1.1" 200 8496 "http://46.101.144.32/" "Mozilla/5.0 (Windows NT 10.0; Win64; x64) AppleWebKit/537.36 (KHTML, like Gecko) Chrome/60.0.3112.113 Safari/537.36"
192.0.102.40 - - [02/Nov/2023:03:44:32 +0000] "HEAD / HTTP/1.1" 200 3915 "-" "jetmon/1.0 (Jetpack Site Uptime Monitor by WordPress.com)"
46.101.144.32 - - [02/Nov/2023:03:48:10 +0000] "POST /wp-cron.php?doing_wp_cron=1698896890.7931520938873291015625 HTTP/1.1" 200 3995 "-" "WordPress/6.3.2; https://talmedos.com"
51.15.81.238 - - [02/Nov/2023:03:48:10 +0000] "POST /xmlrpc.php HTTP/1.1" 200 3624 "-" "Mozilla/5.0 (X11; Fedora; Linux x86_64; rv:94.0) Gecko/20100101 Firefox/95.0"
192.0.102.40 - - [02/Nov/2023:03:49:32 +0000] "HEAD / HTTP/1.1" 200 3915 "-" "jetmon/1.0 (Jetpack Site Uptime Monitor by WordPress.com)"
46.101.144.32 - - [02/Nov/2023:03:54:31 +0000] "POST /wp-cron.php?doing_wp_cron=1698897271.8908638954162597656250 HTTP/1.1" 200 3995 "-" "WordPress/6.3.2; https://talmedos.com"
192.0.102.40 - - [02/Nov/2023:03:54:31 +0000] "HEAD / HTTP/1.1" 200 3915 "-" "jetmon/1.0 (Jetpack Site Uptime Monitor by WordPress.com)"
50.63.2.0 - - [02/Nov/2023:03:55:49 +0000] "POST /xmlrpc.php HTTP/1.1" 200 3621 "-" "Mozilla/5.0 (X11; Fedora; Linux x86_64; rv:94.0) Gecko/20100101 Firefox/95.0"
46.101.144.32 - - [02/Nov/2023:03:59:33 +0000] "POST /wp-cron.php?doing_wp_cron=1698897573.0437159538269042968750 HTTP/1.1" 200 3995 "-" "WordPress/6.3.2; https://talmedos.com"
192.0.102.40 - - [02/Nov/2023:03:59:32 +0000] "HEAD / HTTP/1.1" 200 3915 "-" "jetmon/1.0 (Jetpack Site Uptime Monitor by WordPress.com)"
46.101.144.32 - - [02/Nov/2023:04:03:41 +0000] "POST /wp-cron.php?doing_wp_cron=1698897821.0183000564575195312500 HTTP/1.1" 200 3995 "-" "WordPress/6.3.2; https://talmedos.com"
103.47.185.185 - - [02/Nov/2023:04:03:40 +0000] "POST /xmlrpc.php HTTP/1.1" 200 3609 "-" "Mozilla/5.0 (X11; Fedora; Linux x86_64; rv:94.0) Gecko/20100101 Firefox/95.0"
192.0.102.40 - - [02/Nov/2023:04:04:32 +0000] "HEAD / HTTP/1.1" 200 3915 "-" "jetmon/1.0 (Jetpack Site Uptime Monitor by WordPress.com)"
46.101.144.32 - - [02/Nov/2023:04:09:33 +0000] "POST /wp-cron.php?doing_wp_cron=1698898173.2422180175781250000000 HTTP/1.1" 200 3995 "-" "WordPress/6.3.2; https://talmedos.com"
192.0.102.40 - - [02/Nov/2023:04:09:33 +0000] "HEAD / HTTP/1.1" 200 3915 "-" "jetmon/1.0 (Jetpack Site Uptime Monitor by WordPress.com)"
103.176.78.41 - - [02/Nov/2023:04:10:51 +0000] "POST /wp-login.php HTTP/1.1" 200 8355 "-" "Mozilla/5.0 (Windows NT 6.1; WOW64) AppleWebKit/537.36 (KHTML, like Gecko) Chrome/41.0.2272.101 Safari/537.36"
46.101.144.32 - - [02/Nov/2023:04:11:50 +0000] "POST /wp-cron.php?doing_wp_cron=1698898310.6101989746093750000000 HTTP/1.1" 200 3995 "-" "WordPress/6.3.2; https://talmedos.com"
14.192.25.109 - - [02/Nov/2023:04:11:50 +0000] "POST /xmlrpc.php HTTP/1.1" 200 3609 "-" "Mozilla/5.0 (X11; Fedora; Linux x86_64; rv:94.0) Gecko/20100101 Firefox/95.0"
192.0.102.40 - - [02/Nov/2023:04:14:34 +0000] "HEAD / HTTP/1.1" 200 3915 "-" "jetmon/1.0 (Jetpack Site Uptime Monitor by WordPress.com)"
46.101.144.32 - - [02/Nov/2023:04:19:31 +0000] "POST /wp-cron.php?doing_wp_cron=1698898771.9228079319000244140625 HTTP/1.1" 200 3995 "-" "WordPress/6.3.2; https://talmedos.com"
192.0.102.40 - - [02/Nov/2023:04:19:31 +0000] "HEAD / HTTP/1.1" 200 3915 "-" "jetmon/1.0 (Jetpack Site Uptime Monitor by WordPress.com)"
46.101.144.32 - - [02/Nov/2023:04:24:31 +0000] "POST /wp-cron.php?doing_wp_cron=1698899071.8285470008850097656250 HTTP/1.1" 200 3995 "-" "WordPress/6.3.2; https://talmedos.com"
192.0.102.40 - - [02/Nov/2023:04:24:31 +0000] "HEAD / HTTP/1.1" 200 3915 "-" "jetmon/1.0 (Jetpack Site Uptime Monitor by WordPress.com)"
91.92.245.64 - - [02/Nov/2023:04:27:14 +0000] "GET /.git/config HTTP/1.1" 404 4229 "-" "python-requests/2.28.2"
91.92.245.64 - - [02/Nov/2023:04:27:14 +0000] "GET /.git/config HTTP/1.1" 404 4229 "-" "python-requests/2.28.2"
91.92.245.64 - - [02/Nov/2023:04:27:14 +0000] "GET /.git/config HTTP/1.1" 404 4229 "-" "python-requests/2.28.2"
46.101.144.32 - - [02/Nov/2023:04:27:59 +0000] "POST /wp-cron.php?doing_wp_cron=1698899279.7921938896179199218750 HTTP/1.1" 200 3995 "-" "WordPress/6.3.2; https://talmedos.com"
157.7.174.202 - - [02/Nov/2023:04:27:59 +0000] "POST /xmlrpc.php HTTP/1.1" 200 3625 "-" "Mozilla/5.0 (X11; Fedora; Linux x86_64; rv:94.0) Gecko/20100101 Firefox/95.0"
192.0.102.40 - - [02/Nov/2023:04:29:32 +0000] "HEAD / HTTP/1.1" 200 3915 "-" "jetmon/1.0 (Jetpack Site Uptime Monitor by WordPress.com)"
46.101.144.32 - - [02/Nov/2023:04:34:32 +0000] "POST /wp-cron.php?doing_wp_cron=1698899672.2123169898986816406250 HTTP/1.1" 200 3995 "-" "WordPress/6.3.2; https://talmedos.com"
192.0.102.40 - - [02/Nov/2023:04:34:32 +0000] "HEAD / HTTP/1.1" 200 3915 "-" "jetmon/1.0 (Jetpack Site Uptime Monitor by WordPress.com)"
46.101.144.32 - - [02/Nov/2023:04:36:44 +0000] "POST /wp-cron.php?doing_wp_cron=1698899804.2809159755706787109375 HTTP/1.1" 200 3995 "-" "WordPress/6.3.2; https://talmedos.com"
67.205.60.166 - - [02/Nov/2023:04:36:44 +0000] "POST /xmlrpc.php HTTP/1.1" 200 3625 "-" "Mozilla/5.0 (X11; Fedora; Linux x86_64; rv:94.0) Gecko/20100101 Firefox/95.0"
46.101.144.32 - - [02/Nov/2023:04:39:31 +0000] "POST /wp-cron.php?doing_wp_cron=1698899971.3861749172210693359375 HTTP/1.1" 200 3995 "-" "WordPress/6.3.2; https://talmedos.com"
192.0.102.40 - - [02/Nov/2023:04:39:31 +0000] "HEAD / HTTP/1.1" 200 3915 "-" "jetmon/1.0 (Jetpack Site Uptime Monitor by WordPress.com)"
107.170.246.45 - - [02/Nov/2023:04:40:22 +0000] "GET / HTTP/1.0" 400 627 "-" "-"
35.187.58.136 - - [02/Nov/2023:04:44:16 +0000] "POST /wp-login.php HTTP/1.1" 200 8355 "-" "Mozilla/5.0 (Windows NT 6.1; WOW64) AppleWebKit/537.36 (KHTML, like Gecko) Chrome/48.0.2564.109 Safari/537.36"
91.92.254.89 - - [02/Nov/2023:04:44:26 +0000] "GET /wp-pano.php HTTP/1.1" 404 3610 "-" "Mozlila/5.0 (Linux; Android 7.0; SM-G892A Bulid/NRD90M; wv) AppleWebKit/537.36 (KHTML, like Gecko) Version/4.0 Chrome/60.0.3112.107 Moblie Safari/537.36"
46.101.144.32 - - [02/Nov/2023:04:44:32 +0000] "POST /wp-cron.php?doing_wp_cron=1698900272.1895439624786376953125 HTTP/1.1" 200 3995 "-" "WordPress/6.3.2; https://talmedos.com"
192.0.102.40 - - [02/Nov/2023:04:44:32 +0000] "HEAD / HTTP/1.1" 200 3915 "-" "jetmon/1.0 (Jetpack Site Uptime Monitor by WordPress.com)"
46.101.144.32 - - [02/Nov/2023:04:45:30 +0000] "POST /wp-cron.php?doing_wp_cron=1698900330.5449759960174560546875 HTTP/1.1" 200 3995 "-" "WordPress/6.3.2; https://talmedos.com"
173.201.190.12 - - [02/Nov/2023:04:45:30 +0000] "POST /xmlrpc.php HTTP/1.1" 200 3625 "-" "Mozilla/5.0 (X11; Fedora; Linux x86_64; rv:94.0) Gecko/20100101 Firefox/95.0"
46.101.144.32 - - [02/Nov/2023:04:49:31 +0000] "POST /wp-cron.php?doing_wp_cron=1698900571.5050959587097167968750 HTTP/1.1" 200 3995 "-" "WordPress/6.3.2; https://talmedos.com"
192.0.102.40 - - [02/Nov/2023:04:49:31 +0000] "HEAD / HTTP/1.1" 200 3915 "-" "jetmon/1.0 (Jetpack Site Uptime Monitor by WordPress.com)"
46.101.144.32 - - [02/Nov/2023:04:54:20 +0000] "POST /wp-cron.php?doing_wp_cron=1698900860.4771039485931396484375 HTTP/1.1" 200 3995 "-" "WordPress/6.3.2; https://talmedos.com"
192.227.156.98 - - [02/Nov/2023:04:54:20 +0000] "POST /xmlrpc.php HTTP/1.1" 200 3626 "-" "Mozilla/5.0 (X11; Fedora; Linux x86_64; rv:94.0) Gecko/20100101 Firefox/95.0"
192.0.102.40 - - [02/Nov/2023:04:54:32 +0000] "HEAD / HTTP/1.1" 200 3915 "-" "jetmon/1.0 (Jetpack Site Uptime Monitor by WordPress.com)"
46.101.144.32 - - [02/Nov/2023:04:59:32 +0000] "POST /wp-cron.php?doing_wp_cron=1698901172.7077999114990234375000 HTTP/1.1" 200 3995 "-" "WordPress/6.3.2; https://talmedos.com"
192.0.102.40 - - [02/Nov/2023:04:59:32 +0000] "HEAD / HTTP/1.1" 200 3915 "-" "jetmon/1.0 (Jetpack Site Uptime Monitor by WordPress.com)"
46.101.144.32 - - [02/Nov/2023:05:03:16 +0000] "POST /wp-cron.php?doing_wp_cron=1698901396.7986600399017333984375 HTTP/1.1" 200 3995 "-" "WordPress/6.3.2; https://talmedos.com"
103.152.79.201 - - [02/Nov/2023:05:03:16 +0000] "POST /xmlrpc.php HTTP/1.1" 200 3626 "-" "Mozilla/5.0 (X11; Fedora; Linux x86_64; rv:94.0) Gecko/20100101 Firefox/95.0"
192.0.102.40 - - [02/Nov/2023:05:04:31 +0000] "HEAD / HTTP/1.1" 200 3915 "-" "jetmon/1.0 (Jetpack Site Uptime Monitor by WordPress.com)"
46.101.144.32 - - [02/Nov/2023:05:09:31 +0000] "POST /wp-cron.php?doing_wp_cron=1698901771.2460279464721679687500 HTTP/1.1" 200 3995 "-" "WordPress/6.3.2; https://talmedos.com"
192.0.102.40 - - [02/Nov/2023:05:09:31 +0000] "HEAD / HTTP/1.1" 200 3915 "-" "jetmon/1.0 (Jetpack Site Uptime Monitor by WordPress.com)"
46.101.144.32 - - [02/Nov/2023:05:12:13 +0000] "POST /wp-cron.php?doing_wp_cron=1698901933.8085649013519287109375 HTTP/1.1" 200 3995 "-" "WordPress/6.3.2; https://talmedos.com"
199.188.205.87 - - [02/Nov/2023:05:12:13 +0000] "POST /xmlrpc.php HTTP/1.1" 200 3626 "-" "Mozilla/5.0 (X11; Fedora; Linux x86_64; rv:94.0) Gecko/20100101 Firefox/95.0"
192.0.102.40 - - [02/Nov/2023:05:14:32 +0000] "HEAD / HTTP/1.1" 200 3915 "-" "jetmon/1.0 (Jetpack Site Uptime Monitor by WordPress.com)"
46.101.144.32 - - [02/Nov/2023:05:19:31 +0000] "POST /wp-cron.php?doing_wp_cron=1698902371.5771880149841308593750 HTTP/1.1" 200 3995 "-" "WordPress/6.3.2; https://talmedos.com"
192.0.102.40 - - [02/Nov/2023:05:19:31 +0000] "HEAD / HTTP/1.1" 200 3915 "-" "jetmon/1.0 (Jetpack Site Uptime Monitor by WordPress.com)"
46.101.144.32 - - [02/Nov/2023:05:21:41 +0000] "POST /wp-cron.php?doing_wp_cron=1698902501.4164950847625732421875 HTTP/1.1" 200 3995 "-" "WordPress/6.3.2; https://talmedos.com"
47.106.201.134 - - [02/Nov/2023:05:21:41 +0000] "POST /xmlrpc.php HTTP/1.1" 200 3625 "-" "Mozilla/5.0 (X11; Fedora; Linux x86_64; rv:94.0) Gecko/20100101 Firefox/95.0"
46.101.144.32 - - [02/Nov/2023:05:24:30 +0000] "POST /wp-cron.php?doing_wp_cron=1698902670.6356539726257324218750 HTTP/1.1" 200 3995 "-" "WordPress/6.3.2; https://talmedos.com"
192.0.102.40 - - [02/Nov/2023:05:24:30 +0000] "HEAD / HTTP/1.1" 200 3915 "-" "jetmon/1.0 (Jetpack Site Uptime Monitor by WordPress.com)"
49.232.145.205 - - [02/Nov/2023:05:24:52 +0000] "POST /wp-login.php HTTP/1.1" 200 8356 "-" "Mozilla/5.0 (Windows NT 6.1; WOW64) AppleWebKit/537.36 (KHTML, like Gecko) Chrome/63.0.3239.132 Safari/537.36"
46.101.144.32 - - [02/Nov/2023:05:29:33 +0000] "POST /wp-cron.php?doing_wp_cron=1698902973.2162940502166748046875 HTTP/1.1" 200 3995 "-" "WordPress/6.3.2; https://talmedos.com"
192.0.102.40 - - [02/Nov/2023:05:29:33 +0000] "HEAD / HTTP/1.1" 200 3915 "-" "jetmon/1.0 (Jetpack Site Uptime Monitor by WordPress.com)"
46.101.144.32 - - [02/Nov/2023:05:31:16 +0000] "POST /wp-cron.php?doing_wp_cron=1698903076.7184550762176513671875 HTTP/1.1" 200 3995 "-" "WordPress/6.3.2; https://talmedos.com"
68.178.145.205 - - [02/Nov/2023:05:31:16 +0000] "POST /xmlrpc.php HTTP/1.1" 200 3626 "-" "Mozilla/5.0 (X11; Fedora; Linux x86_64; rv:94.0) Gecko/20100101 Firefox/95.0"
185.189.182.234 - - [02/Nov/2023:05:32:21 +0000] "GET /gKs7 HTTP/1.1" 400 3595 "-" "-"
46.101.144.32 - - [02/Nov/2023:05:34:31 +0000] "POST /wp-cron.php?doing_wp_cron=1698903271.9197061061859130859375 HTTP/1.1" 200 3995 "-" "WordPress/6.3.2; https://talmedos.com"
192.0.102.40 - - [02/Nov/2023:05:34:31 +0000] "HEAD / HTTP/1.1" 200 3915 "-" "jetmon/1.0 (Jetpack Site Uptime Monitor by WordPress.com)"
46.101.144.32 - - [02/Nov/2023:05:39:30 +0000] "POST /wp-cron.php?doing_wp_cron=1698903570.8529379367828369140625 HTTP/1.1" 200 3995 "-" "WordPress/6.3.2; https://talmedos.com"
192.0.102.40 - - [02/Nov/2023:05:39:30 +0000] "HEAD / HTTP/1.1" 200 3915 "-" "jetmon/1.0 (Jetpack Site Uptime Monitor by WordPress.com)"
83.97.73.87 - - [02/Nov/2023:05:40:38 +0000] "GET /actuator/gateway/routes HTTP/1.1" 404 4097 "http://46.101.144.32:80/actuator/gateway/routes" "Mozilla/5.0 (Windows NT 10.0; Win64; x64) AppleWebKit/537.36 (KHTML, like Gecko) Chrome/78.0.3904.108 Safari/537.36"
173.236.176.141 - - [02/Nov/2023:05:40:53 +0000] "POST /xmlrpc.php HTTP/1.1" 200 3610 "-" "Mozilla/5.0 (X11; Fedora; Linux x86_64; rv:94.0) Gecko/20100101 Firefox/95.0"
46.101.144.32 - - [02/Nov/2023:05:44:31 +0000] "POST /wp-cron.php?doing_wp_cron=1698903871.7579329013824462890625 HTTP/1.1" 200 3995 "-" "WordPress/6.3.2; https://talmedos.com"
192.0.102.40 - - [02/Nov/2023:05:44:31 +0000] "HEAD / HTTP/1.1" 200 3915 "-" "jetmon/1.0 (Jetpack Site Uptime Monitor by WordPress.com)"
46.101.144.32 - - [02/Nov/2023:05:49:32 +0000] "POST /wp-cron.php?doing_wp_cron=1698904172.2953400611877441406250 HTTP/1.1" 200 3995 "-" "WordPress/6.3.2; https://talmedos.com"
192.0.102.40 - - [02/Nov/2023:05:49:32 +0000] "HEAD / HTTP/1.1" 200 3915 "-" "jetmon/1.0 (Jetpack Site Uptime Monitor by WordPress.com)"
188.85.81.233 - - [02/Nov/2023:05:50:29 +0000] "POST /xmlrpc.php HTTP/1.1" 200 3624 "-" "Mozilla/5.0 (X11; Fedora; Linux x86_64; rv:94.0) Gecko/20100101 Firefox/95.0"
46.101.144.32 - - [02/Nov/2023:05:54:30 +0000] "POST /wp-cron.php?doing_wp_cron=1698904470.9315381050109863281250 HTTP/1.1" 200 3995 "-" "WordPress/6.3.2; https://talmedos.com"
192.0.102.40 - - [02/Nov/2023:05:54:30 +0000] "HEAD / HTTP/1.1" 200 3915 "-" "jetmon/1.0 (Jetpack Site Uptime Monitor by WordPress.com)"
46.101.144.32 - - [02/Nov/2023:05:58:59 +0000] "POST /wp-cron.php?doing_wp_cron=1698904739.5936689376831054687500 HTTP/1.1" 200 3995 "-" "WordPress/6.3.2; https://talmedos.com"
85.237.38.228 - - [02/Nov/2023:05:58:59 +0000] "POST /xmlrpc.php HTTP/1.1" 200 3624 "-" "Mozilla/5.0 (X11; Fedora; Linux x86_64; rv:94.0) Gecko/20100101 Firefox/95.0"
192.0.102.40 - - [02/Nov/2023:05:59:32 +0000] "HEAD / HTTP/1.1" 200 3915 "-" "jetmon/1.0 (Jetpack Site Uptime Monitor by WordPress.com)"
46.101.144.32 - - [02/Nov/2023:06:04:30 +0000] "POST /wp-cron.php?doing_wp_cron=1698905070.9059400558471679687500 HTTP/1.1" 200 3995 "-" "WordPress/6.3.2; https://talmedos.com"
192.0.102.40 - - [02/Nov/2023:06:04:30 +0000] "HEAD / HTTP/1.1" 200 3915 "-" "jetmon/1.0 (Jetpack Site Uptime Monitor by WordPress.com)"
46.101.144.32 - - [02/Nov/2023:06:06:25 +0000] "POST /wp-cron.php?doing_wp_cron=1698905185.7267529964447021484375 HTTP/1.1" 200 3995 "-" "WordPress/6.3.2; https://talmedos.com"
37.140.216.216 - - [02/Nov/2023:06:06:25 +0000] "POST /xmlrpc.php HTTP/1.1" 200 3625 "-" "Mozilla/5.0 (X11; Fedora; Linux x86_64; rv:94.0) Gecko/20100101 Firefox/95.0"
192.185.176.126 - - [02/Nov/2023:06:08:55 +0000] "GET /wp-includes/sodium_compat/network.php HTTP/1.1" 404 4172 "http://talmedos.com/wp-includes/sodium_compat/network.php" "Mozilla/5.0 (Windows; U; Windows NT 5.1; en-US) AppleWebKit/533.4 (KHTML, like Gecko) Chrome/5.0.375.99 Safari/533.4"
46.101.144.32 - - [02/Nov/2023:06:09:30 +0000] "POST /wp-cron.php?doing_wp_cron=1698905370.8328330516815185546875 HTTP/1.1" 200 3995 "-" "WordPress/6.3.2; https://talmedos.com"
192.0.102.40 - - [02/Nov/2023:06:09:30 +0000] "HEAD / HTTP/1.1" 200 3915 "-" "jetmon/1.0 (Jetpack Site Uptime Monitor by WordPress.com)"
46.101.144.32 - - [02/Nov/2023:06:13:23 +0000] "POST /wp-cron.php?doing_wp_cron=1698905603.2174530029296875000000 HTTP/1.1" 200 3995 "-" "WordPress/6.3.2; https://talmedos.com"
185.92.194.80 - - [02/Nov/2023:06:13:23 +0000] "POST /xmlrpc.php HTTP/1.1" 200 3609 "-" "Mozilla/5.0 (X11; Fedora; Linux x86_64; rv:94.0) Gecko/20100101 Firefox/95.0"
192.0.102.40 - - [02/Nov/2023:06:14:32 +0000] "HEAD / HTTP/1.1" 200 3915 "-" "jetmon/1.0 (Jetpack Site Uptime Monitor by WordPress.com)"
46.101.144.32 - - [02/Nov/2023:06:19:31 +0000] "POST /wp-cron.php?doing_wp_cron=1698905971.1258609294891357421875 HTTP/1.1" 200 3995 "-" "WordPress/6.3.2; https://talmedos.com"
192.0.102.40 - - [02/Nov/2023:06:19:31 +0000] "HEAD / HTTP/1.1" 200 3915 "-" "jetmon/1.0 (Jetpack Site Uptime Monitor by WordPress.com)"
164.132.112.87 - - [02/Nov/2023:06:19:59 +0000] "POST /xmlrpc.php HTTP/1.1" 200 3625 "-" "Mozilla/5.0 (X11; Fedora; Linux x86_64; rv:94.0) Gecko/20100101 Firefox/95.0"
5.161.48.24 - - [02/Nov/2023:06:20:51 +0000] "GET /wp-content/plugins/background-image-cropper/ups.php HTTP/1.1" 404 4172 "http://talmedos.com/wp-content/plugins/background-image-cropper/ups.php" "Mozilla/5.0 (Windows; U; Windows NT 5.1; en-US) AppleWebKit/533.4 (KHTML, like Gecko) Chrome/5.0.375.99 Safari/533.4"
46.101.144.32 - - [02/Nov/2023:06:24:31 +0000] "POST /wp-cron.php?doing_wp_cron=1698906271.5122060775756835937500 HTTP/1.1" 200 3995 "-" "WordPress/6.3.2; https://talmedos.com"
192.0.102.40 - - [02/Nov/2023:06:24:31 +0000] "HEAD / HTTP/1.1" 200 3915 "-" "jetmon/1.0 (Jetpack Site Uptime Monitor by WordPress.com)"
46.101.144.32 - - [02/Nov/2023:06:26:22 +0000] "POST /wp-cron.php?doing_wp_cron=1698906382.8318140506744384765625 HTTP/1.1" 200 3995 "-" "WordPress/6.3.2; https://talmedos.com"
72.167.79.215 - - [02/Nov/2023:06:26:22 +0000] "POST /xmlrpc.php HTTP/1.1" 200 3625 "-" "Mozilla/5.0 (X11; Fedora; Linux x86_64; rv:94.0) Gecko/20100101 Firefox/95.0"
46.101.144.32 - - [02/Nov/2023:06:29:32 +0000] "POST /wp-cron.php?doing_wp_cron=1698906572.3480379581451416015625 HTTP/1.1" 200 3995 "-" "WordPress/6.3.2; https://talmedos.com"
192.0.102.40 - - [02/Nov/2023:06:29:32 +0000] "HEAD / HTTP/1.1" 200 3915 "-" "jetmon/1.0 (Jetpack Site Uptime Monitor by WordPress.com)"
46.101.144.32 - - [02/Nov/2023:06:32:11 +0000] "POST /wp-cron.php?doing_wp_cron=1698906731.6799960136413574218750 HTTP/1.1" 200 3995 "-" "WordPress/6.3.2; https://talmedos.com"
104.197.209.149 - - [02/Nov/2023:06:32:11 +0000] "POST /xmlrpc.php HTTP/1.1" 200 3626 "-" "Mozilla/5.0 (X11; Fedora; Linux x86_64; rv:94.0) Gecko/20100101 Firefox/95.0"
192.0.102.40 - - [02/Nov/2023:06:34:32 +0000] "HEAD / HTTP/1.1" 200 3915 "-" "jetmon/1.0 (Jetpack Site Uptime Monitor by WordPress.com)"
173.236.168.10 - - [02/Nov/2023:06:37:14 +0000] "POST /wp-login.php HTTP/1.1" 200 8355 "-" "Mozilla/5.0 (Windows NT 10.0; Win64; x64) AppleWebKit/537.36 (KHTML, like Gecko) Chrome/62.0.3202.89 Safari/537.36"
46.101.144.32 - - [02/Nov/2023:06:38:02 +0000] "POST /wp-cron.php?doing_wp_cron=1698907082.3464920520782470703125 HTTP/1.1" 200 3995 "-" "WordPress/6.3.2; https://talmedos.com"
208.109.24.33 - - [02/Nov/2023:06:38:02 +0000] "POST /xmlrpc.php HTTP/1.1" 200 3624 "-" "Mozilla/5.0 (X11; Fedora; Linux x86_64; rv:94.0) Gecko/20100101 Firefox/95.0"
192.0.102.40 - - [02/Nov/2023:06:39:32 +0000] "HEAD / HTTP/1.1" 200 3915 "-" "jetmon/1.0 (Jetpack Site Uptime Monitor by WordPress.com)"
46.101.144.32 - - [02/Nov/2023:06:43:23 +0000] "POST /wp-cron.php?doing_wp_cron=1698907403.5079689025878906250000 HTTP/1.1" 200 3995 "-" "WordPress/6.3.2; https://talmedos.com"
50.63.2.0 - - [02/Nov/2023:06:43:23 +0000] "POST /xmlrpc.php HTTP/1.1" 200 3621 "-" "Mozilla/5.0 (X11; Fedora; Linux x86_64; rv:94.0) Gecko/20100101 Firefox/95.0"
192.0.102.40 - - [02/Nov/2023:06:44:31 +0000] "HEAD / HTTP/1.1" 200 3915 "-" "jetmon/1.0 (Jetpack Site Uptime Monitor by WordPress.com)"
46.101.144.32 - - [02/Nov/2023:06:49:32 +0000] "POST /wp-cron.php?doing_wp_cron=1698907772.8793199062347412109375 HTTP/1.1" 200 3995 "-" "WordPress/6.3.2; https://talmedos.com"
192.0.102.40 - - [02/Nov/2023:06:49:32 +0000] "HEAD / HTTP/1.1" 200 3915 "-" "jetmon/1.0 (Jetpack Site Uptime Monitor by WordPress.com)"
46.101.144.32 - - [02/Nov/2023:06:53:47 +0000] "POST /wp-cron.php?doing_wp_cron=1698908027.0190200805664062500000 HTTP/1.1" 200 3995 "-" "WordPress/6.3.2; https://talmedos.com"
107.182.236.107 - - [02/Nov/2023:06:53:46 +0000] "POST /xmlrpc.php HTTP/1.1" 200 3625 "-" "Mozilla/5.0 (X11; Fedora; Linux x86_64; rv:94.0) Gecko/20100101 Firefox/95.0"
192.0.102.40 - - [02/Nov/2023:06:54:30 +0000] "HEAD / HTTP/1.1" 200 3915 "-" "jetmon/1.0 (Jetpack Site Uptime Monitor by WordPress.com)"
46.101.144.32 - - [02/Nov/2023:06:58:48 +0000] "POST /wp-cron.php?doing_wp_cron=1698908328.6475610733032226562500 HTTP/1.1" 200 3995 "-" "WordPress/6.3.2; https://talmedos.com"
92.205.10.70 - - [02/Nov/2023:06:58:48 +0000] "POST /xmlrpc.php HTTP/1.1" 200 3624 "-" "Mozilla/5.0 (X11; Fedora; Linux x86_64; rv:94.0) Gecko/20100101 Firefox/95.0"
192.0.102.40 - - [02/Nov/2023:06:59:32 +0000] "HEAD / HTTP/1.1" 200 3915 "-" "jetmon/1.0 (Jetpack Site Uptime Monitor by WordPress.com)"
46.101.144.32 - - [02/Nov/2023:07:01:50 +0000] "POST /wp-cron.php?doing_wp_cron=1698908510.5393249988555908203125 HTTP/1.1" 200 3995 "-" "WordPress/6.3.2; https://talmedos.com"
35.203.210.225 - - [02/Nov/2023:07:01:50 +0000] "GET / HTTP/1.1" 200 23714 "http://46.101.144.32:80/" "Expanse, a Palo Alto Networks company, searches across the global IPv4 space multiple times per day to identify customers&#39; presences on the Internet. If you would like to be excluded from our scans, please send IP addresses/domains to: scaninfo@paloaltonetworks.com"
69.163.224.110 - - [02/Nov/2023:07:03:39 +0000] "POST /xmlrpc.php HTTP/1.1" 200 3610 "-" "Mozilla/5.0 (X11; Fedora; Linux x86_64; rv:94.0) Gecko/20100101 Firefox/95.0"
192.0.102.40 - - [02/Nov/2023:07:04:31 +0000] "HEAD / HTTP/1.1" 200 3915 "-" "jetmon/1.0 (Jetpack Site Uptime Monitor by WordPress.com)"
46.101.144.32 - - [02/Nov/2023:07:08:43 +0000] "POST /wp-cron.php?doing_wp_cron=1698908923.8803460597991943359375 HTTP/1.1" 200 3995 "-" "WordPress/6.3.2; https://talmedos.com"
5.101.156.211 - - [02/Nov/2023:07:08:43 +0000] "POST /xmlrpc.php HTTP/1.1" 200 3624 "-" "Mozilla/5.0 (X11; Fedora; Linux x86_64; rv:94.0) Gecko/20100101 Firefox/95.0"
91.238.164.172 - - [02/Nov/2023:07:09:20 +0000] "POST /wp-login.php HTTP/1.1" 200 8355 "-" "Mozilla/5.0 (Windows NT 10.0; Win64; x64) AppleWebKit/537.36 (KHTML, like Gecko) Chrome/64.0.3282.140 Safari/537.36"
192.0.102.40 - - [02/Nov/2023:07:09:31 +0000] "HEAD / HTTP/1.1" 200 3915 "-" "jetmon/1.0 (Jetpack Site Uptime Monitor by WordPress.com)"
46.101.144.32 - - [02/Nov/2023:07:13:35 +0000] "POST /wp-cron.php?doing_wp_cron=1698909215.5370609760284423828125 HTTP/1.1" 200 3995 "-" "WordPress/6.3.2; https://talmedos.com"
204.188.215.250 - - [02/Nov/2023:07:13:35 +0000] "POST /xmlrpc.php HTTP/1.1" 200 3610 "-" "Mozilla/5.0 (X11; Fedora; Linux x86_64; rv:94.0) Gecko/20100101 Firefox/95.0"
192.0.102.40 - - [02/Nov/2023:07:14:32 +0000] "HEAD / HTTP/1.1" 200 3915 "-" "jetmon/1.0 (Jetpack Site Uptime Monitor by WordPress.com)"
46.101.144.32 - - [02/Nov/2023:07:18:07 +0000] "POST /wp-cron.php?doing_wp_cron=1698909487.1985759735107421875000 HTTP/1.1" 200 3995 "-" "WordPress/6.3.2; https://talmedos.com"
139.59.209.23 - - [02/Nov/2023:07:18:07 +0000] "POST /xmlrpc.php HTTP/1.1" 200 3625 "-" "Mozilla/5.0 (X11; Fedora; Linux x86_64; rv:94.0) Gecko/20100101 Firefox/95.0"
192.0.102.40 - - [02/Nov/2023:07:19:33 +0000] "HEAD / HTTP/1.1" 200 3915 "-" "jetmon/1.0 (Jetpack Site Uptime Monitor by WordPress.com)"
46.101.144.32 - - [02/Nov/2023:07:22:45 +0000] "POST /wp-cron.php?doing_wp_cron=1698909765.7359399795532226562500 HTTP/1.1" 200 3995 "-" "WordPress/6.3.2; https://talmedos.com"
69.163.162.4 - - [02/Nov/2023:07:22:45 +0000] "POST /xmlrpc.php HTTP/1.1" 200 3608 "-" "Mozilla/5.0 (X11; Fedora; Linux x86_64; rv:94.0) Gecko/20100101 Firefox/95.0"
192.0.102.40 - - [02/Nov/2023:07:24:32 +0000] "HEAD / HTTP/1.1" 200 3915 "-" "jetmon/1.0 (Jetpack Site Uptime Monitor by WordPress.com)"
46.101.144.32 - - [02/Nov/2023:07:27:10 +0000] "POST /wp-cron.php?doing_wp_cron=1698910030.9775819778442382812500 HTTP/1.1" 200 3995 "-" "WordPress/6.3.2; https://talmedos.com"
91.234.194.198 - - [02/Nov/2023:07:27:10 +0000] "POST /xmlrpc.php HTTP/1.1" 200 3625 "-" "Mozilla/5.0 (X11; Fedora; Linux x86_64; rv:94.0) Gecko/20100101 Firefox/95.0"
192.0.102.40 - - [02/Nov/2023:07:29:32 +0000] "HEAD / HTTP/1.1" 200 3915 "-" "jetmon/1.0 (Jetpack Site Uptime Monitor by WordPress.com)"
46.101.144.32 - - [02/Nov/2023:07:31:39 +0000] "POST /wp-cron.php?doing_wp_cron=1698910299.4960150718688964843750 HTTP/1.1" 200 3995 "-" "WordPress/6.3.2; https://talmedos.com"
134.122.120.80 - - [02/Nov/2023:07:31:39 +0000] "POST /xmlrpc.php HTTP/1.1" 200 3625 "-" "Mozilla/5.0 (X11; Fedora; Linux x86_64; rv:94.0) Gecko/20100101 Firefox/95.0"
192.0.102.40 - - [02/Nov/2023:07:34:33 +0000] "HEAD / HTTP/1.1" 200 3915 "-" "jetmon/1.0 (Jetpack Site Uptime Monitor by WordPress.com)"
46.101.144.32 - - [02/Nov/2023:07:36:04 +0000] "POST /wp-cron.php?doing_wp_cron=1698910564.4777960777282714843750 HTTP/1.1" 200 3995 "-" "WordPress/6.3.2; https://talmedos.com"
146.19.213.11 - - [02/Nov/2023:07:36:04 +0000] "POST /xmlrpc.php HTTP/1.1" 200 3608 "-" "Mozilla/5.0 (X11; Fedora; Linux x86_64; rv:94.0) Gecko/20100101 Firefox/95.0"
46.101.144.32 - - [02/Nov/2023:07:39:32 +0000] "POST /wp-cron.php?doing_wp_cron=1698910772.6330790519714355468750 HTTP/1.1" 200 3995 "-" "WordPress/6.3.2; https://talmedos.com"
192.0.102.40 - - [02/Nov/2023:07:39:32 +0000] "HEAD / HTTP/1.1" 200 3915 "-" "jetmon/1.0 (Jetpack Site Uptime Monitor by WordPress.com)"
34.64.218.102 - - [02/Nov/2023:07:40:16 +0000] "POST /xmlrpc.php HTTP/1.1" 200 3625 "-" "Mozilla/5.0 (X11; Fedora; Linux x86_64; rv:94.0) Gecko/20100101 Firefox/95.0"
46.101.144.32 - - [02/Nov/2023:07:42:36 +0000] "POST /wp-cron.php?doing_wp_cron=1698910956.6203138828277587890625 HTTP/1.1" 200 3995 "-" "WordPress/6.3.2; https://talmedos.com"
157.245.105.12 - - [02/Nov/2023:07:42:36 +0000] "GET / HTTP/1.1" 200 9066 "-" "Mozilla/5.0 (X11; Linux x86_64) AppleWebKit/537.36 (KHTML, like Gecko) Chrome/108.0.0.0 Safari/537.36"
125.212.218.5 - - [02/Nov/2023:07:44:30 +0000] "POST /xmlrpc.php HTTP/1.1" 200 3609 "-" "Mozilla/5.0 (X11; Fedora; Linux x86_64; rv:94.0) Gecko/20100101 Firefox/95.0"
192.0.102.40 - - [02/Nov/2023:07:44:33 +0000] "HEAD / HTTP/1.1" 200 3915 "-" "jetmon/1.0 (Jetpack Site Uptime Monitor by WordPress.com)"
146.190.71.232 - - [02/Nov/2023:07:47:16 +0000] "POST /wp-login.php HTTP/1.1" 200 8356 "-" "Mozilla/5.0 (Windows NT 6.1; WOW64) AppleWebKit/537.36 (KHTML, like Gecko) Chrome/51.0.2704.106 Safari/537.36"
46.101.144.32 - - [02/Nov/2023:07:48:47 +0000] "POST /wp-cron.php?doing_wp_cron=1698911327.0172009468078613281250 HTTP/1.1" 200 3995 "-" "WordPress/6.3.2; https://talmedos.com"
14.192.25.109 - - [02/Nov/2023:07:48:46 +0000] "POST /xmlrpc.php HTTP/1.1" 200 3609 "-" "Mozilla/5.0 (X11; Fedora; Linux x86_64; rv:94.0) Gecko/20100101 Firefox/95.0"
192.0.102.40 - - [02/Nov/2023:07:49:33 +0000] "HEAD / HTTP/1.1" 200 3915 "-" "jetmon/1.0 (Jetpack Site Uptime Monitor by WordPress.com)"
