93.162.98.150 - - [02/Nov/2023:21:26:23 +0000] "POST /wp-admin/admin-ajax.php HTTP/1.1" 200 668 "https://talmedos.com/wp-admin/post-new.php?post_type=page" "Mozilla/5.0 (Macintosh; Intel Mac OS X 10_15_7) AppleWebKit/537.36 (KHTML, like Gecko) Chrome/118.0.0.0 Safari/537.36"
46.101.144.32 - - [02/Nov/2023:21:26:34 +0000] "POST /wp-cron.php?doing_wp_cron=1698960394.0131900310516357421875 HTTP/1.1" 200 3995 "-" "WordPress/6.3.2; https://talmedos.com"
93.162.98.150 - - [02/Nov/2023:21:26:33 +0000] "POST /wp-admin/admin-ajax.php HTTP/1.1" 200 1129 "https://talmedos.com/wp-admin/edit.php?post_type=page" "Mozilla/5.0 (Macintosh; Intel Mac OS X 10_15_7) AppleWebKit/537.36 (KHTML, like Gecko) Chrome/118.0.0.0 Safari/537.36"
93.162.98.150 - - [02/Nov/2023:21:27:23 +0000] "POST /wp-admin/admin-ajax.php HTTP/1.1" 200 1180 "https://talmedos.com/wp-admin/post-new.php?post_type=page" "Mozilla/5.0 (Macintosh; Intel Mac OS X 10_15_7) AppleWebKit/537.36 (KHTML, like Gecko) Chrome/118.0.0.0 Safari/537.36"
93.162.98.150 - - [02/Nov/2023:21:27:31 +0000] "GET /?page_id=101 HTTP/1.1" 200 1320 "https://talmedos.com/" "Mozilla/5.0 (Macintosh; Intel Mac OS X 10_15_7) AppleWebKit/537.36 (KHTML, like Gecko) Chrome/118.0.0.0 Safari/537.36"
93.162.98.150 - - [02/Nov/2023:21:27:57 +0000] "POST /wp-admin/admin-ajax.php HTTP/1.1" 200 1129 "https://talmedos.com/wp-admin/edit.php?post_type=page" "Mozilla/5.0 (Macintosh; Intel Mac OS X 10_15_7) AppleWebKit/537.36 (KHTML, like Gecko) Chrome/118.0.0.0 Safari/537.36"
93.162.98.150 - - [02/Nov/2023:21:28:12 +0000] "POST /wp-admin/admin-ajax.php HTTP/1.1" 200 1129 "https://talmedos.com/wp-admin/edit.php?post_type=page" "Mozilla/5.0 (Macintosh; Intel Mac OS X 10_15_7) AppleWebKit/537.36 (KHTML, like Gecko) Chrome/118.0.0.0 Safari/537.36"
93.162.98.150 - - [02/Nov/2023:21:28:13 +0000] "GET /?page_id=101 HTTP/1.1" 200 860 "https://talmedos.com/" "Mozilla/5.0 (Macintosh; Intel Mac OS X 10_15_7) AppleWebKit/537.36 (KHTML, like Gecko) Chrome/118.0.0.0 Safari/537.36"
93.162.98.150 - - [02/Nov/2023:21:28:23 +0000] "POST /wp-admin/admin-ajax.php HTTP/1.1" 200 1180 "https://talmedos.com/wp-admin/post-new.php?post_type=page" "Mozilla/5.0 (Macintosh; Intel Mac OS X 10_15_7) AppleWebKit/537.36 (KHTML, like Gecko) Chrome/118.0.0.0 Safari/537.36"
93.162.98.150 - - [02/Nov/2023:21:28:49 +0000] "POST /wp-admin/admin-ajax.php HTTP/1.1" 200 1129 "https://talmedos.com/wp-admin/edit.php?post_type=page" "Mozilla/5.0 (Macintosh; Intel Mac OS X 10_15_7) AppleWebKit/537.36 (KHTML, like Gecko) Chrome/118.0.0.0 Safari/537.36"
93.162.98.150 - - [02/Nov/2023:21:29:04 +0000] "POST /wp-admin/admin-ajax.php HTTP/1.1" 200 1129 "https://talmedos.com/wp-admin/edit.php?post_type=page" "Mozilla/5.0 (Macintosh; Intel Mac OS X 10_15_7) AppleWebKit/537.36 (KHTML, like Gecko) Chrome/118.0.0.0 Safari/537.36"
93.162.98.150 - - [02/Nov/2023:21:29:23 +0000] "POST /wp-admin/admin-ajax.php HTTP/1.1" 200 1180 "https://talmedos.com/wp-admin/post-new.php?post_type=page" "Mozilla/5.0 (Macintosh; Intel Mac OS X 10_15_7) AppleWebKit/537.36 (KHTML, like Gecko) Chrome/118.0.0.0 Safari/537.36"
192.0.102.40 - - [02/Nov/2023:21:29:28 +0000] "HEAD / HTTP/1.1" 200 3915 "-" "jetmon/1.0 (Jetpack Site Uptime Monitor by WordPress.com)"
93.162.98.150 - - [02/Nov/2023:21:30:33 +0000] "POST /wp-admin/admin-ajax.php HTTP/1.1" 200 1129 "https://talmedos.com/wp-admin/edit.php?post_type=page" "Mozilla/5.0 (Macintosh; Intel Mac OS X 10_15_7) AppleWebKit/537.36 (KHTML, like Gecko) Chrome/118.0.0.0 Safari/537.36"
93.162.98.150 - - [02/Nov/2023:21:30:48 +0000] "POST /wp-admin/admin-ajax.php HTTP/1.1" 200 1129 "https://talmedos.com/wp-admin/edit.php?post_type=page" "Mozilla/5.0 (Macintosh; Intel Mac OS X 10_15_7) AppleWebKit/537.36 (KHTML, like Gecko) Chrome/118.0.0.0 Safari/537.36"
46.101.144.32 - - [02/Nov/2023:21:31:23 +0000] "POST /wp-cron.php?doing_wp_cron=1698960683.2719430923461914062500 HTTP/1.1" 200 3995 "-" "WordPress/6.3.2; https://talmedos.com"
93.162.98.150 - - [02/Nov/2023:21:31:23 +0000] "POST /wp-admin/admin-ajax.php HTTP/1.1" 200 1180 "https://talmedos.com/wp-admin/post-new.php?post_type=page" "Mozilla/5.0 (Macintosh; Intel Mac OS X 10_15_7) AppleWebKit/537.36 (KHTML, like Gecko) Chrome/118.0.0.0 Safari/537.36"
46.101.144.32 - - [02/Nov/2023:21:31:31 +0000] "POST /wp-cron.php?doing_wp_cron=1698960691.1692941188812255859375 HTTP/1.1" 200 3995 "-" "WordPress/6.3.2; https://talmedos.com"
93.162.98.150 - - [02/Nov/2023:21:31:31 +0000] "POST /wp-admin/admin-ajax.php HTTP/1.1" 200 1129 "https://talmedos.com/wp-admin/edit.php?post_type=page" "Mozilla/5.0 (Macintosh; Intel Mac OS X 10_15_7) AppleWebKit/537.36 (KHTML, like Gecko) Chrome/118.0.0.0 Safari/537.36"
93.162.98.150 - - [02/Nov/2023:21:31:46 +0000] "POST /wp-admin/admin-ajax.php HTTP/1.1" 200 1129 "https://talmedos.com/wp-admin/edit.php?post_type=page" "Mozilla/5.0 (Macintosh; Intel Mac OS X 10_15_7) AppleWebKit/537.36 (KHTML, like Gecko) Chrome/118.0.0.0 Safari/537.36"
198.235.24.165 - - [02/Nov/2023:21:32:15 +0000] "GET / HTTP/1.1" 200 23292 "-" "Expanse, a Palo Alto Networks company, searches across the global IPv4 space multiple times per day to identify customers&#39; presences on the Internet. If you would like to be excluded from our scans, please send IP addresses/domains to: scaninfo@paloaltonetworks.com"
93.162.98.150 - - [02/Nov/2023:21:32:20 +0000] "POST /wp-admin/admin-ajax.php HTTP/1.1" 200 1129 "https://talmedos.com/wp-admin/edit.php?post_type=page" "Mozilla/5.0 (Macintosh; Intel Mac OS X 10_15_7) AppleWebKit/537.36 (KHTML, like Gecko) Chrome/118.0.0.0 Safari/537.36"
93.162.98.150 - - [02/Nov/2023:21:32:23 +0000] "POST /wp-admin/admin-ajax.php HTTP/1.1" 200 668 "https://talmedos.com/wp-admin/post-new.php?post_type=page" "Mozilla/5.0 (Macintosh; Intel Mac OS X 10_15_7) AppleWebKit/537.36 (KHTML, like Gecko) Chrome/118.0.0.0 Safari/537.36"
93.162.98.150 - - [02/Nov/2023:21:32:35 +0000] "POST /wp-admin/admin-ajax.php HTTP/1.1" 200 1129 "https://talmedos.com/wp-admin/edit.php?post_type=page" "Mozilla/5.0 (Macintosh; Intel Mac OS X 10_15_7) AppleWebKit/537.36 (KHTML, like Gecko) Chrome/118.0.0.0 Safari/537.36"
93.162.98.150 - - [02/Nov/2023:21:33:08 +0000] "GET /?page_id=101 HTTP/1.1" 200 1320 "https://talmedos.com/" "Mozilla/5.0 (Macintosh; Intel Mac OS X 10_15_7) AppleWebKit/537.36 (KHTML, like Gecko) Chrome/118.0.0.0 Safari/537.36"
93.162.98.150 - - [02/Nov/2023:21:33:08 +0000] "GET /mystyle.css HTTP/1.1" 404 513 "https://talmedos.com/?page_id=101" "Mozilla/5.0 (Macintosh; Intel Mac OS X 10_15_7) AppleWebKit/537.36 (KHTML, like Gecko) Chrome/118.0.0.0 Safari/537.36"
93.162.98.150 - - [02/Nov/2023:21:33:12 +0000] "POST /wp-admin/admin-ajax.php HTTP/1.1" 200 617 "https://talmedos.com/wp-admin/edit.php?post_type=page" "Mozilla/5.0 (Macintosh; Intel Mac OS X 10_15_7) AppleWebKit/537.36 (KHTML, like Gecko) Chrome/118.0.0.0 Safari/537.36"
93.162.98.150 - - [02/Nov/2023:21:33:16 +0000] "GET /?page_id=101 HTTP/1.1" 200 808 "https://talmedos.com/" "Mozilla/5.0 (Macintosh; Intel Mac OS X 10_15_7) AppleWebKit/537.36 (KHTML, like Gecko) Chrome/118.0.0.0 Safari/537.36"
93.162.98.150 - - [02/Nov/2023:21:33:17 +0000] "GET /mystyle.css HTTP/1.1" 404 513 "https://talmedos.com/?page_id=101" "Mozilla/5.0 (Macintosh; Intel Mac OS X 10_15_7) AppleWebKit/537.36 (KHTML, like Gecko) Chrome/118.0.0.0 Safari/537.36"
93.162.98.150 - - [02/Nov/2023:21:33:23 +0000] "POST /wp-admin/admin-ajax.php HTTP/1.1" 200 1180 "https://talmedos.com/wp-admin/post-new.php?post_type=page" "Mozilla/5.0 (Macintosh; Intel Mac OS X 10_15_7) AppleWebKit/537.36 (KHTML, like Gecko) Chrome/118.0.0.0 Safari/537.36"
93.162.98.150 - - [02/Nov/2023:21:33:27 +0000] "POST /wp-admin/admin-ajax.php HTTP/1.1" 200 617 "https://talmedos.com/wp-admin/edit.php?post_type=page" "Mozilla/5.0 (Macintosh; Intel Mac OS X 10_15_7) AppleWebKit/537.36 (KHTML, like Gecko) Chrome/118.0.0.0 Safari/537.36"
93.162.98.150 - - [02/Nov/2023:21:33:42 +0000] "POST /wp-admin/admin-ajax.php HTTP/1.1" 200 1129 "https://talmedos.com/wp-admin/edit.php?post_type=page" "Mozilla/5.0 (Macintosh; Intel Mac OS X 10_15_7) AppleWebKit/537.36 (KHTML, like Gecko) Chrome/118.0.0.0 Safari/537.36"
147.182.232.141 - - [02/Nov/2023:21:33:50 +0000] "GET / HTTP/1.1" 301 3965 "-" "Mozilla/5.0 (Macintosh; Intel Mac OS X 10_15_7) AppleWebKit/537.36 (KHTML, like Gecko) Chrome/114.0.0.0 Safari/537.36"
93.162.98.150 - - [02/Nov/2023:21:34:04 +0000] "POST /wp-admin/admin-ajax.php HTTP/1.1" 200 1129 "https://talmedos.com/wp-admin/edit.php?post_type=page" "Mozilla/5.0 (Macintosh; Intel Mac OS X 10_15_7) AppleWebKit/537.36 (KHTML, like Gecko) Chrome/118.0.0.0 Safari/537.36"
93.162.98.150 - - [02/Nov/2023:21:34:07 +0000] "GET /?page_id=101 HTTP/1.1" 200 808 "https://talmedos.com/" "Mozilla/5.0 (Macintosh; Intel Mac OS X 10_15_7) AppleWebKit/537.36 (KHTML, like Gecko) Chrome/118.0.0.0 Safari/537.36"
93.162.98.150 - - [02/Nov/2023:21:34:07 +0000] "GET /mystyle.css HTTP/1.1" 404 513 "https://talmedos.com/?page_id=101" "Mozilla/5.0 (Macintosh; Intel Mac OS X 10_15_7) AppleWebKit/537.36 (KHTML, like Gecko) Chrome/118.0.0.0 Safari/537.36"
93.162.98.150 - - [02/Nov/2023:21:34:08 +0000] "GET /?page_id=101 HTTP/1.1" 200 808 "https://talmedos.com/" "Mozilla/5.0 (Macintosh; Intel Mac OS X 10_15_7) AppleWebKit/537.36 (KHTML, like Gecko) Chrome/118.0.0.0 Safari/537.36"
93.162.98.150 - - [02/Nov/2023:21:34:08 +0000] "GET /mystyle.css HTTP/1.1" 404 513 "https://talmedos.com/?page_id=101" "Mozilla/5.0 (Macintosh; Intel Mac OS X 10_15_7) AppleWebKit/537.36 (KHTML, like Gecko) Chrome/118.0.0.0 Safari/537.36"
93.162.98.150 - - [02/Nov/2023:21:34:19 +0000] "POST /wp-admin/admin-ajax.php HTTP/1.1" 200 1129 "https://talmedos.com/wp-admin/edit.php?post_type=page" "Mozilla/5.0 (Macintosh; Intel Mac OS X 10_15_7) AppleWebKit/537.36 (KHTML, like Gecko) Chrome/118.0.0.0 Safari/537.36"
93.162.98.150 - - [02/Nov/2023:21:34:23 +0000] "POST /wp-admin/admin-ajax.php HTTP/1.1" 200 668 "https://talmedos.com/wp-admin/post-new.php?post_type=page" "Mozilla/5.0 (Macintosh; Intel Mac OS X 10_15_7) AppleWebKit/537.36 (KHTML, like Gecko) Chrome/118.0.0.0 Safari/537.36"
192.0.102.40 - - [02/Nov/2023:21:34:27 +0000] "HEAD / HTTP/1.1" 200 3915 "-" "jetmon/1.0 (Jetpack Site Uptime Monitor by WordPress.com)"
93.162.98.150 - - [02/Nov/2023:21:34:39 +0000] "POST /wp-admin/admin-ajax.php HTTP/1.1" 200 1129 "https://talmedos.com/wp-admin/edit.php?post_type=page" "Mozilla/5.0 (Macintosh; Intel Mac OS X 10_15_7) AppleWebKit/537.36 (KHTML, like Gecko) Chrome/118.0.0.0 Safari/537.36"
93.162.98.150 - - [02/Nov/2023:21:34:40 +0000] "GET /?page_id=101 HTTP/1.1" 200 808 "https://talmedos.com/" "Mozilla/5.0 (Macintosh; Intel Mac OS X 10_15_7) AppleWebKit/537.36 (KHTML, like Gecko) Chrome/118.0.0.0 Safari/537.36"
93.162.98.150 - - [02/Nov/2023:21:34:41 +0000] "GET /mystyle.css HTTP/1.1" 404 513 "https://talmedos.com/?page_id=101" "Mozilla/5.0 (Macintosh; Intel Mac OS X 10_15_7) AppleWebKit/537.36 (KHTML, like Gecko) Chrome/118.0.0.0 Safari/537.36"
93.162.98.150 - - [02/Nov/2023:21:34:54 +0000] "POST /wp-admin/admin-ajax.php HTTP/1.1" 200 1129 "https://talmedos.com/wp-admin/edit.php?post_type=page" "Mozilla/5.0 (Macintosh; Intel Mac OS X 10_15_7) AppleWebKit/537.36 (KHTML, like Gecko) Chrome/118.0.0.0 Safari/537.36"
93.162.98.150 - - [02/Nov/2023:21:35:23 +0000] "POST /wp-admin/admin-ajax.php HTTP/1.1" 200 1180 "https://talmedos.com/wp-admin/post-new.php?post_type=page" "Mozilla/5.0 (Macintosh; Intel Mac OS X 10_15_7) AppleWebKit/537.36 (KHTML, like Gecko) Chrome/118.0.0.0 Safari/537.36"
93.162.98.150 - - [02/Nov/2023:21:35:35 +0000] "GET /?page_id=101 HTTP/1.1" 200 1317 "https://talmedos.com/" "Mozilla/5.0 (Macintosh; Intel Mac OS X 10_15_7) AppleWebKit/537.36 (KHTML, like Gecko) Chrome/118.0.0.0 Safari/537.36"
93.162.98.150 - - [02/Nov/2023:21:35:36 +0000] "GET /style.css HTTP/1.1" 404 513 "https://talmedos.com/?page_id=101" "Mozilla/5.0 (Macintosh; Intel Mac OS X 10_15_7) AppleWebKit/537.36 (KHTML, like Gecko) Chrome/118.0.0.0 Safari/537.36"
93.162.98.150 - - [02/Nov/2023:21:35:39 +0000] "GET /style.css HTTP/1.1" 404 513 "https://talmedos.com/?page_id=101" "Mozilla/5.0 (Macintosh; Intel Mac OS X 10_15_7) AppleWebKit/537.36 (KHTML, like Gecko) Chrome/118.0.0.0 Safari/537.36"
93.162.98.150 - - [02/Nov/2023:21:35:53 +0000] "POST /wp-admin/admin-ajax.php HTTP/1.1" 200 1129 "https://talmedos.com/wp-admin/edit.php?post_type=page" "Mozilla/5.0 (Macintosh; Intel Mac OS X 10_15_7) AppleWebKit/537.36 (KHTML, like Gecko) Chrome/118.0.0.0 Safari/537.36"
46.101.144.32 - - [02/Nov/2023:21:36:08 +0000] "POST /wp-cron.php?doing_wp_cron=1698960968.3591890335083007812500 HTTP/1.1" 200 3995 "-" "WordPress/6.3.2; https://talmedos.com"
93.162.98.150 - - [02/Nov/2023:21:36:08 +0000] "POST /wp-admin/admin-ajax.php HTTP/1.1" 200 1129 "https://talmedos.com/wp-admin/edit.php?post_type=page" "Mozilla/5.0 (Macintosh; Intel Mac OS X 10_15_7) AppleWebKit/537.36 (KHTML, like Gecko) Chrome/118.0.0.0 Safari/537.36"
93.162.98.150 - - [02/Nov/2023:21:36:18 +0000] "GET /?page_id=101 HTTP/1.1" 200 1317 "https://talmedos.com/" "Mozilla/5.0 (Macintosh; Intel Mac OS X 10_15_7) AppleWebKit/537.36 (KHTML, like Gecko) Chrome/118.0.0.0 Safari/537.36"
93.162.98.150 - - [02/Nov/2023:21:36:18 +0000] "GET /style.css HTTP/1.1" 404 513 "https://talmedos.com/?page_id=101" "Mozilla/5.0 (Macintosh; Intel Mac OS X 10_15_7) AppleWebKit/537.36 (KHTML, like Gecko) Chrome/118.0.0.0 Safari/537.36"
93.162.98.150 - - [02/Nov/2023:21:36:23 +0000] "POST /wp-admin/admin-ajax.php HTTP/1.1" 200 617 "https://talmedos.com/wp-admin/edit.php?post_type=page" "Mozilla/5.0 (Macintosh; Intel Mac OS X 10_15_7) AppleWebKit/537.36 (KHTML, like Gecko) Chrome/118.0.0.0 Safari/537.36"
46.101.144.32 - - [02/Nov/2023:21:36:37 +0000] "POST /wp-cron.php?doing_wp_cron=1698960997.9315989017486572265625 HTTP/1.1" 200 3995 "-" "WordPress/6.3.2; https://talmedos.com"
93.162.98.150 - - [02/Nov/2023:21:36:37 +0000] "POST /wp-admin/admin-ajax.php HTTP/1.1" 200 1180 "https://talmedos.com/wp-admin/post-new.php?post_type=page" "Mozilla/5.0 (Macintosh; Intel Mac OS X 10_15_7) AppleWebKit/537.36 (KHTML, like Gecko) Chrome/118.0.0.0 Safari/537.36"
93.162.98.150 - - [02/Nov/2023:21:36:38 +0000] "POST /wp-admin/admin-ajax.php HTTP/1.1" 200 617 "https://talmedos.com/wp-admin/edit.php?post_type=page" "Mozilla/5.0 (Macintosh; Intel Mac OS X 10_15_7) AppleWebKit/537.36 (KHTML, like Gecko) Chrome/118.0.0.0 Safari/537.36"
93.162.98.150 - - [02/Nov/2023:21:37:37 +0000] "POST /wp-admin/admin-ajax.php HTTP/1.1" 200 1180 "https://talmedos.com/wp-admin/post-new.php?post_type=page" "Mozilla/5.0 (Macintosh; Intel Mac OS X 10_15_7) AppleWebKit/537.36 (KHTML, like Gecko) Chrome/118.0.0.0 Safari/537.36"
93.162.98.150 - - [02/Nov/2023:21:37:42 +0000] "POST /wp-admin/admin-ajax.php HTTP/1.1" 200 617 "https://talmedos.com/wp-admin/edit.php?post_type=page" "Mozilla/5.0 (Macintosh; Intel Mac OS X 10_15_7) AppleWebKit/537.36 (KHTML, like Gecko) Chrome/118.0.0.0 Safari/537.36"
93.162.98.150 - - [02/Nov/2023:21:37:44 +0000] "GET /?page_id=101 HTTP/1.1" 200 808 "https://talmedos.com/" "Mozilla/5.0 (Macintosh; Intel Mac OS X 10_15_7) AppleWebKit/537.36 (KHTML, like Gecko) Chrome/118.0.0.0 Safari/537.36"
93.162.98.150 - - [02/Nov/2023:21:37:44 +0000] "GET /mystyle.css HTTP/1.1" 200 430 "https://talmedos.com/?page_id=101" "Mozilla/5.0 (Macintosh; Intel Mac OS X 10_15_7) AppleWebKit/537.36 (KHTML, like Gecko) Chrome/118.0.0.0 Safari/537.36"
46.101.144.32 - - [02/Nov/2023:21:37:57 +0000] "POST /wp-cron.php?doing_wp_cron=1698961077.9112989902496337890625 HTTP/1.1" 200 3995 "-" "WordPress/6.3.2; https://talmedos.com"
93.162.98.150 - - [02/Nov/2023:21:37:57 +0000] "POST /wp-admin/admin-ajax.php HTTP/1.1" 200 1129 "https://talmedos.com/wp-admin/edit.php?post_type=page" "Mozilla/5.0 (Macintosh; Intel Mac OS X 10_15_7) AppleWebKit/537.36 (KHTML, like Gecko) Chrome/118.0.0.0 Safari/537.36"
93.162.98.150 - - [02/Nov/2023:21:38:40 +0000] "POST /wp-admin/admin-ajax.php HTTP/1.1" 200 1129 "https://talmedos.com/wp-admin/edit.php?post_type=page" "Mozilla/5.0 (Macintosh; Intel Mac OS X 10_15_7) AppleWebKit/537.36 (KHTML, like Gecko) Chrome/118.0.0.0 Safari/537.36"
93.162.98.150 - - [02/Nov/2023:21:38:40 +0000] "POST /wp-admin/admin-ajax.php HTTP/1.1" 200 4335 "https://talmedos.com/wp-admin/post-new.php?post_type=page" "Mozilla/5.0 (Macintosh; Intel Mac OS X 10_15_7) AppleWebKit/537.36 (KHTML, like Gecko) Chrome/118.0.0.0 Safari/537.36"
93.162.98.150 - - [02/Nov/2023:21:38:55 +0000] "POST /wp-admin/admin-ajax.php HTTP/1.1" 200 1129 "https://talmedos.com/wp-admin/edit.php?post_type=page" "Mozilla/5.0 (Macintosh; Intel Mac OS X 10_15_7) AppleWebKit/537.36 (KHTML, like Gecko) Chrome/118.0.0.0 Safari/537.36"
93.162.98.150 - - [02/Nov/2023:21:39:10 +0000] "POST /wp-admin/admin-ajax.php HTTP/1.1" 200 1129 "https://talmedos.com/wp-admin/edit.php?post_type=page" "Mozilla/5.0 (Macintosh; Intel Mac OS X 10_15_7) AppleWebKit/537.36 (KHTML, like Gecko) Chrome/118.0.0.0 Safari/537.36"
192.0.102.40 - - [02/Nov/2023:21:39:27 +0000] "HEAD / HTTP/1.1" 200 3915 "-" "jetmon/1.0 (Jetpack Site Uptime Monitor by WordPress.com)"
93.162.98.150 - - [02/Nov/2023:21:39:28 +0000] "POST /wp-admin/admin-ajax.php HTTP/1.1" 200 1129 "https://talmedos.com/wp-admin/edit.php?post_type=page" "Mozilla/5.0 (Macintosh; Intel Mac OS X 10_15_7) AppleWebKit/537.36 (KHTML, like Gecko) Chrome/118.0.0.0 Safari/537.36"
93.162.98.150 - - [02/Nov/2023:21:39:33 +0000] "GET /?page_id=101 HTTP/1.1" 200 826 "https://talmedos.com/" "Mozilla/5.0 (Macintosh; Intel Mac OS X 10_15_7) AppleWebKit/537.36 (KHTML, like Gecko) Chrome/118.0.0.0 Safari/537.36"
93.162.98.150 - - [02/Nov/2023:21:39:33 +0000] "GET /mystyle.css HTTP/1.1" 200 430 "https://talmedos.com/?page_id=101" "Mozilla/5.0 (Macintosh; Intel Mac OS X 10_15_7) AppleWebKit/537.36 (KHTML, like Gecko) Chrome/118.0.0.0 Safari/537.36"
93.162.98.150 - - [02/Nov/2023:21:39:33 +0000] "GET /test.js HTTP/1.1" 404 513 "https://talmedos.com/?page_id=101" "Mozilla/5.0 (Macintosh; Intel Mac OS X 10_15_7) AppleWebKit/537.36 (KHTML, like Gecko) Chrome/118.0.0.0 Safari/537.36"
93.162.98.150 - - [02/Nov/2023:21:39:53 +0000] "-" 408 511 "-" "-"
108.193.52.102 - - [02/Nov/2023:21:40:26 +0000] "GET //wp-config.bk HTTP/1.1" 404 4096 "-" "Mozilla/5.0 (X11; Ubuntu; Linux x86_64; rv:62.0) Gecko/20100101 Firefox/62.0"
93.162.98.150 - - [02/Nov/2023:21:40:40 +0000] "POST /wp-admin/admin-ajax.php HTTP/1.1" 200 1180 "https://talmedos.com/wp-admin/post-new.php?post_type=page" "Mozilla/5.0 (Macintosh; Intel Mac OS X 10_15_7) AppleWebKit/537.36 (KHTML, like Gecko) Chrome/118.0.0.0 Safari/537.36"
46.101.144.32 - - [02/Nov/2023:21:41:28 +0000] "POST /wp-cron.php?doing_wp_cron=1698961288.8760089874267578125000 HTTP/1.1" 200 3995 "-" "WordPress/6.3.2; https://talmedos.com"
93.162.98.150 - - [02/Nov/2023:21:41:28 +0000] "POST /wp-admin/admin-ajax.php HTTP/1.1" 200 1129 "https://talmedos.com/wp-admin/edit.php?post_type=page" "Mozilla/5.0 (Macintosh; Intel Mac OS X 10_15_7) AppleWebKit/537.36 (KHTML, like Gecko) Chrome/118.0.0.0 Safari/537.36"
167.71.185.102 - - [02/Nov/2023:21:41:37 +0000] "GET /robots.txt HTTP/1.1" 404 4100 "-" "Mozilla/5.0 (Windows NT 6.1; WOW64; Trident/7.0; rv:11.0) like Gecko"
46.101.144.32 - - [02/Nov/2023:21:42:36 +0000] "POST /wp-cron.php?doing_wp_cron=1698961356.4170329570770263671875 HTTP/1.1" 200 3995 "-" "WordPress/6.3.2; https://talmedos.com"
93.162.98.150 - - [02/Nov/2023:21:42:36 +0000] "POST /wp-admin/admin-ajax.php HTTP/1.1" 200 1129 "https://talmedos.com/wp-admin/edit.php?post_type=page" "Mozilla/5.0 (Macintosh; Intel Mac OS X 10_15_7) AppleWebKit/537.36 (KHTML, like Gecko) Chrome/118.0.0.0 Safari/537.36"
93.162.98.150 - - [02/Nov/2023:21:42:40 +0000] "POST /wp-admin/admin-ajax.php HTTP/1.1" 200 668 "https://talmedos.com/wp-admin/post-new.php?post_type=page" "Mozilla/5.0 (Macintosh; Intel Mac OS X 10_15_7) AppleWebKit/537.36 (KHTML, like Gecko) Chrome/118.0.0.0 Safari/537.36"
93.162.98.150 - - [02/Nov/2023:21:42:51 +0000] "POST /wp-admin/admin-ajax.php HTTP/1.1" 200 1129 "https://talmedos.com/wp-admin/edit.php?post_type=page" "Mozilla/5.0 (Macintosh; Intel Mac OS X 10_15_7) AppleWebKit/537.36 (KHTML, like Gecko) Chrome/118.0.0.0 Safari/537.36"
93.162.98.150 - - [02/Nov/2023:21:43:36 +0000] "POST /wp-admin/admin-ajax.php HTTP/1.1" 404 4180 "https://talmedos.com/wp-admin/edit.php?post_type=page" "Mozilla/5.0 (Macintosh; Intel Mac OS X 10_15_7) AppleWebKit/537.36 (KHTML, like Gecko) Chrome/118.0.0.0 Safari/537.36"
93.162.98.150 - - [02/Nov/2023:21:43:40 +0000] "POST /wp-admin/admin-ajax.php HTTP/1.1" 404 513 "https://talmedos.com/wp-admin/post-new.php?post_type=page" "Mozilla/5.0 (Macintosh; Intel Mac OS X 10_15_7) AppleWebKit/537.36 (KHTML, like Gecko) Chrome/118.0.0.0 Safari/537.36"
93.162.98.150 - - [02/Nov/2023:21:43:48 +0000] "GET /test HTTP/1.1" 404 1025 "-" "Mozilla/5.0 (Macintosh; Intel Mac OS X 10_15_7) AppleWebKit/537.36 (KHTML, like Gecko) Chrome/118.0.0.0 Safari/537.36"
93.162.98.150 - - [02/Nov/2023:21:43:51 +0000] "POST /wp-admin/admin-ajax.php HTTP/1.1" 404 513 "https://talmedos.com/wp-admin/edit.php?post_type=page" "Mozilla/5.0 (Macintosh; Intel Mac OS X 10_15_7) AppleWebKit/537.36 (KHTML, like Gecko) Chrome/118.0.0.0 Safari/537.36"
24.199.118.115 - - [02/Nov/2023:21:43:51 +0000] "GET / HTTP/1.1" 200 27901 "-" "Mozilla/5.0 (compatible; AhrefsBot/7.0; +http://ahrefs.com/robot/)"
93.162.98.150 - - [02/Nov/2023:21:44:03 +0000] "GET / HTTP/1.1" 200 28769 "http://www.netfarmers.dk/" "Mozilla/5.0 (Macintosh; Intel Mac OS X 10_15_7) AppleWebKit/537.36 (KHTML, like Gecko) Chrome/118.0.0.0 Safari/537.36"
93.162.98.150 - - [02/Nov/2023:21:44:06 +0000] "POST /wp-admin/admin-ajax.php HTTP/1.1" 404 1025 "https://talmedos.com/wp-admin/edit.php?post_type=page" "Mozilla/5.0 (Macintosh; Intel Mac OS X 10_15_7) AppleWebKit/537.36 (KHTML, like Gecko) Chrome/118.0.0.0 Safari/537.36"
192.0.102.40 - - [02/Nov/2023:21:44:28 +0000] "HEAD / HTTP/1.1" 200 3836 "-" "jetmon/1.0 (Jetpack Site Uptime Monitor by WordPress.com)"
93.162.98.150 - - [02/Nov/2023:21:44:38 +0000] "POST /wp-admin/admin-ajax.php HTTP/1.1" 404 1025 "https://talmedos.com/wp-admin/edit.php?post_type=page" "Mozilla/5.0 (Macintosh; Intel Mac OS X 10_15_7) AppleWebKit/537.36 (KHTML, like Gecko) Chrome/118.0.0.0 Safari/537.36"
93.162.98.150 - - [02/Nov/2023:21:44:40 +0000] "POST /wp-admin/admin-ajax.php HTTP/1.1" 404 513 "https://talmedos.com/wp-admin/post-new.php?post_type=page" "Mozilla/5.0 (Macintosh; Intel Mac OS X 10_15_7) AppleWebKit/537.36 (KHTML, like Gecko) Chrome/118.0.0.0 Safari/537.36"
93.162.98.150 - - [02/Nov/2023:21:44:53 +0000] "POST /wp-admin/admin-ajax.php HTTP/1.1" 404 1025 "https://talmedos.com/wp-admin/edit.php?post_type=page" "Mozilla/5.0 (Macintosh; Intel Mac OS X 10_15_7) AppleWebKit/537.36 (KHTML, like Gecko) Chrome/118.0.0.0 Safari/537.36"
93.162.98.150 - - [02/Nov/2023:21:45:40 +0000] "POST /wp-admin/admin-ajax.php HTTP/1.1" 404 1025 "https://talmedos.com/wp-admin/post-new.php?post_type=page" "Mozilla/5.0 (Macintosh; Intel Mac OS X 10_15_7) AppleWebKit/537.36 (KHTML, like Gecko) Chrome/118.0.0.0 Safari/537.36"
93.162.98.150 - - [02/Nov/2023:21:46:53 +0000] "POST /wp-admin/admin-ajax.php HTTP/1.1" 404 1025 "https://talmedos.com/wp-admin/edit.php?post_type=page" "Mozilla/5.0 (Macintosh; Intel Mac OS X 10_15_7) AppleWebKit/537.36 (KHTML, like Gecko) Chrome/118.0.0.0 Safari/537.36"
93.162.98.150 - - [02/Nov/2023:21:47:29 +0000] "POST /wp-admin/admin-ajax.php HTTP/1.1" 404 1025 "https://talmedos.com/wp-admin/post-new.php?post_type=page" "Mozilla/5.0 (Macintosh; Intel Mac OS X 10_15_7) AppleWebKit/537.36 (KHTML, like Gecko) Chrome/118.0.0.0 Safari/537.36"
164.92.193.197 - - [02/Nov/2023:21:48:18 +0000] "GET / HTTP/1.1" 200 27905 "-" "Mozilla/5.0 (compatible; SemrushBot/7~bl; +http://www.semrush.com/bot.html)"
93.162.98.150 - - [02/Nov/2023:21:48:29 +0000] "POST /wp-admin/admin-ajax.php HTTP/1.1" 404 1025 "https://talmedos.com/wp-admin/post-new.php?post_type=page" "Mozilla/5.0 (Macintosh; Intel Mac OS X 10_15_7) AppleWebKit/537.36 (KHTML, like Gecko) Chrome/118.0.0.0 Safari/537.36"
93.162.98.150 - - [02/Nov/2023:21:48:53 +0000] "POST /wp-admin/admin-ajax.php HTTP/1.1" 404 1025 "https://talmedos.com/wp-admin/edit.php?post_type=page" "Mozilla/5.0 (Macintosh; Intel Mac OS X 10_15_7) AppleWebKit/537.36 (KHTML, like Gecko) Chrome/118.0.0.0 Safari/537.36"
192.0.102.40 - - [02/Nov/2023:21:49:27 +0000] "HEAD / HTTP/1.1" 200 3836 "-" "jetmon/1.0 (Jetpack Site Uptime Monitor by WordPress.com)"
93.162.98.150 - - [02/Nov/2023:21:50:29 +0000] "POST /wp-admin/admin-ajax.php HTTP/1.1" 404 1025 "https://talmedos.com/wp-admin/post-new.php?post_type=page" "Mozilla/5.0 (Macintosh; Intel Mac OS X 10_15_7) AppleWebKit/537.36 (KHTML, like Gecko) Chrome/118.0.0.0 Safari/537.36"
118.232.219.9 - - [02/Nov/2023:21:50:29 +0000] "GET //wp-config.bkp HTTP/1.1" 404 4096 "-" "Mozilla/5.0 (X11; Ubuntu; Linux x86_64; rv:62.0) Gecko/20100101 Firefox/62.0"
93.162.98.150 - - [02/Nov/2023:21:50:53 +0000] "POST /wp-admin/admin-ajax.php HTTP/1.1" 404 1025 "https://talmedos.com/wp-admin/edit.php?post_type=page" "Mozilla/5.0 (Macintosh; Intel Mac OS X 10_15_7) AppleWebKit/537.36 (KHTML, like Gecko) Chrome/118.0.0.0 Safari/537.36"
93.162.98.150 - - [02/Nov/2023:21:52:29 +0000] "POST /wp-admin/admin-ajax.php HTTP/1.1" 404 1025 "https://talmedos.com/wp-admin/post-new.php?post_type=page" "Mozilla/5.0 (Macintosh; Intel Mac OS X 10_15_7) AppleWebKit/537.36 (KHTML, like Gecko) Chrome/118.0.0.0 Safari/537.36"
93.162.98.150 - - [02/Nov/2023:21:52:53 +0000] "POST /wp-admin/admin-ajax.php HTTP/1.1" 404 1025 "https://talmedos.com/wp-admin/edit.php?post_type=page" "Mozilla/5.0 (Macintosh; Intel Mac OS X 10_15_7) AppleWebKit/537.36 (KHTML, like Gecko) Chrome/118.0.0.0 Safari/537.36"
192.0.102.40 - - [02/Nov/2023:21:54:27 +0000] "HEAD / HTTP/1.1" 200 3836 "-" "jetmon/1.0 (Jetpack Site Uptime Monitor by WordPress.com)"
93.162.98.150 - - [02/Nov/2023:21:54:29 +0000] "POST /wp-admin/admin-ajax.php HTTP/1.1" 404 1025 "https://talmedos.com/wp-admin/post-new.php?post_type=page" "Mozilla/5.0 (Macintosh; Intel Mac OS X 10_15_7) AppleWebKit/537.36 (KHTML, like Gecko) Chrome/118.0.0.0 Safari/537.36"
93.162.98.150 - - [02/Nov/2023:21:56:29 +0000] "POST /wp-admin/admin-ajax.php HTTP/1.1" 404 1025 "https://talmedos.com/wp-admin/post-new.php?post_type=page" "Mozilla/5.0 (Macintosh; Intel Mac OS X 10_15_7) AppleWebKit/537.36 (KHTML, like Gecko) Chrome/118.0.0.0 Safari/537.36"
192.0.102.40 - - [02/Nov/2023:21:59:28 +0000] "HEAD / HTTP/1.1" 200 3836 "-" "jetmon/1.0 (Jetpack Site Uptime Monitor by WordPress.com)"
156.54.11.139 - - [02/Nov/2023:21:59:54 +0000] "POST /wp-login.php HTTP/1.1" 404 4100 "-" "Mozilla/5.0 (Windows NT 6.1; Win64; x64) AppleWebKit/537.36 (KHTML, like Gecko) Chrome/67.0.3396.87 Safari/537.36"
93.162.98.150 - - [02/Nov/2023:22:03:26 +0000] "POST /wp-admin/admin-ajax.php HTTP/1.1" 404 4180 "https://talmedos.com/wp-admin/edit.php?post_type=page" "Mozilla/5.0 (Macintosh; Intel Mac OS X 10_15_7) AppleWebKit/537.36 (KHTML, like Gecko) Chrome/118.0.0.0 Safari/537.36"
93.162.98.150 - - [02/Nov/2023:22:03:26 +0000] "POST /wp-admin/admin-ajax.php HTTP/1.1" 404 513 "https://talmedos.com/wp-admin/post-new.php?post_type=page" "Mozilla/5.0 (Macintosh; Intel Mac OS X 10_15_7) AppleWebKit/537.36 (KHTML, like Gecko) Chrome/118.0.0.0 Safari/537.36"
93.162.98.150 - - [02/Nov/2023:22:03:41 +0000] "POST /wp-admin/admin-ajax.php HTTP/1.1" 404 1025 "https://talmedos.com/wp-admin/edit.php?post_type=page" "Mozilla/5.0 (Macintosh; Intel Mac OS X 10_15_7) AppleWebKit/537.36 (KHTML, like Gecko) Chrome/118.0.0.0 Safari/537.36"
139.144.168.186 - - [02/Nov/2023:22:03:45 +0000] "GET /tLk1 HTTP/1.1" 404 4145 "-" "Mozilla/5.0"
139.144.168.186 - - [02/Nov/2023:22:03:45 +0000] "GET /NtQJ HTTP/1.1" 404 4145 "-" "Mozilla/5.0"
181.46.243.130 - - [02/Nov/2023:22:03:25 +0000] "GET / HTTP/1.0" 200 33217 "-" "-"
93.162.98.150 - - [02/Nov/2023:22:04:06 +0000] "POST /wp-admin/admin-ajax.php HTTP/1.1" 404 1025 "https://talmedos.com/wp-admin/edit.php?post_type=page" "Mozilla/5.0 (Macintosh; Intel Mac OS X 10_15_7) AppleWebKit/537.36 (KHTML, like Gecko) Chrome/118.0.0.0 Safari/537.36"
93.162.98.150 - - [02/Nov/2023:22:04:21 +0000] "POST /wp-admin/admin-ajax.php HTTP/1.1" 404 1025 "https://talmedos.com/wp-admin/edit.php?post_type=page" "Mozilla/5.0 (Macintosh; Intel Mac OS X 10_15_7) AppleWebKit/537.36 (KHTML, like Gecko) Chrome/118.0.0.0 Safari/537.36"
93.162.98.150 - - [02/Nov/2023:22:04:26 +0000] "POST /wp-admin/admin-ajax.php HTTP/1.1" 404 1025 "https://talmedos.com/wp-admin/post-new.php?post_type=page" "Mozilla/5.0 (Macintosh; Intel Mac OS X 10_15_7) AppleWebKit/537.36 (KHTML, like Gecko) Chrome/118.0.0.0 Safari/537.36"
192.0.102.40 - - [02/Nov/2023:22:04:27 +0000] "HEAD / HTTP/1.1" 200 3836 "-" "jetmon/1.0 (Jetpack Site Uptime Monitor by WordPress.com)"
93.162.98.150 - - [02/Nov/2023:22:04:36 +0000] "POST /wp-admin/admin-ajax.php HTTP/1.1" 404 1025 "https://talmedos.com/wp-admin/edit.php?post_type=page" "Mozilla/5.0 (Macintosh; Intel Mac OS X 10_15_7) AppleWebKit/537.36 (KHTML, like Gecko) Chrome/118.0.0.0 Safari/537.36"
93.162.98.150 - - [02/Nov/2023:22:05:26 +0000] "POST /wp-admin/admin-ajax.php HTTP/1.1" 404 1025 "https://talmedos.com/wp-admin/post-new.php?post_type=page" "Mozilla/5.0 (Macintosh; Intel Mac OS X 10_15_7) AppleWebKit/537.36 (KHTML, like Gecko) Chrome/118.0.0.0 Safari/537.36"
93.162.98.150 - - [02/Nov/2023:22:06:36 +0000] "POST /wp-admin/admin-ajax.php HTTP/1.1" 404 1025 "https://talmedos.com/wp-admin/edit.php?post_type=page" "Mozilla/5.0 (Macintosh; Intel Mac OS X 10_15_7) AppleWebKit/537.36 (KHTML, like Gecko) Chrome/118.0.0.0 Safari/537.36"
34.65.234.0 - - [02/Nov/2023:22:07:14 +0000] "POST /wp-login.php HTTP/1.1" 404 4100 "-" "Mozilla/5.0 (Windows NT 6.3; Win64; x64) AppleWebKit/537.36 (KHTML, like Gecko) Chrome/67.0.3396.99 Safari/537.36"
93.162.98.150 - - [02/Nov/2023:22:07:26 +0000] "POST /wp-admin/admin-ajax.php HTTP/1.1" 404 1025 "https://talmedos.com/wp-admin/post-new.php?post_type=page" "Mozilla/5.0 (Macintosh; Intel Mac OS X 10_15_7) AppleWebKit/537.36 (KHTML, like Gecko) Chrome/118.0.0.0 Safari/537.36"
93.162.98.150 - - [02/Nov/2023:22:08:36 +0000] "POST /wp-admin/admin-ajax.php HTTP/1.1" 404 1025 "https://talmedos.com/wp-admin/edit.php?post_type=page" "Mozilla/5.0 (Macintosh; Intel Mac OS X 10_15_7) AppleWebKit/537.36 (KHTML, like Gecko) Chrome/118.0.0.0 Safari/537.36"
93.162.98.150 - - [02/Nov/2023:22:09:26 +0000] "POST /wp-admin/admin-ajax.php HTTP/1.1" 404 1025 "https://talmedos.com/wp-admin/post-new.php?post_type=page" "Mozilla/5.0 (Macintosh; Intel Mac OS X 10_15_7) AppleWebKit/537.36 (KHTML, like Gecko) Chrome/118.0.0.0 Safari/537.36"
192.0.102.40 - - [02/Nov/2023:22:09:27 +0000] "HEAD / HTTP/1.1" 200 3836 "-" "jetmon/1.0 (Jetpack Site Uptime Monitor by WordPress.com)"
93.162.98.150 - - [02/Nov/2023:22:09:30 +0000] "POST /wp-admin/admin-ajax.php HTTP/1.1" 404 513 "https://talmedos.com/wp-admin/edit.php?post_type=page" "Mozilla/5.0 (Macintosh; Intel Mac OS X 10_15_7) AppleWebKit/537.36 (KHTML, like Gecko) Chrome/118.0.0.0 Safari/537.36"
93.162.98.150 - - [02/Nov/2023:22:09:45 +0000] "POST /wp-admin/admin-ajax.php HTTP/1.1" 404 1025 "https://talmedos.com/wp-admin/edit.php?post_type=page" "Mozilla/5.0 (Macintosh; Intel Mac OS X 10_15_7) AppleWebKit/537.36 (KHTML, like Gecko) Chrome/118.0.0.0 Safari/537.36"
93.162.98.150 - - [02/Nov/2023:22:10:00 +0000] "POST /wp-admin/admin-ajax.php HTTP/1.1" 404 1025 "https://talmedos.com/wp-admin/edit.php?post_type=page" "Mozilla/5.0 (Macintosh; Intel Mac OS X 10_15_7) AppleWebKit/537.36 (KHTML, like Gecko) Chrome/118.0.0.0 Safari/537.36"
93.162.98.150 - - [02/Nov/2023:22:10:29 +0000] "POST /wp-admin/admin-ajax.php HTTP/1.1" 404 1025 "https://talmedos.com/wp-admin/edit.php?post_type=page" "Mozilla/5.0 (Macintosh; Intel Mac OS X 10_15_7) AppleWebKit/537.36 (KHTML, like Gecko) Chrome/118.0.0.0 Safari/537.36"
93.162.98.150 - - [02/Nov/2023:22:10:44 +0000] "POST /wp-admin/admin-ajax.php HTTP/1.1" 404 1025 "https://talmedos.com/wp-admin/edit.php?post_type=page" "Mozilla/5.0 (Macintosh; Intel Mac OS X 10_15_7) AppleWebKit/537.36 (KHTML, like Gecko) Chrome/118.0.0.0 Safari/537.36"
93.162.98.150 - - [02/Nov/2023:22:11:26 +0000] "POST /wp-admin/admin-ajax.php HTTP/1.1" 404 1025 "https://talmedos.com/wp-admin/post-new.php?post_type=page" "Mozilla/5.0 (Macintosh; Intel Mac OS X 10_15_7) AppleWebKit/537.36 (KHTML, like Gecko) Chrome/118.0.0.0 Safari/537.36"
93.162.98.150 - - [02/Nov/2023:22:12:12 +0000] "POST /wp-admin/admin-ajax.php HTTP/1.1" 404 1025 "https://talmedos.com/wp-admin/edit.php?post_type=page" "Mozilla/5.0 (Macintosh; Intel Mac OS X 10_15_7) AppleWebKit/537.36 (KHTML, like Gecko) Chrome/118.0.0.0 Safari/537.36"
93.162.98.150 - - [02/Nov/2023:22:12:27 +0000] "POST /wp-admin/admin-ajax.php HTTP/1.1" 404 1025 "https://talmedos.com/wp-admin/edit.php?post_type=page" "Mozilla/5.0 (Macintosh; Intel Mac OS X 10_15_7) AppleWebKit/537.36 (KHTML, like Gecko) Chrome/118.0.0.0 Safari/537.36"
93.162.98.150 - - [02/Nov/2023:22:12:42 +0000] "POST /wp-admin/admin-ajax.php HTTP/1.1" 404 1025 "https://talmedos.com/wp-admin/edit.php?post_type=page" "Mozilla/5.0 (Macintosh; Intel Mac OS X 10_15_7) AppleWebKit/537.36 (KHTML, like Gecko) Chrome/118.0.0.0 Safari/537.36"
93.162.98.150 - - [02/Nov/2023:22:13:26 +0000] "POST /wp-admin/admin-ajax.php HTTP/1.1" 404 1025 "https://talmedos.com/wp-admin/post-new.php?post_type=page" "Mozilla/5.0 (Macintosh; Intel Mac OS X 10_15_7) AppleWebKit/537.36 (KHTML, like Gecko) Chrome/118.0.0.0 Safari/537.36"
93.162.98.150 - - [02/Nov/2023:22:14:01 +0000] "POST /wp-admin/admin-ajax.php HTTP/1.1" 404 1025 "https://talmedos.com/wp-admin/edit.php?post_type=page" "Mozilla/5.0 (Macintosh; Intel Mac OS X 10_15_7) AppleWebKit/537.36 (KHTML, like Gecko) Chrome/118.0.0.0 Safari/537.36"
93.162.98.150 - - [02/Nov/2023:22:14:15 +0000] "POST /wp-admin/admin-ajax.php HTTP/1.1" 404 1025 "https://talmedos.com/wp-admin/edit.php?post_type=page" "Mozilla/5.0 (Macintosh; Intel Mac OS X 10_15_7) AppleWebKit/537.36 (KHTML, like Gecko) Chrome/118.0.0.0 Safari/537.36"
93.162.98.150 - - [02/Nov/2023:22:14:26 +0000] "POST /wp-admin/admin-ajax.php HTTP/1.1" 404 1025 "https://talmedos.com/wp-admin/post-new.php?post_type=page" "Mozilla/5.0 (Macintosh; Intel Mac OS X 10_15_7) AppleWebKit/537.36 (KHTML, like Gecko) Chrome/118.0.0.0 Safari/537.36"
192.0.102.40 - - [02/Nov/2023:22:14:28 +0000] "HEAD / HTTP/1.1" 200 3836 "-" "jetmon/1.0 (Jetpack Site Uptime Monitor by WordPress.com)"
93.162.98.150 - - [02/Nov/2023:22:14:30 +0000] "POST /wp-admin/admin-ajax.php HTTP/1.1" 404 513 "https://talmedos.com/wp-admin/edit.php?post_type=page" "Mozilla/5.0 (Macintosh; Intel Mac OS X 10_15_7) AppleWebKit/537.36 (KHTML, like Gecko) Chrome/118.0.0.0 Safari/537.36"
93.162.98.150 - - [02/Nov/2023:22:16:26 +0000] "POST /wp-admin/admin-ajax.php HTTP/1.1" 404 1025 "https://talmedos.com/wp-admin/post-new.php?post_type=page" "Mozilla/5.0 (Macintosh; Intel Mac OS X 10_15_7) AppleWebKit/537.36 (KHTML, like Gecko) Chrome/118.0.0.0 Safari/537.36"
93.162.98.150 - - [02/Nov/2023:22:16:30 +0000] "POST /wp-admin/admin-ajax.php HTTP/1.1" 404 513 "https://talmedos.com/wp-admin/edit.php?post_type=page" "Mozilla/5.0 (Macintosh; Intel Mac OS X 10_15_7) AppleWebKit/537.36 (KHTML, like Gecko) Chrome/118.0.0.0 Safari/537.36"
93.162.98.150 - - [02/Nov/2023:22:17:47 +0000] "POST /wp-admin/admin-ajax.php HTTP/1.1" 404 1025 "https://talmedos.com/wp-admin/post-new.php?post_type=page" "Mozilla/5.0 (Macintosh; Intel Mac OS X 10_15_7) AppleWebKit/537.36 (KHTML, like Gecko) Chrome/118.0.0.0 Safari/537.36"
93.162.98.150 - - [02/Nov/2023:22:18:30 +0000] "POST /wp-admin/admin-ajax.php HTTP/1.1" 404 1025 "https://talmedos.com/wp-admin/edit.php?post_type=page" "Mozilla/5.0 (Macintosh; Intel Mac OS X 10_15_7) AppleWebKit/537.36 (KHTML, like Gecko) Chrome/118.0.0.0 Safari/537.36"
93.162.98.150 - - [02/Nov/2023:22:18:47 +0000] "POST /wp-admin/admin-ajax.php HTTP/1.1" 404 1025 "https://talmedos.com/wp-admin/post-new.php?post_type=page" "Mozilla/5.0 (Macintosh; Intel Mac OS X 10_15_7) AppleWebKit/537.36 (KHTML, like Gecko) Chrome/118.0.0.0 Safari/537.36"
192.0.102.40 - - [02/Nov/2023:22:19:27 +0000] "HEAD / HTTP/1.1" 200 3836 "-" "jetmon/1.0 (Jetpack Site Uptime Monitor by WordPress.com)"
93.162.98.150 - - [02/Nov/2023:22:19:47 +0000] "POST /wp-admin/admin-ajax.php HTTP/1.1" 404 1025 "https://talmedos.com/wp-admin/post-new.php?post_type=page" "Mozilla/5.0 (Macintosh; Intel Mac OS X 10_15_7) AppleWebKit/537.36 (KHTML, like Gecko) Chrome/118.0.0.0 Safari/537.36"
93.162.98.150 - - [02/Nov/2023:22:20:30 +0000] "POST /wp-admin/admin-ajax.php HTTP/1.1" 404 1025 "https://talmedos.com/wp-admin/edit.php?post_type=page" "Mozilla/5.0 (Macintosh; Intel Mac OS X 10_15_7) AppleWebKit/537.36 (KHTML, like Gecko) Chrome/118.0.0.0 Safari/537.36"
212.43.121.137 - - [02/Nov/2023:22:20:55 +0000] "GET //wp-config.cache HTTP/1.1" 404 4096 "-" "Mozilla/5.0 (X11; Ubuntu; Linux x86_64; rv:62.0) Gecko/20100101 Firefox/62.0"
93.162.98.150 - - [02/Nov/2023:22:21:46 +0000] "POST /wp-admin/admin-ajax.php HTTP/1.1" 404 1025 "https://talmedos.com/wp-admin/post-new.php?post_type=page" "Mozilla/5.0 (Macintosh; Intel Mac OS X 10_15_7) AppleWebKit/537.36 (KHTML, like Gecko) Chrome/118.0.0.0 Safari/537.36"
93.162.98.150 - - [02/Nov/2023:22:22:30 +0000] "POST /wp-admin/admin-ajax.php HTTP/1.1" 404 1025 "https://talmedos.com/wp-admin/edit.php?post_type=page" "Mozilla/5.0 (Macintosh; Intel Mac OS X 10_15_7) AppleWebKit/537.36 (KHTML, like Gecko) Chrome/118.0.0.0 Safari/537.36"
93.162.98.150 - - [02/Nov/2023:22:22:46 +0000] "POST /wp-admin/admin-ajax.php HTTP/1.1" 404 1025 "https://talmedos.com/wp-admin/post-new.php?post_type=page" "Mozilla/5.0 (Macintosh; Intel Mac OS X 10_15_7) AppleWebKit/537.36 (KHTML, like Gecko) Chrome/118.0.0.0 Safari/537.36"
93.162.98.150 - - [02/Nov/2023:22:23:41 +0000] "POST /wp-admin/admin-ajax.php HTTP/1.1" 404 1025 "https://talmedos.com/wp-admin/edit.php?post_type=page" "Mozilla/5.0 (Macintosh; Intel Mac OS X 10_15_7) AppleWebKit/537.36 (KHTML, like Gecko) Chrome/118.0.0.0 Safari/537.36"
93.162.98.150 - - [02/Nov/2023:22:23:46 +0000] "POST /wp-admin/admin-ajax.php HTTP/1.1" 404 1025 "https://talmedos.com/wp-admin/post-new.php?post_type=page" "Mozilla/5.0 (Macintosh; Intel Mac OS X 10_15_7) AppleWebKit/537.36 (KHTML, like Gecko) Chrome/118.0.0.0 Safari/537.36"
93.162.98.150 - - [02/Nov/2023:22:23:56 +0000] "POST /wp-admin/admin-ajax.php HTTP/1.1" 404 1025 "https://talmedos.com/wp-admin/edit.php?post_type=page" "Mozilla/5.0 (Macintosh; Intel Mac OS X 10_15_7) AppleWebKit/537.36 (KHTML, like Gecko) Chrome/118.0.0.0 Safari/537.36"
192.0.102.40 - - [02/Nov/2023:22:24:27 +0000] "HEAD / HTTP/1.1" 200 3836 "-" "jetmon/1.0 (Jetpack Site Uptime Monitor by WordPress.com)"
93.162.98.150 - - [02/Nov/2023:22:24:31 +0000] "POST /wp-admin/admin-ajax.php HTTP/1.1" 404 1025 "https://talmedos.com/wp-admin/edit.php?post_type=page" "Mozilla/5.0 (Macintosh; Intel Mac OS X 10_15_7) AppleWebKit/537.36 (KHTML, like Gecko) Chrome/118.0.0.0 Safari/537.36"
93.162.98.150 - - [02/Nov/2023:22:24:46 +0000] "POST /wp-admin/admin-ajax.php HTTP/1.1" 404 1025 "https://talmedos.com/wp-admin/post-new.php?post_type=page" "Mozilla/5.0 (Macintosh; Intel Mac OS X 10_15_7) AppleWebKit/537.36 (KHTML, like Gecko) Chrome/118.0.0.0 Safari/537.36"
93.162.98.150 - - [02/Nov/2023:22:24:46 +0000] "POST /wp-admin/admin-ajax.php HTTP/1.1" 404 513 "https://talmedos.com/wp-admin/edit.php?post_type=page" "Mozilla/5.0 (Macintosh; Intel Mac OS X 10_15_7) AppleWebKit/537.36 (KHTML, like Gecko) Chrome/118.0.0.0 Safari/537.36"
58.211.23.183 - - [02/Nov/2023:22:25:42 +0000] "GET / HTTP/1.1" 200 27804 "-" "Dalvik/2.1.0 (Linux; U; Android 9.0; ZTE BA520 Build/MRA58K)"
93.162.98.150 - - [02/Nov/2023:22:26:46 +0000] "POST /wp-admin/admin-ajax.php HTTP/1.1" 404 1025 "https://talmedos.com/wp-admin/post-new.php?post_type=page" "Mozilla/5.0 (Macintosh; Intel Mac OS X 10_15_7) AppleWebKit/537.36 (KHTML, like Gecko) Chrome/118.0.0.0 Safari/537.36"
93.162.98.150 - - [02/Nov/2023:22:26:46 +0000] "POST /wp-admin/admin-ajax.php HTTP/1.1" 404 513 "https://talmedos.com/wp-admin/edit.php?post_type=page" "Mozilla/5.0 (Macintosh; Intel Mac OS X 10_15_7) AppleWebKit/537.36 (KHTML, like Gecko) Chrome/118.0.0.0 Safari/537.36"
93.162.98.150 - - [02/Nov/2023:22:28:46 +0000] "POST /wp-admin/admin-ajax.php HTTP/1.1" 404 1025 "https://talmedos.com/wp-admin/post-new.php?post_type=page" "Mozilla/5.0 (Macintosh; Intel Mac OS X 10_15_7) AppleWebKit/537.36 (KHTML, like Gecko) Chrome/118.0.0.0 Safari/537.36"
93.162.98.150 - - [02/Nov/2023:22:28:46 +0000] "POST /wp-admin/admin-ajax.php HTTP/1.1" 404 513 "https://talmedos.com/wp-admin/edit.php?post_type=page" "Mozilla/5.0 (Macintosh; Intel Mac OS X 10_15_7) AppleWebKit/537.36 (KHTML, like Gecko) Chrome/118.0.0.0 Safari/537.36"
192.0.102.40 - - [02/Nov/2023:22:29:28 +0000] "HEAD / HTTP/1.1" 200 3836 "-" "jetmon/1.0 (Jetpack Site Uptime Monitor by WordPress.com)"
93.162.98.150 - - [02/Nov/2023:22:30:03 +0000] "POST /wp-admin/admin-ajax.php HTTP/1.1" 404 1025 "https://talmedos.com/wp-admin/edit.php?post_type=page" "Mozilla/5.0 (Macintosh; Intel Mac OS X 10_15_7) AppleWebKit/537.36 (KHTML, like Gecko) Chrome/118.0.0.0 Safari/537.36"
93.162.98.150 - - [02/Nov/2023:22:30:18 +0000] "POST /wp-admin/admin-ajax.php HTTP/1.1" 404 1025 "https://talmedos.com/wp-admin/edit.php?post_type=page" "Mozilla/5.0 (Macintosh; Intel Mac OS X 10_15_7) AppleWebKit/537.36 (KHTML, like Gecko) Chrome/118.0.0.0 Safari/537.36"
93.162.98.150 - - [02/Nov/2023:22:30:46 +0000] "POST /wp-admin/admin-ajax.php HTTP/1.1" 404 1025 "https://talmedos.com/wp-admin/post-new.php?post_type=page" "Mozilla/5.0 (Macintosh; Intel Mac OS X 10_15_7) AppleWebKit/537.36 (KHTML, like Gecko) Chrome/118.0.0.0 Safari/537.36"
175.207.198.56 - - [02/Nov/2023:22:30:55 +0000] "GET //wp-config.cfg HTTP/1.1" 404 4096 "-" "Mozilla/5.0 (X11; Ubuntu; Linux x86_64; rv:62.0) Gecko/20100101 Firefox/62.0"
93.162.98.150 - - [02/Nov/2023:22:31:11 +0000] "POST /wp-admin/admin-ajax.php HTTP/1.1" 404 1025 "https://talmedos.com/wp-admin/edit.php?post_type=page" "Mozilla/5.0 (Macintosh; Intel Mac OS X 10_15_7) AppleWebKit/537.36 (KHTML, like Gecko) Chrome/118.0.0.0 Safari/537.36"
93.162.98.150 - - [02/Nov/2023:22:31:26 +0000] "POST /wp-admin/admin-ajax.php HTTP/1.1" 404 1025 "https://talmedos.com/wp-admin/edit.php?post_type=page" "Mozilla/5.0 (Macintosh; Intel Mac OS X 10_15_7) AppleWebKit/537.36 (KHTML, like Gecko) Chrome/118.0.0.0 Safari/537.36"
93.162.98.150 - - [02/Nov/2023:22:31:41 +0000] "POST /wp-admin/admin-ajax.php HTTP/1.1" 404 1025 "https://talmedos.com/wp-admin/edit.php?post_type=page" "Mozilla/5.0 (Macintosh; Intel Mac OS X 10_15_7) AppleWebKit/537.36 (KHTML, like Gecko) Chrome/118.0.0.0 Safari/537.36"
93.162.98.150 - - [02/Nov/2023:22:31:46 +0000] "POST /wp-admin/admin-ajax.php HTTP/1.1" 404 513 "https://talmedos.com/wp-admin/post-new.php?post_type=page" "Mozilla/5.0 (Macintosh; Intel Mac OS X 10_15_7) AppleWebKit/537.36 (KHTML, like Gecko) Chrome/118.0.0.0 Safari/537.36"
93.162.98.150 - - [02/Nov/2023:22:33:01 +0000] "POST /wp-admin/admin-ajax.php HTTP/1.1" 404 1025 "https://talmedos.com/wp-admin/edit.php?post_type=page" "Mozilla/5.0 (Macintosh; Intel Mac OS X 10_15_7) AppleWebKit/537.36 (KHTML, like Gecko) Chrome/118.0.0.0 Safari/537.36"
93.162.98.150 - - [02/Nov/2023:22:33:16 +0000] "POST /wp-admin/admin-ajax.php HTTP/1.1" 404 1025 "https://talmedos.com/wp-admin/edit.php?post_type=page" "Mozilla/5.0 (Macintosh; Intel Mac OS X 10_15_7) AppleWebKit/537.36 (KHTML, like Gecko) Chrome/118.0.0.0 Safari/537.36"
93.162.98.150 - - [02/Nov/2023:22:33:46 +0000] "POST /wp-admin/admin-ajax.php HTTP/1.1" 404 1025 "https://talmedos.com/wp-admin/post-new.php?post_type=page" "Mozilla/5.0 (Macintosh; Intel Mac OS X 10_15_7) AppleWebKit/537.36 (KHTML, like Gecko) Chrome/118.0.0.0 Safari/537.36"
192.0.102.40 - - [02/Nov/2023:22:34:27 +0000] "HEAD / HTTP/1.1" 200 3836 "-" "jetmon/1.0 (Jetpack Site Uptime Monitor by WordPress.com)"
93.162.98.150 - - [02/Nov/2023:22:34:32 +0000] "POST /wp-admin/admin-ajax.php HTTP/1.1" 404 1025 "https://talmedos.com/wp-admin/edit.php?post_type=page" "Mozilla/5.0 (Macintosh; Intel Mac OS X 10_15_7) AppleWebKit/537.36 (KHTML, like Gecko) Chrome/118.0.0.0 Safari/537.36"
93.162.98.150 - - [02/Nov/2023:22:34:47 +0000] "POST /wp-admin/admin-ajax.php HTTP/1.1" 404 1025 "https://talmedos.com/wp-admin/edit.php?post_type=page" "Mozilla/5.0 (Macintosh; Intel Mac OS X 10_15_7) AppleWebKit/537.36 (KHTML, like Gecko) Chrome/118.0.0.0 Safari/537.36"
93.162.98.150 - - [02/Nov/2023:22:35:02 +0000] "POST /wp-admin/admin-ajax.php HTTP/1.1" 404 1025 "https://talmedos.com/wp-admin/edit.php?post_type=page" "Mozilla/5.0 (Macintosh; Intel Mac OS X 10_15_7) AppleWebKit/537.36 (KHTML, like Gecko) Chrome/118.0.0.0 Safari/537.36"
93.162.98.150 - - [02/Nov/2023:22:35:44 +0000] "POST /wp-admin/admin-ajax.php HTTP/1.1" 404 1025 "https://talmedos.com/wp-admin/edit.php?post_type=page" "Mozilla/5.0 (Macintosh; Intel Mac OS X 10_15_7) AppleWebKit/537.36 (KHTML, like Gecko) Chrome/118.0.0.0 Safari/537.36"
93.162.98.150 - - [02/Nov/2023:22:35:46 +0000] "POST /wp-admin/admin-ajax.php HTTP/1.1" 404 513 "https://talmedos.com/wp-admin/post-new.php?post_type=page" "Mozilla/5.0 (Macintosh; Intel Mac OS X 10_15_7) AppleWebKit/537.36 (KHTML, like Gecko) Chrome/118.0.0.0 Safari/537.36"
93.162.98.150 - - [02/Nov/2023:22:35:59 +0000] "POST /wp-admin/admin-ajax.php HTTP/1.1" 404 1025 "https://talmedos.com/wp-admin/edit.php?post_type=page" "Mozilla/5.0 (Macintosh; Intel Mac OS X 10_15_7) AppleWebKit/537.36 (KHTML, like Gecko) Chrome/118.0.0.0 Safari/537.36"
93.162.98.150 - - [02/Nov/2023:22:37:46 +0000] "POST /wp-admin/admin-ajax.php HTTP/1.1" 404 1025 "https://talmedos.com/wp-admin/post-new.php?post_type=page" "Mozilla/5.0 (Macintosh; Intel Mac OS X 10_15_7) AppleWebKit/537.36 (KHTML, like Gecko) Chrome/118.0.0.0 Safari/537.36"
93.162.98.150 - - [02/Nov/2023:22:37:54 +0000] "POST /wp-admin/admin-ajax.php HTTP/1.1" 404 1025 "https://talmedos.com/wp-admin/edit.php?post_type=page" "Mozilla/5.0 (Macintosh; Intel Mac OS X 10_15_7) AppleWebKit/537.36 (KHTML, like Gecko) Chrome/118.0.0.0 Safari/537.36"
93.162.98.150 - - [02/Nov/2023:22:38:09 +0000] "POST /wp-admin/admin-ajax.php HTTP/1.1" 404 1025 "https://talmedos.com/wp-admin/edit.php?post_type=page" "Mozilla/5.0 (Macintosh; Intel Mac OS X 10_15_7) AppleWebKit/537.36 (KHTML, like Gecko) Chrome/118.0.0.0 Safari/537.36"
31.33.59.84 - - [02/Nov/2023:22:37:57 +0000] "GET / HTTP/1.0" 200 33333 "-" "-"
93.162.98.150 - - [02/Nov/2023:22:38:56 +0000] "POST /wp-admin/admin-ajax.php HTTP/1.1" 404 1025 "https://talmedos.com/wp-admin/edit.php?post_type=page" "Mozilla/5.0 (Macintosh; Intel Mac OS X 10_15_7) AppleWebKit/537.36 (KHTML, like Gecko) Chrome/118.0.0.0 Safari/537.36"
93.162.98.150 - - [02/Nov/2023:22:39:11 +0000] "POST /wp-admin/admin-ajax.php HTTP/1.1" 404 1025 "https://talmedos.com/wp-admin/edit.php?post_type=page" "Mozilla/5.0 (Macintosh; Intel Mac OS X 10_15_7) AppleWebKit/537.36 (KHTML, like Gecko) Chrome/118.0.0.0 Safari/537.36"
192.0.102.40 - - [02/Nov/2023:22:39:27 +0000] "HEAD / HTTP/1.1" 200 3836 "-" "jetmon/1.0 (Jetpack Site Uptime Monitor by WordPress.com)"
93.162.98.150 - - [02/Nov/2023:22:39:46 +0000] "POST /wp-admin/admin-ajax.php HTTP/1.1" 404 1025 "https://talmedos.com/wp-admin/post-new.php?post_type=page" "Mozilla/5.0 (Macintosh; Intel Mac OS X 10_15_7) AppleWebKit/537.36 (KHTML, like Gecko) Chrome/118.0.0.0 Safari/537.36"
93.162.98.150 - - [02/Nov/2023:22:40:04 +0000] "POST /wp-admin/admin-ajax.php HTTP/1.1" 404 1025 "https://talmedos.com/wp-admin/edit.php?post_type=page" "Mozilla/5.0 (Macintosh; Intel Mac OS X 10_15_7) AppleWebKit/537.36 (KHTML, like Gecko) Chrome/118.0.0.0 Safari/537.36"
93.162.98.150 - - [02/Nov/2023:22:40:19 +0000] "POST /wp-admin/admin-ajax.php HTTP/1.1" 404 1025 "https://talmedos.com/wp-admin/edit.php?post_type=page" "Mozilla/5.0 (Macintosh; Intel Mac OS X 10_15_7) AppleWebKit/537.36 (KHTML, like Gecko) Chrome/118.0.0.0 Safari/537.36"
93.162.98.150 - - [02/Nov/2023:22:41:46 +0000] "POST /wp-admin/admin-ajax.php HTTP/1.1" 404 1025 "https://talmedos.com/wp-admin/post-new.php?post_type=page" "Mozilla/5.0 (Macintosh; Intel Mac OS X 10_15_7) AppleWebKit/537.36 (KHTML, like Gecko) Chrome/118.0.0.0 Safari/537.36"
93.162.98.150 - - [02/Nov/2023:22:42:19 +0000] "POST /wp-admin/admin-ajax.php HTTP/1.1" 404 1025 "https://talmedos.com/wp-admin/edit.php?post_type=page" "Mozilla/5.0 (Macintosh; Intel Mac OS X 10_15_7) AppleWebKit/537.36 (KHTML, like Gecko) Chrome/118.0.0.0 Safari/537.36"
93.162.98.150 - - [02/Nov/2023:22:43:04 +0000] "POST /wp-admin/admin-ajax.php HTTP/1.1" 404 1025 "https://talmedos.com/wp-admin/edit.php?post_type=page" "Mozilla/5.0 (Macintosh; Intel Mac OS X 10_15_7) AppleWebKit/537.36 (KHTML, like Gecko) Chrome/118.0.0.0 Safari/537.36"
93.162.98.150 - - [02/Nov/2023:22:43:19 +0000] "POST /wp-admin/admin-ajax.php HTTP/1.1" 404 1025 "https://talmedos.com/wp-admin/edit.php?post_type=page" "Mozilla/5.0 (Macintosh; Intel Mac OS X 10_15_7) AppleWebKit/537.36 (KHTML, like Gecko) Chrome/118.0.0.0 Safari/537.36"
93.162.98.150 - - [02/Nov/2023:22:43:34 +0000] "POST /wp-admin/admin-ajax.php HTTP/1.1" 404 1025 "https://talmedos.com/wp-admin/edit.php?post_type=page" "Mozilla/5.0 (Macintosh; Intel Mac OS X 10_15_7) AppleWebKit/537.36 (KHTML, like Gecko) Chrome/118.0.0.0 Safari/537.36"
93.162.98.150 - - [02/Nov/2023:22:43:49 +0000] "POST /wp-admin/admin-ajax.php HTTP/1.1" 404 1025 "https://talmedos.com/wp-admin/edit.php?post_type=page" "Mozilla/5.0 (Macintosh; Intel Mac OS X 10_15_7) AppleWebKit/537.36 (KHTML, like Gecko) Chrome/118.0.0.0 Safari/537.36"
192.0.102.40 - - [02/Nov/2023:22:44:28 +0000] "HEAD / HTTP/1.1" 200 3836 "-" "jetmon/1.0 (Jetpack Site Uptime Monitor by WordPress.com)"
