104.197.209.149 - - [01/Nov/2023:07:26:39 +0000] "POST /xmlrpc.php HTTP/1.1" 200 3626 "-" "Mozilla/5.0 (X11; Fedora; Linux x86_64; rv:94.0) Gecko/20100101 Firefox/95.0"
192.0.102.40 - - [01/Nov/2023:07:29:28 +0000] "HEAD / HTTP/1.1" 200 3915 "-" "jetmon/1.0 (Jetpack Site Uptime Monitor by WordPress.com)"
46.101.144.32 - - [01/Nov/2023:07:31:21 +0000] "POST /wp-cron.php?doing_wp_cron=1698823881.2491199970245361328125 HTTP/1.1" 200 3995 "-" "WordPress/6.3.2; https://talmedos.com"
165.232.78.206 - - [01/Nov/2023:07:31:21 +0000] "POST /xmlrpc.php HTTP/1.1" 200 3626 "-" "Mozilla/5.0 (X11; Fedora; Linux x86_64; rv:94.0) Gecko/20100101 Firefox/95.0"
46.101.144.32 - - [01/Nov/2023:07:34:27 +0000] "POST /wp-cron.php?doing_wp_cron=1698824067.0500669479370117187500 HTTP/1.1" 200 3995 "-" "WordPress/6.3.2; https://talmedos.com"
192.0.102.40 - - [01/Nov/2023:07:34:27 +0000] "HEAD / HTTP/1.1" 200 3915 "-" "jetmon/1.0 (Jetpack Site Uptime Monitor by WordPress.com)"
161.97.147.235 - - [01/Nov/2023:07:35:46 +0000] "POST /xmlrpc.php HTTP/1.1" 200 3626 "-" "Mozilla/5.0 (X11; Fedora; Linux x86_64; rv:94.0) Gecko/20100101 Firefox/95.0"
83.136.252.73 - - [01/Nov/2023:07:35:49 +0000] "GET /login HTTP/1.1" 404 4096 "-" "Mozilla/5.0 (Windows NT 10.0; Win64; x64) AppleWebKit/537.36 (KHTML, like Gecko) Chrome/101.0.4951.41 Safari/537.36 Edg/101.0.1210.32"
46.101.144.32 - - [01/Nov/2023:07:39:26 +0000] "POST /wp-cron.php?doing_wp_cron=1698824366.8710980415344238281250 HTTP/1.1" 200 3995 "-" "WordPress/6.3.2; https://talmedos.com"
192.0.102.40 - - [01/Nov/2023:07:39:26 +0000] "HEAD / HTTP/1.1" 200 3915 "-" "jetmon/1.0 (Jetpack Site Uptime Monitor by WordPress.com)"
68.178.148.52 - - [01/Nov/2023:07:40:04 +0000] "POST /xmlrpc.php HTTP/1.1" 200 3625 "-" "Mozilla/5.0 (X11; Fedora; Linux x86_64; rv:94.0) Gecko/20100101 Firefox/95.0"
46.101.144.32 - - [01/Nov/2023:07:44:27 +0000] "POST /wp-cron.php?doing_wp_cron=1698824667.7545800209045410156250 HTTP/1.1" 200 3995 "-" "WordPress/6.3.2; https://talmedos.com"
192.0.102.40 - - [01/Nov/2023:07:44:27 +0000] "HEAD / HTTP/1.1" 200 3915 "-" "jetmon/1.0 (Jetpack Site Uptime Monitor by WordPress.com)"
177.136.203.45 - - [01/Nov/2023:07:44:32 +0000] "POST /xmlrpc.php HTTP/1.1" 200 3625 "-" "Mozilla/5.0 (X11; Fedora; Linux x86_64; rv:94.0) Gecko/20100101 Firefox/95.0"
46.101.144.32 - - [01/Nov/2023:07:48:57 +0000] "POST /wp-cron.php?doing_wp_cron=1698824937.1039109230041503906250 HTTP/1.1" 200 3995 "-" "WordPress/6.3.2; https://talmedos.com"
208.113.186.10 - - [01/Nov/2023:07:48:57 +0000] "POST /xmlrpc.php HTTP/1.1" 200 3608 "-" "Mozilla/5.0 (X11; Fedora; Linux x86_64; rv:94.0) Gecko/20100101 Firefox/95.0"
192.0.102.40 - - [01/Nov/2023:07:49:26 +0000] "HEAD / HTTP/1.1" 200 3915 "-" "jetmon/1.0 (Jetpack Site Uptime Monitor by WordPress.com)"
46.101.144.32 - - [01/Nov/2023:07:53:35 +0000] "POST /wp-cron.php?doing_wp_cron=1698825215.3022799491882324218750 HTTP/1.1" 200 3995 "-" "WordPress/6.3.2; https://talmedos.com"
68.178.146.19 - - [01/Nov/2023:07:53:35 +0000] "POST /xmlrpc.php HTTP/1.1" 200 3625 "-" "Mozilla/5.0 (X11; Fedora; Linux x86_64; rv:94.0) Gecko/20100101 Firefox/95.0"
192.0.102.40 - - [01/Nov/2023:07:54:26 +0000] "HEAD / HTTP/1.1" 200 3915 "-" "jetmon/1.0 (Jetpack Site Uptime Monitor by WordPress.com)"
165.232.78.206 - - [01/Nov/2023:07:57:56 +0000] "POST /xmlrpc.php HTTP/1.1" 200 3626 "-" "Mozilla/5.0 (X11; Fedora; Linux x86_64; rv:94.0) Gecko/20100101 Firefox/95.0"
46.101.144.32 - - [01/Nov/2023:07:57:58 +0000] "GET /index.php?rest_route=%2Fjetpack%2Fv4%2Fsync%2Fspawn-sync&time=1698825478&request_lock_id=1698825478.0228 HTTP/1.1" 200 4013 "-" "WordPress/6.3.2; https://talmedos.com"
46.101.144.32 - - [01/Nov/2023:07:57:59 +0000] "GET /index.php?rest_route=%2Fjetpack%2Fv4%2Fsync%2Fspawn-sync&time=1698825479&request_lock_id=1698825479.3544 HTTP/1.1" 200 4013 "-" "WordPress/6.3.2; https://talmedos.com"
46.101.144.32 - - [01/Nov/2023:07:57:57 +0000] "POST /wp-cron.php?doing_wp_cron=1698825476.9882309436798095703125 HTTP/1.1" 200 3995 "-" "WordPress/6.3.2; https://talmedos.com"
192.0.102.40 - - [01/Nov/2023:07:59:27 +0000] "HEAD / HTTP/1.1" 200 3915 "-" "jetmon/1.0 (Jetpack Site Uptime Monitor by WordPress.com)"
46.101.144.32 - - [01/Nov/2023:08:01:15 +0000] "POST /wp-cron.php?doing_wp_cron=1698825675.9321269989013671875000 HTTP/1.1" 200 3995 "-" "WordPress/6.3.2; https://talmedos.com"
167.94.138.33 - - [01/Nov/2023:08:01:15 +0000] "GET / HTTP/1.1" 200 9020 "-" "Mozilla/5.0 (compatible; CensysInspect/1.1; +https://about.censys.io/)"
167.94.138.33 - - [01/Nov/2023:08:01:16 +0000] "GET /favicon.ico HTTP/1.1" 404 4097 "-" "Mozilla/5.0 (compatible; CensysInspect/1.1; +https://about.censys.io/)"
46.101.144.32 - - [01/Nov/2023:08:02:32 +0000] "POST /wp-cron.php?doing_wp_cron=1698825752.6890590190887451171875 HTTP/1.1" 200 3995 "-" "WordPress/6.3.2; https://talmedos.com"
209.97.145.94 - - [01/Nov/2023:08:02:32 +0000] "POST /xmlrpc.php HTTP/1.1" 200 3625 "-" "Mozilla/5.0 (X11; Fedora; Linux x86_64; rv:94.0) Gecko/20100101 Firefox/95.0"
212.90.120.97 - - [01/Nov/2023:08:04:18 +0000] "GET /.well-known/autoload_classmap.php HTTP/1.1" 404 3510 "http://talmedos.com/.well-known/autoload_classmap.php" "Mozilla/5.0 (Windows; U; Windows NT 5.1; en-US) AppleWebKit/533.4 (KHTML, like Gecko) Chrome/5.0.375.99 Safari/533.4"
192.0.102.40 - - [01/Nov/2023:08:04:26 +0000] "HEAD / HTTP/1.1" 200 3915 "-" "jetmon/1.0 (Jetpack Site Uptime Monitor by WordPress.com)"
46.101.144.32 - - [01/Nov/2023:08:06:59 +0000] "POST /wp-cron.php?doing_wp_cron=1698826019.9368629455566406250000 HTTP/1.1" 200 3995 "-" "WordPress/6.3.2; https://talmedos.com"
69.63.64.21 - - [01/Nov/2023:08:06:59 +0000] "POST /xmlrpc.php HTTP/1.1" 200 3623 "-" "Mozilla/5.0 (X11; Fedora; Linux x86_64; rv:94.0) Gecko/20100101 Firefox/95.0"
5.179.80.204 - - [01/Nov/2023:08:08:00 +0000] "POST /wp-admin/admin-ajax.php HTTP/1.1" 200 4284 "https://talmedos.com/wp-admin/themes.php" "Mozilla/5.0 (Macintosh; Intel Mac OS X 10_15_7) AppleWebKit/537.36 (KHTML, like Gecko) Chrome/118.0.0.0 Safari/537.36"
5.179.80.204 - - [01/Nov/2023:08:08:38 +0000] "POST /wp-admin/admin-ajax.php HTTP/1.1" 200 1129 "https://talmedos.com/wp-admin/about.php" "Mozilla/5.0 (Macintosh; Intel Mac OS X 10_15_7) AppleWebKit/537.36 (KHTML, like Gecko) Chrome/118.0.0.0 Safari/537.36"
5.179.80.204 - - [01/Nov/2023:08:08:38 +0000] "POST /wp-admin/admin-ajax.php HTTP/1.1" 200 835 "https://talmedos.com/wp-admin/post-new.php?post_type=page" "Mozilla/5.0 (Macintosh; Intel Mac OS X 10_15_7) AppleWebKit/537.36 (KHTML, like Gecko) Chrome/118.0.0.0 Safari/537.36"
192.0.102.40 - - [01/Nov/2023:08:09:26 +0000] "HEAD / HTTP/1.1" 200 3915 "-" "jetmon/1.0 (Jetpack Site Uptime Monitor by WordPress.com)"
5.179.80.204 - - [01/Nov/2023:08:09:38 +0000] "POST /wp-admin/admin-ajax.php HTTP/1.1" 200 1129 "https://talmedos.com/wp-admin/about.php" "Mozilla/5.0 (Macintosh; Intel Mac OS X 10_15_7) AppleWebKit/537.36 (KHTML, like Gecko) Chrome/118.0.0.0 Safari/537.36"
5.179.80.204 - - [01/Nov/2023:08:10:01 +0000] "POST /wp-admin/admin-ajax.php HTTP/1.1" 200 1129 "https://talmedos.com/wp-admin/themes.php" "Mozilla/5.0 (Macintosh; Intel Mac OS X 10_15_7) AppleWebKit/537.36 (KHTML, like Gecko) Chrome/118.0.0.0 Safari/537.36"
5.179.80.204 - - [01/Nov/2023:08:10:38 +0000] "POST /wp-admin/admin-ajax.php HTTP/1.1" 200 1180 "https://talmedos.com/wp-admin/post-new.php?post_type=page" "Mozilla/5.0 (Macintosh; Intel Mac OS X 10_15_7) AppleWebKit/537.36 (KHTML, like Gecko) Chrome/118.0.0.0 Safari/537.36"
46.101.144.32 - - [01/Nov/2023:08:11:35 +0000] "POST /wp-cron.php?doing_wp_cron=1698826295.9426109790802001953125 HTTP/1.1" 200 3995 "-" "WordPress/6.3.2; https://talmedos.com"
68.178.148.77 - - [01/Nov/2023:08:11:35 +0000] "POST /xmlrpc.php HTTP/1.1" 200 3625 "-" "Mozilla/5.0 (X11; Fedora; Linux x86_64; rv:94.0) Gecko/20100101 Firefox/95.0"
5.179.80.204 - - [01/Nov/2023:08:11:38 +0000] "POST /wp-admin/admin-ajax.php HTTP/1.1" 200 1129 "https://talmedos.com/wp-admin/about.php" "Mozilla/5.0 (Macintosh; Intel Mac OS X 10_15_7) AppleWebKit/537.36 (KHTML, like Gecko) Chrome/118.0.0.0 Safari/537.36"
5.179.80.204 - - [01/Nov/2023:08:12:02 +0000] "POST /wp-admin/admin-ajax.php HTTP/1.1" 200 1129 "https://talmedos.com/wp-admin/themes.php" "Mozilla/5.0 (Macintosh; Intel Mac OS X 10_15_7) AppleWebKit/537.36 (KHTML, like Gecko) Chrome/118.0.0.0 Safari/537.36"
5.179.80.204 - - [01/Nov/2023:08:12:38 +0000] "POST /wp-admin/admin-ajax.php HTTP/1.1" 200 1180 "https://talmedos.com/wp-admin/post-new.php?post_type=page" "Mozilla/5.0 (Macintosh; Intel Mac OS X 10_15_7) AppleWebKit/537.36 (KHTML, like Gecko) Chrome/118.0.0.0 Safari/537.36"
5.179.80.204 - - [01/Nov/2023:08:13:38 +0000] "POST /wp-admin/admin-ajax.php HTTP/1.1" 200 1129 "https://talmedos.com/wp-admin/about.php" "Mozilla/5.0 (Macintosh; Intel Mac OS X 10_15_7) AppleWebKit/537.36 (KHTML, like Gecko) Chrome/118.0.0.0 Safari/537.36"
5.179.80.204 - - [01/Nov/2023:08:14:03 +0000] "POST /wp-admin/admin-ajax.php HTTP/1.1" 200 1129 "https://talmedos.com/wp-admin/themes.php" "Mozilla/5.0 (Macintosh; Intel Mac OS X 10_15_7) AppleWebKit/537.36 (KHTML, like Gecko) Chrome/118.0.0.0 Safari/537.36"
192.0.102.40 - - [01/Nov/2023:08:14:26 +0000] "HEAD / HTTP/1.1" 200 3915 "-" "jetmon/1.0 (Jetpack Site Uptime Monitor by WordPress.com)"
5.179.80.204 - - [01/Nov/2023:08:14:38 +0000] "POST /wp-admin/admin-ajax.php HTTP/1.1" 200 1180 "https://talmedos.com/wp-admin/post-new.php?post_type=page" "Mozilla/5.0 (Macintosh; Intel Mac OS X 10_15_7) AppleWebKit/537.36 (KHTML, like Gecko) Chrome/118.0.0.0 Safari/537.36"
5.179.80.204 - - [01/Nov/2023:08:15:38 +0000] "POST /wp-admin/admin-ajax.php HTTP/1.1" 200 1129 "https://talmedos.com/wp-admin/about.php" "Mozilla/5.0 (Macintosh; Intel Mac OS X 10_15_7) AppleWebKit/537.36 (KHTML, like Gecko) Chrome/118.0.0.0 Safari/537.36"
46.101.144.32 - - [01/Nov/2023:08:16:04 +0000] "POST /wp-cron.php?doing_wp_cron=1698826564.0722410678863525390625 HTTP/1.1" 200 3995 "-" "WordPress/6.3.2; https://talmedos.com"
5.179.80.204 - - [01/Nov/2023:08:16:04 +0000] "POST /wp-admin/admin-ajax.php HTTP/1.1" 200 1129 "https://talmedos.com/wp-admin/themes.php" "Mozilla/5.0 (Macintosh; Intel Mac OS X 10_15_7) AppleWebKit/537.36 (KHTML, like Gecko) Chrome/118.0.0.0 Safari/537.36"
212.38.40.215 - - [01/Nov/2023:08:16:17 +0000] "POST /xmlrpc.php HTTP/1.1" 200 3609 "-" "Mozilla/5.0 (X11; Fedora; Linux x86_64; rv:94.0) Gecko/20100101 Firefox/95.0"
46.101.144.32 - - [01/Nov/2023:08:16:38 +0000] "POST /wp-cron.php?doing_wp_cron=1698826598.8442850112915039062500 HTTP/1.1" 200 3995 "-" "WordPress/6.3.2; https://talmedos.com"
5.179.80.204 - - [01/Nov/2023:08:16:38 +0000] "POST /wp-admin/admin-ajax.php HTTP/1.1" 200 1180 "https://talmedos.com/wp-admin/post-new.php?post_type=page" "Mozilla/5.0 (Macintosh; Intel Mac OS X 10_15_7) AppleWebKit/537.36 (KHTML, like Gecko) Chrome/118.0.0.0 Safari/537.36"
95.111.234.184 - - [01/Nov/2023:08:16:48 +0000] "GET /repeater.php HTTP/1.1" 404 3610 "-" "Mozlila/5.0 (Linux; Android 7.0; SM-G892A Bulid/NRD90M; wv) AppleWebKit/537.36 (KHTML, like Gecko) Version/4.0 Chrome/60.0.3112.107 Moblie Safari/537.36"
95.111.234.184 - - [01/Nov/2023:08:16:50 +0000] "GET /admin.php HTTP/1.1" 404 3610 "-" "Mozlila/5.0 (Linux; Android 7.0; SM-G892A Bulid/NRD90M; wv) AppleWebKit/537.36 (KHTML, like Gecko) Version/4.0 Chrome/60.0.3112.107 Moblie Safari/537.36"
95.111.234.184 - - [01/Nov/2023:08:16:52 +0000] "GET /about.php HTTP/1.1" 404 3610 "-" "Mozlila/5.0 (Linux; Android 7.0; SM-G892A Bulid/NRD90M; wv) AppleWebKit/537.36 (KHTML, like Gecko) Version/4.0 Chrome/60.0.3112.107 Moblie Safari/537.36"
95.111.234.184 - - [01/Nov/2023:08:17:03 +0000] "GET /about.php7 HTTP/1.1" 404 3610 "-" "Mozlila/5.0 (Linux; Android 7.0; SM-G892A Bulid/NRD90M; wv) AppleWebKit/537.36 (KHTML, like Gecko) Version/4.0 Chrome/60.0.3112.107 Moblie Safari/537.36"
95.111.234.184 - - [01/Nov/2023:08:17:29 +0000] "GET /cloud.php HTTP/1.1" 404 3610 "-" "Mozlila/5.0 (Linux; Android 7.0; SM-G892A Bulid/NRD90M; wv) AppleWebKit/537.36 (KHTML, like Gecko) Version/4.0 Chrome/60.0.3112.107 Moblie Safari/537.36"
5.179.80.204 - - [01/Nov/2023:08:17:38 +0000] "POST /wp-admin/admin-ajax.php HTTP/1.1" 200 1129 "https://talmedos.com/wp-admin/about.php" "Mozilla/5.0 (Macintosh; Intel Mac OS X 10_15_7) AppleWebKit/537.36 (KHTML, like Gecko) Chrome/118.0.0.0 Safari/537.36"
95.111.234.184 - - [01/Nov/2023:08:17:51 +0000] "GET /lock360.php HTTP/1.1" 404 3610 "-" "Mozlila/5.0 (Linux; Android 7.0; SM-G892A Bulid/NRD90M; wv) AppleWebKit/537.36 (KHTML, like Gecko) Version/4.0 Chrome/60.0.3112.107 Moblie Safari/537.36"
95.111.234.184 - - [01/Nov/2023:08:18:00 +0000] "GET /wso.php HTTP/1.1" 404 3610 "-" "Mozlila/5.0 (Linux; Android 7.0; SM-G892A Bulid/NRD90M; wv) AppleWebKit/537.36 (KHTML, like Gecko) Version/4.0 Chrome/60.0.3112.107 Moblie Safari/537.36"
5.179.80.204 - - [01/Nov/2023:08:18:05 +0000] "POST /wp-admin/admin-ajax.php HTTP/1.1" 200 1129 "https://talmedos.com/wp-admin/themes.php" "Mozilla/5.0 (Macintosh; Intel Mac OS X 10_15_7) AppleWebKit/537.36 (KHTML, like Gecko) Chrome/118.0.0.0 Safari/537.36"
95.111.234.184 - - [01/Nov/2023:08:18:10 +0000] "GET /shell20211028.php HTTP/1.1" 404 3610 "-" "Mozlila/5.0 (Linux; Android 7.0; SM-G892A Bulid/NRD90M; wv) AppleWebKit/537.36 (KHTML, like Gecko) Version/4.0 Chrome/60.0.3112.107 Moblie Safari/537.36"
95.111.234.184 - - [01/Nov/2023:08:18:33 +0000] "GET /cong.php HTTP/1.1" 404 3610 "-" "Mozlila/5.0 (Linux; Android 7.0; SM-G892A Bulid/NRD90M; wv) AppleWebKit/537.36 (KHTML, like Gecko) Version/4.0 Chrome/60.0.3112.107 Moblie Safari/537.36"
95.111.234.184 - - [01/Nov/2023:08:18:37 +0000] "GET /network.php HTTP/1.1" 404 3610 "-" "Mozlila/5.0 (Linux; Android 7.0; SM-G892A Bulid/NRD90M; wv) AppleWebKit/537.36 (KHTML, like Gecko) Version/4.0 Chrome/60.0.3112.107 Moblie Safari/537.36"
5.179.80.204 - - [01/Nov/2023:08:18:38 +0000] "POST /wp-admin/admin-ajax.php HTTP/1.1" 200 1129 "https://talmedos.com/wp-admin/about.php" "Mozilla/5.0 (Macintosh; Intel Mac OS X 10_15_7) AppleWebKit/537.36 (KHTML, like Gecko) Chrome/118.0.0.0 Safari/537.36"
95.111.234.184 - - [01/Nov/2023:08:18:47 +0000] "GET /wp-2019.php HTTP/1.1" 404 3610 "-" "Mozlila/5.0 (Linux; Android 7.0; SM-G892A Bulid/NRD90M; wv) AppleWebKit/537.36 (KHTML, like Gecko) Version/4.0 Chrome/60.0.3112.107 Moblie Safari/537.36"
95.111.234.184 - - [01/Nov/2023:08:18:59 +0000] "GET /atomlib.php HTTP/1.1" 404 3610 "-" "Mozlila/5.0 (Linux; Android 7.0; SM-G892A Bulid/NRD90M; wv) AppleWebKit/537.36 (KHTML, like Gecko) Version/4.0 Chrome/60.0.3112.107 Moblie Safari/537.36"
95.111.234.184 - - [01/Nov/2023:08:19:07 +0000] "GET /anjas.php HTTP/1.1" 404 3610 "-" "Mozlila/5.0 (Linux; Android 7.0; SM-G892A Bulid/NRD90M; wv) AppleWebKit/537.36 (KHTML, like Gecko) Version/4.0 Chrome/60.0.3112.107 Moblie Safari/537.36"
95.111.234.184 - - [01/Nov/2023:08:19:16 +0000] "GET /simple.php HTTP/1.1" 404 3610 "-" "Mozlila/5.0 (Linux; Android 7.0; SM-G892A Bulid/NRD90M; wv) AppleWebKit/537.36 (KHTML, like Gecko) Version/4.0 Chrome/60.0.3112.107 Moblie Safari/537.36"
192.0.102.40 - - [01/Nov/2023:08:19:26 +0000] "HEAD / HTTP/1.1" 200 3915 "-" "jetmon/1.0 (Jetpack Site Uptime Monitor by WordPress.com)"
95.111.234.184 - - [01/Nov/2023:08:19:27 +0000] "GET /log.php HTTP/1.1" 404 3610 "-" "Mozlila/5.0 (Linux; Android 7.0; SM-G892A Bulid/NRD90M; wv) AppleWebKit/537.36 (KHTML, like Gecko) Version/4.0 Chrome/60.0.3112.107 Moblie Safari/537.36"
95.111.234.184 - - [01/Nov/2023:08:19:57 +0000] "GET /index.php HTTP/1.1" 301 3395 "-" "Mozlila/5.0 (Linux; Android 7.0; SM-G892A Bulid/NRD90M; wv) AppleWebKit/537.36 (KHTML, like Gecko) Version/4.0 Chrome/60.0.3112.107 Moblie Safari/537.36"
95.111.234.184 - - [01/Nov/2023:08:19:58 +0000] "GET / HTTP/1.1" 200 5475 "-" "Mozlila/5.0 (Linux; Android 7.0; SM-G892A Bulid/NRD90M; wv) AppleWebKit/537.36 (KHTML, like Gecko) Version/4.0 Chrome/60.0.3112.107 Moblie Safari/537.36"
5.179.80.204 - - [01/Nov/2023:08:20:06 +0000] "POST /wp-admin/admin-ajax.php HTTP/1.1" 200 1129 "https://talmedos.com/wp-admin/themes.php" "Mozilla/5.0 (Macintosh; Intel Mac OS X 10_15_7) AppleWebKit/537.36 (KHTML, like Gecko) Chrome/118.0.0.0 Safari/537.36"
95.111.234.184 - - [01/Nov/2023:08:20:14 +0000] "GET /mail.php HTTP/1.1" 404 3610 "-" "Mozlila/5.0 (Linux; Android 7.0; SM-G892A Bulid/NRD90M; wv) AppleWebKit/537.36 (KHTML, like Gecko) Version/4.0 Chrome/60.0.3112.107 Moblie Safari/537.36"
120.77.84.25 - - [01/Nov/2023:08:20:33 +0000] "POST /xmlrpc.php HTTP/1.1" 200 3624 "-" "Mozilla/5.0 (X11; Fedora; Linux x86_64; rv:94.0) Gecko/20100101 Firefox/95.0"
95.111.234.184 - - [01/Nov/2023:08:20:37 +0000] "GET /lufix.php HTTP/1.1" 404 3610 "-" "Mozlila/5.0 (Linux; Android 7.0; SM-G892A Bulid/NRD90M; wv) AppleWebKit/537.36 (KHTML, like Gecko) Version/4.0 Chrome/60.0.3112.107 Moblie Safari/537.36"
5.179.80.204 - - [01/Nov/2023:08:20:38 +0000] "POST /wp-admin/admin-ajax.php HTTP/1.1" 200 1129 "https://talmedos.com/wp-admin/about.php" "Mozilla/5.0 (Macintosh; Intel Mac OS X 10_15_7) AppleWebKit/537.36 (KHTML, like Gecko) Chrome/118.0.0.0 Safari/537.36"
95.111.234.184 - - [01/Nov/2023:08:20:44 +0000] "GET /doc.php HTTP/1.1" 404 3610 "-" "Mozlila/5.0 (Linux; Android 7.0; SM-G892A Bulid/NRD90M; wv) AppleWebKit/537.36 (KHTML, like Gecko) Version/4.0 Chrome/60.0.3112.107 Moblie Safari/537.36"
95.111.234.184 - - [01/Nov/2023:08:20:54 +0000] "GET /bak.php HTTP/1.1" 404 3610 "-" "Mozlila/5.0 (Linux; Android 7.0; SM-G892A Bulid/NRD90M; wv) AppleWebKit/537.36 (KHTML, like Gecko) Version/4.0 Chrome/60.0.3112.107 Moblie Safari/537.36"
95.111.234.184 - - [01/Nov/2023:08:21:03 +0000] "GET /content.php HTTP/1.1" 404 3610 "-" "Mozlila/5.0 (Linux; Android 7.0; SM-G892A Bulid/NRD90M; wv) AppleWebKit/537.36 (KHTML, like Gecko) Version/4.0 Chrome/60.0.3112.107 Moblie Safari/537.36"
95.111.234.184 - - [01/Nov/2023:08:21:18 +0000] "GET /upfile.php HTTP/1.1" 404 3610 "-" "Mozlila/5.0 (Linux; Android 7.0; SM-G892A Bulid/NRD90M; wv) AppleWebKit/537.36 (KHTML, like Gecko) Version/4.0 Chrome/60.0.3112.107 Moblie Safari/537.36"
95.111.234.184 - - [01/Nov/2023:08:21:41 +0000] "GET /wp.php HTTP/1.1" 404 3610 "-" "Mozlila/5.0 (Linux; Android 7.0; SM-G892A Bulid/NRD90M; wv) AppleWebKit/537.36 (KHTML, like Gecko) Version/4.0 Chrome/60.0.3112.107 Moblie Safari/537.36"
95.111.234.184 - - [01/Nov/2023:08:21:47 +0000] "GET /wp-conflg.php HTTP/1.1" 404 3610 "-" "Mozlila/5.0 (Linux; Android 7.0; SM-G892A Bulid/NRD90M; wv) AppleWebKit/537.36 (KHTML, like Gecko) Version/4.0 Chrome/60.0.3112.107 Moblie Safari/537.36"
95.111.234.184 - - [01/Nov/2023:08:22:00 +0000] "GET /BDKR28.php HTTP/1.1" 404 3610 "-" "Mozlila/5.0 (Linux; Android 7.0; SM-G892A Bulid/NRD90M; wv) AppleWebKit/537.36 (KHTML, like Gecko) Version/4.0 Chrome/60.0.3112.107 Moblie Safari/537.36"
46.101.144.32 - - [01/Nov/2023:08:22:07 +0000] "POST /wp-cron.php?doing_wp_cron=1698826927.0773661136627197265625 HTTP/1.1" 200 3995 "-" "WordPress/6.3.2; https://talmedos.com"
5.179.80.204 - - [01/Nov/2023:08:22:07 +0000] "POST /wp-admin/admin-ajax.php HTTP/1.1" 200 1129 "https://talmedos.com/wp-admin/themes.php" "Mozilla/5.0 (Macintosh; Intel Mac OS X 10_15_7) AppleWebKit/537.36 (KHTML, like Gecko) Chrome/118.0.0.0 Safari/537.36"
95.111.234.184 - - [01/Nov/2023:08:22:27 +0000] "GET /bypass.php HTTP/1.1" 404 3610 "-" "Mozlila/5.0 (Linux; Android 7.0; SM-G892A Bulid/NRD90M; wv) AppleWebKit/537.36 (KHTML, like Gecko) Version/4.0 Chrome/60.0.3112.107 Moblie Safari/537.36"
46.101.144.32 - - [01/Nov/2023:08:22:38 +0000] "POST /wp-cron.php?doing_wp_cron=1698826958.3944671154022216796875 HTTP/1.1" 200 3995 "-" "WordPress/6.3.2; https://talmedos.com"
5.179.80.204 - - [01/Nov/2023:08:22:38 +0000] "POST /wp-admin/admin-ajax.php HTTP/1.1" 200 1129 "https://talmedos.com/wp-admin/about.php" "Mozilla/5.0 (Macintosh; Intel Mac OS X 10_15_7) AppleWebKit/537.36 (KHTML, like Gecko) Chrome/118.0.0.0 Safari/537.36"
95.111.234.184 - - [01/Nov/2023:08:23:05 +0000] "GET /wp-activate.php HTTP/1.1" 302 3411 "-" "Mozlila/5.0 (Linux; Android 7.0; SM-G892A Bulid/NRD90M; wv) AppleWebKit/537.36 (KHTML, like Gecko) Version/4.0 Chrome/60.0.3112.107 Moblie Safari/537.36"
95.111.234.184 - - [01/Nov/2023:08:23:05 +0000] "GET /wp-login.php?action=register HTTP/1.1" 302 520 "-" "Mozlila/5.0 (Linux; Android 7.0; SM-G892A Bulid/NRD90M; wv) AppleWebKit/537.36 (KHTML, like Gecko) Version/4.0 Chrome/60.0.3112.107 Moblie Safari/537.36"
95.111.234.184 - - [01/Nov/2023:08:23:24 +0000] "GET /wp-login.php?registration=disabled HTTP/1.1" 200 6283 "-" "Mozlila/5.0 (Linux; Android 7.0; SM-G892A Bulid/NRD90M; wv) AppleWebKit/537.36 (KHTML, like Gecko) Version/4.0 Chrome/60.0.3112.107 Moblie Safari/537.36"
95.111.234.184 - - [01/Nov/2023:08:23:40 +0000] "GET /404.php HTTP/1.1" 404 3610 "-" "Mozlila/5.0 (Linux; Android 7.0; SM-G892A Bulid/NRD90M; wv) AppleWebKit/537.36 (KHTML, like Gecko) Version/4.0 Chrome/60.0.3112.107 Moblie Safari/537.36"
95.111.234.184 - - [01/Nov/2023:08:23:57 +0000] "GET /updates.php HTTP/1.1" 404 3610 "-" "Mozlila/5.0 (Linux; Android 7.0; SM-G892A Bulid/NRD90M; wv) AppleWebKit/537.36 (KHTML, like Gecko) Version/4.0 Chrome/60.0.3112.107 Moblie Safari/537.36"
5.179.80.204 - - [01/Nov/2023:08:24:08 +0000] "POST /wp-admin/admin-ajax.php HTTP/1.1" 200 1129 "https://talmedos.com/wp-admin/themes.php" "Mozilla/5.0 (Macintosh; Intel Mac OS X 10_15_7) AppleWebKit/537.36 (KHTML, like Gecko) Chrome/118.0.0.0 Safari/537.36"
95.111.234.184 - - [01/Nov/2023:08:24:13 +0000] "GET /alfanew.php7 HTTP/1.1" 404 3610 "-" "Mozlila/5.0 (Linux; Android 7.0; SM-G892A Bulid/NRD90M; wv) AppleWebKit/537.36 (KHTML, like Gecko) Version/4.0 Chrome/60.0.3112.107 Moblie Safari/537.36"
192.0.102.40 - - [01/Nov/2023:08:24:26 +0000] "HEAD / HTTP/1.1" 200 3915 "-" "jetmon/1.0 (Jetpack Site Uptime Monitor by WordPress.com)"
95.111.234.184 - - [01/Nov/2023:08:24:26 +0000] "GET /radio.php HTTP/1.1" 404 3610 "-" "Mozlila/5.0 (Linux; Android 7.0; SM-G892A Bulid/NRD90M; wv) AppleWebKit/537.36 (KHTML, like Gecko) Version/4.0 Chrome/60.0.3112.107 Moblie Safari/537.36"
95.111.234.184 - - [01/Nov/2023:08:24:36 +0000] "GET /plugins.php HTTP/1.1" 404 3610 "-" "Mozlila/5.0 (Linux; Android 7.0; SM-G892A Bulid/NRD90M; wv) AppleWebKit/537.36 (KHTML, like Gecko) Version/4.0 Chrome/60.0.3112.107 Moblie Safari/537.36"
5.179.80.204 - - [01/Nov/2023:08:24:38 +0000] "POST /wp-admin/admin-ajax.php HTTP/1.1" 200 1129 "https://talmedos.com/wp-admin/about.php" "Mozilla/5.0 (Macintosh; Intel Mac OS X 10_15_7) AppleWebKit/537.36 (KHTML, like Gecko) Chrome/118.0.0.0 Safari/537.36"
95.111.234.184 - - [01/Nov/2023:08:24:51 +0000] "GET /xmrlpc.php HTTP/1.1" 404 3610 "-" "Mozlila/5.0 (Linux; Android 7.0; SM-G892A Bulid/NRD90M; wv) AppleWebKit/537.36 (KHTML, like Gecko) Version/4.0 Chrome/60.0.3112.107 Moblie Safari/537.36"
200.17.137.52 - - [01/Nov/2023:08:25:13 +0000] "GET /index.php?ru1=1&ru2=2&random=348vtchms5lw4id4ftumod HTTP/1.1" 301 3632 "talmedos.com" "Mozilla/5.0 (Windows NT 10.0; Win64; x64) AppleWebKit/537.36 (KHTML, like Gecko) colonel Chrome/196.3.1597.530 Safari/537.36"
200.17.137.52 - - [01/Nov/2023:08:25:13 +0000] "GET /?ru1=1&ru2=2&random=348vtchms5lw4id4ftumod HTTP/1.1" 302 3582 "talmedos.com" "Mozilla/5.0 (Windows NT 10.0; Win64; x64) AppleWebKit/537.36 (KHTML, like Gecko) colonel Chrome/196.3.1597.530 Safari/537.36"
200.17.137.52 - - [01/Nov/2023:08:25:14 +0000] "GET /?p=1 HTTP/1.1" 200 28006 "talmedos.com" "Mozilla/5.0 (Windows NT 10.0; Win64; x64) AppleWebKit/537.36 (KHTML, like Gecko) colonel Chrome/196.3.1597.530 Safari/537.36"
95.111.234.184 - - [01/Nov/2023:08:25:30 +0000] "GET /ae.php HTTP/1.1" 404 3610 "-" "Mozlila/5.0 (Linux; Android 7.0; SM-G892A Bulid/NRD90M; wv) AppleWebKit/537.36 (KHTML, like Gecko) Version/4.0 Chrome/60.0.3112.107 Moblie Safari/537.36"
195.154.81.44 - - [01/Nov/2023:08:25:43 +0000] "POST /xmlrpc.php HTTP/1.1" 200 3625 "-" "Mozilla/5.0 (X11; Fedora; Linux x86_64; rv:94.0) Gecko/20100101 Firefox/95.0"
95.111.234.184 - - [01/Nov/2023:08:25:51 +0000] "GET /moon.php HTTP/1.1" 404 3610 "-" "Mozlila/5.0 (Linux; Android 7.0; SM-G892A Bulid/NRD90M; wv) AppleWebKit/537.36 (KHTML, like Gecko) Version/4.0 Chrome/60.0.3112.107 Moblie Safari/537.36"
95.111.234.184 - - [01/Nov/2023:08:25:56 +0000] "GET /blog.php HTTP/1.1" 404 3610 "-" "Mozlila/5.0 (Linux; Android 7.0; SM-G892A Bulid/NRD90M; wv) AppleWebKit/537.36 (KHTML, like Gecko) Version/4.0 Chrome/60.0.3112.107 Moblie Safari/537.36"
46.101.144.32 - - [01/Nov/2023:08:26:09 +0000] "POST /wp-cron.php?doing_wp_cron=1698827169.0773670673370361328125 HTTP/1.1" 200 3995 "-" "WordPress/6.3.2; https://talmedos.com"
5.179.80.204 - - [01/Nov/2023:08:26:09 +0000] "POST /wp-admin/admin-ajax.php HTTP/1.1" 200 1129 "https://talmedos.com/wp-admin/themes.php" "Mozilla/5.0 (Macintosh; Intel Mac OS X 10_15_7) AppleWebKit/537.36 (KHTML, like Gecko) Chrome/118.0.0.0 Safari/537.36"
95.111.234.184 - - [01/Nov/2023:08:26:32 +0000] "GET /themes.php HTTP/1.1" 404 3610 "-" "Mozlila/5.0 (Linux; Android 7.0; SM-G892A Bulid/NRD90M; wv) AppleWebKit/537.36 (KHTML, like Gecko) Version/4.0 Chrome/60.0.3112.107 Moblie Safari/537.36"
46.101.144.32 - - [01/Nov/2023:08:26:38 +0000] "POST /wp-cron.php?doing_wp_cron=1698827198.4527440071105957031250 HTTP/1.1" 200 3995 "-" "WordPress/6.3.2; https://talmedos.com"
5.179.80.204 - - [01/Nov/2023:08:26:38 +0000] "POST /wp-admin/admin-ajax.php HTTP/1.1" 200 1129 "https://talmedos.com/wp-admin/about.php" "Mozilla/5.0 (Macintosh; Intel Mac OS X 10_15_7) AppleWebKit/537.36 (KHTML, like Gecko) Chrome/118.0.0.0 Safari/537.36"
95.111.234.184 - - [01/Nov/2023:08:26:55 +0000] "GET /ini.php HTTP/1.1" 404 3610 "-" "Mozlila/5.0 (Linux; Android 7.0; SM-G892A Bulid/NRD90M; wv) AppleWebKit/537.36 (KHTML, like Gecko) Version/4.0 Chrome/60.0.3112.107 Moblie Safari/537.36"
95.111.234.184 - - [01/Nov/2023:08:27:10 +0000] "GET /as.php HTTP/1.1" 404 3610 "-" "Mozlila/5.0 (Linux; Android 7.0; SM-G892A Bulid/NRD90M; wv) AppleWebKit/537.36 (KHTML, like Gecko) Version/4.0 Chrome/60.0.3112.107 Moblie Safari/537.36"
95.111.234.184 - - [01/Nov/2023:08:27:45 +0000] "GET /shell.php HTTP/1.1" 404 3610 "-" "Mozlila/5.0 (Linux; Android 7.0; SM-G892A Bulid/NRD90M; wv) AppleWebKit/537.36 (KHTML, like Gecko) Version/4.0 Chrome/60.0.3112.107 Moblie Safari/537.36"
95.111.234.184 - - [01/Nov/2023:08:27:56 +0000] "GET /ws.php HTTP/1.1" 404 3610 "-" "Mozlila/5.0 (Linux; Android 7.0; SM-G892A Bulid/NRD90M; wv) AppleWebKit/537.36 (KHTML, like Gecko) Version/4.0 Chrome/60.0.3112.107 Moblie Safari/537.36"
5.179.80.204 - - [01/Nov/2023:08:28:10 +0000] "POST /wp-admin/admin-ajax.php HTTP/1.1" 200 1129 "https://talmedos.com/wp-admin/themes.php" "Mozilla/5.0 (Macintosh; Intel Mac OS X 10_15_7) AppleWebKit/537.36 (KHTML, like Gecko) Chrome/118.0.0.0 Safari/537.36"
95.111.234.184 - - [01/Nov/2023:08:28:12 +0000] "GET /dropdown.php HTTP/1.1" 404 3610 "-" "Mozlila/5.0 (Linux; Android 7.0; SM-G892A Bulid/NRD90M; wv) AppleWebKit/537.36 (KHTML, like Gecko) Version/4.0 Chrome/60.0.3112.107 Moblie Safari/537.36"
95.111.234.184 - - [01/Nov/2023:08:28:28 +0000] "GET /makeasmtp.php HTTP/1.1" 404 3610 "-" "Mozlila/5.0 (Linux; Android 7.0; SM-G892A Bulid/NRD90M; wv) AppleWebKit/537.36 (KHTML, like Gecko) Version/4.0 Chrome/60.0.3112.107 Moblie Safari/537.36"
95.111.234.184 - - [01/Nov/2023:08:28:53 +0000] "GET /wp-sigunq.php HTTP/1.1" 404 3610 "-" "Mozlila/5.0 (Linux; Android 7.0; SM-G892A Bulid/NRD90M; wv) AppleWebKit/537.36 (KHTML, like Gecko) Version/4.0 Chrome/60.0.3112.107 Moblie Safari/537.36"
95.111.234.184 - - [01/Nov/2023:08:28:57 +0000] "GET /wso112233.php HTTP/1.1" 404 3610 "-" "Mozlila/5.0 (Linux; Android 7.0; SM-G892A Bulid/NRD90M; wv) AppleWebKit/537.36 (KHTML, like Gecko) Version/4.0 Chrome/60.0.3112.107 Moblie Safari/537.36"
95.111.234.184 - - [01/Nov/2023:08:29:01 +0000] "GET /wp-atom.php HTTP/1.1" 404 3610 "-" "Mozlila/5.0 (Linux; Android 7.0; SM-G892A Bulid/NRD90M; wv) AppleWebKit/537.36 (KHTML, like Gecko) Version/4.0 Chrome/60.0.3112.107 Moblie Safari/537.36"
95.111.234.184 - - [01/Nov/2023:08:29:17 +0000] "GET /alfa-rex.php7 HTTP/1.1" 404 3610 "-" "Mozlila/5.0 (Linux; Android 7.0; SM-G892A Bulid/NRD90M; wv) AppleWebKit/537.36 (KHTML, like Gecko) Version/4.0 Chrome/60.0.3112.107 Moblie Safari/537.36"
192.0.102.40 - - [01/Nov/2023:08:29:26 +0000] "HEAD / HTTP/1.1" 200 3915 "-" "jetmon/1.0 (Jetpack Site Uptime Monitor by WordPress.com)"
95.111.234.184 - - [01/Nov/2023:08:29:27 +0000] "GET /fw.php HTTP/1.1" 404 3610 "-" "Mozlila/5.0 (Linux; Android 7.0; SM-G892A Bulid/NRD90M; wv) AppleWebKit/537.36 (KHTML, like Gecko) Version/4.0 Chrome/60.0.3112.107 Moblie Safari/537.36"
95.111.234.184 - - [01/Nov/2023:08:29:31 +0000] "GET /install.php HTTP/1.1" 404 3610 "-" "Mozlila/5.0 (Linux; Android 7.0; SM-G892A Bulid/NRD90M; wv) AppleWebKit/537.36 (KHTML, like Gecko) Version/4.0 Chrome/60.0.3112.107 Moblie Safari/537.36"
95.111.234.184 - - [01/Nov/2023:08:29:44 +0000] "GET /wp-login.php HTTP/1.1" 200 6206 "-" "Mozlila/5.0 (Linux; Android 7.0; SM-G892A Bulid/NRD90M; wv) AppleWebKit/537.36 (KHTML, like Gecko) Version/4.0 Chrome/60.0.3112.107 Moblie Safari/537.36"
177.52.160.32 - - [01/Nov/2023:08:30:04 +0000] "POST /xmlrpc.php HTTP/1.1" 200 3625 "-" "Mozilla/5.0 (X11; Fedora; Linux x86_64; rv:94.0) Gecko/20100101 Firefox/95.0"
5.179.80.204 - - [01/Nov/2023:08:30:11 +0000] "POST /wp-admin/admin-ajax.php HTTP/1.1" 200 1129 "https://talmedos.com/wp-admin/themes.php" "Mozilla/5.0 (Macintosh; Intel Mac OS X 10_15_7) AppleWebKit/537.36 (KHTML, like Gecko) Chrome/118.0.0.0 Safari/537.36"
95.111.234.184 - - [01/Nov/2023:08:30:22 +0000] "GET /mini.php HTTP/1.1" 404 3610 "-" "Mozlila/5.0 (Linux; Android 7.0; SM-G892A Bulid/NRD90M; wv) AppleWebKit/537.36 (KHTML, like Gecko) Version/4.0 Chrome/60.0.3112.107 Moblie Safari/537.36"
95.111.234.184 - - [01/Nov/2023:08:30:35 +0000] "GET /configs.php HTTP/1.1" 404 3610 "-" "Mozlila/5.0 (Linux; Android 7.0; SM-G892A Bulid/NRD90M; wv) AppleWebKit/537.36 (KHTML, like Gecko) Version/4.0 Chrome/60.0.3112.107 Moblie Safari/537.36"
95.111.234.184 - - [01/Nov/2023:08:30:51 +0000] "GET /test.php HTTP/1.1" 404 3610 "-" "Mozlila/5.0 (Linux; Android 7.0; SM-G892A Bulid/NRD90M; wv) AppleWebKit/537.36 (KHTML, like Gecko) Version/4.0 Chrome/60.0.3112.107 Moblie Safari/537.36"
95.111.234.184 - - [01/Nov/2023:08:31:07 +0000] "GET /classsmtps.php HTTP/1.1" 404 3610 "-" "Mozlila/5.0 (Linux; Android 7.0; SM-G892A Bulid/NRD90M; wv) AppleWebKit/537.36 (KHTML, like Gecko) Version/4.0 Chrome/60.0.3112.107 Moblie Safari/537.36"
95.111.234.184 - - [01/Nov/2023:08:31:25 +0000] "GET /lock3.php HTTP/1.1" 404 3610 "-" "Mozlila/5.0 (Linux; Android 7.0; SM-G892A Bulid/NRD90M; wv) AppleWebKit/537.36 (KHTML, like Gecko) Version/4.0 Chrome/60.0.3112.107 Moblie Safari/537.36"
95.111.234.184 - - [01/Nov/2023:08:31:39 +0000] "GET /network.php HTTP/1.1" 404 3610 "-" "Mozlila/5.0 (Linux; Android 7.0; SM-G892A Bulid/NRD90M; wv) AppleWebKit/537.36 (KHTML, like Gecko) Version/4.0 Chrome/60.0.3112.107 Moblie Safari/537.36"
95.111.234.184 - - [01/Nov/2023:08:31:46 +0000] "GET /wp-hudbud.php HTTP/1.1" 404 3610 "-" "Mozlila/5.0 (Linux; Android 7.0; SM-G892A Bulid/NRD90M; wv) AppleWebKit/537.36 (KHTML, like Gecko) Version/4.0 Chrome/60.0.3112.107 Moblie Safari/537.36"
46.101.144.32 - - [01/Nov/2023:08:32:12 +0000] "POST /wp-cron.php?doing_wp_cron=1698827532.0887351036071777343750 HTTP/1.1" 200 3995 "-" "WordPress/6.3.2; https://talmedos.com"
5.179.80.204 - - [01/Nov/2023:08:32:12 +0000] "POST /wp-admin/admin-ajax.php HTTP/1.1" 200 1129 "https://talmedos.com/wp-admin/themes.php" "Mozilla/5.0 (Macintosh; Intel Mac OS X 10_15_7) AppleWebKit/537.36 (KHTML, like Gecko) Chrome/118.0.0.0 Safari/537.36"
95.111.234.184 - - [01/Nov/2023:08:32:18 +0000] "GET /inputs.php HTTP/1.1" 404 3610 "-" "Mozlila/5.0 (Linux; Android 7.0; SM-G892A Bulid/NRD90M; wv) AppleWebKit/537.36 (KHTML, like Gecko) Version/4.0 Chrome/60.0.3112.107 Moblie Safari/537.36"
95.111.234.184 - - [01/Nov/2023:08:32:41 +0000] "GET /autoload_classmap.php HTTP/1.1" 404 3610 "-" "Mozlila/5.0 (Linux; Android 7.0; SM-G892A Bulid/NRD90M; wv) AppleWebKit/537.36 (KHTML, like Gecko) Version/4.0 Chrome/60.0.3112.107 Moblie Safari/537.36"
95.111.234.184 - - [01/Nov/2023:08:32:53 +0000] "GET /text.php HTTP/1.1" 404 3610 "-" "Mozlila/5.0 (Linux; Android 7.0; SM-G892A Bulid/NRD90M; wv) AppleWebKit/537.36 (KHTML, like Gecko) Version/4.0 Chrome/60.0.3112.107 Moblie Safari/537.36"
95.111.234.184 - - [01/Nov/2023:08:32:57 +0000] "GET /wp-content/themes/pridmag/db.php?u HTTP/1.1" 404 3610 "-" "Mozlila/5.0 (Linux; Android 7.0; SM-G892A Bulid/NRD90M; wv) AppleWebKit/537.36 (KHTML, like Gecko) Version/4.0 Chrome/60.0.3112.107 Moblie Safari/537.36"
95.111.234.184 - - [01/Nov/2023:08:33:11 +0000] "GET /wp-content/themes/seotheme/db.php?u HTTP/1.1" 404 3610 "-" "Mozlila/5.0 (Linux; Android 7.0; SM-G892A Bulid/NRD90M; wv) AppleWebKit/537.36 (KHTML, like Gecko) Version/4.0 Chrome/60.0.3112.107 Moblie Safari/537.36"
95.111.234.184 - - [01/Nov/2023:08:33:17 +0000] "GET /wp-content/plugins/seoplugins/db.php?u HTTP/1.1" 404 3610 "-" "Mozlila/5.0 (Linux; Android 7.0; SM-G892A Bulid/NRD90M; wv) AppleWebKit/537.36 (KHTML, like Gecko) Version/4.0 Chrome/60.0.3112.107 Moblie Safari/537.36"
5.179.80.204 - - [01/Nov/2023:08:34:13 +0000] "POST /wp-admin/admin-ajax.php HTTP/1.1" 200 1129 "https://talmedos.com/wp-admin/themes.php" "Mozilla/5.0 (Macintosh; Intel Mac OS X 10_15_7) AppleWebKit/537.36 (KHTML, like Gecko) Chrome/118.0.0.0 Safari/537.36"
192.0.102.40 - - [01/Nov/2023:08:34:26 +0000] "HEAD / HTTP/1.1" 200 3915 "-" "jetmon/1.0 (Jetpack Site Uptime Monitor by WordPress.com)"
208.109.201.124 - - [01/Nov/2023:08:35:07 +0000] "POST /xmlrpc.php HTTP/1.1" 200 3625 "-" "Mozilla/5.0 (X11; Fedora; Linux x86_64; rv:94.0) Gecko/20100101 Firefox/95.0"
46.101.144.32 - - [01/Nov/2023:08:36:14 +0000] "POST /wp-cron.php?doing_wp_cron=1698827774.0757648944854736328125 HTTP/1.1" 200 3995 "-" "WordPress/6.3.2; https://talmedos.com"
5.179.80.204 - - [01/Nov/2023:08:36:14 +0000] "POST /wp-admin/admin-ajax.php HTTP/1.1" 200 1129 "https://talmedos.com/wp-admin/themes.php" "Mozilla/5.0 (Macintosh; Intel Mac OS X 10_15_7) AppleWebKit/537.36 (KHTML, like Gecko) Chrome/118.0.0.0 Safari/537.36"
46.101.144.32 - - [01/Nov/2023:08:38:15 +0000] "GET / HTTP/1.1" 200 9132 "-" "WordPress/6.3.2; https://talmedos.com"
5.179.80.204 - - [01/Nov/2023:08:38:15 +0000] "POST /wp-admin/admin-ajax.php HTTP/1.1" 200 1129 "https://talmedos.com/wp-admin/themes.php" "Mozilla/5.0 (Macintosh; Intel Mac OS X 10_15_7) AppleWebKit/537.36 (KHTML, like Gecko) Chrome/118.0.0.0 Safari/537.36"
46.101.144.32 - - [01/Nov/2023:08:38:15 +0000] "POST /wp-cron.php?doing_wp_cron=1698827895.2014191150665283203125 HTTP/1.1" 200 3995 "-" "WordPress/6.3.2; https://talmedos.com"
192.0.102.40 - - [01/Nov/2023:08:39:26 +0000] "HEAD / HTTP/1.1" 200 3915 "-" "jetmon/1.0 (Jetpack Site Uptime Monitor by WordPress.com)"
72.167.125.169 - - [01/Nov/2023:08:40:06 +0000] "POST /xmlrpc.php HTTP/1.1" 200 3626 "-" "Mozilla/5.0 (X11; Fedora; Linux x86_64; rv:94.0) Gecko/20100101 Firefox/95.0"
5.179.80.204 - - [01/Nov/2023:08:40:16 +0000] "POST /wp-admin/admin-ajax.php HTTP/1.1" 200 1129 "https://talmedos.com/wp-admin/themes.php" "Mozilla/5.0 (Macintosh; Intel Mac OS X 10_15_7) AppleWebKit/537.36 (KHTML, like Gecko) Chrome/118.0.0.0 Safari/537.36"
46.101.144.32 - - [01/Nov/2023:08:42:17 +0000] "POST /wp-cron.php?doing_wp_cron=1698828137.0871939659118652343750 HTTP/1.1" 200 3995 "-" "WordPress/6.3.2; https://talmedos.com"
5.179.80.204 - - [01/Nov/2023:08:42:17 +0000] "POST /wp-admin/admin-ajax.php HTTP/1.1" 200 1129 "https://talmedos.com/wp-admin/themes.php" "Mozilla/5.0 (Macintosh; Intel Mac OS X 10_15_7) AppleWebKit/537.36 (KHTML, like Gecko) Chrome/118.0.0.0 Safari/537.36"
5.179.80.204 - - [01/Nov/2023:08:42:31 +0000] "POST /wp-admin/admin-ajax.php HTTP/1.1" 200 1129 "https://talmedos.com/wp-admin/about.php" "Mozilla/5.0 (Macintosh; Intel Mac OS X 10_15_7) AppleWebKit/537.36 (KHTML, like Gecko) Chrome/118.0.0.0 Safari/537.36"
5.179.80.204 - - [01/Nov/2023:08:43:31 +0000] "POST /wp-admin/admin-ajax.php HTTP/1.1" 200 1129 "https://talmedos.com/wp-admin/about.php" "Mozilla/5.0 (Macintosh; Intel Mac OS X 10_15_7) AppleWebKit/537.36 (KHTML, like Gecko) Chrome/118.0.0.0 Safari/537.36"
5.179.80.204 - - [01/Nov/2023:08:44:18 +0000] "POST /wp-admin/admin-ajax.php HTTP/1.1" 200 1129 "https://talmedos.com/wp-admin/themes.php" "Mozilla/5.0 (Macintosh; Intel Mac OS X 10_15_7) AppleWebKit/537.36 (KHTML, like Gecko) Chrome/118.0.0.0 Safari/537.36"
192.0.102.40 - - [01/Nov/2023:08:44:26 +0000] "HEAD / HTTP/1.1" 200 3915 "-" "jetmon/1.0 (Jetpack Site Uptime Monitor by WordPress.com)"
46.101.144.32 - - [01/Nov/2023:08:45:27 +0000] "POST /wp-cron.php?doing_wp_cron=1698828327.4559600353240966796875 HTTP/1.1" 200 3995 "-" "WordPress/6.3.2; https://talmedos.com"
185.200.240.65 - - [01/Nov/2023:08:45:27 +0000] "POST /xmlrpc.php HTTP/1.1" 200 3625 "-" "Mozilla/5.0 (X11; Fedora; Linux x86_64; rv:94.0) Gecko/20100101 Firefox/95.0"
5.179.80.204 - - [01/Nov/2023:08:45:31 +0000] "POST /wp-admin/admin-ajax.php HTTP/1.1" 200 1129 "https://talmedos.com/wp-admin/about.php" "Mozilla/5.0 (Macintosh; Intel Mac OS X 10_15_7) AppleWebKit/537.36 (KHTML, like Gecko) Chrome/118.0.0.0 Safari/537.36"
46.101.144.32 - - [01/Nov/2023:08:46:19 +0000] "POST /wp-cron.php?doing_wp_cron=1698828379.0837728977203369140625 HTTP/1.1" 200 3995 "-" "WordPress/6.3.2; https://talmedos.com"
5.179.80.204 - - [01/Nov/2023:08:46:19 +0000] "POST /wp-admin/admin-ajax.php HTTP/1.1" 200 1129 "https://talmedos.com/wp-admin/themes.php" "Mozilla/5.0 (Macintosh; Intel Mac OS X 10_15_7) AppleWebKit/537.36 (KHTML, like Gecko) Chrome/118.0.0.0 Safari/537.36"
46.101.144.32 - - [01/Nov/2023:08:47:31 +0000] "POST /wp-cron.php?doing_wp_cron=1698828451.4249839782714843750000 HTTP/1.1" 200 3995 "-" "WordPress/6.3.2; https://talmedos.com"
5.179.80.204 - - [01/Nov/2023:08:47:31 +0000] "POST /wp-admin/admin-ajax.php HTTP/1.1" 200 1129 "https://talmedos.com/wp-admin/about.php" "Mozilla/5.0 (Macintosh; Intel Mac OS X 10_15_7) AppleWebKit/537.36 (KHTML, like Gecko) Chrome/118.0.0.0 Safari/537.36"
5.179.80.204 - - [01/Nov/2023:08:48:20 +0000] "POST /wp-admin/admin-ajax.php HTTP/1.1" 200 1129 "https://talmedos.com/wp-admin/themes.php" "Mozilla/5.0 (Macintosh; Intel Mac OS X 10_15_7) AppleWebKit/537.36 (KHTML, like Gecko) Chrome/118.0.0.0 Safari/537.36"
192.0.102.40 - - [01/Nov/2023:08:49:26 +0000] "HEAD / HTTP/1.1" 200 3915 "-" "jetmon/1.0 (Jetpack Site Uptime Monitor by WordPress.com)"
5.179.80.204 - - [01/Nov/2023:08:49:31 +0000] "POST /wp-admin/admin-ajax.php HTTP/1.1" 200 1129 "https://talmedos.com/wp-admin/about.php" "Mozilla/5.0 (Macintosh; Intel Mac OS X 10_15_7) AppleWebKit/537.36 (KHTML, like Gecko) Chrome/118.0.0.0 Safari/537.36"
190.92.137.177 - - [01/Nov/2023:08:50:17 +0000] "POST /xmlrpc.php HTTP/1.1" 200 3626 "-" "Mozilla/5.0 (X11; Fedora; Linux x86_64; rv:94.0) Gecko/20100101 Firefox/95.0"
5.179.80.204 - - [01/Nov/2023:08:50:21 +0000] "POST /wp-admin/admin-ajax.php HTTP/1.1" 200 1129 "https://talmedos.com/wp-admin/themes.php" "Mozilla/5.0 (Macintosh; Intel Mac OS X 10_15_7) AppleWebKit/537.36 (KHTML, like Gecko) Chrome/118.0.0.0 Safari/537.36"
46.101.144.32 - - [01/Nov/2023:08:51:31 +0000] "POST /wp-cron.php?doing_wp_cron=1698828691.4740679264068603515625 HTTP/1.1" 200 3995 "-" "WordPress/6.3.2; https://talmedos.com"
5.179.80.204 - - [01/Nov/2023:08:51:31 +0000] "POST /wp-admin/admin-ajax.php HTTP/1.1" 200 1129 "https://talmedos.com/wp-admin/about.php" "Mozilla/5.0 (Macintosh; Intel Mac OS X 10_15_7) AppleWebKit/537.36 (KHTML, like Gecko) Chrome/118.0.0.0 Safari/537.36"
5.179.80.204 - - [01/Nov/2023:08:52:22 +0000] "POST /wp-admin/admin-ajax.php HTTP/1.1" 200 1129 "https://talmedos.com/wp-admin/themes.php" "Mozilla/5.0 (Macintosh; Intel Mac OS X 10_15_7) AppleWebKit/537.36 (KHTML, like Gecko) Chrome/118.0.0.0 Safari/537.36"
5.179.80.204 - - [01/Nov/2023:08:54:23 +0000] "POST /wp-admin/admin-ajax.php HTTP/1.1" 200 1129 "https://talmedos.com/wp-admin/themes.php" "Mozilla/5.0 (Macintosh; Intel Mac OS X 10_15_7) AppleWebKit/537.36 (KHTML, like Gecko) Chrome/118.0.0.0 Safari/537.36"
192.0.102.40 - - [01/Nov/2023:08:54:26 +0000] "HEAD / HTTP/1.1" 200 3915 "-" "jetmon/1.0 (Jetpack Site Uptime Monitor by WordPress.com)"
182.50.132.111 - - [01/Nov/2023:08:55:34 +0000] "POST /xmlrpc.php HTTP/1.1" 200 3625 "-" "Mozilla/5.0 (X11; Fedora; Linux x86_64; rv:94.0) Gecko/20100101 Firefox/95.0"
54.191.24.73 - - [01/Nov/2023:08:55:49 +0000] "GET /owa/auth/logon.aspx HTTP/1.1" 404 4145 "-" "Mozilla/5.0 (Macintosh; Intel Mac OS X 10_11_5) AppleWebKit/537.36 (KHTML, like Gecko) Chrome/50.0.2661.102 Safari/537.36"
46.101.144.32 - - [01/Nov/2023:08:56:24 +0000] "POST /wp-cron.php?doing_wp_cron=1698828984.1024279594421386718750 HTTP/1.1" 200 3995 "-" "WordPress/6.3.2; https://talmedos.com"
5.179.80.204 - - [01/Nov/2023:08:56:24 +0000] "POST /wp-admin/admin-ajax.php HTTP/1.1" 200 1129 "https://talmedos.com/wp-admin/themes.php" "Mozilla/5.0 (Macintosh; Intel Mac OS X 10_15_7) AppleWebKit/537.36 (KHTML, like Gecko) Chrome/118.0.0.0 Safari/537.36"
46.101.144.32 - - [01/Nov/2023:08:58:25 +0000] "POST /wp-cron.php?doing_wp_cron=1698829105.1224539279937744140625 HTTP/1.1" 200 3995 "-" "WordPress/6.3.2; https://talmedos.com"
5.179.80.204 - - [01/Nov/2023:08:58:25 +0000] "POST /wp-admin/admin-ajax.php HTTP/1.1" 200 1129 "https://talmedos.com/wp-admin/themes.php" "Mozilla/5.0 (Macintosh; Intel Mac OS X 10_15_7) AppleWebKit/537.36 (KHTML, like Gecko) Chrome/118.0.0.0 Safari/537.36"
192.0.102.40 - - [01/Nov/2023:08:59:26 +0000] "HEAD / HTTP/1.1" 200 3915 "-" "jetmon/1.0 (Jetpack Site Uptime Monitor by WordPress.com)"
5.179.80.204 - - [01/Nov/2023:09:00:26 +0000] "POST /wp-admin/admin-ajax.php HTTP/1.1" 200 1129 "https://talmedos.com/wp-admin/themes.php" "Mozilla/5.0 (Macintosh; Intel Mac OS X 10_15_7) AppleWebKit/537.36 (KHTML, like Gecko) Chrome/118.0.0.0 Safari/537.36"
46.101.144.32 - - [01/Nov/2023:09:01:02 +0000] "POST /wp-cron.php?doing_wp_cron=1698829262.8731999397277832031250 HTTP/1.1" 200 3995 "-" "WordPress/6.3.2; https://talmedos.com"
184.168.96.183 - - [01/Nov/2023:09:01:02 +0000] "POST /xmlrpc.php HTTP/1.1" 200 3625 "-" "Mozilla/5.0 (X11; Fedora; Linux x86_64; rv:94.0) Gecko/20100101 Firefox/95.0"
46.101.144.32 - - [01/Nov/2023:09:02:27 +0000] "POST /wp-cron.php?doing_wp_cron=1698829347.1296548843383789062500 HTTP/1.1" 200 3995 "-" "WordPress/6.3.2; https://talmedos.com"
5.179.80.204 - - [01/Nov/2023:09:02:27 +0000] "POST /wp-admin/admin-ajax.php HTTP/1.1" 200 1129 "https://talmedos.com/wp-admin/themes.php" "Mozilla/5.0 (Macintosh; Intel Mac OS X 10_15_7) AppleWebKit/537.36 (KHTML, like Gecko) Chrome/118.0.0.0 Safari/537.36"
89.39.105.126 - - [01/Nov/2023:09:03:16 +0000] "GET / HTTP/1.1" 200 9020 "-" "Mozilla/5.0 (Windows NT 10.0; Win64; x64) AppleWebKit/537.36 (KHTML, like Gecko) Chrome/118.0.0.0 Safari/537.36"
192.0.102.40 - - [01/Nov/2023:09:04:26 +0000] "HEAD / HTTP/1.1" 200 3915 "-" "jetmon/1.0 (Jetpack Site Uptime Monitor by WordPress.com)"
5.179.80.204 - - [01/Nov/2023:09:04:28 +0000] "POST /wp-admin/admin-ajax.php HTTP/1.1" 200 1129 "https://talmedos.com/wp-admin/themes.php" "Mozilla/5.0 (Macintosh; Intel Mac OS X 10_15_7) AppleWebKit/537.36 (KHTML, like Gecko) Chrome/118.0.0.0 Safari/537.36"
46.101.144.32 - - [01/Nov/2023:09:06:14 +0000] "POST /wp-cron.php?doing_wp_cron=1698829574.0727219581604003906250 HTTP/1.1" 200 3995 "-" "WordPress/6.3.2; https://talmedos.com"
45.33.108.84 - - [01/Nov/2023:09:06:14 +0000] "GET / HTTP/1.1" 200 8496 "-" "Mozilla/5.0 (X11; Linux x86_64) Chrome/98.0.4758.132 Safari/537.36"
46.101.144.32 - - [01/Nov/2023:09:06:29 +0000] "POST /wp-cron.php?doing_wp_cron=1698829589.1403551101684570312500 HTTP/1.1" 200 3995 "-" "WordPress/6.3.2; https://talmedos.com"
5.179.80.204 - - [01/Nov/2023:09:06:29 +0000] "POST /wp-admin/admin-ajax.php HTTP/1.1" 200 1129 "https://talmedos.com/wp-admin/themes.php" "Mozilla/5.0 (Macintosh; Intel Mac OS X 10_15_7) AppleWebKit/537.36 (KHTML, like Gecko) Chrome/118.0.0.0 Safari/537.36"
178.128.110.234 - - [01/Nov/2023:09:06:34 +0000] "POST /xmlrpc.php HTTP/1.1" 200 3626 "-" "Mozilla/5.0 (X11; Fedora; Linux x86_64; rv:94.0) Gecko/20100101 Firefox/95.0"
162.243.141.15 - - [01/Nov/2023:09:07:10 +0000] "GET /owa/auth/logon.aspx HTTP/1.1" 404 3540 "-" "Mozilla/5.0 zgrab/0.x"
5.179.80.204 - - [01/Nov/2023:09:08:30 +0000] "POST /wp-admin/admin-ajax.php HTTP/1.1" 200 1129 "https://talmedos.com/wp-admin/themes.php" "Mozilla/5.0 (Macintosh; Intel Mac OS X 10_15_7) AppleWebKit/537.36 (KHTML, like Gecko) Chrome/118.0.0.0 Safari/537.36"
192.0.102.40 - - [01/Nov/2023:09:09:26 +0000] "HEAD / HTTP/1.1" 200 3915 "-" "jetmon/1.0 (Jetpack Site Uptime Monitor by WordPress.com)"
5.179.80.204 - - [01/Nov/2023:09:10:31 +0000] "POST /wp-admin/admin-ajax.php HTTP/1.1" 200 1129 "https://talmedos.com/wp-admin/themes.php" "Mozilla/5.0 (Macintosh; Intel Mac OS X 10_15_7) AppleWebKit/537.36 (KHTML, like Gecko) Chrome/118.0.0.0 Safari/537.36"
46.101.144.32 - - [01/Nov/2023:09:12:24 +0000] "POST /wp-cron.php?doing_wp_cron=1698829944.4753010272979736328125 HTTP/1.1" 200 3995 "-" "WordPress/6.3.2; https://talmedos.com"
173.201.181.53 - - [01/Nov/2023:09:12:24 +0000] "POST /xmlrpc.php HTTP/1.1" 200 3625 "-" "Mozilla/5.0 (X11; Fedora; Linux x86_64; rv:94.0) Gecko/20100101 Firefox/95.0"
5.179.80.204 - - [01/Nov/2023:09:12:32 +0000] "POST /wp-admin/admin-ajax.php HTTP/1.1" 200 1129 "https://talmedos.com/wp-admin/themes.php" "Mozilla/5.0 (Macintosh; Intel Mac OS X 10_15_7) AppleWebKit/537.36 (KHTML, like Gecko) Chrome/118.0.0.0 Safari/537.36"
5.179.80.204 - - [01/Nov/2023:09:13:52 +0000] "POST /wp-admin/admin-ajax.php HTTP/1.1" 200 1180 "https://talmedos.com/wp-admin/post-new.php?post_type=page" "Mozilla/5.0 (Macintosh; Intel Mac OS X 10_15_7) AppleWebKit/537.36 (KHTML, like Gecko) Chrome/118.0.0.0 Safari/537.36"
192.0.102.40 - - [01/Nov/2023:09:14:26 +0000] "HEAD / HTTP/1.1" 200 3915 "-" "jetmon/1.0 (Jetpack Site Uptime Monitor by WordPress.com)"
205.210.31.252 - - [01/Nov/2023:09:14:32 +0000] "GET / HTTP/1.1" 200 23714 "http://46.101.144.32:80/" "Expanse, a Palo Alto Networks company, searches across the global IPv4 space multiple times per day to identify customers&#39; presences on the Internet. If you would like to be excluded from our scans, please send IP addresses/domains to: scaninfo@paloaltonetworks.com"
5.179.80.204 - - [01/Nov/2023:09:14:33 +0000] "POST /wp-admin/admin-ajax.php HTTP/1.1" 200 1129 "https://talmedos.com/wp-admin/themes.php" "Mozilla/5.0 (Macintosh; Intel Mac OS X 10_15_7) AppleWebKit/537.36 (KHTML, like Gecko) Chrome/118.0.0.0 Safari/537.36"
5.179.80.204 - - [01/Nov/2023:09:14:52 +0000] "POST /wp-admin/admin-ajax.php HTTP/1.1" 200 1180 "https://talmedos.com/wp-admin/post-new.php?post_type=page" "Mozilla/5.0 (Macintosh; Intel Mac OS X 10_15_7) AppleWebKit/537.36 (KHTML, like Gecko) Chrome/118.0.0.0 Safari/537.36"
46.101.144.32 - - [01/Nov/2023:09:16:34 +0000] "POST /wp-cron.php?doing_wp_cron=1698830194.1123080253601074218750 HTTP/1.1" 200 3995 "-" "WordPress/6.3.2; https://talmedos.com"
5.179.80.204 - - [01/Nov/2023:09:16:34 +0000] "POST /wp-admin/admin-ajax.php HTTP/1.1" 200 1129 "https://talmedos.com/wp-admin/themes.php" "Mozilla/5.0 (Macintosh; Intel Mac OS X 10_15_7) AppleWebKit/537.36 (KHTML, like Gecko) Chrome/118.0.0.0 Safari/537.36"
5.179.80.204 - - [01/Nov/2023:09:16:52 +0000] "POST /wp-admin/admin-ajax.php HTTP/1.1" 200 1180 "https://talmedos.com/wp-admin/post-new.php?post_type=page" "Mozilla/5.0 (Macintosh; Intel Mac OS X 10_15_7) AppleWebKit/537.36 (KHTML, like Gecko) Chrome/118.0.0.0 Safari/537.36"
101.99.90.175 - - [01/Nov/2023:09:17:53 +0000] "POST /xmlrpc.php HTTP/1.1" 200 3624 "-" "Mozilla/5.0 (X11; Fedora; Linux x86_64; rv:94.0) Gecko/20100101 Firefox/95.0"
5.179.80.204 - - [01/Nov/2023:09:18:35 +0000] "POST /wp-admin/admin-ajax.php HTTP/1.1" 200 1129 "https://talmedos.com/wp-admin/themes.php" "Mozilla/5.0 (Macintosh; Intel Mac OS X 10_15_7) AppleWebKit/537.36 (KHTML, like Gecko) Chrome/118.0.0.0 Safari/537.36"
5.179.80.204 - - [01/Nov/2023:09:18:52 +0000] "POST /wp-admin/admin-ajax.php HTTP/1.1" 200 1180 "https://talmedos.com/wp-admin/post-new.php?post_type=page" "Mozilla/5.0 (Macintosh; Intel Mac OS X 10_15_7) AppleWebKit/537.36 (KHTML, like Gecko) Chrome/118.0.0.0 Safari/537.36"
192.0.102.40 - - [01/Nov/2023:09:19:26 +0000] "HEAD / HTTP/1.1" 200 3915 "-" "jetmon/1.0 (Jetpack Site Uptime Monitor by WordPress.com)"
5.179.80.204 - - [01/Nov/2023:09:20:36 +0000] "POST /wp-admin/admin-ajax.php HTTP/1.1" 200 1129 "https://talmedos.com/wp-admin/themes.php" "Mozilla/5.0 (Macintosh; Intel Mac OS X 10_15_7) AppleWebKit/537.36 (KHTML, like Gecko) Chrome/118.0.0.0 Safari/537.36"
5.179.80.204 - - [01/Nov/2023:09:20:52 +0000] "POST /wp-admin/admin-ajax.php HTTP/1.1" 200 1180 "https://talmedos.com/wp-admin/post-new.php?post_type=page" "Mozilla/5.0 (Macintosh; Intel Mac OS X 10_15_7) AppleWebKit/537.36 (KHTML, like Gecko) Chrome/118.0.0.0 Safari/537.36"
46.101.144.32 - - [01/Nov/2023:09:22:37 +0000] "POST /wp-cron.php?doing_wp_cron=1698830557.1398279666900634765625 HTTP/1.1" 200 3995 "-" "WordPress/6.3.2; https://talmedos.com"
5.179.80.204 - - [01/Nov/2023:09:22:37 +0000] "POST /wp-admin/admin-ajax.php HTTP/1.1" 200 1129 "https://talmedos.com/wp-admin/themes.php" "Mozilla/5.0 (Macintosh; Intel Mac OS X 10_15_7) AppleWebKit/537.36 (KHTML, like Gecko) Chrome/118.0.0.0 Safari/537.36"
5.179.80.204 - - [01/Nov/2023:09:22:52 +0000] "POST /wp-admin/admin-ajax.php HTTP/1.1" 200 1180 "https://talmedos.com/wp-admin/post-new.php?post_type=page" "Mozilla/5.0 (Macintosh; Intel Mac OS X 10_15_7) AppleWebKit/537.36 (KHTML, like Gecko) Chrome/118.0.0.0 Safari/537.36"
64.90.48.201 - - [01/Nov/2023:09:23:27 +0000] "POST /xmlrpc.php HTTP/1.1" 200 3608 "-" "Mozilla/5.0 (X11; Fedora; Linux x86_64; rv:94.0) Gecko/20100101 Firefox/95.0"
