154.209.125.131 - - [27/Oct/2023:14:53:33 +0000] "GET / HTTP/1.1" 301 4044 "-" "Mozilla/5.0 (Macintosh; Intel Mac OS X 10.11; rv:47.0) Gecko/20100101 Firefox/47.0"
154.209.125.131 - - [27/Oct/2023:14:53:35 +0000] "GET / HTTP/1.1" 200 57226 "-" "Mozilla/5.0 (Macintosh; Intel Mac OS X 10.11; rv:47.0) Gecko/20100101 Firefox/47.0"
192.0.102.40 - - [27/Oct/2023:14:54:26 +0000] "HEAD / HTTP/1.1" 200 3915 "-" "jetmon/1.0 (Jetpack Site Uptime Monitor by WordPress.com)"
47.243.113.51 - - [27/Oct/2023:14:56:35 +0000] "GET /simple.php HTTP/1.1" 404 3554 "http://talmedos.com/simple.php" "Mozilla/5.0 (Windows; U; Windows NT 5.1; en-US) AppleWebKit/533.4 (KHTML, like Gecko) Chrome/5.0.375.99 Safari/533.4"
47.243.113.51 - - [27/Oct/2023:14:56:39 +0000] "GET /simple.php HTTP/1.1" 404 3554 "http://talmedos.com/simple.php" "Mozilla/5.0 (Windows; U; Windows NT 5.1; en-US) AppleWebKit/533.4 (KHTML, like Gecko) Chrome/5.0.375.99 Safari/533.4"
46.101.144.32 - - [27/Oct/2023:14:57:27 +0000] "POST /wp-cron.php?doing_wp_cron=1698418647.4800179004669189453125 HTTP/1.1" 200 3995 "-" "WordPress/6.3.2; https://talmedos.com"
87.182.65.4 - - [27/Oct/2023:14:57:27 +0000] "GET / HTTP/1.0" 200 33217 "-" "-"
115.66.112.193 - - [27/Oct/2023:14:57:46 +0000] "GET / HTTP/1.0" 200 33333 "-" "-"
46.101.144.32 - - [27/Oct/2023:14:59:26 +0000] "POST /wp-cron.php?doing_wp_cron=1698418766.5132350921630859375000 HTTP/1.1" 200 3995 "-" "WordPress/6.3.2; https://talmedos.com"
192.0.102.40 - - [27/Oct/2023:14:59:26 +0000] "HEAD / HTTP/1.1" 200 3915 "-" "jetmon/1.0 (Jetpack Site Uptime Monitor by WordPress.com)"
46.101.144.32 - - [27/Oct/2023:15:04:26 +0000] "POST /wp-cron.php?doing_wp_cron=1698419066.3183679580688476562500 HTTP/1.1" 200 3995 "-" "WordPress/6.3.2; https://talmedos.com"
192.0.102.40 - - [27/Oct/2023:15:04:26 +0000] "HEAD / HTTP/1.1" 200 3915 "-" "jetmon/1.0 (Jetpack Site Uptime Monitor by WordPress.com)"
46.101.144.32 - - [27/Oct/2023:15:09:25 +0000] "POST /wp-cron.php?doing_wp_cron=1698419365.9071750640869140625000 HTTP/1.1" 200 3995 "-" "WordPress/6.3.2; https://talmedos.com"
192.0.102.40 - - [27/Oct/2023:15:09:25 +0000] "HEAD / HTTP/1.1" 200 3915 "-" "jetmon/1.0 (Jetpack Site Uptime Monitor by WordPress.com)"
46.101.144.32 - - [27/Oct/2023:15:14:26 +0000] "POST /wp-cron.php?doing_wp_cron=1698419666.1340138912200927734375 HTTP/1.1" 200 3995 "-" "WordPress/6.3.2; https://talmedos.com"
192.0.102.40 - - [27/Oct/2023:15:14:25 +0000] "HEAD / HTTP/1.1" 200 3915 "-" "jetmon/1.0 (Jetpack Site Uptime Monitor by WordPress.com)"
46.101.144.32 - - [27/Oct/2023:15:18:22 +0000] "POST /wp-cron.php?doing_wp_cron=1698419902.6096000671386718750000 HTTP/1.1" 200 3995 "-" "WordPress/6.3.2; https://talmedos.com"
178.62.63.209 - - [27/Oct/2023:15:18:22 +0000] "POST /xmlrpc.php HTTP/1.1" 200 4419 "-" "Mozilla/5.0 (Windows NT 10.0; Win64; x64) AppleWebKit/537.36 (KHTML, like Gecko) Chrome/90.0.4430.93 Safari/537.36"
74.208.33.44 - - [27/Oct/2023:15:18:30 +0000] "POST /xmlrpc.php HTTP/1.1" 200 4418 "-" "Mozilla/5.0 (Windows NT 6.1; WOW64; rv:38.0) Gecko/20100101 Firefox/38.0"
154.39.199.122 - - [27/Oct/2023:15:18:34 +0000] "POST /xmlrpc.php HTTP/1.1" 200 4013 "-" "Mozilla/5.0 (Windows NT 6.1; Win64; x64; rv:57.0) Gecko/20100101 Firefox/57.0"
202.79.174.79 - - [27/Oct/2023:15:18:39 +0000] "POST /xmlrpc.php HTTP/1.1" 200 4012 "-" "Mozilla/5.0 (Windows NT 10.0; Win64; x64) AppleWebKit/537.36 (KHTML, like Gecko) Chrome/74.0.3729.157 Safari/537.36"
103.121.90.183 - - [27/Oct/2023:15:18:41 +0000] "POST /xmlrpc.php HTTP/1.1" 200 4013 "-" "Mozilla/5.0 (Linux; Android 10; LM-X420) AppleWebKit/537.36 (KHTML, like Gecko) Chrome/91.0.4472.114 Mobile Safari/537.36"
151.106.116.163 - - [27/Oct/2023:15:18:45 +0000] "POST /xmlrpc.php HTTP/1.1" 200 4421 "-" "Mozilla/5.0 (Windows NT 10.0; Win64; x64; rv:62.0) Gecko/20100101 Firefox/62.0"
167.235.242.54 - - [27/Oct/2023:15:18:51 +0000] "POST /xmlrpc.php HTTP/1.1" 200 4420 "-" "Mozilla/5.0 (Windows NT 10.0; Win64; x64) AppleWebKit/537.36 (KHTML, like Gecko) Chrome/80.0.3987.163 Safari/537.36"
116.202.175.92 - - [27/Oct/2023:15:18:53 +0000] "POST /xmlrpc.php HTTP/1.1" 200 3984 "-" "Mozilla/5.0 (Windows NT 10.0; Win64; x64; rv:62.0) Gecko/20100101 Firefox/62.0"
194.191.24.64 - - [27/Oct/2023:15:18:57 +0000] "POST /xmlrpc.php HTTP/1.1" 200 4012 "-" "Mozilla/5.0 (Windows NT 5.1; rv:7.0.1) Gecko/20100101 Firefox/7.0.1"
162.246.17.12 - - [27/Oct/2023:15:18:59 +0000] "POST /xmlrpc.php HTTP/1.1" 200 4362 "-" "Mozilla/5.0 (Windows NT 10.0; Win64; x64; rv:60.0) Gecko/20100101 Firefox/60.0"
46.101.144.32 - - [27/Oct/2023:15:19:04 +0000] "POST /wp-cron.php?doing_wp_cron=1698419944.4560511112213134765625 HTTP/1.1" 200 3995 "-" "WordPress/6.3.2; https://talmedos.com"
81.28.5.21 - - [27/Oct/2023:15:19:04 +0000] "POST /xmlrpc.php HTTP/1.1" 200 4416 "-" "Mozilla/5.0 (Windows NT 10.0; Win64; x64) AppleWebKit/537.36 (KHTML, like Gecko) Chrome/68.0.3440.106 Safari/537.36"
151.106.116.163 - - [27/Oct/2023:15:19:09 +0000] "POST /xmlrpc.php HTTP/1.1" 200 4421 "-" "Mozilla/5.0 (Windows NT 10.0; Win64; x64; rv:65.0) Gecko/20100101 Firefox/65.0"
195.74.38.171 - - [27/Oct/2023:15:19:09 +0000] "POST /xmlrpc.php HTTP/1.1" 200 4012 "-" "Mozilla/5.0 (Windows NT 10.0; Win64; x64; rv:62.0) Gecko/20100101 Firefox/62.0"
162.55.100.32 - - [27/Oct/2023:15:19:12 +0000] "POST /xmlrpc.php HTTP/1.1" 200 4419 "-" "Mozilla/5.0 (Windows NT 6.1; WOW64; rv:41.0) Gecko/20100101 Firefox/41.0"
157.245.40.165 - - [27/Oct/2023:15:19:12 +0000] "POST /xmlrpc.php HTTP/1.1" 200 4420 "-" "Mozilla/5.0 (Windows NT 10.0; Win64; x64) AppleWebKit/537.36 (KHTML, like Gecko) Chrome/90.0.4430.212 Safari/537.36"
192.0.102.40 - - [27/Oct/2023:15:19:25 +0000] "HEAD / HTTP/1.1" 200 3915 "-" "jetmon/1.0 (Jetpack Site Uptime Monitor by WordPress.com)"
152.32.181.210 - - [27/Oct/2023:15:19:26 +0000] "GET / HTTP/1.1" 200 15228 "http://46.101.144.32/" "Mozilla/5.0 (Macintosh; Intel Mac OS X 10_7_0) AppleWebKit/535.11 (KHTML, like Gecko) Chrome/17.0.963.56 Safari/535.11"
152.32.181.210 - - [27/Oct/2023:15:19:52 +0000] "GET /favicon.ico HTTP/1.1" 404 4078 "http://46.101.144.32/favicon.ico" "Mozilla/5.0 (Macintosh; Intel Mac OS X 10_7_0) AppleWebKit/535.11 (KHTML, like Gecko) Chrome/17.0.963.56 Safari/535.11"
152.32.181.210 - - [27/Oct/2023:15:19:58 +0000] "GET /robots.txt HTTP/1.1" 404 4078 "http://46.101.144.32/robots.txt" "Mozilla/5.0 (Macintosh; Intel Mac OS X 10_7_0) AppleWebKit/535.11 (KHTML, like Gecko) Chrome/17.0.963.56 Safari/535.11"
152.32.181.210 - - [27/Oct/2023:15:20:06 +0000] "GET /sitemap.xml HTTP/1.1" 404 4078 "http://46.101.144.32/sitemap.xml" "Mozilla/5.0 (Macintosh; Intel Mac OS X 10_7_0) AppleWebKit/535.11 (KHTML, like Gecko) Chrome/17.0.963.56 Safari/535.11"
46.101.144.32 - - [27/Oct/2023:15:20:58 +0000] "POST /wp-cron.php?doing_wp_cron=1698420058.5806579589843750000000 HTTP/1.1" 200 3995 "-" "WordPress/6.3.2; https://talmedos.com"
152.32.181.210 - - [27/Oct/2023:15:20:58 +0000] "GET / HTTP/1.1" 200 15379 "-" "Mozilla/5.0 (Macintosh; Intel Mac OS X 10_14_6) AppleWebKit/537.36 (KHTML, like Gecko) Chrome/81.0.4044.138 Safari/537.36"
152.32.181.210 - - [27/Oct/2023:15:21:05 +0000] "GET /wp-content/plugins/woocommerce/readme.txt HTTP/1.1" 200 10074 "-" "python-requests/2.27.1"
152.32.181.210 - - [27/Oct/2023:15:21:07 +0000] "GET /wp-content/plugins/jetpack/readme.txt HTTP/1.1" 200 14667 "-" "python-requests/2.27.1"
152.32.181.210 - - [27/Oct/2023:15:21:08 +0000] "GET /wp-content/themes/twentytwentytwo/readme.txt HTTP/1.1" 200 5982 "-" "python-requests/2.27.1"
46.101.144.32 - - [27/Oct/2023:15:24:25 +0000] "POST /wp-cron.php?doing_wp_cron=1698420265.8571870326995849609375 HTTP/1.1" 200 3995 "-" "WordPress/6.3.2; https://talmedos.com"
192.0.102.40 - - [27/Oct/2023:15:24:25 +0000] "HEAD / HTTP/1.1" 200 3915 "-" "jetmon/1.0 (Jetpack Site Uptime Monitor by WordPress.com)"
46.101.144.32 - - [27/Oct/2023:15:29:25 +0000] "POST /wp-cron.php?doing_wp_cron=1698420565.8898050785064697265625 HTTP/1.1" 200 3995 "-" "WordPress/6.3.2; https://talmedos.com"
192.0.102.40 - - [27/Oct/2023:15:29:25 +0000] "HEAD / HTTP/1.1" 200 3915 "-" "jetmon/1.0 (Jetpack Site Uptime Monitor by WordPress.com)"
194.38.22.71 - - [27/Oct/2023:15:29:38 +0000] "GET /wp-content/plugins/superstorefinder-wp/css/ssf-wp-pop.css HTTP/1.1" 404 4181 "-" "ALittle Client"
46.101.144.32 - - [27/Oct/2023:15:32:37 +0000] "POST /wp-cron.php?doing_wp_cron=1698420757.9000589847564697265625 HTTP/1.1" 200 3995 "-" "WordPress/6.3.2; https://talmedos.com"
185.94.32.87 - - [27/Oct/2023:15:32:37 +0000] "GET / HTTP/1.1" 200 56960 "-" "Mozilla/5.0 (Windows NT 10.0; Win64; x64) AppleWebKit/537.36 (KHTML, like Gecko) Chrome/72.0.3626.109 Safari/537.36"
46.101.144.32 - - [27/Oct/2023:15:34:25 +0000] "POST /wp-cron.php?doing_wp_cron=1698420865.9383308887481689453125 HTTP/1.1" 200 3995 "-" "WordPress/6.3.2; https://talmedos.com"
192.0.102.40 - - [27/Oct/2023:15:34:25 +0000] "HEAD / HTTP/1.1" 200 3915 "-" "jetmon/1.0 (Jetpack Site Uptime Monitor by WordPress.com)"
167.71.133.68 - - [27/Oct/2023:15:35:12 +0000] "" 400 3595 "-" "-"
139.59.26.209 - - [27/Oct/2023:15:36:10 +0000] "POST /wp-login.php HTTP/1.1" 200 8354 "-" "Mozilla/5.0 (Windows NT 6.0) AppleWebKit/537.36 (KHTML, like Gecko) Chrome/49.0.2623.112 Safari/537.36"
46.101.144.32 - - [27/Oct/2023:15:39:25 +0000] "POST /wp-cron.php?doing_wp_cron=1698421165.9582080841064453125000 HTTP/1.1" 200 3995 "-" "WordPress/6.3.2; https://talmedos.com"
192.0.102.40 - - [27/Oct/2023:15:39:25 +0000] "HEAD / HTTP/1.1" 200 3915 "-" "jetmon/1.0 (Jetpack Site Uptime Monitor by WordPress.com)"
165.154.134.152 - - [27/Oct/2023:15:40:00 +0000] "GET / HTTP/1.1" 200 56856 "-" "-"
165.154.134.152 - - [27/Oct/2023:15:40:16 +0000] "GET /favicon.ico HTTP/1.1" 404 4078 "-" "Mozilla/5.0 (Macintosh; Intel Mac OS X 10_7_0) AppleWebKit/535.11 (KHTML, like Gecko) Chrome/17.0.963.56 Safari/535.11"
165.154.134.152 - - [27/Oct/2023:15:40:20 +0000] "GET /robots.txt HTTP/1.1" 404 4078 "-" "Mozilla/5.0 (Macintosh; Intel Mac OS X 10_7_0) AppleWebKit/535.11 (KHTML, like Gecko) Chrome/17.0.963.56 Safari/535.11"
165.154.134.152 - - [27/Oct/2023:15:40:23 +0000] "GET /sitemap.xml HTTP/1.1" 404 4078 "-" "Mozilla/5.0 (Macintosh; Intel Mac OS X 10_7_0) AppleWebKit/535.11 (KHTML, like Gecko) Chrome/17.0.963.56 Safari/535.11"
46.101.144.32 - - [27/Oct/2023:15:40:52 +0000] "POST /wp-cron.php?doing_wp_cron=1698421252.5788600444793701171875 HTTP/1.1" 200 3995 "-" "WordPress/6.3.2; https://talmedos.com"
165.154.134.152 - - [27/Oct/2023:15:40:52 +0000] "GET / HTTP/1.1" 200 15379 "-" "Mozilla/5.0 (Macintosh; Intel Mac OS X 10_14_6) AppleWebKit/537.36 (KHTML, like Gecko) Chrome/81.0.4044.138 Safari/537.36"
165.154.134.152 - - [27/Oct/2023:15:40:54 +0000] "GET /wp-content/plugins/jetpack/readme.txt HTTP/1.1" 200 14667 "-" "python-requests/2.27.1"
165.154.134.152 - - [27/Oct/2023:15:40:55 +0000] "GET /wp-content/plugins/woocommerce/readme.txt HTTP/1.1" 200 10074 "-" "python-requests/2.27.1"
165.154.134.152 - - [27/Oct/2023:15:40:56 +0000] "GET /wp-content/themes/twentytwentytwo/readme.txt HTTP/1.1" 200 5982 "-" "python-requests/2.27.1"
109.237.96.179 - - [27/Oct/2023:15:44:09 +0000] "GET /.env HTTP/1.1" 404 3774 "-" "Mozilla/5.0 (X11; Linux x86_64) AppleWebKit/537.36 (KHTML, like Gecko) Chrome/81.0.4044.129 Safari/537.36"
109.237.96.179 - - [27/Oct/2023:15:44:09 +0000] "GET /.env HTTP/1.1" 404 3778 "-" "Mozilla/5.0 (X11; Linux x86_64) AppleWebKit/537.36 (KHTML, like Gecko) Chrome/81.0.4044.129 Safari/537.36"
46.101.144.32 - - [27/Oct/2023:15:44:26 +0000] "POST /wp-cron.php?doing_wp_cron=1698421465.9948210716247558593750 HTTP/1.1" 200 3995 "-" "WordPress/6.3.2; https://talmedos.com"
192.0.102.40 - - [27/Oct/2023:15:44:25 +0000] "HEAD / HTTP/1.1" 200 3915 "-" "jetmon/1.0 (Jetpack Site Uptime Monitor by WordPress.com)"
46.101.144.32 - - [27/Oct/2023:15:49:25 +0000] "POST /wp-cron.php?doing_wp_cron=1698421765.7174460887908935546875 HTTP/1.1" 200 3995 "-" "WordPress/6.3.2; https://talmedos.com"
192.0.102.40 - - [27/Oct/2023:15:49:25 +0000] "HEAD / HTTP/1.1" 200 3915 "-" "jetmon/1.0 (Jetpack Site Uptime Monitor by WordPress.com)"
109.237.97.180 - - [27/Oct/2023:15:50:05 +0000] "GET /.env HTTP/1.1" 404 4182 "-" "Mozilla/5.0 (X11; Linux x86_64) AppleWebKit/537.36 (KHTML, like Gecko) Chrome/81.0.4044.129 Safari/537.36"
46.101.144.32 - - [27/Oct/2023:15:54:25 +0000] "POST /wp-cron.php?doing_wp_cron=1698422065.6204380989074707031250 HTTP/1.1" 200 3995 "-" "WordPress/6.3.2; https://talmedos.com"
192.0.102.40 - - [27/Oct/2023:15:54:25 +0000] "HEAD / HTTP/1.1" 200 3915 "-" "jetmon/1.0 (Jetpack Site Uptime Monitor by WordPress.com)"
46.101.144.32 - - [27/Oct/2023:15:59:27 +0000] "POST /wp-cron.php?doing_wp_cron=1698422367.1206660270690917968750 HTTP/1.1" 200 3995 "-" "WordPress/6.3.2; https://talmedos.com"
192.0.102.40 - - [27/Oct/2023:15:59:26 +0000] "HEAD / HTTP/1.1" 200 3915 "-" "jetmon/1.0 (Jetpack Site Uptime Monitor by WordPress.com)"
46.101.144.32 - - [27/Oct/2023:16:04:26 +0000] "POST /wp-cron.php?doing_wp_cron=1698422665.9844419956207275390625 HTTP/1.1" 200 3995 "-" "WordPress/6.3.2; https://talmedos.com"
192.0.102.40 - - [27/Oct/2023:16:04:25 +0000] "HEAD / HTTP/1.1" 200 3915 "-" "jetmon/1.0 (Jetpack Site Uptime Monitor by WordPress.com)"
46.101.144.32 - - [27/Oct/2023:16:09:25 +0000] "POST /wp-cron.php?doing_wp_cron=1698422965.5976119041442871093750 HTTP/1.1" 200 3995 "-" "WordPress/6.3.2; https://talmedos.com"
192.0.102.40 - - [27/Oct/2023:16:09:25 +0000] "HEAD / HTTP/1.1" 200 3915 "-" "jetmon/1.0 (Jetpack Site Uptime Monitor by WordPress.com)"
46.101.144.32 - - [27/Oct/2023:16:14:26 +0000] "POST /wp-cron.php?doing_wp_cron=1698423266.9649460315704345703125 HTTP/1.1" 200 3995 "-" "WordPress/6.3.2; https://talmedos.com"
192.0.102.40 - - [27/Oct/2023:16:14:26 +0000] "HEAD / HTTP/1.1" 200 3915 "-" "jetmon/1.0 (Jetpack Site Uptime Monitor by WordPress.com)"
46.101.144.32 - - [27/Oct/2023:16:19:25 +0000] "POST /wp-cron.php?doing_wp_cron=1698423565.5777759552001953125000 HTTP/1.1" 200 3995 "-" "WordPress/6.3.2; https://talmedos.com"
192.0.102.40 - - [27/Oct/2023:16:19:25 +0000] "HEAD / HTTP/1.1" 200 3915 "-" "jetmon/1.0 (Jetpack Site Uptime Monitor by WordPress.com)"
46.101.144.32 - - [27/Oct/2023:16:23:43 +0000] "POST /wp-cron.php?doing_wp_cron=1698423823.3839600086212158203125 HTTP/1.1" 200 3995 "-" "WordPress/6.3.2; https://talmedos.com"
185.180.143.190 - - [27/Oct/2023:16:23:43 +0000] "GET / HTTP/1.1" 200 14711 "http://46.101.144.32/" "Mozilla/5.0 (Windows NT 10.0; Win64; x64) AppleWebKit/537.36 (KHTML, like Gecko) Chrome/60.0.3112.113 Safari/537.36"
46.101.144.32 - - [27/Oct/2023:16:24:25 +0000] "POST /wp-cron.php?doing_wp_cron=1698423865.5310180187225341796875 HTTP/1.1" 200 3995 "-" "WordPress/6.3.2; https://talmedos.com"
192.0.102.40 - - [27/Oct/2023:16:24:25 +0000] "HEAD / HTTP/1.1" 200 3915 "-" "jetmon/1.0 (Jetpack Site Uptime Monitor by WordPress.com)"
46.101.144.32 - - [27/Oct/2023:16:29:26 +0000] "POST /wp-cron.php?doing_wp_cron=1698424166.6382899284362792968750 HTTP/1.1" 200 3995 "-" "WordPress/6.3.2; https://talmedos.com"
192.0.102.40 - - [27/Oct/2023:16:29:26 +0000] "HEAD / HTTP/1.1" 200 3915 "-" "jetmon/1.0 (Jetpack Site Uptime Monitor by WordPress.com)"
46.101.144.32 - - [27/Oct/2023:16:34:25 +0000] "POST /wp-cron.php?doing_wp_cron=1698424465.6646070480346679687500 HTTP/1.1" 200 3995 "-" "WordPress/6.3.2; https://talmedos.com"
192.0.102.40 - - [27/Oct/2023:16:34:25 +0000] "HEAD / HTTP/1.1" 200 3915 "-" "jetmon/1.0 (Jetpack Site Uptime Monitor by WordPress.com)"
46.101.144.32 - - [27/Oct/2023:16:39:26 +0000] "POST /wp-cron.php?doing_wp_cron=1698424766.2019479274749755859375 HTTP/1.1" 200 3995 "-" "WordPress/6.3.2; https://talmedos.com"
192.0.102.40 - - [27/Oct/2023:16:39:26 +0000] "HEAD / HTTP/1.1" 200 3915 "-" "jetmon/1.0 (Jetpack Site Uptime Monitor by WordPress.com)"
46.101.144.32 - - [27/Oct/2023:16:43:42 +0000] "POST /wp-cron.php?doing_wp_cron=1698425022.8603119850158691406250 HTTP/1.1" 200 3995 "-" "WordPress/6.3.2; https://talmedos.com"
173.212.232.6 - - [27/Oct/2023:16:43:42 +0000] "POST /xmlrpc.php HTTP/1.1" 200 4419 "-" "Mozilla/5.0 (Windows NT 10.0; Win64; x64; rv:79.0) Gecko/20100101 Firefox/79.0"
51.68.224.123 - - [27/Oct/2023:16:43:47 +0000] "POST /xmlrpc.php HTTP/1.1" 200 4419 "-" "Mozilla/5.0 (Windows NT 6.1; Win64; x64) AppleWebKit/537.36 (KHTML, like Gecko) Chrome/63.0.3239.132 Safari/537.36"
88.99.106.172 - - [27/Oct/2023:16:43:51 +0000] "POST /xmlrpc.php HTTP/1.1" 200 4419 "-" "Mozilla/5.0 (Windows NT 10.0) AppleWebKit/537.36 (KHTML, like Gecko) Chrome/91.0.4472.114 Safari/537.36"
81.28.5.21 - - [27/Oct/2023:16:43:53 +0000] "POST /xmlrpc.php HTTP/1.1" 200 4416 "-" "Mozilla/5.0 (Windows NT 6.2; Win64; x64) AppleWebKit/537.36 (KHTML, like Gecko) Chrome/60.0.3112.90 Safari/537.36"
194.191.24.64 - - [27/Oct/2023:16:43:53 +0000] "POST /xmlrpc.php HTTP/1.1" 200 4012 "-" "Mozilla/5.0 (Windows NT 10.0; Win64; x64) AppleWebKit/537.36 (KHTML, like Gecko) Chrome/84.0.4147.135 Safari/537.36"
74.208.33.44 - - [27/Oct/2023:16:43:56 +0000] "POST /xmlrpc.php HTTP/1.1" 200 4418 "-" "Mozilla/5.0 (Linux; Android 10; SM-A205U) AppleWebKit/537.36 (KHTML, like Gecko) Chrome/91.0.4472.114 Mobile Safari/537.36"
157.245.40.165 - - [27/Oct/2023:16:43:58 +0000] "POST /xmlrpc.php HTTP/1.1" 200 4420 "-" "Mozilla/5.0 (Windows NT 10.0; Win64; x64) AppleWebKit/537.36 (KHTML, like Gecko) Chrome/85.0.4183.121 Safari/537.36"
107.180.121.71 - - [27/Oct/2023:16:44:01 +0000] "POST /xmlrpc.php HTTP/1.1" 200 3984 "-" "Mozilla/5.0 (Windows NT 10.0; Win64; x64) AppleWebKit/537.36 (KHTML, like Gecko) Chrome/74.0.3729.157 Safari/537.36"
46.101.144.32 - - [27/Oct/2023:16:44:06 +0000] "POST /wp-cron.php?doing_wp_cron=1698425046.4398190975189208984375 HTTP/1.1" 200 3995 "-" "WordPress/6.3.2; https://talmedos.com"
151.106.117.52 - - [27/Oct/2023:16:44:06 +0000] "POST /xmlrpc.php HTTP/1.1" 200 4420 "-" "Mozilla/5.0 (Windows; U; Windows NT 5.1; en-US; rv:1.7.10) Gecko/20050716 Firefox/1.0.6"
162.246.16.90 - - [27/Oct/2023:16:44:06 +0000] "POST /xmlrpc.php HTTP/1.1" 200 4419 "-" "Mozilla/5.0 (Windows NT 10.0; Win64; x64) AppleWebKit/537.36 (KHTML, like Gecko) Chrome/84.0.4147.105 Safari/537.36"
80.241.213.210 - - [27/Oct/2023:16:44:12 +0000] "POST /xmlrpc.php HTTP/1.1" 200 4013 "-" "Mozilla/5.0 (Windows NT 5.1; rv:33.0) Gecko/20100101 Firefox/33.0"
78.128.81.122 - - [27/Oct/2023:16:44:12 +0000] "POST /xmlrpc.php HTTP/1.1" 200 4012 "-" "Mozilla/5.0 (Windows NT 10.0; Win64; x64) AppleWebKit/537.36 (KHTML, like Gecko) Chrome/79.0.3945.130 Safari/537.36"
80.241.213.210 - - [27/Oct/2023:16:44:15 +0000] "POST /xmlrpc.php HTTP/1.1" 200 4013 "-" "Mozilla/5.0 (Windows NT 6.1; rv:17.0) Gecko/20100101 Firefox/20.6.14"
192.0.102.40 - - [27/Oct/2023:16:44:26 +0000] "HEAD / HTTP/1.1" 200 3915 "-" "jetmon/1.0 (Jetpack Site Uptime Monitor by WordPress.com)"
46.101.144.32 - - [27/Oct/2023:16:49:24 +0000] "POST /wp-cron.php?doing_wp_cron=1698425364.9655809402465820312500 HTTP/1.1" 200 3995 "-" "WordPress/6.3.2; https://talmedos.com"
192.0.102.40 - - [27/Oct/2023:16:49:24 +0000] "HEAD / HTTP/1.1" 200 3915 "-" "jetmon/1.0 (Jetpack Site Uptime Monitor by WordPress.com)"
46.101.144.32 - - [27/Oct/2023:16:54:25 +0000] "POST /wp-cron.php?doing_wp_cron=1698425665.9794030189514160156250 HTTP/1.1" 200 3995 "-" "WordPress/6.3.2; https://talmedos.com"
192.0.102.40 - - [27/Oct/2023:16:54:25 +0000] "HEAD / HTTP/1.1" 200 3915 "-" "jetmon/1.0 (Jetpack Site Uptime Monitor by WordPress.com)"
46.101.144.32 - - [27/Oct/2023:16:59:26 +0000] "POST /wp-cron.php?doing_wp_cron=1698425966.3533020019531250000000 HTTP/1.1" 200 3995 "-" "WordPress/6.3.2; https://talmedos.com"
192.0.102.40 - - [27/Oct/2023:16:59:26 +0000] "HEAD / HTTP/1.1" 200 3915 "-" "jetmon/1.0 (Jetpack Site Uptime Monitor by WordPress.com)"
46.101.144.32 - - [27/Oct/2023:17:01:35 +0000] "POST /wp-cron.php?doing_wp_cron=1698426095.2667770385742187500000 HTTP/1.1" 200 3995 "-" "WordPress/6.3.2; https://talmedos.com"
83.97.73.87 - - [27/Oct/2023:17:01:35 +0000] "GET /?XDEBUG_SESSION_START=phpstorm HTTP/1.1" 301 3912 "-" "Mozilla/5.0 (Windows NT 10.0; Win64; x64) AppleWebKit/537.36 (KHTML, like Gecko) Chrome/78.0.3904.108 Safari/537.36"
83.97.73.87 - - [27/Oct/2023:17:01:35 +0000] "GET /?XDEBUG_SESSION_START=phpstorm HTTP/1.1" 200 15247 "https://46.101.144.32:443/?XDEBUG_SESSION_START=phpstorm" "Mozilla/5.0 (Windows NT 10.0; Win64; x64) AppleWebKit/537.36 (KHTML, like Gecko) Chrome/78.0.3904.108 Safari/537.36"
46.101.144.32 - - [27/Oct/2023:17:04:26 +0000] "POST /wp-cron.php?doing_wp_cron=1698426266.3187448978424072265625 HTTP/1.1" 200 3995 "-" "WordPress/6.3.2; https://talmedos.com"
192.0.102.40 - - [27/Oct/2023:17:04:26 +0000] "HEAD / HTTP/1.1" 200 3915 "-" "jetmon/1.0 (Jetpack Site Uptime Monitor by WordPress.com)"
143.110.177.0 - - [27/Oct/2023:17:08:33 +0000] "POST /wp-login.php HTTP/1.1" 200 8355 "-" "Mozilla/5.0 (Windows NT 5.1) AppleWebKit/537.36 (KHTML, like Gecko) Chrome/47.0.2526.106 Safari/537.36"
46.101.144.32 - - [27/Oct/2023:17:09:25 +0000] "POST /wp-cron.php?doing_wp_cron=1698426565.7482290267944335937500 HTTP/1.1" 200 3995 "-" "WordPress/6.3.2; https://talmedos.com"
192.0.102.40 - - [27/Oct/2023:17:09:25 +0000] "HEAD / HTTP/1.1" 200 3915 "-" "jetmon/1.0 (Jetpack Site Uptime Monitor by WordPress.com)"
46.101.144.32 - - [27/Oct/2023:17:14:26 +0000] "POST /wp-cron.php?doing_wp_cron=1698426866.2812221050262451171875 HTTP/1.1" 200 3995 "-" "WordPress/6.3.2; https://talmedos.com"
192.0.102.40 - - [27/Oct/2023:17:14:26 +0000] "HEAD / HTTP/1.1" 200 3915 "-" "jetmon/1.0 (Jetpack Site Uptime Monitor by WordPress.com)"
46.101.144.32 - - [27/Oct/2023:17:19:25 +0000] "POST /wp-cron.php?doing_wp_cron=1698427165.8912069797515869140625 HTTP/1.1" 200 3995 "-" "WordPress/6.3.2; https://talmedos.com"
192.0.102.40 - - [27/Oct/2023:17:19:25 +0000] "HEAD / HTTP/1.1" 200 3915 "-" "jetmon/1.0 (Jetpack Site Uptime Monitor by WordPress.com)"
46.101.144.32 - - [27/Oct/2023:17:24:26 +0000] "POST /wp-cron.php?doing_wp_cron=1698427466.1441109180450439453125 HTTP/1.1" 200 3995 "-" "WordPress/6.3.2; https://talmedos.com"
192.0.102.40 - - [27/Oct/2023:17:24:25 +0000] "HEAD / HTTP/1.1" 200 3915 "-" "jetmon/1.0 (Jetpack Site Uptime Monitor by WordPress.com)"
46.101.144.32 - - [27/Oct/2023:17:29:26 +0000] "POST /wp-cron.php?doing_wp_cron=1698427766.2743690013885498046875 HTTP/1.1" 200 3995 "-" "WordPress/6.3.2; https://talmedos.com"
192.0.102.40 - - [27/Oct/2023:17:29:26 +0000] "HEAD / HTTP/1.1" 200 3915 "-" "jetmon/1.0 (Jetpack Site Uptime Monitor by WordPress.com)"
46.101.144.32 - - [27/Oct/2023:17:34:26 +0000] "POST /wp-cron.php?doing_wp_cron=1698428066.3265769481658935546875 HTTP/1.1" 200 3995 "-" "WordPress/6.3.2; https://talmedos.com"
192.0.102.40 - - [27/Oct/2023:17:34:26 +0000] "HEAD / HTTP/1.1" 200 3915 "-" "jetmon/1.0 (Jetpack Site Uptime Monitor by WordPress.com)"
46.101.144.32 - - [27/Oct/2023:17:39:25 +0000] "POST /wp-cron.php?doing_wp_cron=1698428365.8634469509124755859375 HTTP/1.1" 200 3995 "-" "WordPress/6.3.2; https://talmedos.com"
192.0.102.40 - - [27/Oct/2023:17:39:25 +0000] "HEAD / HTTP/1.1" 200 3915 "-" "jetmon/1.0 (Jetpack Site Uptime Monitor by WordPress.com)"
46.101.144.32 - - [27/Oct/2023:17:44:26 +0000] "POST /wp-cron.php?doing_wp_cron=1698428666.4675159454345703125000 HTTP/1.1" 200 3995 "-" "WordPress/6.3.2; https://talmedos.com"
192.0.102.40 - - [27/Oct/2023:17:44:26 +0000] "HEAD / HTTP/1.1" 200 3915 "-" "jetmon/1.0 (Jetpack Site Uptime Monitor by WordPress.com)"
192.0.102.40 - - [27/Oct/2023:17:49:25 +0000] "HEAD / HTTP/1.1" 200 3915 "-" "jetmon/1.0 (Jetpack Site Uptime Monitor by WordPress.com)"
46.101.144.32 - - [27/Oct/2023:17:49:25 +0000] "POST /wp-cron.php?doing_wp_cron=1698428965.8471310138702392578125 HTTP/1.1" 200 3995 "-" "WordPress/6.3.2; https://talmedos.com"
139.99.80.15 - - [27/Oct/2023:17:51:15 +0000] "POST /wp-login.php HTTP/1.1" 200 8355 "-" "Mozilla/5.0 (Windows NT 6.1) AppleWebKit/537.36 (KHTML, like Gecko) Chrome/56.0.2924.87 Safari/537.36"
46.101.144.32 - - [27/Oct/2023:17:54:25 +0000] "POST /wp-cron.php?doing_wp_cron=1698429265.6667621135711669921875 HTTP/1.1" 200 3995 "-" "WordPress/6.3.2; https://talmedos.com"
192.0.102.40 - - [27/Oct/2023:17:54:25 +0000] "HEAD / HTTP/1.1" 200 3915 "-" "jetmon/1.0 (Jetpack Site Uptime Monitor by WordPress.com)"
46.101.144.32 - - [27/Oct/2023:17:59:26 +0000] "POST /wp-cron.php?doing_wp_cron=1698429566.7379970550537109375000 HTTP/1.1" 200 3995 "-" "WordPress/6.3.2; https://talmedos.com"
192.0.102.40 - - [27/Oct/2023:17:59:26 +0000] "HEAD / HTTP/1.1" 200 3915 "-" "jetmon/1.0 (Jetpack Site Uptime Monitor by WordPress.com)"
46.101.144.32 - - [27/Oct/2023:18:04:25 +0000] "POST /wp-cron.php?doing_wp_cron=1698429865.6627440452575683593750 HTTP/1.1" 200 3995 "-" "WordPress/6.3.2; https://talmedos.com"
192.0.102.40 - - [27/Oct/2023:18:04:25 +0000] "HEAD / HTTP/1.1" 200 3915 "-" "jetmon/1.0 (Jetpack Site Uptime Monitor by WordPress.com)"
46.101.144.32 - - [27/Oct/2023:18:09:26 +0000] "POST /wp-cron.php?doing_wp_cron=1698430166.3334810733795166015625 HTTP/1.1" 200 3995 "-" "WordPress/6.3.2; https://talmedos.com"
192.0.102.40 - - [27/Oct/2023:18:09:26 +0000] "HEAD / HTTP/1.1" 200 3915 "-" "jetmon/1.0 (Jetpack Site Uptime Monitor by WordPress.com)"
45.55.131.143 - - [27/Oct/2023:18:10:33 +0000] "GET /wp-content/themes/themify-ultra/style.css HTTP/1.1" 404 4172 "-" "Mozilla/5.0 (Windows NT 10.0; Win64; x64) AppleWebKit/537.36 (KHTML, like Gecko) Chrome/92.0.4515.131 Safari/537.36"
46.101.144.32 - - [27/Oct/2023:18:14:26 +0000] "POST /wp-cron.php?doing_wp_cron=1698430466.5516419410705566406250 HTTP/1.1" 200 3995 "-" "WordPress/6.3.2; https://talmedos.com"
192.0.102.40 - - [27/Oct/2023:18:14:26 +0000] "HEAD / HTTP/1.1" 200 3915 "-" "jetmon/1.0 (Jetpack Site Uptime Monitor by WordPress.com)"
46.101.144.32 - - [27/Oct/2023:18:19:25 +0000] "POST /wp-cron.php?doing_wp_cron=1698430765.8852388858795166015625 HTTP/1.1" 200 3995 "-" "WordPress/6.3.2; https://talmedos.com"
192.0.102.40 - - [27/Oct/2023:18:19:25 +0000] "HEAD / HTTP/1.1" 200 3915 "-" "jetmon/1.0 (Jetpack Site Uptime Monitor by WordPress.com)"
137.184.105.192 - - [27/Oct/2023:18:19:42 +0000] "" 400 3595 "-" "-"
46.101.144.32 - - [27/Oct/2023:18:24:25 +0000] "POST /wp-cron.php?doing_wp_cron=1698431065.9536759853363037109375 HTTP/1.1" 200 3995 "-" "WordPress/6.3.2; https://talmedos.com"
192.0.102.40 - - [27/Oct/2023:18:24:25 +0000] "HEAD / HTTP/1.1" 200 3915 "-" "jetmon/1.0 (Jetpack Site Uptime Monitor by WordPress.com)"
46.101.144.32 - - [27/Oct/2023:18:29:26 +0000] "POST /wp-cron.php?doing_wp_cron=1698431366.4876520633697509765625 HTTP/1.1" 200 3995 "-" "WordPress/6.3.2; https://talmedos.com"
192.0.102.40 - - [27/Oct/2023:18:29:26 +0000] "HEAD / HTTP/1.1" 200 3915 "-" "jetmon/1.0 (Jetpack Site Uptime Monitor by WordPress.com)"
69.163.224.107 - - [27/Oct/2023:18:31:40 +0000] "POST /wp-login.php HTTP/1.1" 200 8356 "-" "Mozilla/5.0 (Windows NT 10.0; Win64; x64) AppleWebKit/537.36 (KHTML, like Gecko) Chrome/73.0.3683.86 Safari/537.36"
46.101.144.32 - - [27/Oct/2023:18:34:25 +0000] "POST /wp-cron.php?doing_wp_cron=1698431665.3406651020050048828125 HTTP/1.1" 200 3995 "-" "WordPress/6.3.2; https://talmedos.com"
192.0.102.40 - - [27/Oct/2023:18:34:25 +0000] "HEAD / HTTP/1.1" 200 3915 "-" "jetmon/1.0 (Jetpack Site Uptime Monitor by WordPress.com)"
46.101.144.32 - - [27/Oct/2023:18:39:26 +0000] "POST /wp-cron.php?doing_wp_cron=1698431966.0746140480041503906250 HTTP/1.1" 200 3995 "-" "WordPress/6.3.2; https://talmedos.com"
192.0.102.40 - - [27/Oct/2023:18:39:25 +0000] "HEAD / HTTP/1.1" 200 3915 "-" "jetmon/1.0 (Jetpack Site Uptime Monitor by WordPress.com)"
83.97.73.87 - - [27/Oct/2023:18:41:52 +0000] "GET /actuator/gateway/routes HTTP/1.1" 404 4097 "-" "Mozilla/5.0 (Windows NT 10.0; Win64; x64) AppleWebKit/537.36 (KHTML, like Gecko) Chrome/78.0.3904.108 Safari/537.36"
51.222.158.14 - - [27/Oct/2023:18:42:26 +0000] "GET /wp-content/plugins/WordPressCore/include.php HTTP/1.1" 404 3610 "-" "Mozlila/5.0 (Linux; Android 7.0; SM-G892A Bulid/NRD90M; wv) AppleWebKit/537.36 (KHTML, like Gecko) Version/4.0 Chrome/60.0.3112.107 Moblie Safari/537.36"
46.101.144.32 - - [27/Oct/2023:18:44:26 +0000] "POST /wp-cron.php?doing_wp_cron=1698432266.9545290470123291015625 HTTP/1.1" 200 3995 "-" "WordPress/6.3.2; https://talmedos.com"
192.0.102.40 - - [27/Oct/2023:18:44:26 +0000] "HEAD / HTTP/1.1" 200 3915 "-" "jetmon/1.0 (Jetpack Site Uptime Monitor by WordPress.com)"
46.101.144.32 - - [27/Oct/2023:18:49:26 +0000] "POST /wp-cron.php?doing_wp_cron=1698432566.6106789112091064453125 HTTP/1.1" 200 3995 "-" "WordPress/6.3.2; https://talmedos.com"
192.0.102.40 - - [27/Oct/2023:18:49:26 +0000] "HEAD / HTTP/1.1" 200 3915 "-" "jetmon/1.0 (Jetpack Site Uptime Monitor by WordPress.com)"
46.101.144.32 - - [27/Oct/2023:18:54:25 +0000] "POST /wp-cron.php?doing_wp_cron=1698432865.7855920791625976562500 HTTP/1.1" 200 3995 "-" "WordPress/6.3.2; https://talmedos.com"
192.0.102.40 - - [27/Oct/2023:18:54:25 +0000] "HEAD / HTTP/1.1" 200 3915 "-" "jetmon/1.0 (Jetpack Site Uptime Monitor by WordPress.com)"
46.101.144.32 - - [27/Oct/2023:18:59:27 +0000] "POST /wp-cron.php?doing_wp_cron=1698433167.1407990455627441406250 HTTP/1.1" 200 3995 "-" "WordPress/6.3.2; https://talmedos.com"
192.0.102.40 - - [27/Oct/2023:18:59:26 +0000] "HEAD / HTTP/1.1" 200 3915 "-" "jetmon/1.0 (Jetpack Site Uptime Monitor by WordPress.com)"
162.241.2.41 - - [27/Oct/2023:18:59:52 +0000] "GET /wp-content/plugins/wp-doft/noimg.php HTTP/1.1" 404 4172 "http://talmedos.com/wp-content/plugins/wp-doft/noimg.php" "Mozilla/5.0 (Windows; U; Windows NT 5.1; en-US) AppleWebKit/533.4 (KHTML, like Gecko) Chrome/5.0.375.99 Safari/533.4"
46.101.144.32 - - [27/Oct/2023:19:04:26 +0000] "POST /wp-cron.php?doing_wp_cron=1698433466.4743320941925048828125 HTTP/1.1" 200 3995 "-" "WordPress/6.3.2; https://talmedos.com"
192.0.102.40 - - [27/Oct/2023:19:04:26 +0000] "HEAD / HTTP/1.1" 200 3915 "-" "jetmon/1.0 (Jetpack Site Uptime Monitor by WordPress.com)"
46.101.144.32 - - [27/Oct/2023:19:09:26 +0000] "POST /wp-cron.php?doing_wp_cron=1698433766.1688671112060546875000 HTTP/1.1" 200 3995 "-" "WordPress/6.3.2; https://talmedos.com"
192.0.102.40 - - [27/Oct/2023:19:09:25 +0000] "HEAD / HTTP/1.1" 200 3915 "-" "jetmon/1.0 (Jetpack Site Uptime Monitor by WordPress.com)"
51.91.151.60 - - [27/Oct/2023:19:11:28 +0000] "POST /wp-login.php HTTP/1.1" 200 8353 "-" "Mozilla/5.0 (Windows NT 6.1) AppleWebKit/537.36 (KHTML, like Gecko) Chrome/80.0.3987.132 Safari/537.36"
46.101.144.32 - - [27/Oct/2023:19:14:26 +0000] "POST /wp-cron.php?doing_wp_cron=1698434066.0474369525909423828125 HTTP/1.1" 200 3995 "-" "WordPress/6.3.2; https://talmedos.com"
192.0.102.40 - - [27/Oct/2023:19:14:25 +0000] "HEAD / HTTP/1.1" 200 3915 "-" "jetmon/1.0 (Jetpack Site Uptime Monitor by WordPress.com)"
84.247.95.4 - - [27/Oct/2023:19:15:12 +0000] "GET /.env HTTP/1.1" 404 4229 "-" "Mozilla/5.0 (Linux; U; Android 4.4.2; en-US; HM NOTE 1W Build/KOT49H) AppleWebKit/534.30 (KHTML, like Gecko) Version/4.0 UCBrowser/11.0.5.850 U3/0.8.0 Mobile Safari/534.30"
46.101.144.32 - - [27/Oct/2023:19:15:12 +0000] "POST /wp-cron.php?doing_wp_cron=1698434112.8704519271850585937500 HTTP/1.1" 200 3995 "-" "WordPress/6.3.2; https://talmedos.com"
84.247.95.4 - - [27/Oct/2023:19:15:12 +0000] "POST / HTTP/1.1" 200 15379 "-" "Mozilla/5.0 (Linux; U; Android 4.4.2; en-US; HM NOTE 1W Build/KOT49H) AppleWebKit/534.30 (KHTML, like Gecko) Version/4.0 UCBrowser/11.0.5.850 U3/0.8.0 Mobile Safari/534.30"
46.101.144.32 - - [27/Oct/2023:19:16:23 +0000] "POST /wp-cron.php?doing_wp_cron=1698434183.6778650283813476562500 HTTP/1.1" 200 3995 "-" "WordPress/6.3.2; https://talmedos.com"
178.62.63.209 - - [27/Oct/2023:19:16:23 +0000] "POST /xmlrpc.php HTTP/1.1" 200 4419 "-" "Mozilla/5.0 (Windows NT 10.0; Win64; x64) AppleWebKit/537.36 (KHTML, like Gecko) Chrome/85.0.4183.121 Safari/537.36"
208.109.226.46 - - [27/Oct/2023:19:16:23 +0000] "POST /xmlrpc.php HTTP/1.1" 200 4420 "-" "Mozilla/5.0 (Windows NT 10.0) AppleWebKit/537.36 (KHTML, like Gecko) Chrome/72.0.3626.121 Safari/537.36"
46.101.144.32 - - [27/Oct/2023:19:16:30 +0000] "POST /wp-cron.php?doing_wp_cron=1698434190.0633850097656250000000 HTTP/1.1" 200 3995 "-" "WordPress/6.3.2; https://talmedos.com"
80.241.213.210 - - [27/Oct/2023:19:16:29 +0000] "POST /xmlrpc.php HTTP/1.1" 200 4013 "-" "Mozilla/5.0 (Windows NT 6.1; Win64; x64; rv:25.0) Gecko/20100101 Firefox/29.0"
178.210.91.239 - - [27/Oct/2023:19:16:29 +0000] "POST /xmlrpc.php HTTP/1.1" 200 4420 "-" "Mozilla/5.0 (Windows NT 10.0; Win64; x64; rv:85.0) Gecko/20100101 Firefox/85.0"
192.169.217.75 - - [27/Oct/2023:19:16:33 +0000] "POST /xmlrpc.php HTTP/1.1" 200 3984 "-" "Mozilla/5.0 (X11; Linux x86_64) AppleWebKit/537.36 (KHTML, like Gecko) Chrome/44.0.2403.157 Safari/537.36"
80.241.213.210 - - [27/Oct/2023:19:16:37 +0000] "POST /xmlrpc.php HTTP/1.1" 200 4013 "-" "Mozilla/5.0 (Windows NT 10.0) AppleWebKit/537.36 (KHTML, like Gecko) Chrome/91.0.4472.114 Safari/537.36"
80.241.213.210 - - [27/Oct/2023:19:16:37 +0000] "POST /xmlrpc.php HTTP/1.1" 200 4013 "-" "Mozilla/5.0 (Linux; Android 10; LM-Q710(FGN)) AppleWebKit/537.36 (KHTML, like Gecko) Chrome/91.0.4472.114 Mobile Safari/537.36"
212.224.88.188 - - [27/Oct/2023:19:16:39 +0000] "POST /xmlrpc.php HTTP/1.1" 200 4420 "-" "Mozilla/5.0 (Windows NT 10.0; Win64; x64) AppleWebKit/537.36 (KHTML, like Gecko) Chrome/61.0.3163.100 Safari/537.36"
146.190.90.35 - - [27/Oct/2023:19:16:40 +0000] "POST /xmlrpc.php HTTP/1.1" 200 4419 "-" "Mozilla/5.0 (Windows NT 6.1; WOW64; rv:50.0) Gecko/20100101 Firefox/50.0"
167.235.242.54 - - [27/Oct/2023:19:16:42 +0000] "POST /xmlrpc.php HTTP/1.1" 200 4420 "-" "Mozilla/5.0 (Windows NT 6.3; Win64; x64; rv:73.0) Gecko/20100101 Firefox/73.0"
45.120.226.30 - - [27/Oct/2023:19:16:46 +0000] "POST /xmlrpc.php HTTP/1.1" 200 4012 "-" "Mozilla/5.0 (Windows NT 6.1; Win64; x64) AppleWebKit/537.36 (KHTML, like Gecko) Chrome/60.0.3112.90 Safari/537.36"
88.99.106.172 - - [27/Oct/2023:19:16:52 +0000] "POST /xmlrpc.php HTTP/1.1" 200 4419 "-" "Mozilla/5.0 (Windows NT 10.0; Win64; x64) AppleWebKit/537.36 (KHTML, like Gecko) Chrome/89.0.4389.90 Safari/537.36"
159.65.197.63 - - [27/Oct/2023:19:16:57 +0000] "POST /xmlrpc.php HTTP/1.1" 200 4419 "-" "Mozilla/5.0 (Windows NT 10.0; Win64; x64) AppleWebKit/537.36 (KHTML, like Gecko) Chrome/80.0.3987.163 Safari/537.36"
54.39.20.17 - - [27/Oct/2023:19:16:58 +0000] "POST /xmlrpc.php HTTP/1.1" 200 4010 "-" "Mozilla/5.0 (Windows NT 10.0; Win64; x64) AppleWebKit/537.36 (KHTML, like Gecko) Chrome/61.0.3163.100 Safari/537.36"
46.101.144.32 - - [27/Oct/2023:19:17:02 +0000] "POST /wp-cron.php?doing_wp_cron=1698434222.7265019416809082031250 HTTP/1.1" 200 3995 "-" "WordPress/6.3.2; https://talmedos.com"
74.208.33.44 - - [27/Oct/2023:19:17:02 +0000] "POST /xmlrpc.php HTTP/1.1" 200 4418 "-" "Mozilla/5.0 (Windows NT 6.1; Win64; x64; rv:58.0) Gecko/20100101 Firefox/58.0"
54.36.174.113 - - [27/Oct/2023:19:17:06 +0000] "POST /xmlrpc.php HTTP/1.1" 200 4419 "-" "Mozilla/5.0 (Windows NT 10.0; WOW64) AppleWebKit/537.36 (KHTML, like Gecko) Chrome/72.0.3626.121 Safari/537.36"
46.101.144.32 - - [27/Oct/2023:19:19:25 +0000] "POST /wp-cron.php?doing_wp_cron=1698434365.8889451026916503906250 HTTP/1.1" 200 3995 "-" "WordPress/6.3.2; https://talmedos.com"
192.0.102.40 - - [27/Oct/2023:19:19:25 +0000] "HEAD / HTTP/1.1" 200 3915 "-" "jetmon/1.0 (Jetpack Site Uptime Monitor by WordPress.com)"
46.101.144.32 - - [27/Oct/2023:19:24:25 +0000] "POST /wp-cron.php?doing_wp_cron=1698434665.7794129848480224609375 HTTP/1.1" 200 3995 "-" "WordPress/6.3.2; https://talmedos.com"
192.0.102.40 - - [27/Oct/2023:19:24:25 +0000] "HEAD / HTTP/1.1" 200 3915 "-" "jetmon/1.0 (Jetpack Site Uptime Monitor by WordPress.com)"
46.101.144.32 - - [27/Oct/2023:19:25:19 +0000] "POST /wp-cron.php?doing_wp_cron=1698434719.1808550357818603515625 HTTP/1.1" 200 3995 "-" "WordPress/6.3.2; https://talmedos.com"
194.169.175.24 - - [27/Oct/2023:19:25:19 +0000] "GET /wp-admin/ HTTP/1.1" 302 4121 "-" "Mozlila/5.0 (Linux; Android 7.0; SM-G892A Bulid/NRD90M; wv) AppleWebKit/537.36 (KHTML, like Gecko) Version/4.0 Chrome/60.0.3112.107 Moblie Safari/537.36"
194.169.175.24 - - [27/Oct/2023:19:25:33 +0000] "GET /wp-login.php?redirect_to=https%3A%2F%2Ftalmedos.com%2Fwp-admin%2F&reauth=1 HTTP/1.1" 200 9014 "-" "Mozlila/5.0 (Linux; Android 7.0; SM-G892A Bulid/NRD90M; wv) AppleWebKit/537.36 (KHTML, like Gecko) Version/4.0 Chrome/60.0.3112.107 Moblie Safari/537.36"
194.169.175.24 - - [27/Oct/2023:19:25:42 +0000] "GET /wp-content/ HTTP/1.1" 200 3892 "-" "Mozlila/5.0 (Linux; Android 7.0; SM-G892A Bulid/NRD90M; wv) AppleWebKit/537.36 (KHTML, like Gecko) Version/4.0 Chrome/60.0.3112.107 Moblie Safari/537.36"
194.169.175.24 - - [27/Oct/2023:19:25:57 +0000] "GET /wp-content/ HTTP/1.1" 200 3892 "-" "Mozlila/5.0 (Linux; Android 7.0; SM-G892A Bulid/NRD90M; wv) AppleWebKit/537.36 (KHTML, like Gecko) Version/4.0 Chrome/60.0.3112.107 Moblie Safari/537.36"
194.169.175.24 - - [27/Oct/2023:19:26:07 +0000] "GET /.well-known/ HTTP/1.1" 403 4184 "-" "Mozlila/5.0 (Linux; Android 7.0; SM-G892A Bulid/NRD90M; wv) AppleWebKit/537.36 (KHTML, like Gecko) Version/4.0 Chrome/60.0.3112.107 Moblie Safari/537.36"
46.101.144.32 - - [27/Oct/2023:19:29:26 +0000] "POST /wp-cron.php?doing_wp_cron=1698434966.3277308940887451171875 HTTP/1.1" 200 3995 "-" "WordPress/6.3.2; https://talmedos.com"
192.0.102.40 - - [27/Oct/2023:19:29:26 +0000] "HEAD / HTTP/1.1" 200 3915 "-" "jetmon/1.0 (Jetpack Site Uptime Monitor by WordPress.com)"
46.101.144.32 - - [27/Oct/2023:19:34:25 +0000] "POST /wp-cron.php?doing_wp_cron=1698435265.8168029785156250000000 HTTP/1.1" 200 3995 "-" "WordPress/6.3.2; https://talmedos.com"
192.0.102.40 - - [27/Oct/2023:19:34:25 +0000] "HEAD / HTTP/1.1" 200 3915 "-" "jetmon/1.0 (Jetpack Site Uptime Monitor by WordPress.com)"
46.101.144.32 - - [27/Oct/2023:19:39:25 +0000] "POST /wp-cron.php?doing_wp_cron=1698435565.7883219718933105468750 HTTP/1.1" 200 3995 "-" "WordPress/6.3.2; https://talmedos.com"
192.0.102.40 - - [27/Oct/2023:19:39:25 +0000] "HEAD / HTTP/1.1" 200 3915 "-" "jetmon/1.0 (Jetpack Site Uptime Monitor by WordPress.com)"
46.101.144.32 - - [27/Oct/2023:19:44:26 +0000] "POST /wp-cron.php?doing_wp_cron=1698435866.1531970500946044921875 HTTP/1.1" 200 3995 "-" "WordPress/6.3.2; https://talmedos.com"
192.0.102.40 - - [27/Oct/2023:19:44:25 +0000] "HEAD / HTTP/1.1" 200 3915 "-" "jetmon/1.0 (Jetpack Site Uptime Monitor by WordPress.com)"
162.240.239.98 - - [27/Oct/2023:19:45:40 +0000] "GET /.env HTTP/1.1" 404 3775 "-" "python-requests/2.6.0 CPython/2.7.5 Linux/3.10.0-1160.99.1.el7.x86_64"
46.101.144.32 - - [27/Oct/2023:19:45:41 +0000] "POST /wp-cron.php?doing_wp_cron=1698435941.0448698997497558593750 HTTP/1.1" 200 3995 "-" "WordPress/6.3.2; https://talmedos.com"
162.240.239.98 - - [27/Oct/2023:19:45:40 +0000] "POST / HTTP/1.1" 200 14946 "-" "url"
162.240.239.98 - - [27/Oct/2023:19:45:43 +0000] "POST /core/.env HTTP/1.1" 404 3775 "-" "url"
162.240.239.98 - - [27/Oct/2023:19:45:44 +0000] "GET /core/.env HTTP/1.1" 404 3775 "-" "python-requests/2.6.0 CPython/2.7.5 Linux/3.10.0-1160.99.1.el7.x86_64"
162.240.239.98 - - [27/Oct/2023:19:45:44 +0000] "POST / HTTP/1.1" 200 14946 "-" "url"
162.240.239.98 - - [27/Oct/2023:19:45:46 +0000] "POST /core/.env HTTP/1.1" 404 3775 "-" "url"
46.101.144.32 - - [27/Oct/2023:19:49:25 +0000] "POST /wp-cron.php?doing_wp_cron=1698436165.7053930759429931640625 HTTP/1.1" 200 3995 "-" "WordPress/6.3.2; https://talmedos.com"
192.0.102.40 - - [27/Oct/2023:19:49:25 +0000] "HEAD / HTTP/1.1" 200 3915 "-" "jetmon/1.0 (Jetpack Site Uptime Monitor by WordPress.com)"
143.110.177.0 - - [27/Oct/2023:19:52:57 +0000] "POST /wp-login.php HTTP/1.1" 200 8355 "-" "Mozilla/5.0 (Windows NT 6.3; Win64; x64) AppleWebKit/537.36 (KHTML, like Gecko) Chrome/79.0.3945.130 Safari/537.36"
46.101.144.32 - - [27/Oct/2023:19:54:25 +0000] "POST /wp-cron.php?doing_wp_cron=1698436465.7075231075286865234375 HTTP/1.1" 200 3995 "-" "WordPress/6.3.2; https://talmedos.com"
192.0.102.40 - - [27/Oct/2023:19:54:25 +0000] "HEAD / HTTP/1.1" 200 3915 "-" "jetmon/1.0 (Jetpack Site Uptime Monitor by WordPress.com)"
46.101.144.32 - - [27/Oct/2023:19:59:26 +0000] "POST /wp-cron.php?doing_wp_cron=1698436766.1204760074615478515625 HTTP/1.1" 200 3995 "-" "WordPress/6.3.2; https://talmedos.com"
192.0.102.40 - - [27/Oct/2023:19:59:25 +0000] "HEAD / HTTP/1.1" 200 3915 "-" "jetmon/1.0 (Jetpack Site Uptime Monitor by WordPress.com)"
46.101.144.32 - - [27/Oct/2023:20:01:35 +0000] "POST /wp-cron.php?doing_wp_cron=1698436895.4284610748291015625000 HTTP/1.1" 200 3995 "-" "WordPress/6.3.2; https://talmedos.com"
192.0.87.71 - - [27/Oct/2023:20:01:35 +0000] "GET /?rest_route=%2Fjetpack%2Fv4%2Fsync%2Fstatus&_for=jetpack&token=u%2349SxDjxIbJ0f%28h%2611tWuYh1cDjK%25ws%3A1%3A0&timestamp=1698436894&nonce=tR0ni4XMjt&body-hash&signature=6Gi93UE%2FnDb7PYWQJG9VZCcVkic%3D HTTP/1.1" 200 5097 "https://talmedos.com/?rest_route=%2Fjetpack%2Fv4%2Fsync%2Fstatus&_for=jetpack&token=u%2349SxDjxIbJ0f%28h%2611tWuYh1cDjK%25ws%3A1%3A0&timestamp=1698436894&nonce=tR0ni4XMjt&body-hash&signature=6Gi93UE%2FnDb7PYWQJG9VZCcVkic%3D" "Jetpack by WordPress.com"
192.0.87.71 - - [27/Oct/2023:20:01:36 +0000] "POST /?rest_route=%2Fjetpack%2Fv4%2Fsync%2Fobject&_for=jetpack&token=u%2349SxDjxIbJ0f%28h%2611tWuYh1cDjK%25ws%3A1%3A0&timestamp=1698436895&nonce=uwBJwx67w8&body-hash=9EbFOoJFL1Uq%2BgrQTPG82orr1n0%3D&signature=%2FdQNy9w7YbGbIB6cANa9HuitLQ0%3D HTTP/1.1" 200 10198 "https://talmedos.com/?rest_route=%2Fjetpack%2Fv4%2Fsync%2Fobject&_for=jetpack&token=u%2349SxDjxIbJ0f%28h%2611tWuYh1cDjK%25ws%3A1%3A0&timestamp=1698436895&nonce=uwBJwx67w8&body-hash=9EbFOoJFL1Uq%2BgrQTPG82orr1n0%3D&signature=%2FdQNy9w7YbGbIB6cANa9HuitLQ0%3D" "Jetpack by WordPress.com"
192.0.87.71 - - [27/Oct/2023:20:01:40 +0000] "POST /?rest_route=%2Fjetpack%2Fv4%2Fsync%2Fobject&_for=jetpack&token=u%2349SxDjxIbJ0f%28h%2611tWuYh1cDjK%25ws%3A1%3A0&timestamp=1698436899&nonce=F69RYRz3a1&body-hash=SljWaFuv%2BRFGJ5yLzqbQGYJHiFo%3D&signature=hvrFgwEF4MSadSw4rNBkLrrqpfs%3D HTTP/1.1" 200 19925 "https://talmedos.com/?rest_route=%2Fjetpack%2Fv4%2Fsync%2Fobject&_for=jetpack&token=u%2349SxDjxIbJ0f%28h%2611tWuYh1cDjK%25ws%3A1%3A0&timestamp=1698436899&nonce=F69RYRz3a1&body-hash=SljWaFuv%2BRFGJ5yLzqbQGYJHiFo%3D&signature=hvrFgwEF4MSadSw4rNBkLrrqpfs%3D" "Jetpack by WordPress.com"
192.0.87.71 - - [27/Oct/2023:20:01:41 +0000] "POST /?rest_route=%2Fjetpack%2Fv4%2Fsync%2Fobject&_for=jetpack&token=u%2349SxDjxIbJ0f%28h%2611tWuYh1cDjK%25ws%3A1%3A0&timestamp=1698436901&nonce=Y5Mkm77Dit&body-hash=f4gz9vN1HJg370THfl9y1cOkQX0%3D&signature=rHr%2BmkN5uzgzKfd1SZ4cvzZfhts%3D HTTP/1.1" 200 4982 "https://talmedos.com/?rest_route=%2Fjetpack%2Fv4%2Fsync%2Fobject&_for=jetpack&token=u%2349SxDjxIbJ0f%28h%2611tWuYh1cDjK%25ws%3A1%3A0&timestamp=1698436901&nonce=Y5Mkm77Dit&body-hash=f4gz9vN1HJg370THfl9y1cOkQX0%3D&signature=rHr%2BmkN5uzgzKfd1SZ4cvzZfhts%3D" "Jetpack by WordPress.com"
192.0.87.71 - - [27/Oct/2023:20:01:43 +0000] "GET /?rest_route=%2Fjetpack%2Fv4%2Fsync%2Fdata-check&_for=jetpack&token=u%2349SxDjxIbJ0f%28h%2611tWuYh1cDjK%25ws%3A1%3A0&timestamp=1698436902&nonce=DBb67nRm4v&body-hash&signature=pxeZnk%2FkOdxrf619YCGFJjnNDpg%3D HTTP/1.1" 200 4489 "https://talmedos.com/?rest_route=%2Fjetpack%2Fv4%2Fsync%2Fdata-check&_for=jetpack&token=u%2349SxDjxIbJ0f%28h%2611tWuYh1cDjK%25ws%3A1%3A0&timestamp=1698436902&nonce=DBb67nRm4v&body-hash&signature=pxeZnk%2FkOdxrf619YCGFJjnNDpg%3D" "Jetpack by WordPress.com"
192.0.87.71 - - [27/Oct/2023:20:01:43 +0000] "POST /?rest_route=%2Fjetpack%2Fv4%2Fsync%2Fdata-histogram&_for=jetpack&token=u%2349SxDjxIbJ0f%28h%2611tWuYh1cDjK%25ws%3A1%3A0&timestamp=1698436903&nonce=6Oe3sYQfiK&body-hash=5qtfdL%2BpJGAk4%2BWrVdZYl8UYoTw%3D&signature=SkAOmlzlHJOIFBnH72CckaNHbG8%3D HTTP/1.1" 200 4488 "https://talmedos.com/?rest_route=%2Fjetpack%2Fv4%2Fsync%2Fdata-histogram&_for=jetpack&token=u%2349SxDjxIbJ0f%28h%2611tWuYh1cDjK%25ws%3A1%3A0&timestamp=1698436903&nonce=6Oe3sYQfiK&body-hash=5qtfdL%2BpJGAk4%2BWrVdZYl8UYoTw%3D&signature=SkAOmlzlHJOIFBnH72CckaNHbG8%3D" "Jetpack by WordPress.com"
192.0.87.71 - - [27/Oct/2023:20:01:44 +0000] "POST /?rest_route=%2Fjetpack%2Fv4%2Fsync%2Fdata-histogram&_for=jetpack&token=u%2349SxDjxIbJ0f%28h%2611tWuYh1cDjK%25ws%3A1%3A0&timestamp=1698436904&nonce=8peczoyf1T&body-hash=p5mYoFp5ZxD5gjjEsooG1MBDj80%3D&signature=ppA%2BihsWp3ZeQRXKR6%2BOKPxIvpA%3D HTTP/1.1" 200 4488 "https://talmedos.com/?rest_route=%2Fjetpack%2Fv4%2Fsync%2Fdata-histogram&_for=jetpack&token=u%2349SxDjxIbJ0f%28h%2611tWuYh1cDjK%25ws%3A1%3A0&timestamp=1698436904&nonce=8peczoyf1T&body-hash=p5mYoFp5ZxD5gjjEsooG1MBDj80%3D&signature=ppA%2BihsWp3ZeQRXKR6%2BOKPxIvpA%3D" "Jetpack by WordPress.com"
192.0.86.160 - - [27/Oct/2023:20:01:47 +0000] "GET /?rest_route=%2Fjetpack%2Fv4%2Fsync%2Fstatus&_for=jetpack&token=u%2349SxDjxIbJ0f%28h%2611tWuYh1cDjK%25ws%3A1%3A0&timestamp=1698436907&nonce=2giT5KrzjR&body-hash&signature=8BFwCTomXYB%2FlJBhM3ET3qhNBXo%3D HTTP/1.1" 200 5096 "https://talmedos.com/?rest_route=%2Fjetpack%2Fv4%2Fsync%2Fstatus&_for=jetpack&token=u%2349SxDjxIbJ0f%28h%2611tWuYh1cDjK%25ws%3A1%3A0&timestamp=1698436907&nonce=2giT5KrzjR&body-hash&signature=8BFwCTomXYB%2FlJBhM3ET3qhNBXo%3D" "Jetpack by WordPress.com"
192.0.86.160 - - [27/Oct/2023:20:01:48 +0000] "POST /?rest_route=%2Fjetpack%2Fv4%2Fsync%2Fobject&_for=jetpack&token=u%2349SxDjxIbJ0f%28h%2611tWuYh1cDjK%25ws%3A1%3A0&timestamp=1698436908&nonce=IdXxKe4ZuJ&body-hash=9EbFOoJFL1Uq%2BgrQTPG82orr1n0%3D&signature=pF8%2F4iywpzp5R21s%2FjCYMpbKBvk%3D HTTP/1.1" 200 10198 "https://talmedos.com/?rest_route=%2Fjetpack%2Fv4%2Fsync%2Fobject&_for=jetpack&token=u%2349SxDjxIbJ0f%28h%2611tWuYh1cDjK%25ws%3A1%3A0&timestamp=1698436908&nonce=IdXxKe4ZuJ&body-hash=9EbFOoJFL1Uq%2BgrQTPG82orr1n0%3D&signature=pF8%2F4iywpzp5R21s%2FjCYMpbKBvk%3D" "Jetpack by WordPress.com"
192.0.86.160 - - [27/Oct/2023:20:01:52 +0000] "POST /?rest_route=%2Fjetpack%2Fv4%2Fsync%2Fobject&_for=jetpack&token=u%2349SxDjxIbJ0f%28h%2611tWuYh1cDjK%25ws%3A1%3A0&timestamp=1698436912&nonce=R7zQYGuQYQ&body-hash=SljWaFuv%2BRFGJ5yLzqbQGYJHiFo%3D&signature=8h0d%2Fvbn2k%2Fd0pBYPoT87FNcAe0%3D HTTP/1.1" 200 19925 "https://talmedos.com/?rest_route=%2Fjetpack%2Fv4%2Fsync%2Fobject&_for=jetpack&token=u%2349SxDjxIbJ0f%28h%2611tWuYh1cDjK%25ws%3A1%3A0&timestamp=1698436912&nonce=R7zQYGuQYQ&body-hash=SljWaFuv%2BRFGJ5yLzqbQGYJHiFo%3D&signature=8h0d%2Fvbn2k%2Fd0pBYPoT87FNcAe0%3D" "Jetpack by WordPress.com"
192.0.86.160 - - [27/Oct/2023:20:01:53 +0000] "POST /?rest_route=%2Fjetpack%2Fv4%2Fsync%2Fobject&_for=jetpack&token=u%2349SxDjxIbJ0f%28h%2611tWuYh1cDjK%25ws%3A1%3A0&timestamp=1698436912&nonce=GirJYAmYHq&body-hash=f4gz9vN1HJg370THfl9y1cOkQX0%3D&signature=R7zhULgUuiOKZxb%2F1zdBnIGzBjg%3D HTTP/1.1" 200 4982 "https://talmedos.com/?rest_route=%2Fjetpack%2Fv4%2Fsync%2Fobject&_for=jetpack&token=u%2349SxDjxIbJ0f%28h%2611tWuYh1cDjK%25ws%3A1%3A0&timestamp=1698436912&nonce=GirJYAmYHq&body-hash=f4gz9vN1HJg370THfl9y1cOkQX0%3D&signature=R7zhULgUuiOKZxb%2F1zdBnIGzBjg%3D" "Jetpack by WordPress.com"
192.0.86.160 - - [27/Oct/2023:20:01:55 +0000] "POST /?rest_route=%2Fjetpack%2Fv4%2Fsync%2Fdata-histogram&_for=jetpack&token=u%2349SxDjxIbJ0f%28h%2611tWuYh1cDjK%25ws%3A1%3A0&timestamp=1698436914&nonce=iMnBCeV7jr&body-hash=3Lv7RpM4uBNmLNXKMZmK34Xp0UY%3D&signature=bbOL0qck75zhZlOQO2i03zRBDek%3D HTTP/1.1" 200 4522 "https://talmedos.com/?rest_route=%2Fjetpack%2Fv4%2Fsync%2Fdata-histogram&_for=jetpack&token=u%2349SxDjxIbJ0f%28h%2611tWuYh1cDjK%25ws%3A1%3A0&timestamp=1698436914&nonce=iMnBCeV7jr&body-hash=3Lv7RpM4uBNmLNXKMZmK34Xp0UY%3D&signature=bbOL0qck75zhZlOQO2i03zRBDek%3D" "Jetpack by WordPress.com"
192.0.86.160 - - [27/Oct/2023:20:01:56 +0000] "POST /?rest_route=%2Fjetpack%2Fv4%2Fsync%2Fdata-histogram&_for=jetpack&token=u%2349SxDjxIbJ0f%28h%2611tWuYh1cDjK%25ws%3A1%3A0&timestamp=1698436915&nonce=4QBgDBIPFQ&body-hash=aRUCY%2FhEIJ1%2Bi2PZkpR7g72L4eY%3D&signature=X4f2yd4FbVlLhms57jlYB41yAjw%3D HTTP/1.1" 200 5822 "https://talmedos.com/?rest_route=%2Fjetpack%2Fv4%2Fsync%2Fdata-histogram&_for=jetpack&token=u%2349SxDjxIbJ0f%28h%2611tWuYh1cDjK%25ws%3A1%3A0&timestamp=1698436915&nonce=4QBgDBIPFQ&body-hash=aRUCY%2FhEIJ1%2Bi2PZkpR7g72L4eY%3D&signature=X4f2yd4FbVlLhms57jlYB41yAjw%3D" "Jetpack by WordPress.com"
192.0.86.160 - - [27/Oct/2023:20:01:56 +0000] "POST /?rest_route=%2Fjetpack%2Fv4%2Fsync%2Fobject&_for=jetpack&token=u%2349SxDjxIbJ0f%28h%2611tWuYh1cDjK%25ws%3A1%3A0&timestamp=1698436916&nonce=CavASKk8XR&body-hash=DwU36YP%2FosH%2FNG6vSkrggWpV1kM%3D&signature=SBxbPuC9WZo0e63wyrMRMBC1yrI%3D HTTP/1.1" 200 4472 "https://talmedos.com/?rest_route=%2Fjetpack%2Fv4%2Fsync%2Fobject&_for=jetpack&token=u%2349SxDjxIbJ0f%28h%2611tWuYh1cDjK%25ws%3A1%3A0&timestamp=1698436916&nonce=CavASKk8XR&body-hash=DwU36YP%2FosH%2FNG6vSkrggWpV1kM%3D&signature=SBxbPuC9WZo0e63wyrMRMBC1yrI%3D" "Jetpack by WordPress.com"
192.0.86.160 - - [27/Oct/2023:20:01:57 +0000] "POST /?rest_route=%2Fjetpack%2Fv4%2Fsync%2Fdata-histogram&_for=jetpack&token=u%2349SxDjxIbJ0f%28h%2611tWuYh1cDjK%25ws%3A1%3A0&timestamp=1698436917&nonce=WUAhFmfY34&body-hash=Qvl0mAovW%2FrwqzIbwTtTzxmCfQc%3D&signature=l0p%2BpWZvbq9N7AXkUlmiroXkBlw%3D HTTP/1.1" 200 4522 "https://talmedos.com/?rest_route=%2Fjetpack%2Fv4%2Fsync%2Fdata-histogram&_for=jetpack&token=u%2349SxDjxIbJ0f%28h%2611tWuYh1cDjK%25ws%3A1%3A0&timestamp=1698436917&nonce=WUAhFmfY34&body-hash=Qvl0mAovW%2FrwqzIbwTtTzxmCfQc%3D&signature=l0p%2BpWZvbq9N7AXkUlmiroXkBlw%3D" "Jetpack by WordPress.com"
