192.0.102.40 - - [28/Oct/2023:08:14:24 +0000] "HEAD / HTTP/1.1" 200 3915 "-" "jetmon/1.0 (Jetpack Site Uptime Monitor by WordPress.com)"
46.101.144.32 - - [28/Oct/2023:08:19:24 +0000] "POST /wp-cron.php?doing_wp_cron=1698481164.1093919277191162109375 HTTP/1.1" 200 3995 "-" "WordPress/6.3.2; https://talmedos.com"
192.0.102.40 - - [28/Oct/2023:08:19:23 +0000] "HEAD / HTTP/1.1" 200 3915 "-" "jetmon/1.0 (Jetpack Site Uptime Monitor by WordPress.com)"
130.185.81.146 - - [28/Oct/2023:08:22:27 +0000] "GET /admin.php HTTP/1.1" 404 4172 "http://talmedos.com/admin.php" "Mozilla/5.0 (Windows; U; Windows NT 5.1; en-US) AppleWebKit/533.4 (KHTML, like Gecko) Chrome/5.0.375.99 Safari/533.4"
46.101.144.32 - - [28/Oct/2023:08:24:24 +0000] "POST /wp-cron.php?doing_wp_cron=1698481464.0361030101776123046875 HTTP/1.1" 200 3995 "-" "WordPress/6.3.2; https://talmedos.com"
192.0.102.40 - - [28/Oct/2023:08:24:23 +0000] "HEAD / HTTP/1.1" 200 3915 "-" "jetmon/1.0 (Jetpack Site Uptime Monitor by WordPress.com)"
46.101.144.32 - - [28/Oct/2023:08:25:47 +0000] "POST /wp-cron.php?doing_wp_cron=1698481547.1914999485015869140625 HTTP/1.1" 200 3995 "-" "WordPress/6.3.2; https://talmedos.com"
173.212.232.6 - - [28/Oct/2023:08:25:47 +0000] "POST /xmlrpc.php HTTP/1.1" 200 4419 "-" "Mozilla/5.0 (X11; Ubuntu; Linux i686; rv:24.0) Gecko/20100101 Firefox/24.0"
107.161.66.68 - - [28/Oct/2023:08:25:49 +0000] "POST /xmlrpc.php HTTP/1.1" 200 4419 "-" "Mozilla/5.0 (Windows NT 10.0; Win64; x64; rv:63.0) Gecko/20100101 Firefox/63.0"
173.212.232.6 - - [28/Oct/2023:08:25:50 +0000] "POST /xmlrpc.php HTTP/1.1" 200 4419 "-" "Mozilla/5.0 (Windows NT 10.0; Win64; x64) AppleWebKit/537.36 (KHTML, like Gecko) Chrome/80.0.3987.163 Safari/537.36"
46.101.144.32 - - [28/Oct/2023:08:25:58 +0000] "POST /wp-cron.php?doing_wp_cron=1698481558.1070539951324462890625 HTTP/1.1" 200 3995 "-" "WordPress/6.3.2; https://talmedos.com"
66.175.56.107 - - [28/Oct/2023:08:25:57 +0000] "POST /xmlrpc.php HTTP/1.1" 200 4419 "-" "Mozilla/5.0 (Windows NT 6.1; WOW64; rv:40.0) Gecko/20100101 Firefox/40.1"
46.101.144.32 - - [28/Oct/2023:08:26:02 +0000] "POST /wp-cron.php?doing_wp_cron=1698481562.5333869457244873046875 HTTP/1.1" 200 3995 "-" "WordPress/6.3.2; https://talmedos.com"
178.62.63.209 - - [28/Oct/2023:08:26:02 +0000] "POST /xmlrpc.php HTTP/1.1" 200 4419 "-" "Mozilla/5.0 (Windows NT 10.0; Win64; x64) AppleWebKit/537.36 (KHTML, like Gecko) Chrome/84.0.4147.135 Safari/537.36"
146.190.90.35 - - [28/Oct/2023:08:26:11 +0000] "POST /xmlrpc.php HTTP/1.1" 200 4419 "-" "Mozilla/5.0 (Windows NT 6.1; WOW64; rv:54.0) Gecko/20100101 Firefox/54.0"
185.181.102.52 - - [28/Oct/2023:08:26:14 +0000] "POST /xmlrpc.php HTTP/1.1" 200 4420 "-" "Mozilla/5.0 (Windows NT 10.0; Win64; x64) AppleWebKit/537.36 (KHTML, like Gecko) Chrome/84.0.4147.135 Safari/537.36"
205.210.31.145 - - [28/Oct/2023:08:26:17 +0000] "GET / HTTP/1.1" 200 56806 "http://46.101.144.32:80/" "-"
46.101.144.32 - - [28/Oct/2023:08:29:24 +0000] "POST /wp-cron.php?doing_wp_cron=1698481764.9195361137390136718750 HTTP/1.1" 200 3995 "-" "WordPress/6.3.2; https://talmedos.com"
192.0.102.40 - - [28/Oct/2023:08:29:24 +0000] "HEAD / HTTP/1.1" 200 3915 "-" "jetmon/1.0 (Jetpack Site Uptime Monitor by WordPress.com)"
46.101.144.32 - - [28/Oct/2023:08:34:24 +0000] "POST /wp-cron.php?doing_wp_cron=1698482064.2430789470672607421875 HTTP/1.1" 200 3995 "-" "WordPress/6.3.2; https://talmedos.com"
192.0.102.40 - - [28/Oct/2023:08:34:24 +0000] "HEAD / HTTP/1.1" 200 3915 "-" "jetmon/1.0 (Jetpack Site Uptime Monitor by WordPress.com)"
186.87.69.208 - - [28/Oct/2023:08:37:17 +0000] "POST /wp-login.php HTTP/1.1" 200 8356 "-" "Mozilla/5.0 (Windows NT 6.1; Win64; x64) AppleWebKit/537.36 (KHTML, like Gecko) Chrome/81.0.4044.122 Safari/537.36"
46.101.144.32 - - [28/Oct/2023:08:39:24 +0000] "GET / HTTP/1.1" 200 15340 "-" "WordPress/6.3.2; https://talmedos.com"
192.0.102.40 - - [28/Oct/2023:08:39:24 +0000] "HEAD / HTTP/1.1" 200 3915 "-" "jetmon/1.0 (Jetpack Site Uptime Monitor by WordPress.com)"
46.101.144.32 - - [28/Oct/2023:08:39:24 +0000] "POST /wp-cron.php?doing_wp_cron=1698482364.2492818832397460937500 HTTP/1.1" 200 3995 "-" "WordPress/6.3.2; https://talmedos.com"
46.101.144.32 - - [28/Oct/2023:08:44:24 +0000] "POST /wp-cron.php?doing_wp_cron=1698482664.9441590309143066406250 HTTP/1.1" 200 3995 "-" "WordPress/6.3.2; https://talmedos.com"
192.0.102.40 - - [28/Oct/2023:08:44:24 +0000] "HEAD / HTTP/1.1" 200 3915 "-" "jetmon/1.0 (Jetpack Site Uptime Monitor by WordPress.com)"
46.101.144.32 - - [28/Oct/2023:08:49:24 +0000] "POST /wp-cron.php?doing_wp_cron=1698482964.2370030879974365234375 HTTP/1.1" 200 3995 "-" "WordPress/6.3.2; https://talmedos.com"
192.0.102.40 - - [28/Oct/2023:08:49:24 +0000] "HEAD / HTTP/1.1" 200 3915 "-" "jetmon/1.0 (Jetpack Site Uptime Monitor by WordPress.com)"
46.101.144.32 - - [28/Oct/2023:08:54:24 +0000] "POST /wp-cron.php?doing_wp_cron=1698483264.3460090160369873046875 HTTP/1.1" 200 3995 "-" "WordPress/6.3.2; https://talmedos.com"
192.0.102.40 - - [28/Oct/2023:08:54:24 +0000] "HEAD / HTTP/1.1" 200 3915 "-" "jetmon/1.0 (Jetpack Site Uptime Monitor by WordPress.com)"
46.101.144.32 - - [28/Oct/2023:08:59:24 +0000] "POST /wp-cron.php?doing_wp_cron=1698483564.8280820846557617187500 HTTP/1.1" 200 3995 "-" "WordPress/6.3.2; https://talmedos.com"
192.0.102.40 - - [28/Oct/2023:08:59:24 +0000] "HEAD / HTTP/1.1" 200 3915 "-" "jetmon/1.0 (Jetpack Site Uptime Monitor by WordPress.com)"
46.101.144.32 - - [28/Oct/2023:09:04:24 +0000] "POST /wp-cron.php?doing_wp_cron=1698483864.2741119861602783203125 HTTP/1.1" 200 3995 "-" "WordPress/6.3.2; https://talmedos.com"
192.0.102.40 - - [28/Oct/2023:09:04:24 +0000] "HEAD / HTTP/1.1" 200 3915 "-" "jetmon/1.0 (Jetpack Site Uptime Monitor by WordPress.com)"
46.101.144.32 - - [28/Oct/2023:09:09:24 +0000] "POST /wp-cron.php?doing_wp_cron=1698484164.1357460021972656250000 HTTP/1.1" 200 3995 "-" "WordPress/6.3.2; https://talmedos.com"
192.0.102.40 - - [28/Oct/2023:09:09:23 +0000] "HEAD / HTTP/1.1" 200 3915 "-" "jetmon/1.0 (Jetpack Site Uptime Monitor by WordPress.com)"
46.101.144.32 - - [28/Oct/2023:09:14:25 +0000] "POST /wp-cron.php?doing_wp_cron=1698484465.1935329437255859375000 HTTP/1.1" 200 3995 "-" "WordPress/6.3.2; https://talmedos.com"
192.0.102.40 - - [28/Oct/2023:09:14:25 +0000] "HEAD / HTTP/1.1" 200 3915 "-" "jetmon/1.0 (Jetpack Site Uptime Monitor by WordPress.com)"
46.101.144.32 - - [28/Oct/2023:09:18:52 +0000] "POST /wp-cron.php?doing_wp_cron=1698484732.3275210857391357421875 HTTP/1.1" 200 3995 "-" "WordPress/6.3.2; https://talmedos.com"
54.37.121.239 - - [28/Oct/2023:09:18:52 +0000] "POST /xmlrpc.php HTTP/1.1" 200 4419 "-" "Mozilla/5.0 (Windows NT 6.1; WOW64; rv:50.0) Gecko/20100101 Firefox/50.0"
208.109.226.46 - - [28/Oct/2023:09:18:53 +0000] "POST /xmlrpc.php HTTP/1.1" 200 4420 "-" "Mozilla/5.0 (Linux; Android 10; SM-A102U) AppleWebKit/537.36 (KHTML, like Gecko) Chrome/91.0.4472.114 Mobile Safari/537.36"
162.55.100.32 - - [28/Oct/2023:09:18:53 +0000] "POST /xmlrpc.php HTTP/1.1" 200 4419 "-" "Mozilla/5.0 (Windows NT 10.0; Win64; x64) AppleWebKit/537.36 (KHTML, like Gecko) Chrome/83.0.4103.116 Safari/537.36"
46.101.144.32 - - [28/Oct/2023:09:19:02 +0000] "POST /wp-cron.php?doing_wp_cron=1698484742.3934419155120849609375 HTTP/1.1" 200 3995 "-" "WordPress/6.3.2; https://talmedos.com"
167.86.93.242 - - [28/Oct/2023:09:19:02 +0000] "POST /xmlrpc.php HTTP/1.1" 200 4012 "-" "Mozilla/5.0 (Windows NT 10.0; Win64; x64) AppleWebKit/537.36 (KHTML, like Gecko) Chrome/80.0.3987.132 Safari/537.36"
74.208.33.44 - - [28/Oct/2023:09:19:03 +0000] "POST /xmlrpc.php HTTP/1.1" 200 4418 "-" "Mozilla/5.0 (Windows NT 10.0; Win64; x64) AppleWebKit/537.36 (KHTML, like Gecko) Chrome/57.0.2987.133 Safari/537.36"
178.62.63.209 - - [28/Oct/2023:09:19:04 +0000] "POST /xmlrpc.php HTTP/1.1" 200 4419 "-" "Mozilla/5.0 (Windows NT 6.1; WOW64; rv:41.0) Gecko/20100101 Firefox/41.0"
178.62.63.209 - - [28/Oct/2023:09:19:04 +0000] "POST /xmlrpc.php HTTP/1.1" 200 4419 "-" "Mozilla/5.0 (Windows NT 10.0; Win64; x64; rv:61.0) Gecko/20100101 Firefox/61.0"
109.234.162.234 - - [28/Oct/2023:09:19:06 +0000] "POST /xmlrpc.php HTTP/1.1" 200 4421 "-" "Mozilla/5.0 (Windows NT 10.0; Win64; x64; rv:88.0) Gecko/20100101 Firefox/88.0"
178.62.63.209 - - [28/Oct/2023:09:19:11 +0000] "POST /xmlrpc.php HTTP/1.1" 200 4419 "-" "Mozilla/5.0 (Windows NT 6.1; WOW64; rv:44.0) Gecko/20100101 Firefox/44.0"
79.170.40.245 - - [28/Oct/2023:09:19:10 +0000] "POST /xmlrpc.php HTTP/1.1" 200 4012 "-" "Mozilla/5.0 (Windows NT 6.1; WOW64; rv:44.0) Gecko/20100101 Firefox/44.0"
64.227.108.223 - - [28/Oct/2023:09:19:15 +0000] "POST /xmlrpc.php HTTP/1.1" 200 4420 "-" "Mozilla/5.0 (Windows NT 10.0; Win64; x64; rv:58.0) Gecko/20100101 Firefox/58.0"
159.65.197.63 - - [28/Oct/2023:09:19:17 +0000] "POST /xmlrpc.php HTTP/1.1" 200 4419 "-" "Mozilla/5.0 (Windows NT 5.1; rv:36.0) Gecko/20100101 Firefox/36.0"
188.40.30.104 - - [28/Oct/2023:09:19:17 +0000] "POST /xmlrpc.php HTTP/1.1" 200 4419 "-" "Mozilla/5.0 (Windows NT 10.0; Win64; x64; rv:61.0) Gecko/20100101 Firefox/61.0"
192.0.102.40 - - [28/Oct/2023:09:19:24 +0000] "HEAD / HTTP/1.1" 200 3915 "-" "jetmon/1.0 (Jetpack Site Uptime Monitor by WordPress.com)"
52.117.30.9 - - [28/Oct/2023:09:19:35 +0000] "POST /xmlrpc.php HTTP/1.1" 200 4417 "-" "Mozilla/5.0 (Windows NT 5.1; rv:30.0) Gecko/20100101 Firefox/30.0"
94.23.61.165 - - [28/Oct/2023:09:20:21 +0000] "POST /wp-login.php HTTP/1.1" 200 8355 "-" "Mozilla/5.0 (Windows NT 6.3; Win64; x64) AppleWebKit/537.36 (KHTML, like Gecko) Chrome/77.0.3865.90 Safari/537.36"
46.101.144.32 - - [28/Oct/2023:09:24:24 +0000] "POST /wp-cron.php?doing_wp_cron=1698485064.2238779067993164062500 HTTP/1.1" 200 3995 "-" "WordPress/6.3.2; https://talmedos.com"
192.0.102.40 - - [28/Oct/2023:09:24:24 +0000] "HEAD / HTTP/1.1" 200 3915 "-" "jetmon/1.0 (Jetpack Site Uptime Monitor by WordPress.com)"
46.101.144.32 - - [28/Oct/2023:09:29:25 +0000] "POST /wp-cron.php?doing_wp_cron=1698485365.3519539833068847656250 HTTP/1.1" 200 3995 "-" "WordPress/6.3.2; https://talmedos.com"
192.0.102.40 - - [28/Oct/2023:09:29:25 +0000] "HEAD / HTTP/1.1" 200 3915 "-" "jetmon/1.0 (Jetpack Site Uptime Monitor by WordPress.com)"
46.101.144.32 - - [28/Oct/2023:09:34:24 +0000] "POST /wp-cron.php?doing_wp_cron=1698485664.4622170925140380859375 HTTP/1.1" 200 3995 "-" "WordPress/6.3.2; https://talmedos.com"
192.0.102.40 - - [28/Oct/2023:09:34:24 +0000] "HEAD / HTTP/1.1" 200 3915 "-" "jetmon/1.0 (Jetpack Site Uptime Monitor by WordPress.com)"
46.101.144.32 - - [28/Oct/2023:09:39:24 +0000] "POST /wp-cron.php?doing_wp_cron=1698485963.9872848987579345703125 HTTP/1.1" 200 3995 "-" "WordPress/6.3.2; https://talmedos.com"
192.0.102.40 - - [28/Oct/2023:09:39:23 +0000] "HEAD / HTTP/1.1" 200 3915 "-" "jetmon/1.0 (Jetpack Site Uptime Monitor by WordPress.com)"
46.101.144.32 - - [28/Oct/2023:09:42:10 +0000] "POST /wp-cron.php?doing_wp_cron=1698486130.7807118892669677734375 HTTP/1.1" 200 3995 "-" "WordPress/6.3.2; https://talmedos.com"
35.203.211.82 - - [28/Oct/2023:09:42:10 +0000] "GET / HTTP/1.1" 301 3863 "-" "Expanse, a Palo Alto Networks company, searches across the global IPv4 space multiple times per day to identify customers&#39; presences on the Internet. If you would like to be excluded from our scans, please send IP addresses/domains to: scaninfo@paloaltonetworks.com"
35.203.211.82 - - [28/Oct/2023:09:42:11 +0000] "GET / HTTP/1.1" 200 56856 "-" "Expanse, a Palo Alto Networks company, searches across the global IPv4 space multiple times per day to identify customers&#39; presences on the Internet. If you would like to be excluded from our scans, please send IP addresses/domains to: scaninfo@paloaltonetworks.com"
46.101.144.32 - - [28/Oct/2023:09:44:25 +0000] "POST /wp-cron.php?doing_wp_cron=1698486265.3121960163116455078125 HTTP/1.1" 200 3995 "-" "WordPress/6.3.2; https://talmedos.com"
192.0.102.40 - - [28/Oct/2023:09:44:25 +0000] "HEAD / HTTP/1.1" 200 3915 "-" "jetmon/1.0 (Jetpack Site Uptime Monitor by WordPress.com)"
46.101.144.32 - - [28/Oct/2023:09:49:24 +0000] "POST /wp-cron.php?doing_wp_cron=1698486564.3382000923156738281250 HTTP/1.1" 200 3995 "-" "WordPress/6.3.2; https://talmedos.com"
192.0.102.40 - - [28/Oct/2023:09:49:24 +0000] "HEAD / HTTP/1.1" 200 3915 "-" "jetmon/1.0 (Jetpack Site Uptime Monitor by WordPress.com)"
46.101.144.32 - - [28/Oct/2023:09:54:24 +0000] "POST /wp-cron.php?doing_wp_cron=1698486863.9834330081939697265625 HTTP/1.1" 200 3995 "-" "WordPress/6.3.2; https://talmedos.com"
192.0.102.40 - - [28/Oct/2023:09:54:23 +0000] "HEAD / HTTP/1.1" 200 3915 "-" "jetmon/1.0 (Jetpack Site Uptime Monitor by WordPress.com)"
46.101.144.32 - - [28/Oct/2023:09:55:41 +0000] "POST /wp-cron.php?doing_wp_cron=1698486941.3550140857696533203125 HTTP/1.1" 200 3995 "-" "WordPress/6.3.2; https://talmedos.com"
185.224.128.191 - - [28/Oct/2023:09:55:41 +0000] "GET / HTTP/1.1" 200 15228 "http://46.101.144.32:80" "Go-http-client/1.1"
46.101.144.32 - - [28/Oct/2023:09:59:24 +0000] "POST /wp-cron.php?doing_wp_cron=1698487164.9397239685058593750000 HTTP/1.1" 200 3995 "-" "WordPress/6.3.2; https://talmedos.com"
192.0.102.40 - - [28/Oct/2023:09:59:24 +0000] "HEAD / HTTP/1.1" 200 3915 "-" "jetmon/1.0 (Jetpack Site Uptime Monitor by WordPress.com)"
122.176.39.124 - - [28/Oct/2023:10:03:20 +0000] "POST /wp-login.php HTTP/1.1" 200 8357 "-" "Mozilla/5.0 (Windows NT 10.0; Win64; x64) AppleWebKit/537.36 (KHTML, like Gecko) Chrome/66.0.3359.117 Safari/537.36"
46.101.144.32 - - [28/Oct/2023:10:04:24 +0000] "POST /wp-cron.php?doing_wp_cron=1698487464.1959559917449951171875 HTTP/1.1" 200 3995 "-" "WordPress/6.3.2; https://talmedos.com"
192.0.102.40 - - [28/Oct/2023:10:04:24 +0000] "HEAD / HTTP/1.1" 200 3915 "-" "jetmon/1.0 (Jetpack Site Uptime Monitor by WordPress.com)"
46.101.144.32 - - [28/Oct/2023:10:09:23 +0000] "POST /wp-cron.php?doing_wp_cron=1698487763.5643279552459716796875 HTTP/1.1" 200 3995 "-" "WordPress/6.3.2; https://talmedos.com"
192.0.102.40 - - [28/Oct/2023:10:09:23 +0000] "HEAD / HTTP/1.1" 200 3915 "-" "jetmon/1.0 (Jetpack Site Uptime Monitor by WordPress.com)"
46.101.144.32 - - [28/Oct/2023:10:14:24 +0000] "POST /wp-cron.php?doing_wp_cron=1698488064.7640960216522216796875 HTTP/1.1" 200 3995 "-" "WordPress/6.3.2; https://talmedos.com"
192.0.102.40 - - [28/Oct/2023:10:14:24 +0000] "HEAD / HTTP/1.1" 200 3915 "-" "jetmon/1.0 (Jetpack Site Uptime Monitor by WordPress.com)"
46.101.144.32 - - [28/Oct/2023:10:19:23 +0000] "POST /wp-cron.php?doing_wp_cron=1698488363.9441440105438232421875 HTTP/1.1" 200 3995 "-" "WordPress/6.3.2; https://talmedos.com"
192.0.102.40 - - [28/Oct/2023:10:19:23 +0000] "HEAD / HTTP/1.1" 200 3915 "-" "jetmon/1.0 (Jetpack Site Uptime Monitor by WordPress.com)"
46.101.144.32 - - [28/Oct/2023:10:24:24 +0000] "POST /wp-cron.php?doing_wp_cron=1698488664.0922060012817382812500 HTTP/1.1" 200 3995 "-" "WordPress/6.3.2; https://talmedos.com"
192.0.102.40 - - [28/Oct/2023:10:24:23 +0000] "HEAD / HTTP/1.1" 200 3915 "-" "jetmon/1.0 (Jetpack Site Uptime Monitor by WordPress.com)"
46.101.144.32 - - [28/Oct/2023:10:29:25 +0000] "POST /wp-cron.php?doing_wp_cron=1698488965.2115600109100341796875 HTTP/1.1" 200 3995 "-" "WordPress/6.3.2; https://talmedos.com"
192.0.102.40 - - [28/Oct/2023:10:29:25 +0000] "HEAD / HTTP/1.1" 200 3915 "-" "jetmon/1.0 (Jetpack Site Uptime Monitor by WordPress.com)"
46.101.144.32 - - [28/Oct/2023:10:34:24 +0000] "POST /wp-cron.php?doing_wp_cron=1698489264.2686789035797119140625 HTTP/1.1" 200 3995 "-" "WordPress/6.3.2; https://talmedos.com"
192.0.102.40 - - [28/Oct/2023:10:34:24 +0000] "HEAD / HTTP/1.1" 200 3915 "-" "jetmon/1.0 (Jetpack Site Uptime Monitor by WordPress.com)"
46.101.144.32 - - [28/Oct/2023:10:38:46 +0000] "POST /wp-cron.php?doing_wp_cron=1698489526.4015860557556152343750 HTTP/1.1" 200 3995 "-" "WordPress/6.3.2; https://talmedos.com"
83.97.73.87 - - [28/Oct/2023:10:38:46 +0000] "GET /?XDEBUG_SESSION_START=phpstorm HTTP/1.1" 301 3912 "-" "Mozilla/5.0 (Windows NT 10.0; Win64; x64) AppleWebKit/537.36 (KHTML, like Gecko) Chrome/78.0.3904.108 Safari/537.36"
83.97.73.87 - - [28/Oct/2023:10:38:47 +0000] "GET /?XDEBUG_SESSION_START=phpstorm HTTP/1.1" 200 15247 "https://46.101.144.32:443/?XDEBUG_SESSION_START=phpstorm" "Mozilla/5.0 (Windows NT 10.0; Win64; x64) AppleWebKit/537.36 (KHTML, like Gecko) Chrome/78.0.3904.108 Safari/537.36"
46.101.144.32 - - [28/Oct/2023:10:39:24 +0000] "POST /wp-cron.php?doing_wp_cron=1698489564.2096428871154785156250 HTTP/1.1" 200 3995 "-" "WordPress/6.3.2; https://talmedos.com"
192.0.102.40 - - [28/Oct/2023:10:39:24 +0000] "HEAD / HTTP/1.1" 200 3915 "-" "jetmon/1.0 (Jetpack Site Uptime Monitor by WordPress.com)"
46.101.144.32 - - [28/Oct/2023:10:44:24 +0000] "POST /wp-cron.php?doing_wp_cron=1698489864.2007329463958740234375 HTTP/1.1" 200 3995 "-" "WordPress/6.3.2; https://talmedos.com"
192.0.102.40 - - [28/Oct/2023:10:44:24 +0000] "HEAD / HTTP/1.1" 200 3915 "-" "jetmon/1.0 (Jetpack Site Uptime Monitor by WordPress.com)"
159.223.45.212 - - [28/Oct/2023:10:46:07 +0000] "POST /wp-login.php HTTP/1.1" 200 8357 "-" "Mozilla/5.0 (Windows NT 10.0; WOW64) AppleWebKit/537.36 (KHTML, like Gecko) Chrome/57.0.2987.133 Safari/537.36"
46.101.144.32 - - [28/Oct/2023:10:49:24 +0000] "POST /wp-cron.php?doing_wp_cron=1698490164.4107620716094970703125 HTTP/1.1" 200 3995 "-" "WordPress/6.3.2; https://talmedos.com"
192.0.102.40 - - [28/Oct/2023:10:49:24 +0000] "HEAD / HTTP/1.1" 200 3915 "-" "jetmon/1.0 (Jetpack Site Uptime Monitor by WordPress.com)"
46.101.144.32 - - [28/Oct/2023:10:54:23 +0000] "POST /wp-cron.php?doing_wp_cron=1698490463.9386739730834960937500 HTTP/1.1" 200 3995 "-" "WordPress/6.3.2; https://talmedos.com"
192.0.102.40 - - [28/Oct/2023:10:54:23 +0000] "HEAD / HTTP/1.1" 200 3915 "-" "jetmon/1.0 (Jetpack Site Uptime Monitor by WordPress.com)"
46.101.144.32 - - [28/Oct/2023:10:59:24 +0000] "POST /wp-cron.php?doing_wp_cron=1698490764.4064970016479492187500 HTTP/1.1" 200 3995 "-" "WordPress/6.3.2; https://talmedos.com"
192.0.102.40 - - [28/Oct/2023:10:59:24 +0000] "HEAD / HTTP/1.1" 200 3915 "-" "jetmon/1.0 (Jetpack Site Uptime Monitor by WordPress.com)"
46.101.144.32 - - [28/Oct/2023:11:04:23 +0000] "POST /wp-cron.php?doing_wp_cron=1698491063.7871119976043701171875 HTTP/1.1" 200 3995 "-" "WordPress/6.3.2; https://talmedos.com"
192.0.102.40 - - [28/Oct/2023:11:04:23 +0000] "HEAD / HTTP/1.1" 200 3915 "-" "jetmon/1.0 (Jetpack Site Uptime Monitor by WordPress.com)"
157.90.209.77 - - [28/Oct/2023:11:07:43 +0000] "GET /robots.txt HTTP/1.1" 404 4181 "-" "Mozilla/5.0 (compatible; BLEXBot/1.0; +http://webmeup-crawler.com/)"
157.90.209.77 - - [28/Oct/2023:11:07:46 +0000] "GET /robots.txt HTTP/1.1" 404 4181 "-" "Mozilla/5.0 (compatible; BLEXBot/1.0; +http://webmeup-crawler.com/)"
157.90.209.77 - - [28/Oct/2023:11:07:47 +0000] "GET /sitemap HTTP/1.1" 404 4181 "-" "Mozilla/5.0 (compatible; BLEXBot/1.0; +http://webmeup-crawler.com/)"
157.90.209.77 - - [28/Oct/2023:11:07:49 +0000] "GET /sitemap HTTP/1.1" 404 4181 "-" "Mozilla/5.0 (compatible; BLEXBot/1.0; +http://webmeup-crawler.com/)"
157.90.209.77 - - [28/Oct/2023:11:07:56 +0000] "GET /sitemap.txt HTTP/1.1" 404 4181 "-" "Mozilla/5.0 (compatible; BLEXBot/1.0; +http://webmeup-crawler.com/)"
157.90.209.77 - - [28/Oct/2023:11:07:59 +0000] "GET /sitemap.txt HTTP/1.1" 404 4181 "-" "Mozilla/5.0 (compatible; BLEXBot/1.0; +http://webmeup-crawler.com/)"
46.101.144.32 - - [28/Oct/2023:11:09:24 +0000] "POST /wp-cron.php?doing_wp_cron=1698491364.1626520156860351562500 HTTP/1.1" 200 3995 "-" "WordPress/6.3.2; https://talmedos.com"
192.0.102.40 - - [28/Oct/2023:11:09:23 +0000] "HEAD / HTTP/1.1" 200 3915 "-" "jetmon/1.0 (Jetpack Site Uptime Monitor by WordPress.com)"
46.101.144.32 - - [28/Oct/2023:11:14:24 +0000] "POST /wp-cron.php?doing_wp_cron=1698491664.7843759059906005859375 HTTP/1.1" 200 3995 "-" "WordPress/6.3.2; https://talmedos.com"
192.0.102.40 - - [28/Oct/2023:11:14:24 +0000] "HEAD / HTTP/1.1" 200 3915 "-" "jetmon/1.0 (Jetpack Site Uptime Monitor by WordPress.com)"
92.53.96.12 - - [28/Oct/2023:11:16:09 +0000] "GET /wp-content/themes/index.php HTTP/1.1" 200 3883 "http://talmedos.com/wp-content/themes/index.php" "Mozilla/5.0 (Windows; U; Windows NT 5.1; en-US) AppleWebKit/533.4 (KHTML, like Gecko) Chrome/5.0.375.99 Safari/533.4"
46.101.144.32 - - [28/Oct/2023:11:19:24 +0000] "POST /wp-cron.php?doing_wp_cron=1698491964.4236330986022949218750 HTTP/1.1" 200 3995 "-" "WordPress/6.3.2; https://talmedos.com"
192.0.102.40 - - [28/Oct/2023:11:19:24 +0000] "HEAD / HTTP/1.1" 200 3915 "-" "jetmon/1.0 (Jetpack Site Uptime Monitor by WordPress.com)"
46.101.144.32 - - [28/Oct/2023:11:24:24 +0000] "POST /wp-cron.php?doing_wp_cron=1698492264.1732139587402343750000 HTTP/1.1" 200 3995 "-" "WordPress/6.3.2; https://talmedos.com"
192.0.102.40 - - [28/Oct/2023:11:24:24 +0000] "HEAD / HTTP/1.1" 200 3915 "-" "jetmon/1.0 (Jetpack Site Uptime Monitor by WordPress.com)"
51.38.52.128 - - [28/Oct/2023:11:29:11 +0000] "POST /wp-login.php HTTP/1.1" 200 8354 "-" "Mozilla/5.0 (Windows NT 6.1; WOW64) AppleWebKit/537.36 (KHTML, like Gecko) Chrome/63.0.3239.132 Safari/537.36"
46.101.144.32 - - [28/Oct/2023:11:29:25 +0000] "POST /wp-cron.php?doing_wp_cron=1698492565.5279378890991210937500 HTTP/1.1" 200 3995 "-" "WordPress/6.3.2; https://talmedos.com"
192.0.102.40 - - [28/Oct/2023:11:29:25 +0000] "HEAD / HTTP/1.1" 200 3915 "-" "jetmon/1.0 (Jetpack Site Uptime Monitor by WordPress.com)"
144.126.141.84 - - [28/Oct/2023:11:29:50 +0000] "GET /.env HTTP/1.1" 404 3749 "-" "Mozilla/5.0 (Linux; U; Android 4.4.2; en-US; HM NOTE 1W Build/KOT49H) AppleWebKit/534.30 (KHTML, like Gecko) Version/4.0 UCBrowser/11.0.5.850 U3/0.8.0 Mobile Safari/534.30"
46.101.144.32 - - [28/Oct/2023:11:33:05 +0000] "POST /wp-cron.php?doing_wp_cron=1698492785.9446320533752441406250 HTTP/1.1" 200 3995 "-" "WordPress/6.3.2; https://talmedos.com"
144.126.141.84 - - [28/Oct/2023:11:33:05 +0000] "POST / HTTP/1.1" 200 14917 "-" "Mozilla/5.0 (Linux; U; Android 4.4.2; en-US; HM NOTE 1W Build/KOT49H) AppleWebKit/534.30 (KHTML, like Gecko) Version/4.0 UCBrowser/11.0.5.850 U3/0.8.0 Mobile Safari/534.30"
46.101.144.32 - - [28/Oct/2023:11:34:24 +0000] "POST /wp-cron.php?doing_wp_cron=1698492864.3412809371948242187500 HTTP/1.1" 200 3995 "-" "WordPress/6.3.2; https://talmedos.com"
192.0.102.40 - - [28/Oct/2023:11:34:24 +0000] "HEAD / HTTP/1.1" 200 3915 "-" "jetmon/1.0 (Jetpack Site Uptime Monitor by WordPress.com)"
45.12.253.48 - - [28/Oct/2023:11:35:44 +0000] "GET /.git/config HTTP/1.1" 404 4229 "-" "python-requests/2.28.2"
45.12.253.48 - - [28/Oct/2023:11:35:44 +0000] "GET /.git/config HTTP/1.1" 404 4229 "-" "python-requests/2.28.2"
45.12.253.48 - - [28/Oct/2023:11:35:44 +0000] "GET /.git/config HTTP/1.1" 404 4229 "-" "python-requests/2.28.2"
144.126.141.84 - - [28/Oct/2023:11:38:16 +0000] "GET /vendor/phpunit/phpunit/src/Util/PHP/eval-stdin.php HTTP/1.1" 404 3749 "-" "python-requests/2.24.0"
46.101.144.32 - - [28/Oct/2023:11:39:24 +0000] "POST /wp-cron.php?doing_wp_cron=1698493164.3084180355072021484375 HTTP/1.1" 200 3995 "-" "WordPress/6.3.2; https://talmedos.com"
192.0.102.40 - - [28/Oct/2023:11:39:24 +0000] "HEAD / HTTP/1.1" 200 3915 "-" "jetmon/1.0 (Jetpack Site Uptime Monitor by WordPress.com)"
46.101.144.32 - - [28/Oct/2023:11:40:36 +0000] "POST /wp-cron.php?doing_wp_cron=1698493236.1550920009613037109375 HTTP/1.1" 200 3995 "-" "WordPress/6.3.2; https://talmedos.com"
198.235.24.232 - - [28/Oct/2023:11:40:35 +0000] "GET / HTTP/1.1" 301 3863 "-" "Expanse, a Palo Alto Networks company, searches across the global IPv4 space multiple times per day to identify customers&#39; presences on the Internet. If you would like to be excluded from our scans, please send IP addresses/domains to: scaninfo@paloaltonetworks.com"
198.235.24.232 - - [28/Oct/2023:11:40:36 +0000] "GET / HTTP/1.1" 200 56856 "-" "Expanse, a Palo Alto Networks company, searches across the global IPv4 space multiple times per day to identify customers&#39; presences on the Internet. If you would like to be excluded from our scans, please send IP addresses/domains to: scaninfo@paloaltonetworks.com"
46.101.144.32 - - [28/Oct/2023:11:44:25 +0000] "POST /wp-cron.php?doing_wp_cron=1698493465.0245480537414550781250 HTTP/1.1" 200 3995 "-" "WordPress/6.3.2; https://talmedos.com"
192.0.102.40 - - [28/Oct/2023:11:44:24 +0000] "HEAD / HTTP/1.1" 200 3915 "-" "jetmon/1.0 (Jetpack Site Uptime Monitor by WordPress.com)"
46.101.144.32 - - [28/Oct/2023:11:47:30 +0000] "POST /wp-cron.php?doing_wp_cron=1698493650.7707819938659667968750 HTTP/1.1" 200 3995 "-" "WordPress/6.3.2; https://talmedos.com"
72.167.208.194 - - [28/Oct/2023:11:47:30 +0000] "POST /xmlrpc.php HTTP/1.1" 200 4420 "-" "Mozilla/5.0 (Windows NT 5.1; rv:30.0) Gecko/20100101 Firefox/30.0"
20.67.208.94 - - [28/Oct/2023:11:47:31 +0000] "POST /xmlrpc.php HTTP/1.1" 200 4418 "-" "Mozilla/5.0 (Windows NT 6.2; Win64; x64) AppleWebKit/537.36 (KHTML, like Gecko) Chrome/60.0.3112.90 Safari/537.36"
185.181.102.52 - - [28/Oct/2023:11:47:33 +0000] "POST /xmlrpc.php HTTP/1.1" 200 4420 "-" "Mozilla/5.0 (Windows NT 10.0; Win64; x64; rv:63.0) Gecko/20100101 Firefox/63.0"
184.168.101.160 - - [28/Oct/2023:11:47:35 +0000] "POST /xmlrpc.php HTTP/1.1" 200 4421 "-" "Mozilla/5.0 (Windows NT 5.1) AppleWebKit/537.36 (KHTML, like Gecko) Chrome/46.0.2490.71 Safari/537.36"
51.38.134.68 - - [28/Oct/2023:11:47:37 +0000] "POST /xmlrpc.php HTTP/1.1" 200 4418 "-" "Mozilla/5.0 (Windows NT 6.1; WOW64) AppleWebKit/537.1 (KHTML, like Gecko) Chrome/21.0.1180.83 Safari/537.1"
159.65.197.63 - - [28/Oct/2023:11:47:40 +0000] "POST /xmlrpc.php HTTP/1.1" 200 4419 "-" "Mozilla/5.0 (Windows NT 10.0; Win64; x64) AppleWebKit/537.36 (KHTML, like Gecko) Chrome/87.0.4280.141 Safari/537.36"
191.252.194.31 - - [28/Oct/2023:11:47:50 +0000] "POST /xmlrpc.php HTTP/1.1" 200 4420 "-" "Mozilla/5.0 (Windows NT 10.0; Win64; x64) AppleWebKit/537.36 (KHTML, like Gecko) Chrome/79.0.3945.88 Safari/537.36"
68.178.169.100 - - [28/Oct/2023:11:47:58 +0000] "POST /xmlrpc.php HTTP/1.1" 200 4420 "-" "Mozilla/5.0 (Windows NT 10.0; Win64; x64; rv:61.0) Gecko/20100101 Firefox/61.0"
45.77.201.210 - - [28/Oct/2023:11:48:00 +0000] "POST /xmlrpc.php HTTP/1.1" 200 4419 "-" "Mozilla/5.0 (Windows NT 6.3; Win64; x64) AppleWebKit/537.36 (KHTML, like Gecko) Chrome/60.0.3112.113 Safari/537.36"
88.99.106.172 - - [28/Oct/2023:11:48:00 +0000] "POST /xmlrpc.php HTTP/1.1" 200 4419 "-" "Mozilla/5.0 (Windows NT 10.0; Win64; x64) AppleWebKit/537.36 (KHTML, like Gecko) Chrome/68.0.3440.106 Safari/537.36"
46.101.144.32 - - [28/Oct/2023:11:48:04 +0000] "POST /wp-cron.php?doing_wp_cron=1698493684.4551920890808105468750 HTTP/1.1" 200 3995 "-" "WordPress/6.3.2; https://talmedos.com"
178.210.91.239 - - [28/Oct/2023:11:48:04 +0000] "POST /xmlrpc.php HTTP/1.1" 200 4420 "-" "Mozilla/5.0 (Windows NT 10.0; Win64; x64; rv:59.0) Gecko/20100101 Firefox/59.0"
159.65.197.63 - - [28/Oct/2023:11:48:12 +0000] "POST /xmlrpc.php HTTP/1.1" 200 4419 "-" "Mozilla/5.0 (Windows NT 10.0; WOW64; rv:54.0) Gecko/20100101 Firefox/54.0"
64.227.108.223 - - [28/Oct/2023:11:48:12 +0000] "POST /xmlrpc.php HTTP/1.1" 200 4420 "-" "Mozilla/5.0 (Windows NT 10.0; Win64; x64) AppleWebKit/537.36 (KHTML, like Gecko) Chrome/88.0.4324.190 Safari/537.36"
159.65.197.63 - - [28/Oct/2023:11:48:16 +0000] "POST /xmlrpc.php HTTP/1.1" 200 4419 "-" "Mozilla/5.0 (Windows NT 10.0; Win64; x64) AppleWebKit/537.36 (KHTML, like Gecko) Chrome/79.0.3945.130 Safari/537.36"
136.144.222.252 - - [28/Oct/2023:11:48:20 +0000] "POST /xmlrpc.php HTTP/1.1" 200 4014 "-" "Mozilla/5.0 (X11; Ubuntu; Linux i686; rv:24.0) Gecko/20100101 Firefox/24.0"
162.55.100.32 - - [28/Oct/2023:11:48:22 +0000] "POST /xmlrpc.php HTTP/1.1" 200 4419 "-" "Mozilla/5.0 (Windows NT 10.0; Win64; x64; rv:61.0) Gecko/20100101 Firefox/61.0"
46.101.144.32 - - [28/Oct/2023:11:49:24 +0000] "POST /wp-cron.php?doing_wp_cron=1698493764.3548929691314697265625 HTTP/1.1" 200 3995 "-" "WordPress/6.3.2; https://talmedos.com"
192.0.102.40 - - [28/Oct/2023:11:49:24 +0000] "HEAD / HTTP/1.1" 200 3915 "-" "jetmon/1.0 (Jetpack Site Uptime Monitor by WordPress.com)"
46.101.144.32 - - [28/Oct/2023:11:54:24 +0000] "POST /wp-cron.php?doing_wp_cron=1698494064.2614259719848632812500 HTTP/1.1" 200 3995 "-" "WordPress/6.3.2; https://talmedos.com"
192.0.102.40 - - [28/Oct/2023:11:54:24 +0000] "HEAD / HTTP/1.1" 200 3915 "-" "jetmon/1.0 (Jetpack Site Uptime Monitor by WordPress.com)"
46.101.144.32 - - [28/Oct/2023:11:59:25 +0000] "POST /wp-cron.php?doing_wp_cron=1698494365.2181279659271240234375 HTTP/1.1" 200 3995 "-" "WordPress/6.3.2; https://talmedos.com"
192.0.102.40 - - [28/Oct/2023:11:59:25 +0000] "HEAD / HTTP/1.1" 200 3915 "-" "jetmon/1.0 (Jetpack Site Uptime Monitor by WordPress.com)"
46.101.144.32 - - [28/Oct/2023:12:04:24 +0000] "POST /wp-cron.php?doing_wp_cron=1698494664.2158429622650146484375 HTTP/1.1" 200 3995 "-" "WordPress/6.3.2; https://talmedos.com"
192.0.102.40 - - [28/Oct/2023:12:04:24 +0000] "HEAD / HTTP/1.1" 200 3915 "-" "jetmon/1.0 (Jetpack Site Uptime Monitor by WordPress.com)"
46.101.144.32 - - [28/Oct/2023:12:08:53 +0000] "POST /wp-cron.php?doing_wp_cron=1698494933.5663828849792480468750 HTTP/1.1" 200 3995 "-" "WordPress/6.3.2; https://talmedos.com"
64.62.197.231 - - [28/Oct/2023:12:08:53 +0000] "GET / HTTP/1.1" 200 14711 "-" "Mozilla/5.0 (X11; Linux x86_64; rv:107.0) Gecko/20100101 Firefox/107.0"
109.237.98.226 - - [28/Oct/2023:12:08:55 +0000] "GET / HTTP/1.0" 400 627 "-" "-"
109.237.98.226 - - [28/Oct/2023:12:08:56 +0000] "GET /.env HTTP/1.1" 404 4182 "-" "Mozilla/5.0 (X11; Linux x86_64) AppleWebKit/537.36 (KHTML, like Gecko) Chrome/81.0.4044.129 Safari/537.36"
46.101.144.32 - - [28/Oct/2023:12:09:24 +0000] "POST /wp-cron.php?doing_wp_cron=1698494964.1321020126342773437500 HTTP/1.1" 200 3995 "-" "WordPress/6.3.2; https://talmedos.com"
192.0.102.40 - - [28/Oct/2023:12:09:23 +0000] "HEAD / HTTP/1.1" 200 3915 "-" "jetmon/1.0 (Jetpack Site Uptime Monitor by WordPress.com)"
134.122.123.193 - - [28/Oct/2023:12:13:19 +0000] "POST /wp-login.php HTTP/1.1" 200 8356 "-" "Mozilla/5.0 (Windows NT 6.3; Win64; x64) AppleWebKit/537.36 (KHTML, like Gecko) Chrome/65.0.3325.181 Safari/537.36"
46.101.144.32 - - [28/Oct/2023:12:14:24 +0000] "POST /wp-cron.php?doing_wp_cron=1698495264.5809819698333740234375 HTTP/1.1" 200 3995 "-" "WordPress/6.3.2; https://talmedos.com"
192.0.102.40 - - [28/Oct/2023:12:14:24 +0000] "HEAD / HTTP/1.1" 200 3915 "-" "jetmon/1.0 (Jetpack Site Uptime Monitor by WordPress.com)"
64.62.197.231 - - [28/Oct/2023:12:16:11 +0000] "GET /favicon.ico HTTP/1.1" 404 3540 "-" "Mozilla/5.0 (Windows NT 10.0; Win64; x64) AppleWebKit/537.36 (KHTML, like Gecko) Chrome/108.0.0.0 YaBrowser/23.1.2.987 Yowser/2.5 Safari/537.36"
83.97.73.87 - - [28/Oct/2023:12:17:24 +0000] "GET /actuator/gateway/routes HTTP/1.1" 404 4097 "http://46.101.144.32:80/actuator/gateway/routes" "Mozilla/5.0 (Windows NT 10.0; Win64; x64) AppleWebKit/537.36 (KHTML, like Gecko) Chrome/78.0.3904.108 Safari/537.36"
46.101.144.32 - - [28/Oct/2023:12:17:29 +0000] "POST /wp-cron.php?doing_wp_cron=1698495449.2260620594024658203125 HTTP/1.1" 200 3995 "-" "WordPress/6.3.2; https://talmedos.com"
64.62.197.233 - - [28/Oct/2023:12:17:29 +0000] "GET / HTTP/1.1" 200 15228 "-" "Mozilla/5.0 (X11; Linux x86_64; rv:107.0) Gecko/20100101 Firefox/107.0"
46.101.144.32 - - [28/Oct/2023:12:19:24 +0000] "POST /wp-cron.php?doing_wp_cron=1698495564.4059410095214843750000 HTTP/1.1" 200 3995 "-" "WordPress/6.3.2; https://talmedos.com"
192.0.102.40 - - [28/Oct/2023:12:19:24 +0000] "HEAD / HTTP/1.1" 200 3915 "-" "jetmon/1.0 (Jetpack Site Uptime Monitor by WordPress.com)"
64.62.197.240 - - [28/Oct/2023:12:21:07 +0000] "GET /geoserver/web/ HTTP/1.1" 404 3540 "-" "Mozilla/5.0 (Windows NT 10.0; WOW64) AppleWebKit/537.36 (KHTML, like Gecko) Chrome/109.0.0.0 Safari/537.36"
46.101.144.32 - - [28/Oct/2023:12:22:20 +0000] "POST /wp-cron.php?doing_wp_cron=1698495740.7755429744720458984375 HTTP/1.1" 200 3995 "-" "WordPress/6.3.2; https://talmedos.com"
13.37.224.163 - - [28/Oct/2023:12:22:20 +0000] "GET / HTTP/1.1" 200 15247 "-" "Mozilla/5.0 (Linux; Android 7.0; PIC-AL00) AppleWebKit/537.36 (KHTML, like Gecko) Chrome/76.0.3809.111 Mobile Safari/537.36"
13.37.224.163 - - [28/Oct/2023:12:22:34 +0000] "GET //stats.wp.com/e-202343.js HTTP/1.1" 404 4097 "-" "Mozilla/5.0 (X11; Linux x86_64) AppleWebKit/537.36 (KHTML, like Gecko) Falkon/3.0.0 Chrome/65.0.3325.230 Safari/537.36"
13.37.224.163 - - [28/Oct/2023:12:22:34 +0000] "GET //talmedos.com/wp-content/plugins/woocommerce/assets/js/frontend/add-to-cart.min.js HTTP/1.1" 404 4097 "-" "Mozilla/5.0 (Linux; U; Android 9; zh-cn; PCCM00 Build/PKQ1.190223.001) AppleWebKit/537.36 (KHTML, like Gecko) Version/4.0 Chrome/70.0.3538.80 Mobile Safari/537.36 OppoBrowser/20.6.0.0.2beta"
13.37.224.163 - - [28/Oct/2023:12:22:34 +0000] "GET //stats.wp.com/s-202343.js HTTP/1.1" 404 4097 "-" "Mozilla/5.0 (iPad; CPU OS 12_4 like Mac OS X) AppleWebKit/605.1.15 (KHTML, like Gecko) Mobile/15E148 Flipboard/4.2.48"
13.37.224.163 - - [28/Oct/2023:12:22:34 +0000] "GET //talmedos.com/wp-includes/js/jquery/jquery-migrate.min.js HTTP/1.1" 404 4097 "-" "Mozilla/5.0 (Macintosh; Intel Mac OS X 10_14_3) AppleWebKit/537.36 (KHTML, like Gecko) Chrome/77.0.3865.35 Safari/537.36"
13.37.224.163 - - [28/Oct/2023:12:22:34 +0000] "GET //talmedos.com/wp-content/plugins/woocommerce/assets/js/frontend/woocommerce.min.js HTTP/1.1" 404 4097 "-" "Mozilla/5.0 (Macintosh; Intel Mac OS X 10_14_5) AppleWebKit/537.36 (KHTML, like Gecko) Chrome/78.0.3882.0 Safari/537.36"
13.37.224.163 - - [28/Oct/2023:12:22:34 +0000] "GET //talmedos.com/wp-includes/js/jquery/jquery.min.js HTTP/1.1" 404 4097 "-" "Mozilla/5.0 (Linux; Android 9; Redmi Note 7) AppleWebKit/537.36 (KHTML, like Gecko) Chrome/76.0.3809.89 Mobile Safari/537.36"
13.37.224.163 - - [28/Oct/2023:12:22:34 +0000] "GET //talmedos.com/wp-content/plugins/woocommerce/assets/js/jquery-blockui/jquery.blockUI.min.js HTTP/1.1" 404 4097 "-" "Mozilla/5.0 (X11; Linux x86_64) AppleWebKit/537.36 (KHTML, like Gecko) Chrome/74.0.3729.157 Safari/537.36"
13.37.224.163 - - [28/Oct/2023:12:22:34 +0000] "GET /wp-emoji-release.min.js HTTP/1.1" 404 4097 "-" "Mozilla/5.0 (X11; U; Linux i686; en-US; rv:1.8.0.7) Gecko/20060909 Firefox/1.5.0.7 MG(Novarra-Vision/6.9)"
13.37.224.163 - - [28/Oct/2023:12:22:34 +0000] "GET //talmedos.com/wp-includes/blocks/navigation/view.min.js HTTP/1.1" 404 4097 "-" "Mozilla/5.0 (X11; U; Linux; en-US) AppleWebKit/527  (KHTML, like Gecko, Safari/419.3) Arora/0.10.1"
13.37.224.163 - - [28/Oct/2023:12:22:34 +0000] "GET //talmedos.com/wp-includes/blocks/navigation/view-modal.min.js HTTP/1.1" 404 4097 "-" "Mozilla/5.0 (Linux; Android 8.1.0; SM-G390F) AppleWebKit/537.36 (KHTML, like Gecko) Chrome/76.0.3809.89 Mobile Safari/537.36"
13.37.224.163 - - [28/Oct/2023:12:22:34 +0000] "GET //talmedos.com/wp-content/plugins/woocommerce/assets/js/js-cookie/js.cookie.min.js HTTP/1.1" 404 4097 "-" "Mozilla/5.0 (Windows NT 6.1; WOW64) AppleWebKit/537.36 (KHTML, like Gecko) Chrome/44.0.2403.155 Safari/537.36 OPR/31.0.1889.174"
64.62.197.234 - - [28/Oct/2023:12:24:05 +0000] "GET /.git/config HTTP/1.1" 404 3540 "-" "Mozilla/5.0 (Windows NT 10.0; Win64; x64) AppleWebKit/537.36 (KHTML, like Gecko) Chrome/103.0.0.0 Safari/537.36"
46.101.144.32 - - [28/Oct/2023:12:24:24 +0000] "POST /wp-cron.php?doing_wp_cron=1698495863.9964690208435058593750 HTTP/1.1" 200 3995 "-" "WordPress/6.3.2; https://talmedos.com"
192.0.102.40 - - [28/Oct/2023:12:24:23 +0000] "HEAD / HTTP/1.1" 200 3915 "-" "jetmon/1.0 (Jetpack Site Uptime Monitor by WordPress.com)"
46.101.144.32 - - [28/Oct/2023:12:29:24 +0000] "POST /wp-cron.php?doing_wp_cron=1698496164.7015149593353271484375 HTTP/1.1" 200 3995 "-" "WordPress/6.3.2; https://talmedos.com"
192.0.102.40 - - [28/Oct/2023:12:29:24 +0000] "HEAD / HTTP/1.1" 200 3915 "-" "jetmon/1.0 (Jetpack Site Uptime Monitor by WordPress.com)"
46.101.144.32 - - [28/Oct/2023:12:34:24 +0000] "POST /wp-cron.php?doing_wp_cron=1698496464.4813420772552490234375 HTTP/1.1" 200 3995 "-" "WordPress/6.3.2; https://talmedos.com"
192.0.102.40 - - [28/Oct/2023:12:34:24 +0000] "HEAD / HTTP/1.1" 200 3915 "-" "jetmon/1.0 (Jetpack Site Uptime Monitor by WordPress.com)"
46.101.144.32 - - [28/Oct/2023:12:39:24 +0000] "POST /wp-cron.php?doing_wp_cron=1698496764.0104100704193115234375 HTTP/1.1" 200 3995 "-" "WordPress/6.3.2; https://talmedos.com"
192.0.102.40 - - [28/Oct/2023:12:39:23 +0000] "HEAD / HTTP/1.1" 200 3915 "-" "jetmon/1.0 (Jetpack Site Uptime Monitor by WordPress.com)"
46.101.144.32 - - [28/Oct/2023:12:44:24 +0000] "POST /wp-cron.php?doing_wp_cron=1698497064.6097021102905273437500 HTTP/1.1" 200 3995 "-" "WordPress/6.3.2; https://talmedos.com"
192.0.102.40 - - [28/Oct/2023:12:44:24 +0000] "HEAD / HTTP/1.1" 200 3915 "-" "jetmon/1.0 (Jetpack Site Uptime Monitor by WordPress.com)"
46.101.144.32 - - [28/Oct/2023:12:49:24 +0000] "POST /wp-cron.php?doing_wp_cron=1698497364.5455460548400878906250 HTTP/1.1" 200 3995 "-" "WordPress/6.3.2; https://talmedos.com"
192.0.102.40 - - [28/Oct/2023:12:49:24 +0000] "HEAD / HTTP/1.1" 200 3915 "-" "jetmon/1.0 (Jetpack Site Uptime Monitor by WordPress.com)"
46.101.144.32 - - [28/Oct/2023:12:54:24 +0000] "POST /wp-cron.php?doing_wp_cron=1698497664.3236010074615478515625 HTTP/1.1" 200 3995 "-" "WordPress/6.3.2; https://talmedos.com"
192.0.102.40 - - [28/Oct/2023:12:54:24 +0000] "HEAD / HTTP/1.1" 200 3915 "-" "jetmon/1.0 (Jetpack Site Uptime Monitor by WordPress.com)"
89.39.109.30 - - [28/Oct/2023:12:57:49 +0000] "POST /wp-login.php HTTP/1.1" 200 8354 "-" "Mozilla/5.0 (Windows NT 10.0; WOW64) AppleWebKit/537.36 (KHTML, like Gecko) Chrome/55.0.2883.87 Safari/537.36"
46.101.144.32 - - [28/Oct/2023:12:59:24 +0000] "POST /wp-cron.php?doing_wp_cron=1698497964.7622680664062500000000 HTTP/1.1" 200 3995 "-" "WordPress/6.3.2; https://talmedos.com"
192.0.102.40 - - [28/Oct/2023:12:59:24 +0000] "HEAD / HTTP/1.1" 200 3915 "-" "jetmon/1.0 (Jetpack Site Uptime Monitor by WordPress.com)"
46.101.144.32 - - [28/Oct/2023:13:04:24 +0000] "POST /wp-cron.php?doing_wp_cron=1698498264.5167000293731689453125 HTTP/1.1" 200 3995 "-" "WordPress/6.3.2; https://talmedos.com"
192.0.102.40 - - [28/Oct/2023:13:04:24 +0000] "HEAD / HTTP/1.1" 200 3915 "-" "jetmon/1.0 (Jetpack Site Uptime Monitor by WordPress.com)"
46.101.144.32 - - [28/Oct/2023:13:09:24 +0000] "POST /wp-cron.php?doing_wp_cron=1698498564.1607649326324462890625 HTTP/1.1" 200 3995 "-" "WordPress/6.3.2; https://talmedos.com"
192.0.102.40 - - [28/Oct/2023:13:09:23 +0000] "HEAD / HTTP/1.1" 200 3915 "-" "jetmon/1.0 (Jetpack Site Uptime Monitor by WordPress.com)"
46.101.144.32 - - [28/Oct/2023:13:14:24 +0000] "POST /wp-cron.php?doing_wp_cron=1698498864.4696259498596191406250 HTTP/1.1" 200 3995 "-" "WordPress/6.3.2; https://talmedos.com"
192.0.102.40 - - [28/Oct/2023:13:14:24 +0000] "HEAD / HTTP/1.1" 200 3915 "-" "jetmon/1.0 (Jetpack Site Uptime Monitor by WordPress.com)"
46.101.144.32 - - [28/Oct/2023:13:15:13 +0000] "POST /wp-cron.php?doing_wp_cron=1698498913.5506289005279541015625 HTTP/1.1" 200 3995 "-" "WordPress/6.3.2; https://talmedos.com"
184.105.247.194 - - [28/Oct/2023:13:15:13 +0000] "GET / HTTP/1.1" 200 14711 "http://46.101.144.32/" "Mozilla/5.0 (Windows NT 10.0; Win64; x64) AppleWebKit/537.36 (KHTML, like Gecko) Chrome/99.0.4844.51 Safari/537.36"
46.101.144.32 - - [28/Oct/2023:13:19:24 +0000] "POST /wp-cron.php?doing_wp_cron=1698499164.6765689849853515625000 HTTP/1.1" 200 3995 "-" "WordPress/6.3.2; https://talmedos.com"
192.0.102.40 - - [28/Oct/2023:13:19:24 +0000] "HEAD / HTTP/1.1" 200 3915 "-" "jetmon/1.0 (Jetpack Site Uptime Monitor by WordPress.com)"
46.101.144.32 - - [28/Oct/2023:13:24:24 +0000] "POST /wp-cron.php?doing_wp_cron=1698499463.9930200576782226562500 HTTP/1.1" 200 3995 "-" "WordPress/6.3.2; https://talmedos.com"
192.0.102.40 - - [28/Oct/2023:13:24:23 +0000] "HEAD / HTTP/1.1" 200 3915 "-" "jetmon/1.0 (Jetpack Site Uptime Monitor by WordPress.com)"
46.101.144.32 - - [28/Oct/2023:13:29:24 +0000] "POST /wp-cron.php?doing_wp_cron=1698499764.4534120559692382812500 HTTP/1.1" 200 3995 "-" "WordPress/6.3.2; https://talmedos.com"
192.0.102.40 - - [28/Oct/2023:13:29:24 +0000] "HEAD / HTTP/1.1" 200 3915 "-" "jetmon/1.0 (Jetpack Site Uptime Monitor by WordPress.com)"
46.101.144.32 - - [28/Oct/2023:13:34:24 +0000] "POST /wp-cron.php?doing_wp_cron=1698500064.5673730373382568359375 HTTP/1.1" 200 3995 "-" "WordPress/6.3.2; https://talmedos.com"
192.0.102.40 - - [28/Oct/2023:13:34:24 +0000] "HEAD / HTTP/1.1" 200 3915 "-" "jetmon/1.0 (Jetpack Site Uptime Monitor by WordPress.com)"
46.101.144.32 - - [28/Oct/2023:13:39:23 +0000] "POST /wp-cron.php?doing_wp_cron=1698500363.9002499580383300781250 HTTP/1.1" 200 3995 "-" "WordPress/6.3.2; https://talmedos.com"
192.0.102.40 - - [28/Oct/2023:13:39:23 +0000] "HEAD / HTTP/1.1" 200 3915 "-" "jetmon/1.0 (Jetpack Site Uptime Monitor by WordPress.com)"
46.101.144.32 - - [28/Oct/2023:13:44:24 +0000] "POST /wp-cron.php?doing_wp_cron=1698500664.3164029121398925781250 HTTP/1.1" 200 3995 "-" "WordPress/6.3.2; https://talmedos.com"
192.0.102.40 - - [28/Oct/2023:13:44:24 +0000] "HEAD / HTTP/1.1" 200 3915 "-" "jetmon/1.0 (Jetpack Site Uptime Monitor by WordPress.com)"
46.101.144.32 - - [28/Oct/2023:13:49:23 +0000] "POST /wp-cron.php?doing_wp_cron=1698500963.7480680942535400390625 HTTP/1.1" 200 3995 "-" "WordPress/6.3.2; https://talmedos.com"
192.0.102.40 - - [28/Oct/2023:13:49:23 +0000] "HEAD / HTTP/1.1" 200 3915 "-" "jetmon/1.0 (Jetpack Site Uptime Monitor by WordPress.com)"
46.101.144.32 - - [28/Oct/2023:13:54:23 +0000] "POST /wp-cron.php?doing_wp_cron=1698501263.3546910285949707031250 HTTP/1.1" 200 3995 "-" "WordPress/6.3.2; https://talmedos.com"
192.0.102.40 - - [28/Oct/2023:13:54:23 +0000] "HEAD / HTTP/1.1" 200 3915 "-" "jetmon/1.0 (Jetpack Site Uptime Monitor by WordPress.com)"
46.101.144.32 - - [28/Oct/2023:13:59:24 +0000] "POST /wp-cron.php?doing_wp_cron=1698501564.2197809219360351562500 HTTP/1.1" 200 3995 "-" "WordPress/6.3.2; https://talmedos.com"
192.0.102.40 - - [28/Oct/2023:13:59:24 +0000] "HEAD / HTTP/1.1" 200 3915 "-" "jetmon/1.0 (Jetpack Site Uptime Monitor by WordPress.com)"
46.101.144.32 - - [28/Oct/2023:14:04:23 +0000] "POST /wp-cron.php?doing_wp_cron=1698501863.7293689250946044921875 HTTP/1.1" 200 3995 "-" "WordPress/6.3.2; https://talmedos.com"
192.0.102.40 - - [28/Oct/2023:14:04:23 +0000] "HEAD / HTTP/1.1" 200 3915 "-" "jetmon/1.0 (Jetpack Site Uptime Monitor by WordPress.com)"
46.101.144.32 - - [28/Oct/2023:14:09:23 +0000] "POST /wp-cron.php?doing_wp_cron=1698502163.5957078933715820312500 HTTP/1.1" 200 3995 "-" "WordPress/6.3.2; https://talmedos.com"
192.0.102.40 - - [28/Oct/2023:14:09:23 +0000] "HEAD / HTTP/1.1" 200 3915 "-" "jetmon/1.0 (Jetpack Site Uptime Monitor by WordPress.com)"
46.101.144.32 - - [28/Oct/2023:14:14:24 +0000] "POST /wp-cron.php?doing_wp_cron=1698502464.1086609363555908203125 HTTP/1.1" 200 3995 "-" "WordPress/6.3.2; https://talmedos.com"
192.0.102.40 - - [28/Oct/2023:14:14:23 +0000] "HEAD / HTTP/1.1" 200 3915 "-" "jetmon/1.0 (Jetpack Site Uptime Monitor by WordPress.com)"
46.101.144.32 - - [28/Oct/2023:14:15:44 +0000] "POST /wp-cron.php?doing_wp_cron=1698502544.0850629806518554687500 HTTP/1.1" 200 3995 "-" "WordPress/6.3.2; https://talmedos.com"
83.97.73.87 - - [28/Oct/2023:14:15:43 +0000] "GET /?XDEBUG_SESSION_START=phpstorm HTTP/1.1" 200 15247 "http://46.101.144.32:80/?XDEBUG_SESSION_START=phpstorm" "Mozilla/5.0 (Windows NT 10.0; Win64; x64) AppleWebKit/537.36 (KHTML, like Gecko) Chrome/78.0.3904.108 Safari/537.36"
46.101.144.32 - - [28/Oct/2023:14:19:23 +0000] "POST /wp-cron.php?doing_wp_cron=1698502763.4892659187316894531250 HTTP/1.1" 200 3995 "-" "WordPress/6.3.2; https://talmedos.com"
192.0.102.40 - - [28/Oct/2023:14:19:23 +0000] "HEAD / HTTP/1.1" 200 3915 "-" "jetmon/1.0 (Jetpack Site Uptime Monitor by WordPress.com)"
18.119.100.71 - - [28/Oct/2023:14:19:30 +0000] "POST /xmlrpc.php HTTP/1.1" 200 4012 "-" "Mozilla/5.0 (Windows NT 10.0; Win64; x64) AppleWebKit/537.36 (KHTML, like Gecko) Chrome/57.0.2987.133 Safari/537.36"
159.65.197.63 - - [28/Oct/2023:14:19:30 +0000] "POST /xmlrpc.php HTTP/1.1" 200 4419 "-" "Mozilla/5.0 (Windows NT 10.0; Win64; x64) AppleWebKit/537.36 (KHTML, like Gecko) Chrome/61.0.3163.100 Safari/537.36"
68.178.230.66 - - [28/Oct/2023:14:19:31 +0000] "POST /xmlrpc.php HTTP/1.1" 200 4419 "-" "Mozilla/5.0 (Windows NT 6.1; WOW64; rv:45.0) Gecko/20100101 Firefox/45.0"
51.68.230.210 - - [28/Oct/2023:14:19:36 +0000] "POST /xmlrpc.php HTTP/1.1" 200 4419 "-" "Mozilla/5.0 (Windows NT 10.0; Win64; x64) AppleWebKit/537.36 (KHTML, like Gecko) Chrome/78.0.3904.108 Safari/537.36"
157.245.40.165 - - [28/Oct/2023:14:19:37 +0000] "POST /xmlrpc.php HTTP/1.1" 200 4420 "-" "Mozilla/5.0 (Windows NT 10.0; WOW64; rv:50.0) Gecko/20100101 Firefox/50.0"
185.181.102.52 - - [28/Oct/2023:14:19:37 +0000] "POST /xmlrpc.php HTTP/1.1" 200 4420 "-" "Mozilla/5.0 (Windows NT 10.0; Win64; x64) AppleWebKit/537.36 (KHTML, like Gecko) Chrome/74.0.3729.169 Safari/537.36"
20.67.208.94 - - [28/Oct/2023:14:19:38 +0000] "POST /xmlrpc.php HTTP/1.1" 200 4418 "-" "Mozilla/5.0 (Windows NT 6.1; Win64; x64) AppleWebKit/537.36 (KHTML, like Gecko) Chrome/74.0.3729.169 Safari/537.36"
107.161.66.68 - - [28/Oct/2023:14:19:40 +0000] "POST /xmlrpc.php HTTP/1.1" 200 4419 "-" "Mozilla/5.0 (Windows NT 10.0; Win64; x64) AppleWebKit/537.36 (KHTML, like Gecko) Chrome/91.0.4472.114 Safari/537.36"
178.62.63.209 - - [28/Oct/2023:14:19:42 +0000] "POST /xmlrpc.php HTTP/1.1" 200 4419 "-" "Mozilla/5.0 (Macintosh; Intel Mac OS X 11_4) AppleWebKit/537.36 (KHTML, like Gecko) Chrome/91.0.4472.114 Safari/537.36"
154.39.199.122 - - [28/Oct/2023:14:19:54 +0000] "POST /xmlrpc.php HTTP/1.1" 200 4013 "-" "Mozilla/5.0 (Windows NT 6.1; rv:17.0) Gecko/20100101 Firefox/20.6.14"
46.101.144.32 - - [28/Oct/2023:14:24:23 +0000] "POST /wp-cron.php?doing_wp_cron=1698503063.5352020263671875000000 HTTP/1.1" 200 3995 "-" "WordPress/6.3.2; https://talmedos.com"
192.0.102.40 - - [28/Oct/2023:14:24:23 +0000] "HEAD / HTTP/1.1" 200 3915 "-" "jetmon/1.0 (Jetpack Site Uptime Monitor by WordPress.com)"
185.180.143.189 - - [28/Oct/2023:14:27:22 +0000] "GET /cluster/list.query HTTP/1.1" 404 3583 "-" "Mozilla/5.0 (Windows NT 10.0; Win64; x64) AppleWebKit/537.36 (KHTML, like Gecko) Chrome/60.0.3112.113 Safari/537.36"
46.101.144.32 - - [28/Oct/2023:14:28:07 +0000] "POST /wp-cron.php?doing_wp_cron=1698503287.0932800769805908203125 HTTP/1.1" 200 3995 "-" "WordPress/6.3.2; https://talmedos.com"
198.199.118.121 - - [28/Oct/2023:14:28:06 +0000] "GET / HTTP/1.1" 200 14711 "-" "Mozilla/5.0 zgrab/0.x"
46.101.144.32 - - [28/Oct/2023:14:29:24 +0000] "POST /wp-cron.php?doing_wp_cron=1698503364.2675349712371826171875 HTTP/1.1" 200 3995 "-" "WordPress/6.3.2; https://talmedos.com"
192.0.102.40 - - [28/Oct/2023:14:29:24 +0000] "HEAD / HTTP/1.1" 200 3915 "-" "jetmon/1.0 (Jetpack Site Uptime Monitor by WordPress.com)"
46.101.144.32 - - [28/Oct/2023:14:34:23 +0000] "POST /wp-cron.php?doing_wp_cron=1698503663.9152929782867431640625 HTTP/1.1" 200 3995 "-" "WordPress/6.3.2; https://talmedos.com"
192.0.102.40 - - [28/Oct/2023:14:34:23 +0000] "HEAD / HTTP/1.1" 200 3915 "-" "jetmon/1.0 (Jetpack Site Uptime Monitor by WordPress.com)"
46.101.144.32 - - [28/Oct/2023:14:39:23 +0000] "POST /wp-cron.php?doing_wp_cron=1698503963.4869389533996582031250 HTTP/1.1" 200 3995 "-" "WordPress/6.3.2; https://talmedos.com"
192.0.102.40 - - [28/Oct/2023:14:39:23 +0000] "HEAD / HTTP/1.1" 200 3915 "-" "jetmon/1.0 (Jetpack Site Uptime Monitor by WordPress.com)"
192.241.197.4 - - [28/Oct/2023:14:39:34 +0000] "GET / HTTP/1.0" 400 627 "-" "-"
46.101.144.32 - - [28/Oct/2023:14:40:30 +0000] "POST /wp-cron.php?doing_wp_cron=1698504030.3135399818420410156250 HTTP/1.1" 200 3995 "-" "WordPress/6.3.2; https://talmedos.com"
172.105.128.11 - - [28/Oct/2023:14:40:30 +0000] "GET / HTTP/1.1" 200 14711 "-" "Mozilla/5.0 (Macintosh; Intel Mac OS X 13_1) AppleWebKit/537.36 (KHTML, like Gecko) Chrome/108.0.0.0 Safari/537.36"
46.101.144.32 - - [28/Oct/2023:14:44:24 +0000] "POST /wp-cron.php?doing_wp_cron=1698504264.6055650711059570312500 HTTP/1.1" 200 3995 "-" "WordPress/6.3.2; https://talmedos.com"
192.0.102.40 - - [28/Oct/2023:14:44:24 +0000] "HEAD / HTTP/1.1" 200 3915 "-" "jetmon/1.0 (Jetpack Site Uptime Monitor by WordPress.com)"
192.0.102.40 - - [28/Oct/2023:14:49:23 +0000] "HEAD / HTTP/1.1" 200 3915 "-" "jetmon/1.0 (Jetpack Site Uptime Monitor by WordPress.com)"
46.101.144.32 - - [28/Oct/2023:14:49:25 +0000] "POST /wp-admin/admin-ajax.php?action=wp_1_wc_privacy_cleanup&nonce=f82ae61833 HTTP/1.1" 200 4130 "-" "WordPress/6.3.2; https://talmedos.com"
46.101.144.32 - - [28/Oct/2023:14:49:23 +0000] "POST /wp-cron.php?doing_wp_cron=1698504563.7988219261169433593750 HTTP/1.1" 200 3995 "-" "WordPress/6.3.2; https://talmedos.com"
46.101.144.32 - - [28/Oct/2023:14:51:52 +0000] "POST /wp-cron.php?doing_wp_cron=1698504712.2884190082550048828125 HTTP/1.1" 200 3995 "-" "WordPress/6.3.2; https://talmedos.com"
34.140.130.61 - - [28/Oct/2023:14:51:52 +0000] "GET / HTTP/1.1" 200 14782 "-" "python-requests/2.31.0"
46.101.144.32 - - [28/Oct/2023:14:54:23 +0000] "POST /wp-cron.php?doing_wp_cron=1698504863.5004599094390869140625 HTTP/1.1" 200 3995 "-" "WordPress/6.3.2; https://talmedos.com"
192.0.102.40 - - [28/Oct/2023:14:54:23 +0000] "HEAD / HTTP/1.1" 200 3915 "-" "jetmon/1.0 (Jetpack Site Uptime Monitor by WordPress.com)"
46.101.144.32 - - [28/Oct/2023:14:59:24 +0000] "POST /wp-cron.php?doing_wp_cron=1698505164.5324299335479736328125 HTTP/1.1" 200 3995 "-" "WordPress/6.3.2; https://talmedos.com"
192.0.102.40 - - [28/Oct/2023:14:59:24 +0000] "HEAD / HTTP/1.1" 200 3915 "-" "jetmon/1.0 (Jetpack Site Uptime Monitor by WordPress.com)"
156.54.11.139 - - [28/Oct/2023:15:02:33 +0000] "POST /wp-login.php HTTP/1.1" 200 8355 "-" "Mozilla/5.0 (Windows NT 10.0; Win64; x64) AppleWebKit/537.36 (KHTML, like Gecko) Chrome/60.0.3112.101 Safari/537.36"
