46.101.144.32 - - [29/Oct/2023:08:34:28 +0000] "POST /wp-cron.php?doing_wp_cron=1698568468.0695629119873046875000 HTTP/1.1" 200 3995 "-" "WordPress/6.3.2; https://talmedos.com"
192.0.102.40 - - [29/Oct/2023:08:34:27 +0000] "HEAD / HTTP/1.1" 200 3915 "-" "jetmon/1.0 (Jetpack Site Uptime Monitor by WordPress.com)"
134.122.123.193 - - [29/Oct/2023:08:39:14 +0000] "POST /wp-login.php HTTP/1.1" 200 8357 "-" "Mozilla/5.0 (Windows NT 6.0) AppleWebKit/537.36 (KHTML, like Gecko) Chrome/49.0.2623.112 Safari/537.36"
46.101.144.32 - - [29/Oct/2023:08:39:28 +0000] "GET / HTTP/1.1" 200 15340 "-" "WordPress/6.3.2; https://talmedos.com"
192.0.102.40 - - [29/Oct/2023:08:39:27 +0000] "HEAD / HTTP/1.1" 200 3915 "-" "jetmon/1.0 (Jetpack Site Uptime Monitor by WordPress.com)"
46.101.144.32 - - [29/Oct/2023:08:39:28 +0000] "POST /wp-cron.php?doing_wp_cron=1698568768.0845630168914794921875 HTTP/1.1" 200 3995 "-" "WordPress/6.3.2; https://talmedos.com"
23.224.194.56 - - [29/Oct/2023:08:44:06 +0000] "GET /wp-admin/images/index.php HTTP/1.1" 404 3510 "http://talmedos.com/wp-admin/images/index.php" "Mozilla/5.0 (Windows; U; Windows NT 5.1; en-US) AppleWebKit/533.4 (KHTML, like Gecko) Chrome/5.0.375.99 Safari/533.4"
23.224.194.56 - - [29/Oct/2023:08:44:10 +0000] "GET /wp-admin/images/index.php HTTP/1.1" 404 3510 "http://talmedos.com/wp-admin/images/index.php" "Mozilla/5.0 (Windows; U; Windows NT 5.1; en-US) AppleWebKit/533.4 (KHTML, like Gecko) Chrome/5.0.375.99 Safari/533.4"
46.101.144.32 - - [29/Oct/2023:08:44:29 +0000] "POST /wp-cron.php?doing_wp_cron=1698569069.2494149208068847656250 HTTP/1.1" 200 3995 "-" "WordPress/6.3.2; https://talmedos.com"
192.0.102.40 - - [29/Oct/2023:08:44:29 +0000] "HEAD / HTTP/1.1" 200 3915 "-" "jetmon/1.0 (Jetpack Site Uptime Monitor by WordPress.com)"
46.101.144.32 - - [29/Oct/2023:08:49:28 +0000] "POST /wp-cron.php?doing_wp_cron=1698569368.3635458946228027343750 HTTP/1.1" 200 3995 "-" "WordPress/6.3.2; https://talmedos.com"
192.0.102.40 - - [29/Oct/2023:08:49:28 +0000] "HEAD / HTTP/1.1" 200 3915 "-" "jetmon/1.0 (Jetpack Site Uptime Monitor by WordPress.com)"
18.205.56.210 - - [29/Oct/2023:08:52:34 +0000] "GET /.git/config HTTP/1.1" 404 4097 "-" "Mozilla/5.0 (X11; Linux x86_64) AppleWebKit/537.36 (KHTML, like Gecko) Chrome/77.0.3865.120 Safari/537.36"
46.101.144.32 - - [29/Oct/2023:08:54:28 +0000] "POST /wp-cron.php?doing_wp_cron=1698569668.1088690757751464843750 HTTP/1.1" 200 3995 "-" "WordPress/6.3.2; https://talmedos.com"
192.0.102.40 - - [29/Oct/2023:08:54:27 +0000] "HEAD / HTTP/1.1" 200 3915 "-" "jetmon/1.0 (Jetpack Site Uptime Monitor by WordPress.com)"
46.101.144.32 - - [29/Oct/2023:08:56:26 +0000] "POST /wp-cron.php?doing_wp_cron=1698569786.8967509269714355468750 HTTP/1.1" 200 3995 "-" "WordPress/6.3.2; https://talmedos.com"
185.181.102.52 - - [29/Oct/2023:08:56:26 +0000] "POST /xmlrpc.php HTTP/1.1" 200 4420 "-" "Mozilla/5.0 (Windows NT 10.0; Win64; x64) AppleWebKit/537.36 (KHTML, like Gecko) Chrome/90.0.4430.212 Safari/537.36"
46.101.144.32 - - [29/Oct/2023:08:56:30 +0000] "POST /wp-cron.php?doing_wp_cron=1698569790.3602430820465087890625 HTTP/1.1" 200 3995 "-" "WordPress/6.3.2; https://talmedos.com"
103.139.75.124 - - [29/Oct/2023:08:56:30 +0000] "POST /xmlrpc.php HTTP/1.1" 200 4420 "-" "Mozilla/5.0 (Windows NT 10.0; Win64; x64; rv:88.0) Gecko/20100101 Firefox/88.0"
172.104.76.206 - - [29/Oct/2023:08:56:32 +0000] "POST /xmlrpc.php HTTP/1.1" 200 4420 "-" "Mozilla/5.0 (Windows NT 10.0; Win64; x64; rv:67.0) Gecko/20100101 Firefox/67.0"
38.242.255.215 - - [29/Oct/2023:08:56:34 +0000] "POST /xmlrpc.php HTTP/1.1" 200 4420 "-" "Mozilla/5.0 (Windows NT 6.1; Win64; x64; rv:61.0) Gecko/20100101 Firefox/61.0"
159.65.197.63 - - [29/Oct/2023:08:56:37 +0000] "POST /xmlrpc.php HTTP/1.1" 200 4419 "-" "Mozilla/5.0 (Linux; Android 10; SM-A102U) AppleWebKit/537.36 (KHTML, like Gecko) Chrome/91.0.4472.114 Mobile Safari/537.36"
157.245.40.165 - - [29/Oct/2023:08:56:40 +0000] "POST /xmlrpc.php HTTP/1.1" 200 4420 "-" "Mozilla/5.0 (Windows NT 6.1; WOW64; rv:50.0) Gecko/20100101 Firefox/50.0"
185.33.65.98 - - [29/Oct/2023:08:56:43 +0000] "POST /xmlrpc.php HTTP/1.1" 200 4418 "-" "Mozilla/5.0 (Windows NT 5.1; Win64; x64) AppleWebKit/537.36 (KHTML, like Gecko) Chrome/60.0.3112.90 Safari/537.36"
72.167.124.187 - - [29/Oct/2023:08:56:45 +0000] "POST /xmlrpc.php HTTP/1.1" 200 4420 "-" "Mozilla/5.0 (Windows NT 10.0; Win64; x64; rv:62.0) Gecko/20100101 Firefox/62.0"
188.40.30.104 - - [29/Oct/2023:08:56:50 +0000] "POST /xmlrpc.php HTTP/1.1" 200 4419 "-" "Mozilla/5.0 (Windows NT 10.0; Win64; x64; rv:59.0) Gecko/20100101 Firefox/59.0"
178.210.91.239 - - [29/Oct/2023:08:56:52 +0000] "POST /xmlrpc.php HTTP/1.1" 200 4420 "-" "Mozilla/5.0 (Windows NT 10.0; Win64; x64) AppleWebKit/537.36 (KHTML, like Gecko) Chrome/83.0.4103.116 Safari/537.36"
50.63.26.195 - - [29/Oct/2023:08:56:53 +0000] "POST /xmlrpc.php HTTP/1.1" 200 4418 "-" "Mozilla/5.0 (Windows NT 10.0) AppleWebKit/537.36 (KHTML, like Gecko) Chrome/91.0.4472.114 Safari/537.36"
46.101.144.32 - - [29/Oct/2023:08:58:37 +0000] "POST /wp-cron.php?doing_wp_cron=1698569917.2509319782257080078125 HTTP/1.1" 200 3995 "-" "WordPress/6.3.2; https://talmedos.com"
68.183.156.228 - - [29/Oct/2023:08:58:37 +0000] "GET / HTTP/1.1" 200 15274 "-" "Mozilla/5.0 (X11; Linux x86_64) AppleWebKit/537.36 (KHTML, like Gecko) Chrome/108.0.0.0 Safari/537.36"
46.101.144.32 - - [29/Oct/2023:08:59:29 +0000] "POST /wp-cron.php?doing_wp_cron=1698569969.5297141075134277343750 HTTP/1.1" 200 3995 "-" "WordPress/6.3.2; https://talmedos.com"
192.0.102.40 - - [29/Oct/2023:08:59:29 +0000] "HEAD / HTTP/1.1" 200 3915 "-" "jetmon/1.0 (Jetpack Site Uptime Monitor by WordPress.com)"
46.101.144.32 - - [29/Oct/2023:09:04:28 +0000] "POST /wp-cron.php?doing_wp_cron=1698570268.6078948974609375000000 HTTP/1.1" 200 3995 "-" "WordPress/6.3.2; https://talmedos.com"
192.0.102.40 - - [29/Oct/2023:09:04:28 +0000] "HEAD / HTTP/1.1" 200 3915 "-" "jetmon/1.0 (Jetpack Site Uptime Monitor by WordPress.com)"
46.101.144.32 - - [29/Oct/2023:09:09:27 +0000] "POST /wp-cron.php?doing_wp_cron=1698570567.7218520641326904296875 HTTP/1.1" 200 3995 "-" "WordPress/6.3.2; https://talmedos.com"
192.0.102.40 - - [29/Oct/2023:09:09:27 +0000] "HEAD / HTTP/1.1" 200 3915 "-" "jetmon/1.0 (Jetpack Site Uptime Monitor by WordPress.com)"
46.101.144.32 - - [29/Oct/2023:09:14:29 +0000] "POST /wp-cron.php?doing_wp_cron=1698570869.1800251007080078125000 HTTP/1.1" 200 3995 "-" "WordPress/6.3.2; https://talmedos.com"
192.0.102.40 - - [29/Oct/2023:09:14:28 +0000] "HEAD / HTTP/1.1" 200 3915 "-" "jetmon/1.0 (Jetpack Site Uptime Monitor by WordPress.com)"
46.101.144.32 - - [29/Oct/2023:09:19:28 +0000] "POST /wp-cron.php?doing_wp_cron=1698571168.5792241096496582031250 HTTP/1.1" 200 3995 "-" "WordPress/6.3.2; https://talmedos.com"
192.0.102.40 - - [29/Oct/2023:09:19:28 +0000] "HEAD / HTTP/1.1" 200 3915 "-" "jetmon/1.0 (Jetpack Site Uptime Monitor by WordPress.com)"
46.101.144.32 - - [29/Oct/2023:09:24:28 +0000] "POST /wp-cron.php?doing_wp_cron=1698571468.4594750404357910156250 HTTP/1.1" 200 3995 "-" "WordPress/6.3.2; https://talmedos.com"
192.0.102.40 - - [29/Oct/2023:09:24:28 +0000] "HEAD / HTTP/1.1" 200 3915 "-" "jetmon/1.0 (Jetpack Site Uptime Monitor by WordPress.com)"
46.101.144.32 - - [29/Oct/2023:09:29:29 +0000] "POST /wp-cron.php?doing_wp_cron=1698571769.6687300205230712890625 HTTP/1.1" 200 3995 "-" "WordPress/6.3.2; https://talmedos.com"
192.0.102.40 - - [29/Oct/2023:09:29:29 +0000] "HEAD / HTTP/1.1" 200 3915 "-" "jetmon/1.0 (Jetpack Site Uptime Monitor by WordPress.com)"
46.101.144.32 - - [29/Oct/2023:09:34:28 +0000] "POST /wp-cron.php?doing_wp_cron=1698572068.5548551082611083984375 HTTP/1.1" 200 3995 "-" "WordPress/6.3.2; https://talmedos.com"
192.0.102.40 - - [29/Oct/2023:09:34:28 +0000] "HEAD / HTTP/1.1" 200 3915 "-" "jetmon/1.0 (Jetpack Site Uptime Monitor by WordPress.com)"
46.101.144.32 - - [29/Oct/2023:09:39:28 +0000] "POST /wp-cron.php?doing_wp_cron=1698572368.3699650764465332031250 HTTP/1.1" 200 3995 "-" "WordPress/6.3.2; https://talmedos.com"
192.0.102.40 - - [29/Oct/2023:09:39:28 +0000] "HEAD / HTTP/1.1" 200 3915 "-" "jetmon/1.0 (Jetpack Site Uptime Monitor by WordPress.com)"
46.101.144.32 - - [29/Oct/2023:09:44:28 +0000] "POST /wp-cron.php?doing_wp_cron=1698572668.6136350631713867187500 HTTP/1.1" 200 3995 "-" "WordPress/6.3.2; https://talmedos.com"
192.0.102.40 - - [29/Oct/2023:09:44:28 +0000] "HEAD / HTTP/1.1" 200 3915 "-" "jetmon/1.0 (Jetpack Site Uptime Monitor by WordPress.com)"
46.101.144.32 - - [29/Oct/2023:09:49:28 +0000] "POST /wp-cron.php?doing_wp_cron=1698572968.7632880210876464843750 HTTP/1.1" 200 3995 "-" "WordPress/6.3.2; https://talmedos.com"
192.0.102.40 - - [29/Oct/2023:09:49:28 +0000] "HEAD / HTTP/1.1" 200 3915 "-" "jetmon/1.0 (Jetpack Site Uptime Monitor by WordPress.com)"
46.101.144.32 - - [29/Oct/2023:09:54:28 +0000] "POST /wp-cron.php?doing_wp_cron=1698573268.6677720546722412109375 HTTP/1.1" 200 3995 "-" "WordPress/6.3.2; https://talmedos.com"
192.0.102.40 - - [29/Oct/2023:09:54:28 +0000] "HEAD / HTTP/1.1" 200 3915 "-" "jetmon/1.0 (Jetpack Site Uptime Monitor by WordPress.com)"
141.98.6.55 - - [29/Oct/2023:09:54:56 +0000] "GET /.env HTTP/1.1" 404 4229 "-" "Mozilla/5.0 (Linux; U; Android 4.4.2; en-US; HM NOTE 1W Build/KOT49H) AppleWebKit/534.30 (KHTML, like Gecko) Version/4.0 UCBrowser/11.0.5.850 U3/0.8.0 Mobile Safari/534.30"
141.98.6.55 - - [29/Oct/2023:09:54:57 +0000] "POST / HTTP/1.1" 200 15379 "-" "Mozilla/5.0 (Linux; U; Android 4.4.2; en-US; HM NOTE 1W Build/KOT49H) AppleWebKit/534.30 (KHTML, like Gecko) Version/4.0 UCBrowser/11.0.5.850 U3/0.8.0 Mobile Safari/534.30"
141.98.6.55 - - [29/Oct/2023:09:55:02 +0000] "GET /vendor/phpunit/phpunit/src/Util/PHP/eval-stdin.php HTTP/1.1" 404 4229 "-" "python-requests/2.25.1"
46.101.144.32 - - [29/Oct/2023:09:59:29 +0000] "POST /wp-cron.php?doing_wp_cron=1698573569.4193420410156250000000 HTTP/1.1" 200 3995 "-" "WordPress/6.3.2; https://talmedos.com"
192.0.102.40 - - [29/Oct/2023:09:59:29 +0000] "HEAD / HTTP/1.1" 200 3915 "-" "jetmon/1.0 (Jetpack Site Uptime Monitor by WordPress.com)"
46.101.144.32 - - [29/Oct/2023:10:01:07 +0000] "POST /wp-cron.php?doing_wp_cron=1698573667.4137949943542480468750 HTTP/1.1" 200 3995 "-" "WordPress/6.3.2; https://talmedos.com"
159.223.136.180 - - [29/Oct/2023:10:01:07 +0000] "GET / HTTP/1.1" 200 56856 "-" "Mozilla/5.0 (Windows NT 10.0; Win64; x64; rv:109.0) Gecko/20100101 Firefox/118.0"
198.199.105.59 - - [29/Oct/2023:10:01:39 +0000] "GET / HTTP/1.0" 400 627 "-" "-"
46.101.144.32 - - [29/Oct/2023:10:04:28 +0000] "POST /wp-cron.php?doing_wp_cron=1698573868.8428618907928466796875 HTTP/1.1" 200 3995 "-" "WordPress/6.3.2; https://talmedos.com"
192.0.102.40 - - [29/Oct/2023:10:04:28 +0000] "HEAD / HTTP/1.1" 200 3915 "-" "jetmon/1.0 (Jetpack Site Uptime Monitor by WordPress.com)"
181.39.113.115 - - [29/Oct/2023:10:04:39 +0000] "POST /wp-login.php HTTP/1.1" 200 8356 "-" "Mozilla/5.0 (Windows NT 6.1; Win64; x64) AppleWebKit/537.36 (KHTML, like Gecko) Chrome/81.0.4044.122 Safari/537.36"
46.101.144.32 - - [29/Oct/2023:10:09:29 +0000] "POST /wp-cron.php?doing_wp_cron=1698574169.1420769691467285156250 HTTP/1.1" 200 3995 "-" "WordPress/6.3.2; https://talmedos.com"
192.0.102.40 - - [29/Oct/2023:10:09:28 +0000] "HEAD / HTTP/1.1" 200 3915 "-" "jetmon/1.0 (Jetpack Site Uptime Monitor by WordPress.com)"
46.101.144.32 - - [29/Oct/2023:10:14:29 +0000] "POST /wp-cron.php?doing_wp_cron=1698574469.1597189903259277343750 HTTP/1.1" 200 3995 "-" "WordPress/6.3.2; https://talmedos.com"
192.0.102.40 - - [29/Oct/2023:10:14:28 +0000] "HEAD / HTTP/1.1" 200 3915 "-" "jetmon/1.0 (Jetpack Site Uptime Monitor by WordPress.com)"
191.101.31.11 - - [29/Oct/2023:10:19:04 +0000] "GET /.env HTTP/1.1" 404 4229 "-" "Mozilla/5.0 (Linux; U; Android 4.4.2; en-US; HM NOTE 1W Build/KOT49H) AppleWebKit/534.30 (KHTML, like Gecko) Version/4.0 UCBrowser/11.0.5.850 U3/0.8.0 Mobile Safari/534.30"
46.101.144.32 - - [29/Oct/2023:10:19:05 +0000] "POST /wp-cron.php?doing_wp_cron=1698574745.5863440036773681640625 HTTP/1.1" 200 3995 "-" "WordPress/6.3.2; https://talmedos.com"
191.101.31.11 - - [29/Oct/2023:10:19:05 +0000] "POST / HTTP/1.1" 200 15379 "-" "Mozilla/5.0 (Linux; U; Android 4.4.2; en-US; HM NOTE 1W Build/KOT49H) AppleWebKit/534.30 (KHTML, like Gecko) Version/4.0 UCBrowser/11.0.5.850 U3/0.8.0 Mobile Safari/534.30"
191.101.31.11 - - [29/Oct/2023:10:19:06 +0000] "GET /vendor/phpunit/phpunit/src/Util/PHP/eval-stdin.php HTTP/1.1" 404 4229 "-" "python-requests/2.25.1"
192.0.102.40 - - [29/Oct/2023:10:19:28 +0000] "HEAD / HTTP/1.1" 200 3915 "-" "jetmon/1.0 (Jetpack Site Uptime Monitor by WordPress.com)"
46.101.144.32 - - [29/Oct/2023:10:24:28 +0000] "POST /wp-cron.php?doing_wp_cron=1698575068.4526460170745849609375 HTTP/1.1" 200 3995 "-" "WordPress/6.3.2; https://talmedos.com"
192.0.102.40 - - [29/Oct/2023:10:24:28 +0000] "HEAD / HTTP/1.1" 200 3915 "-" "jetmon/1.0 (Jetpack Site Uptime Monitor by WordPress.com)"
46.101.144.32 - - [29/Oct/2023:10:29:29 +0000] "POST /wp-cron.php?doing_wp_cron=1698575369.8493940830230712890625 HTTP/1.1" 200 3995 "-" "WordPress/6.3.2; https://talmedos.com"
192.0.102.40 - - [29/Oct/2023:10:29:29 +0000] "HEAD / HTTP/1.1" 200 3915 "-" "jetmon/1.0 (Jetpack Site Uptime Monitor by WordPress.com)"
46.101.144.32 - - [29/Oct/2023:10:34:28 +0000] "POST /wp-cron.php?doing_wp_cron=1698575668.9597849845886230468750 HTTP/1.1" 200 3995 "-" "WordPress/6.3.2; https://talmedos.com"
192.0.102.40 - - [29/Oct/2023:10:34:28 +0000] "HEAD / HTTP/1.1" 200 3915 "-" "jetmon/1.0 (Jetpack Site Uptime Monitor by WordPress.com)"
46.101.144.32 - - [29/Oct/2023:10:39:28 +0000] "POST /wp-cron.php?doing_wp_cron=1698575968.5740630626678466796875 HTTP/1.1" 200 3995 "-" "WordPress/6.3.2; https://talmedos.com"
192.0.102.40 - - [29/Oct/2023:10:39:28 +0000] "HEAD / HTTP/1.1" 200 3915 "-" "jetmon/1.0 (Jetpack Site Uptime Monitor by WordPress.com)"
46.101.144.32 - - [29/Oct/2023:10:44:29 +0000] "POST /wp-cron.php?doing_wp_cron=1698576269.9715840816497802734375 HTTP/1.1" 200 3995 "-" "WordPress/6.3.2; https://talmedos.com"
192.0.102.40 - - [29/Oct/2023:10:44:29 +0000] "HEAD / HTTP/1.1" 200 3915 "-" "jetmon/1.0 (Jetpack Site Uptime Monitor by WordPress.com)"
46.101.144.32 - - [29/Oct/2023:10:49:29 +0000] "POST /wp-cron.php?doing_wp_cron=1698576569.2586340904235839843750 HTTP/1.1" 200 3995 "-" "WordPress/6.3.2; https://talmedos.com"
192.0.102.40 - - [29/Oct/2023:10:49:29 +0000] "HEAD / HTTP/1.1" 200 3915 "-" "jetmon/1.0 (Jetpack Site Uptime Monitor by WordPress.com)"
46.101.144.32 - - [29/Oct/2023:10:54:28 +0000] "POST /wp-cron.php?doing_wp_cron=1698576868.6708960533142089843750 HTTP/1.1" 200 3995 "-" "WordPress/6.3.2; https://talmedos.com"
192.0.102.40 - - [29/Oct/2023:10:54:28 +0000] "HEAD / HTTP/1.1" 200 3915 "-" "jetmon/1.0 (Jetpack Site Uptime Monitor by WordPress.com)"
46.101.144.32 - - [29/Oct/2023:10:59:30 +0000] "POST /wp-cron.php?doing_wp_cron=1698577170.1384389400482177734375 HTTP/1.1" 200 3995 "-" "WordPress/6.3.2; https://talmedos.com"
192.0.102.40 - - [29/Oct/2023:10:59:29 +0000] "HEAD / HTTP/1.1" 200 3915 "-" "jetmon/1.0 (Jetpack Site Uptime Monitor by WordPress.com)"
46.101.144.32 - - [29/Oct/2023:11:04:29 +0000] "POST /wp-cron.php?doing_wp_cron=1698577469.1689081192016601562500 HTTP/1.1" 200 3995 "-" "WordPress/6.3.2; https://talmedos.com"
192.0.102.40 - - [29/Oct/2023:11:04:29 +0000] "HEAD / HTTP/1.1" 200 3915 "-" "jetmon/1.0 (Jetpack Site Uptime Monitor by WordPress.com)"
46.101.144.32 - - [29/Oct/2023:11:09:28 +0000] "POST /wp-cron.php?doing_wp_cron=1698577768.5307040214538574218750 HTTP/1.1" 200 3995 "-" "WordPress/6.3.2; https://talmedos.com"
192.0.102.40 - - [29/Oct/2023:11:09:28 +0000] "HEAD / HTTP/1.1" 200 3915 "-" "jetmon/1.0 (Jetpack Site Uptime Monitor by WordPress.com)"
46.101.144.32 - - [29/Oct/2023:11:14:31 +0000] "POST /wp-cron.php?doing_wp_cron=1698578071.0020310878753662109375 HTTP/1.1" 200 3995 "-" "WordPress/6.3.2; https://talmedos.com"
192.0.102.40 - - [29/Oct/2023:11:14:30 +0000] "HEAD / HTTP/1.1" 200 3915 "-" "jetmon/1.0 (Jetpack Site Uptime Monitor by WordPress.com)"
46.101.144.32 - - [29/Oct/2023:11:19:28 +0000] "POST /wp-cron.php?doing_wp_cron=1698578368.4441549777984619140625 HTTP/1.1" 200 3995 "-" "WordPress/6.3.2; https://talmedos.com"
192.0.102.40 - - [29/Oct/2023:11:19:28 +0000] "HEAD / HTTP/1.1" 200 3915 "-" "jetmon/1.0 (Jetpack Site Uptime Monitor by WordPress.com)"
46.101.144.32 - - [29/Oct/2023:11:24:28 +0000] "POST /wp-cron.php?doing_wp_cron=1698578668.4361870288848876953125 HTTP/1.1" 200 3995 "-" "WordPress/6.3.2; https://talmedos.com"
192.0.102.40 - - [29/Oct/2023:11:24:28 +0000] "HEAD / HTTP/1.1" 200 3915 "-" "jetmon/1.0 (Jetpack Site Uptime Monitor by WordPress.com)"
46.101.144.32 - - [29/Oct/2023:11:27:55 +0000] "POST /wp-cron.php?doing_wp_cron=1698578875.2023189067840576171875 HTTP/1.1" 200 3995 "-" "WordPress/6.3.2; https://talmedos.com"
88.99.106.172 - - [29/Oct/2023:11:27:55 +0000] "POST /xmlrpc.php HTTP/1.1" 200 4419 "-" "Mozilla/5.0 (Windows NT 6.1; Win64; x64) AppleWebKit/537.36 (KHTML, like Gecko) Chrome/79.0.3945.88 Safari/537.36"
159.65.197.63 - - [29/Oct/2023:11:27:55 +0000] "POST /xmlrpc.php HTTP/1.1" 200 4419 "-" "Mozilla/5.0 (Windows NT 6.1; rv:17.0) Gecko/20100101 Firefox/20.6.14"
162.246.16.90 - - [29/Oct/2023:11:27:58 +0000] "POST /xmlrpc.php HTTP/1.1" 200 4419 "-" "Mozilla/5.0 (Windows NT 10.0; Win64; x64; rv:85.0) Gecko/20100101 Firefox/85.0"
159.65.197.63 - - [29/Oct/2023:11:27:59 +0000] "POST /xmlrpc.php HTTP/1.1" 200 4419 "-" "Mozilla/5.0 (Linux; Android 10) AppleWebKit/537.36 (KHTML, like Gecko) Chrome/91.0.4472.114 Mobile Safari/537.36"
46.101.144.32 - - [29/Oct/2023:11:28:02 +0000] "POST /wp-cron.php?doing_wp_cron=1698578882.4515080451965332031250 HTTP/1.1" 200 3995 "-" "WordPress/6.3.2; https://talmedos.com"
72.167.124.187 - - [29/Oct/2023:11:28:02 +0000] "POST /xmlrpc.php HTTP/1.1" 200 4420 "-" "Mozilla/5.0 (Windows NT 10.0; Win64; x64; rv:62.0) Gecko/20100101 Firefox/62.0"
162.55.100.32 - - [29/Oct/2023:11:28:04 +0000] "POST /xmlrpc.php HTTP/1.1" 200 4419 "-" "Mozilla/5.0 (Windows NT 10.0; Win64; x64; rv:88.0) Gecko/20100101 Firefox/88.0"
159.65.197.63 - - [29/Oct/2023:11:28:05 +0000] "POST /xmlrpc.php HTTP/1.1" 200 4419 "-" "Mozilla/5.0 (Windows NT 6.1; WOW64; rv:45.0) Gecko/20100101 Firefox/45.0"
107.161.66.68 - - [29/Oct/2023:11:28:09 +0000] "POST /xmlrpc.php HTTP/1.1" 200 4419 "-" "Mozilla/5.0 (Linux; Android 10; LM-Q720) AppleWebKit/537.36 (KHTML, like Gecko) Chrome/91.0.4472.114 Mobile Safari/537.36"
103.93.17.52 - - [29/Oct/2023:11:28:09 +0000] "POST /xmlrpc.php HTTP/1.1" 200 4418 "-" "Mozilla/5.0 (Windows NT 10.0; Win64; x64; rv:88.0) Gecko/20100101 Firefox/88.0"
18.119.100.71 - - [29/Oct/2023:11:28:11 +0000] "POST /xmlrpc.php HTTP/1.1" 200 4012 "-" "Mozilla/5.0 (Windows NT 10.0) AppleWebKit/537.36 (KHTML, like Gecko) Chrome/91.0.4472.114 Safari/537.36"
20.67.208.94 - - [29/Oct/2023:11:28:13 +0000] "POST /xmlrpc.php HTTP/1.1" 200 4418 "-" "Mozilla/5.0 (Windows NT 10.0; Win64; x64) AppleWebKit/537.36 (KHTML, like Gecko) Chrome/65.0.3325.181 Safari/537.36"
208.109.226.46 - - [29/Oct/2023:11:28:14 +0000] "POST /xmlrpc.php HTTP/1.1" 200 4420 "-" "Mozilla/5.0 (Windows NT 10.0; Win64; x64; rv:57.0) Gecko/20100101 Firefox/57.0"
45.154.27.128 - - [29/Oct/2023:11:28:21 +0000] "POST /xmlrpc.php HTTP/1.1" 200 4419 "-" "Mozilla/5.0 (Linux; Android 10; LM-Q720) AppleWebKit/537.36 (KHTML, like Gecko) Chrome/91.0.4472.114 Mobile Safari/537.36"
18.119.100.71 - - [29/Oct/2023:11:28:37 +0000] "POST /xmlrpc.php HTTP/1.1" 200 4012 "-" "Mozilla/5.0 (Windows NT 6.1; Win64; x64; rv:58.0) Gecko/20100101 Firefox/58.0"
138.2.24.226 - - [29/Oct/2023:11:29:08 +0000] "POST /wp-login.php HTTP/1.1" 200 8355 "-" "Mozilla/5.0 (Windows; U; Windows NT 5.1; en-US) AppleWebKit/533.4 (KHTML, like Gecko) Chrome/5.0.375.99 Safari/533.4"
46.101.144.32 - - [29/Oct/2023:11:29:29 +0000] "POST /wp-cron.php?doing_wp_cron=1698578969.3372581005096435546875 HTTP/1.1" 200 3995 "-" "WordPress/6.3.2; https://talmedos.com"
192.0.102.40 - - [29/Oct/2023:11:29:29 +0000] "HEAD / HTTP/1.1" 200 3915 "-" "jetmon/1.0 (Jetpack Site Uptime Monitor by WordPress.com)"
46.101.144.32 - - [29/Oct/2023:11:34:28 +0000] "POST /wp-cron.php?doing_wp_cron=1698579268.8194119930267333984375 HTTP/1.1" 200 3995 "-" "WordPress/6.3.2; https://talmedos.com"
192.0.102.40 - - [29/Oct/2023:11:34:28 +0000] "HEAD / HTTP/1.1" 200 3915 "-" "jetmon/1.0 (Jetpack Site Uptime Monitor by WordPress.com)"
46.101.144.32 - - [29/Oct/2023:11:39:28 +0000] "POST /wp-cron.php?doing_wp_cron=1698579568.2031080722808837890625 HTTP/1.1" 200 3995 "-" "WordPress/6.3.2; https://talmedos.com"
192.0.102.40 - - [29/Oct/2023:11:39:28 +0000] "HEAD / HTTP/1.1" 200 3915 "-" "jetmon/1.0 (Jetpack Site Uptime Monitor by WordPress.com)"
46.101.144.32 - - [29/Oct/2023:11:44:29 +0000] "POST /wp-cron.php?doing_wp_cron=1698579869.1970789432525634765625 HTTP/1.1" 200 3995 "-" "WordPress/6.3.2; https://talmedos.com"
192.0.102.40 - - [29/Oct/2023:11:44:29 +0000] "HEAD / HTTP/1.1" 200 3915 "-" "jetmon/1.0 (Jetpack Site Uptime Monitor by WordPress.com)"
46.101.144.32 - - [29/Oct/2023:11:49:28 +0000] "POST /wp-cron.php?doing_wp_cron=1698580168.1756000518798828125000 HTTP/1.1" 200 3995 "-" "WordPress/6.3.2; https://talmedos.com"
192.0.102.40 - - [29/Oct/2023:11:49:28 +0000] "HEAD / HTTP/1.1" 200 3915 "-" "jetmon/1.0 (Jetpack Site Uptime Monitor by WordPress.com)"
46.101.144.32 - - [29/Oct/2023:11:54:27 +0000] "POST /wp-cron.php?doing_wp_cron=1698580467.5446150302886962890625 HTTP/1.1" 200 3995 "-" "WordPress/6.3.2; https://talmedos.com"
192.0.102.40 - - [29/Oct/2023:11:54:27 +0000] "HEAD / HTTP/1.1" 200 3915 "-" "jetmon/1.0 (Jetpack Site Uptime Monitor by WordPress.com)"
46.101.144.32 - - [29/Oct/2023:11:59:11 +0000] "POST /wp-cron.php?doing_wp_cron=1698580751.9177238941192626953125 HTTP/1.1" 200 3995 "-" "WordPress/6.3.2; https://talmedos.com"
65.49.1.72 - - [29/Oct/2023:11:59:11 +0000] "GET / HTTP/1.1" 200 14711 "-" "Mozilla/5.0 (Macintosh; Intel Mac OS X 10.15; rv:109.0) Gecko/20100101 Firefox/109.0"
192.0.102.40 - - [29/Oct/2023:11:59:28 +0000] "HEAD / HTTP/1.1" 200 3915 "-" "jetmon/1.0 (Jetpack Site Uptime Monitor by WordPress.com)"
46.101.144.32 - - [29/Oct/2023:12:04:30 +0000] "POST /wp-cron.php?doing_wp_cron=1698581070.2931830883026123046875 HTTP/1.1" 200 3995 "-" "WordPress/6.3.2; https://talmedos.com"
192.0.102.40 - - [29/Oct/2023:12:04:30 +0000] "HEAD / HTTP/1.1" 200 3915 "-" "jetmon/1.0 (Jetpack Site Uptime Monitor by WordPress.com)"
65.49.1.73 - - [29/Oct/2023:12:06:23 +0000] "GET /favicon.ico HTTP/1.1" 404 3540 "-" "Mozilla/5.0 (X11; Linux x86_64) AppleWebKit/537.36 (KHTML, like Gecko) Chrome/108.0.0.0 Safari/537.36"
46.101.144.32 - - [29/Oct/2023:12:07:27 +0000] "POST /wp-cron.php?doing_wp_cron=1698581247.5553710460662841796875 HTTP/1.1" 200 3995 "-" "WordPress/6.3.2; https://talmedos.com"
65.49.1.79 - - [29/Oct/2023:12:07:27 +0000] "GET / HTTP/1.1" 200 15228 "-" "Mozilla/5.0 (Macintosh; Intel Mac OS X 10.15; rv:109.0) Gecko/20100101 Firefox/109.0"
46.101.144.32 - - [29/Oct/2023:12:09:29 +0000] "POST /wp-cron.php?doing_wp_cron=1698581369.3323249816894531250000 HTTP/1.1" 200 3995 "-" "WordPress/6.3.2; https://talmedos.com"
192.0.102.40 - - [29/Oct/2023:12:09:29 +0000] "HEAD / HTTP/1.1" 200 3915 "-" "jetmon/1.0 (Jetpack Site Uptime Monitor by WordPress.com)"
65.49.1.79 - - [29/Oct/2023:12:10:13 +0000] "GET /geoserver/web/ HTTP/1.1" 404 3540 "-" "Mozilla/5.0 (Windows NT 10.0; Win64; x64) AppleWebKit/537.36 (KHTML, like Gecko) Chrome/110.0.0.0 Safari/537.36 Edg/110.0.1587.56"
65.49.1.71 - - [29/Oct/2023:12:10:48 +0000] "GET /.git/config HTTP/1.1" 404 3540 "-" "Mozilla/5.0 (Windows NT 10.0; Win64; x64) AppleWebKit/537.36 (KHTML, like Gecko) Chrome/108.0.0.0 YaBrowser/23.1.2.987 Yowser/2.5 Safari/537.36"
46.101.144.32 - - [29/Oct/2023:12:11:08 +0000] "POST /wp-cron.php?doing_wp_cron=1698581468.9278330802917480468750 HTTP/1.1" 200 3995 "-" "WordPress/6.3.2; https://talmedos.com"
65.154.226.168 - - [29/Oct/2023:12:11:08 +0000] "GET / HTTP/1.1" 200 15226 "http://talmedos.com" "Mozilla/5.0 (Windows NT 10.0) AppleWebKit/537.36 (KHTML, like Gecko) Chrome/106.0.0.0 Safari/537.36"
46.101.144.32 - - [29/Oct/2023:12:14:29 +0000] "POST /wp-cron.php?doing_wp_cron=1698581669.8979101181030273437500 HTTP/1.1" 200 3995 "-" "WordPress/6.3.2; https://talmedos.com"
192.0.102.40 - - [29/Oct/2023:12:14:29 +0000] "HEAD / HTTP/1.1" 200 3915 "-" "jetmon/1.0 (Jetpack Site Uptime Monitor by WordPress.com)"
46.101.144.32 - - [29/Oct/2023:12:19:29 +0000] "POST /wp-cron.php?doing_wp_cron=1698581969.6409230232238769531250 HTTP/1.1" 200 3995 "-" "WordPress/6.3.2; https://talmedos.com"
192.0.102.40 - - [29/Oct/2023:12:19:29 +0000] "HEAD / HTTP/1.1" 200 3915 "-" "jetmon/1.0 (Jetpack Site Uptime Monitor by WordPress.com)"
46.101.144.32 - - [29/Oct/2023:12:24:27 +0000] "POST /wp-cron.php?doing_wp_cron=1698582267.6779429912567138671875 HTTP/1.1" 200 3995 "-" "WordPress/6.3.2; https://talmedos.com"
192.0.102.40 - - [29/Oct/2023:12:24:27 +0000] "HEAD / HTTP/1.1" 200 3915 "-" "jetmon/1.0 (Jetpack Site Uptime Monitor by WordPress.com)"
46.101.144.32 - - [29/Oct/2023:12:29:30 +0000] "POST /wp-cron.php?doing_wp_cron=1698582570.6340930461883544921875 HTTP/1.1" 200 3995 "-" "WordPress/6.3.2; https://talmedos.com"
192.0.102.40 - - [29/Oct/2023:12:29:30 +0000] "HEAD / HTTP/1.1" 200 3915 "-" "jetmon/1.0 (Jetpack Site Uptime Monitor by WordPress.com)"
46.101.144.32 - - [29/Oct/2023:12:34:31 +0000] "POST /wp-cron.php?doing_wp_cron=1698582871.2701249122619628906250 HTTP/1.1" 200 3995 "-" "WordPress/6.3.2; https://talmedos.com"
192.0.102.40 - - [29/Oct/2023:12:34:31 +0000] "HEAD / HTTP/1.1" 200 3915 "-" "jetmon/1.0 (Jetpack Site Uptime Monitor by WordPress.com)"
46.101.144.32 - - [29/Oct/2023:12:35:59 +0000] "POST /wp-cron.php?doing_wp_cron=1698582959.7898221015930175781250 HTTP/1.1" 200 3995 "-" "WordPress/6.3.2; https://talmedos.com"
94.142.138.104 - - [29/Oct/2023:12:35:59 +0000] "GET / HTTP/1.1" 301 3882 "-" "Go-http-client/1.1"
94.142.138.104 - - [29/Oct/2023:12:36:00 +0000] "GET / HTTP/1.1" 200 15247 "https://46.101.144.32:443" "Go-http-client/1.1"
94.142.138.104 - - [29/Oct/2023:12:36:00 +0000] "GET /+CSCOE+/logon.html HTTP/1.1" 404 4097 "-" "Go-http-client/1.1"
94.142.138.104 - - [29/Oct/2023:12:36:00 +0000] "GET /vpn/index.html HTTP/1.1" 404 4097 "-" "Go-http-client/1.1"
94.142.138.104 - - [29/Oct/2023:12:36:00 +0000] "GET /global-protect/login.esp HTTP/1.1" 404 4097 "-" "Go-http-client/1.1"
46.101.144.32 - - [29/Oct/2023:12:39:29 +0000] "POST /wp-cron.php?doing_wp_cron=1698583169.6179320812225341796875 HTTP/1.1" 200 3995 "-" "WordPress/6.3.2; https://talmedos.com"
192.0.102.40 - - [29/Oct/2023:12:39:29 +0000] "HEAD / HTTP/1.1" 200 3915 "-" "jetmon/1.0 (Jetpack Site Uptime Monitor by WordPress.com)"
46.101.144.32 - - [29/Oct/2023:12:44:32 +0000] "POST /wp-cron.php?doing_wp_cron=1698583472.4150979518890380859375 HTTP/1.1" 200 3995 "-" "WordPress/6.3.2; https://talmedos.com"
192.0.102.40 - - [29/Oct/2023:12:44:32 +0000] "HEAD / HTTP/1.1" 200 3915 "-" "jetmon/1.0 (Jetpack Site Uptime Monitor by WordPress.com)"
46.101.144.32 - - [29/Oct/2023:12:49:30 +0000] "POST /wp-cron.php?doing_wp_cron=1698583770.5126330852508544921875 HTTP/1.1" 200 3995 "-" "WordPress/6.3.2; https://talmedos.com"
192.0.102.40 - - [29/Oct/2023:12:49:30 +0000] "HEAD / HTTP/1.1" 200 3915 "-" "jetmon/1.0 (Jetpack Site Uptime Monitor by WordPress.com)"
157.55.39.222 - - [29/Oct/2023:12:51:00 +0000] "GET /robots.txt HTTP/1.1" 404 4310 "-" "Mozilla/5.0 AppleWebKit/537.36 (KHTML, like Gecko; compatible; bingbot/2.0; +http://www.bing.com/bingbot.htm) Chrome/103.0.5060.134 Safari/537.36"
157.55.39.222 - - [29/Oct/2023:12:51:00 +0000] "GET /robots.txt HTTP/1.1" 404 514 "-" "Mozilla/5.0 AppleWebKit/537.36 (KHTML, like Gecko; compatible; bingbot/2.0; +http://www.bing.com/bingbot.htm) Chrome/103.0.5060.134 Safari/537.36"
46.101.144.32 - - [29/Oct/2023:12:51:10 +0000] "POST /wp-cron.php?doing_wp_cron=1698583870.8552830219268798828125 HTTP/1.1" 200 3995 "-" "WordPress/6.3.2; https://talmedos.com"
40.77.167.61 - - [29/Oct/2023:12:51:10 +0000] "GET / HTTP/1.1" 200 15404 "-" "Mozilla/5.0 AppleWebKit/537.36 (KHTML, like Gecko; compatible; bingbot/2.0; +http://www.bing.com/bingbot.htm) Chrome/103.0.5060.134 Safari/537.36"
103.158.206.167 - - [29/Oct/2023:12:54:29 +0000] "POST /wp-login.php HTTP/1.1" 200 8357 "-" "Mozilla/5.0 (Windows NT 6.1) AppleWebKit/537.36 (KHTML, like Gecko) Chrome/61.0.3163.100 Safari/537.36"
46.101.144.32 - - [29/Oct/2023:12:54:31 +0000] "POST /wp-cron.php?doing_wp_cron=1698584071.7672319412231445312500 HTTP/1.1" 200 3995 "-" "WordPress/6.3.2; https://talmedos.com"
192.0.102.40 - - [29/Oct/2023:12:54:31 +0000] "HEAD / HTTP/1.1" 200 3915 "-" "jetmon/1.0 (Jetpack Site Uptime Monitor by WordPress.com)"
46.101.144.32 - - [29/Oct/2023:12:59:33 +0000] "POST /wp-cron.php?doing_wp_cron=1698584373.0458600521087646484375 HTTP/1.1" 200 3995 "-" "WordPress/6.3.2; https://talmedos.com"
192.0.102.40 - - [29/Oct/2023:12:59:32 +0000] "HEAD / HTTP/1.1" 200 3915 "-" "jetmon/1.0 (Jetpack Site Uptime Monitor by WordPress.com)"
46.101.144.32 - - [29/Oct/2023:13:04:31 +0000] "POST /wp-cron.php?doing_wp_cron=1698584670.9813349246978759765625 HTTP/1.1" 200 3995 "-" "WordPress/6.3.2; https://talmedos.com"
192.0.102.40 - - [29/Oct/2023:13:04:30 +0000] "HEAD / HTTP/1.1" 200 3915 "-" "jetmon/1.0 (Jetpack Site Uptime Monitor by WordPress.com)"
46.101.144.32 - - [29/Oct/2023:13:09:28 +0000] "POST /wp-cron.php?doing_wp_cron=1698584968.0852489471435546875000 HTTP/1.1" 200 3995 "-" "WordPress/6.3.2; https://talmedos.com"
192.0.102.40 - - [29/Oct/2023:13:09:27 +0000] "HEAD / HTTP/1.1" 200 3915 "-" "jetmon/1.0 (Jetpack Site Uptime Monitor by WordPress.com)"
46.101.144.32 - - [29/Oct/2023:13:14:34 +0000] "POST /wp-cron.php?doing_wp_cron=1698585274.2533800601959228515625 HTTP/1.1" 200 3995 "-" "WordPress/6.3.2; https://talmedos.com"
192.0.102.40 - - [29/Oct/2023:13:14:34 +0000] "HEAD / HTTP/1.1" 200 3915 "-" "jetmon/1.0 (Jetpack Site Uptime Monitor by WordPress.com)"
46.101.144.32 - - [29/Oct/2023:13:19:32 +0000] "POST /wp-cron.php?doing_wp_cron=1698585572.5537900924682617187500 HTTP/1.1" 200 3995 "-" "WordPress/6.3.2; https://talmedos.com"
192.0.102.40 - - [29/Oct/2023:13:19:32 +0000] "HEAD / HTTP/1.1" 200 3915 "-" "jetmon/1.0 (Jetpack Site Uptime Monitor by WordPress.com)"
46.101.144.32 - - [29/Oct/2023:13:24:29 +0000] "POST /wp-cron.php?doing_wp_cron=1698585869.8704960346221923828125 HTTP/1.1" 200 3995 "-" "WordPress/6.3.2; https://talmedos.com"
192.0.102.40 - - [29/Oct/2023:13:24:29 +0000] "HEAD / HTTP/1.1" 200 3915 "-" "jetmon/1.0 (Jetpack Site Uptime Monitor by WordPress.com)"
46.101.144.32 - - [29/Oct/2023:13:29:32 +0000] "POST /wp-cron.php?doing_wp_cron=1698586172.1529190540313720703125 HTTP/1.1" 200 3995 "-" "WordPress/6.3.2; https://talmedos.com"
192.0.102.40 - - [29/Oct/2023:13:29:32 +0000] "HEAD / HTTP/1.1" 200 3915 "-" "jetmon/1.0 (Jetpack Site Uptime Monitor by WordPress.com)"
46.101.144.32 - - [29/Oct/2023:13:34:30 +0000] "POST /wp-cron.php?doing_wp_cron=1698586470.7585530281066894531250 HTTP/1.1" 200 3995 "-" "WordPress/6.3.2; https://talmedos.com"
192.0.102.40 - - [29/Oct/2023:13:34:30 +0000] "HEAD / HTTP/1.1" 200 3915 "-" "jetmon/1.0 (Jetpack Site Uptime Monitor by WordPress.com)"
46.101.144.32 - - [29/Oct/2023:13:39:28 +0000] "POST /wp-cron.php?doing_wp_cron=1698586768.2840540409088134765625 HTTP/1.1" 200 3995 "-" "WordPress/6.3.2; https://talmedos.com"
192.0.102.40 - - [29/Oct/2023:13:39:28 +0000] "HEAD / HTTP/1.1" 200 3915 "-" "jetmon/1.0 (Jetpack Site Uptime Monitor by WordPress.com)"
46.101.144.32 - - [29/Oct/2023:13:44:32 +0000] "POST /wp-cron.php?doing_wp_cron=1698587072.3620929718017578125000 HTTP/1.1" 200 3995 "-" "WordPress/6.3.2; https://talmedos.com"
192.0.102.40 - - [29/Oct/2023:13:44:32 +0000] "HEAD / HTTP/1.1" 200 3915 "-" "jetmon/1.0 (Jetpack Site Uptime Monitor by WordPress.com)"
46.101.144.32 - - [29/Oct/2023:13:49:29 +0000] "POST /wp-cron.php?doing_wp_cron=1698587369.0775120258331298828125 HTTP/1.1" 200 3995 "-" "WordPress/6.3.2; https://talmedos.com"
192.0.102.40 - - [29/Oct/2023:13:49:28 +0000] "HEAD / HTTP/1.1" 200 3915 "-" "jetmon/1.0 (Jetpack Site Uptime Monitor by WordPress.com)"
46.101.144.32 - - [29/Oct/2023:13:54:29 +0000] "POST /wp-cron.php?doing_wp_cron=1698587669.2735838890075683593750 HTTP/1.1" 200 3995 "-" "WordPress/6.3.2; https://talmedos.com"
192.0.102.40 - - [29/Oct/2023:13:54:29 +0000] "HEAD / HTTP/1.1" 200 3915 "-" "jetmon/1.0 (Jetpack Site Uptime Monitor by WordPress.com)"
46.101.144.32 - - [29/Oct/2023:13:59:30 +0000] "POST /wp-cron.php?doing_wp_cron=1698587970.6854159832000732421875 HTTP/1.1" 200 3995 "-" "WordPress/6.3.2; https://talmedos.com"
192.0.102.40 - - [29/Oct/2023:13:59:30 +0000] "HEAD / HTTP/1.1" 200 3915 "-" "jetmon/1.0 (Jetpack Site Uptime Monitor by WordPress.com)"
46.101.144.32 - - [29/Oct/2023:14:04:29 +0000] "POST /wp-cron.php?doing_wp_cron=1698588269.3293030261993408203125 HTTP/1.1" 200 3995 "-" "WordPress/6.3.2; https://talmedos.com"
192.0.102.40 - - [29/Oct/2023:14:04:29 +0000] "HEAD / HTTP/1.1" 200 3915 "-" "jetmon/1.0 (Jetpack Site Uptime Monitor by WordPress.com)"
46.101.144.32 - - [29/Oct/2023:14:09:27 +0000] "POST /wp-cron.php?doing_wp_cron=1698588567.1658160686492919921875 HTTP/1.1" 200 3995 "-" "WordPress/6.3.2; https://talmedos.com"
192.0.102.40 - - [29/Oct/2023:14:09:26 +0000] "HEAD / HTTP/1.1" 200 3915 "-" "jetmon/1.0 (Jetpack Site Uptime Monitor by WordPress.com)"
46.101.144.32 - - [29/Oct/2023:14:14:29 +0000] "POST /wp-cron.php?doing_wp_cron=1698588869.0601520538330078125000 HTTP/1.1" 200 3995 "-" "WordPress/6.3.2; https://talmedos.com"
192.0.102.40 - - [29/Oct/2023:14:14:28 +0000] "HEAD / HTTP/1.1" 200 3915 "-" "jetmon/1.0 (Jetpack Site Uptime Monitor by WordPress.com)"
46.101.144.32 - - [29/Oct/2023:14:15:58 +0000] "POST /wp-cron.php?doing_wp_cron=1698588958.3596720695495605468750 HTTP/1.1" 200 3995 "-" "WordPress/6.3.2; https://talmedos.com"
94.102.61.10 - - [29/Oct/2023:14:15:58 +0000] "GET / HTTP/1.1" 200 14711 "http://46.101.144.32:80/" "Mozilla/5.0 (Windows NT 10.0; Win64; x64) AppleWebKit/537.36 (KHTML, like Gecko) Chrome/88.0.4324.190 Safari/537.36"
46.101.144.32 - - [29/Oct/2023:14:19:27 +0000] "POST /wp-cron.php?doing_wp_cron=1698589167.5471050739288330078125 HTTP/1.1" 200 3995 "-" "WordPress/6.3.2; https://talmedos.com"
192.0.102.40 - - [29/Oct/2023:14:19:27 +0000] "HEAD / HTTP/1.1" 200 3915 "-" "jetmon/1.0 (Jetpack Site Uptime Monitor by WordPress.com)"
54.37.156.240 - - [29/Oct/2023:14:21:03 +0000] "POST /wp-login.php HTTP/1.1" 200 8355 "-" "Mozilla/5.0 (Windows NT 10.0; Win64; x64) AppleWebKit/537.36 (KHTML, like Gecko) Chrome/54.0.2840.99 Safari/537.36"
74.208.58.156 - - [29/Oct/2023:14:21:54 +0000] "GET /wp-admin/network/network.php HTTP/1.1" 404 4172 "http://talmedos.com/wp-admin/network/network.php" "Mozilla/5.0 (Windows; U; Windows NT 5.1; en-US) AppleWebKit/533.4 (KHTML, like Gecko) Chrome/5.0.375.99 Safari/533.4"
46.101.144.32 - - [29/Oct/2023:14:24:27 +0000] "POST /wp-cron.php?doing_wp_cron=1698589467.5131599903106689453125 HTTP/1.1" 200 3995 "-" "WordPress/6.3.2; https://talmedos.com"
192.0.102.40 - - [29/Oct/2023:14:24:27 +0000] "HEAD / HTTP/1.1" 200 3915 "-" "jetmon/1.0 (Jetpack Site Uptime Monitor by WordPress.com)"
46.101.144.32 - - [29/Oct/2023:14:29:28 +0000] "POST /wp-cron.php?doing_wp_cron=1698589767.9834289550781250000000 HTTP/1.1" 200 3995 "-" "WordPress/6.3.2; https://talmedos.com"
192.0.102.40 - - [29/Oct/2023:14:29:27 +0000] "HEAD / HTTP/1.1" 200 3915 "-" "jetmon/1.0 (Jetpack Site Uptime Monitor by WordPress.com)"
46.101.144.32 - - [29/Oct/2023:14:34:27 +0000] "POST /wp-cron.php?doing_wp_cron=1698590067.7197189331054687500000 HTTP/1.1" 200 3995 "-" "WordPress/6.3.2; https://talmedos.com"
192.0.102.40 - - [29/Oct/2023:14:34:27 +0000] "HEAD / HTTP/1.1" 200 3915 "-" "jetmon/1.0 (Jetpack Site Uptime Monitor by WordPress.com)"
46.101.144.32 - - [29/Oct/2023:14:39:27 +0000] "POST /wp-cron.php?doing_wp_cron=1698590367.8685700893402099609375 HTTP/1.1" 200 3995 "-" "WordPress/6.3.2; https://talmedos.com"
192.0.102.40 - - [29/Oct/2023:14:39:27 +0000] "HEAD / HTTP/1.1" 200 3915 "-" "jetmon/1.0 (Jetpack Site Uptime Monitor by WordPress.com)"
54.88.219.176 - - [29/Oct/2023:14:44:19 +0000] "GET /.env HTTP/1.1" 404 3554 "-" "curl/7.61.1"
46.101.144.32 - - [29/Oct/2023:14:44:28 +0000] "POST /wp-cron.php?doing_wp_cron=1698590668.8057439327239990234375 HTTP/1.1" 200 3995 "-" "WordPress/6.3.2; https://talmedos.com"
192.0.102.40 - - [29/Oct/2023:14:44:28 +0000] "HEAD / HTTP/1.1" 200 3915 "-" "jetmon/1.0 (Jetpack Site Uptime Monitor by WordPress.com)"
192.0.102.40 - - [29/Oct/2023:14:49:27 +0000] "HEAD / HTTP/1.1" 200 3915 "-" "jetmon/1.0 (Jetpack Site Uptime Monitor by WordPress.com)"
46.101.144.32 - - [29/Oct/2023:14:49:29 +0000] "POST /wp-admin/admin-ajax.php?action=wp_1_wc_privacy_cleanup&nonce=22290667ed HTTP/1.1" 200 4130 "-" "WordPress/6.3.2; https://talmedos.com"
46.101.144.32 - - [29/Oct/2023:14:49:28 +0000] "POST /wp-cron.php?doing_wp_cron=1698590968.0064370632171630859375 HTTP/1.1" 200 3995 "-" "WordPress/6.3.2; https://talmedos.com"
3.238.97.208 - - [29/Oct/2023:14:54:27 +0000] "GET /.svn/entries HTTP/1.1" 404 4097 "-" "Mozilla/5.0 (Windows NT 10.0; Win64; x64) AppleWebKit/537.36 (KHTML, like Gecko) Chrome/99.0.4844.84 Safari/537.36 OPR/85.0.4341.72"
46.101.144.32 - - [29/Oct/2023:14:54:27 +0000] "POST /wp-cron.php?doing_wp_cron=1698591267.5340430736541748046875 HTTP/1.1" 200 3995 "-" "WordPress/6.3.2; https://talmedos.com"
192.0.102.40 - - [29/Oct/2023:14:54:27 +0000] "HEAD / HTTP/1.1" 200 3915 "-" "jetmon/1.0 (Jetpack Site Uptime Monitor by WordPress.com)"
46.101.144.32 - - [29/Oct/2023:14:56:53 +0000] "POST /wp-cron.php?doing_wp_cron=1698591413.8321020603179931640625 HTTP/1.1" 200 3995 "-" "WordPress/6.3.2; https://talmedos.com"
165.154.182.219 - - [29/Oct/2023:14:56:53 +0000] "GET / HTTP/1.1" 200 56856 "-" "-"
165.154.182.219 - - [29/Oct/2023:14:57:04 +0000] "GET /favicon.ico HTTP/1.1" 404 4078 "-" "Mozilla/5.0 (Macintosh; Intel Mac OS X 10_7_0) AppleWebKit/535.11 (KHTML, like Gecko) Chrome/17.0.963.56 Safari/535.11"
165.154.182.219 - - [29/Oct/2023:14:57:07 +0000] "GET /robots.txt HTTP/1.1" 404 4078 "-" "Mozilla/5.0 (Macintosh; Intel Mac OS X 10_7_0) AppleWebKit/535.11 (KHTML, like Gecko) Chrome/17.0.963.56 Safari/535.11"
165.154.182.219 - - [29/Oct/2023:14:57:10 +0000] "GET /sitemap.xml HTTP/1.1" 404 4078 "-" "Mozilla/5.0 (Macintosh; Intel Mac OS X 10_7_0) AppleWebKit/535.11 (KHTML, like Gecko) Chrome/17.0.963.56 Safari/535.11"
46.101.144.32 - - [29/Oct/2023:14:57:43 +0000] "POST /wp-cron.php?doing_wp_cron=1698591463.3786649703979492187500 HTTP/1.1" 200 3995 "-" "WordPress/6.3.2; https://talmedos.com"
165.154.182.219 - - [29/Oct/2023:14:57:43 +0000] "GET / HTTP/1.1" 200 15379 "-" "Mozilla/5.0 (Macintosh; Intel Mac OS X 10_14_6) AppleWebKit/537.36 (KHTML, like Gecko) Chrome/81.0.4044.138 Safari/537.36"
165.154.182.219 - - [29/Oct/2023:14:57:57 +0000] "GET /wp-content/plugins/woocommerce/readme.txt HTTP/1.1" 200 10074 "-" "python-requests/2.27.1"
165.154.182.219 - - [29/Oct/2023:14:57:57 +0000] "GET /wp-content/plugins/jetpack/readme.txt HTTP/1.1" 200 14667 "-" "python-requests/2.27.1"
165.154.182.219 - - [29/Oct/2023:14:57:59 +0000] "GET /wp-content/themes/twentytwentytwo/readme.txt HTTP/1.1" 200 5982 "-" "python-requests/2.27.1"
46.101.144.32 - - [29/Oct/2023:14:59:29 +0000] "POST /wp-cron.php?doing_wp_cron=1698591569.0601429939270019531250 HTTP/1.1" 200 3995 "-" "WordPress/6.3.2; https://talmedos.com"
192.0.102.40 - - [29/Oct/2023:14:59:28 +0000] "HEAD / HTTP/1.1" 200 3915 "-" "jetmon/1.0 (Jetpack Site Uptime Monitor by WordPress.com)"
46.101.144.32 - - [29/Oct/2023:15:04:28 +0000] "POST /wp-cron.php?doing_wp_cron=1698591868.3482699394226074218750 HTTP/1.1" 200 3995 "-" "WordPress/6.3.2; https://talmedos.com"
192.0.102.40 - - [29/Oct/2023:15:04:28 +0000] "HEAD / HTTP/1.1" 200 3915 "-" "jetmon/1.0 (Jetpack Site Uptime Monitor by WordPress.com)"
46.101.144.32 - - [29/Oct/2023:15:08:13 +0000] "POST /wp-cron.php?doing_wp_cron=1698592093.6826739311218261718750 HTTP/1.1" 200 3995 "-" "WordPress/6.3.2; https://talmedos.com"
34.79.162.186 - - [29/Oct/2023:15:08:13 +0000] "GET / HTTP/1.1" 200 14782 "-" "python-requests/2.31.0"
46.101.144.32 - - [29/Oct/2023:15:09:27 +0000] "POST /wp-cron.php?doing_wp_cron=1698592167.8213429450988769531250 HTTP/1.1" 200 3995 "-" "WordPress/6.3.2; https://talmedos.com"
192.0.102.40 - - [29/Oct/2023:15:09:27 +0000] "HEAD / HTTP/1.1" 200 3915 "-" "jetmon/1.0 (Jetpack Site Uptime Monitor by WordPress.com)"
46.101.144.32 - - [29/Oct/2023:15:14:28 +0000] "POST /wp-cron.php?doing_wp_cron=1698592468.7733669281005859375000 HTTP/1.1" 200 3995 "-" "WordPress/6.3.2; https://talmedos.com"
192.0.102.40 - - [29/Oct/2023:15:14:28 +0000] "HEAD / HTTP/1.1" 200 3915 "-" "jetmon/1.0 (Jetpack Site Uptime Monitor by WordPress.com)"
46.101.144.32 - - [29/Oct/2023:15:19:27 +0000] "POST /wp-cron.php?doing_wp_cron=1698592767.5224869251251220703125 HTTP/1.1" 200 3995 "-" "WordPress/6.3.2; https://talmedos.com"
192.0.102.40 - - [29/Oct/2023:15:19:27 +0000] "HEAD / HTTP/1.1" 200 3915 "-" "jetmon/1.0 (Jetpack Site Uptime Monitor by WordPress.com)"
46.101.144.32 - - [29/Oct/2023:15:24:27 +0000] "POST /wp-cron.php?doing_wp_cron=1698593067.4072470664978027343750 HTTP/1.1" 200 3995 "-" "WordPress/6.3.2; https://talmedos.com"
192.0.102.40 - - [29/Oct/2023:15:24:27 +0000] "HEAD / HTTP/1.1" 200 3915 "-" "jetmon/1.0 (Jetpack Site Uptime Monitor by WordPress.com)"
46.101.144.32 - - [29/Oct/2023:15:29:28 +0000] "POST /wp-cron.php?doing_wp_cron=1698593368.1205940246582031250000 HTTP/1.1" 200 3995 "-" "WordPress/6.3.2; https://talmedos.com"
192.0.102.40 - - [29/Oct/2023:15:29:27 +0000] "HEAD / HTTP/1.1" 200 3915 "-" "jetmon/1.0 (Jetpack Site Uptime Monitor by WordPress.com)"
46.101.144.32 - - [29/Oct/2023:15:34:27 +0000] "POST /wp-cron.php?doing_wp_cron=1698593667.5265519618988037109375 HTTP/1.1" 200 3995 "-" "WordPress/6.3.2; https://talmedos.com"
192.0.102.40 - - [29/Oct/2023:15:34:27 +0000] "HEAD / HTTP/1.1" 200 3915 "-" "jetmon/1.0 (Jetpack Site Uptime Monitor by WordPress.com)"
46.101.144.32 - - [29/Oct/2023:15:35:21 +0000] "POST /wp-cron.php?doing_wp_cron=1698593721.0439341068267822265625 HTTP/1.1" 200 3995 "-" "WordPress/6.3.2; https://talmedos.com"
118.193.65.209 - - [29/Oct/2023:15:35:20 +0000] "GET / HTTP/1.1" 200 15228 "http://46.101.144.32/" "Mozilla/5.0 (Macintosh; Intel Mac OS X 10_7_0) AppleWebKit/535.11 (KHTML, like Gecko) Chrome/17.0.963.56 Safari/535.11"
118.193.65.209 - - [29/Oct/2023:15:35:31 +0000] "GET /favicon.ico HTTP/1.1" 404 4078 "http://46.101.144.32/favicon.ico" "Mozilla/5.0 (Macintosh; Intel Mac OS X 10_7_0) AppleWebKit/535.11 (KHTML, like Gecko) Chrome/17.0.963.56 Safari/535.11"
118.193.65.209 - - [29/Oct/2023:15:35:35 +0000] "GET /robots.txt HTTP/1.1" 404 4078 "http://46.101.144.32/robots.txt" "Mozilla/5.0 (Macintosh; Intel Mac OS X 10_7_0) AppleWebKit/535.11 (KHTML, like Gecko) Chrome/17.0.963.56 Safari/535.11"
118.193.65.209 - - [29/Oct/2023:15:35:41 +0000] "GET /sitemap.xml HTTP/1.1" 404 4078 "http://46.101.144.32/sitemap.xml" "Mozilla/5.0 (Macintosh; Intel Mac OS X 10_7_0) AppleWebKit/535.11 (KHTML, like Gecko) Chrome/17.0.963.56 Safari/535.11"
46.101.144.32 - - [29/Oct/2023:15:35:59 +0000] "POST /wp-cron.php?doing_wp_cron=1698593759.1954851150512695312500 HTTP/1.1" 200 3995 "-" "WordPress/6.3.2; https://talmedos.com"
118.193.65.209 - - [29/Oct/2023:15:35:59 +0000] "GET / HTTP/1.1" 200 15379 "-" "Mozilla/5.0 (Macintosh; Intel Mac OS X 10_14_6) AppleWebKit/537.36 (KHTML, like Gecko) Chrome/81.0.4044.138 Safari/537.36"
118.193.65.209 - - [29/Oct/2023:15:36:01 +0000] "GET /wp-content/plugins/woocommerce/readme.txt HTTP/1.1" 200 10074 "-" "python-requests/2.27.1"
118.193.65.209 - - [29/Oct/2023:15:36:01 +0000] "GET /wp-content/plugins/jetpack/readme.txt HTTP/1.1" 200 14667 "-" "python-requests/2.27.1"
118.193.65.209 - - [29/Oct/2023:15:36:01 +0000] "GET /wp-content/themes/twentytwentytwo/readme.txt HTTP/1.1" 200 5982 "-" "python-requests/2.27.1"
46.101.144.32 - - [29/Oct/2023:15:39:27 +0000] "POST /wp-cron.php?doing_wp_cron=1698593967.7784399986267089843750 HTTP/1.1" 200 3995 "-" "WordPress/6.3.2; https://talmedos.com"
192.0.102.40 - - [29/Oct/2023:15:39:27 +0000] "HEAD / HTTP/1.1" 200 3915 "-" "jetmon/1.0 (Jetpack Site Uptime Monitor by WordPress.com)"
46.101.144.32 - - [29/Oct/2023:15:41:02 +0000] "POST /wp-cron.php?doing_wp_cron=1698594062.5672121047973632812500 HTTP/1.1" 200 3995 "-" "WordPress/6.3.2; https://talmedos.com"
18.119.100.71 - - [29/Oct/2023:15:41:02 +0000] "POST /xmlrpc.php HTTP/1.1" 200 4012 "-" "Mozilla/5.0 (Windows NT 5.1; Win64; x64) AppleWebKit/537.36 (KHTML, like Gecko) Chrome/60.0.3112.90 Safari/537.36"
3.66.8.69 - - [29/Oct/2023:15:41:04 +0000] "POST /xmlrpc.php HTTP/1.1" 200 4415 "-" "Mozilla/5.0 (iPhone; CPU iPhone OS 14_6 like Mac OS X) AppleWebKit/605.1.15 (KHTML, like Gecko) CriOS/91.0.4472.80 Mobile/15E148 Safari/604.1"
107.161.66.68 - - [29/Oct/2023:15:41:11 +0000] "POST /xmlrpc.php HTTP/1.1" 200 4419 "-" "Mozilla/5.0 (Windows NT 6.1; WOW64; rv:42.0) Gecko/20100101 Firefox/42.0"
94.152.206.207 - - [29/Oct/2023:15:41:15 +0000] "POST /xmlrpc.php HTTP/1.1" 200 4420 "-" "Mozilla/5.0 (Windows NT 6.1; Win64; x64) AppleWebKit/537.36 (KHTML, like Gecko) Chrome/60.0.3112.90 Safari/537.36"
64.227.108.223 - - [29/Oct/2023:15:41:15 +0000] "POST /xmlrpc.php HTTP/1.1" 200 4420 "-" "Mozilla/5.0 (Windows NT 10.0; WOW64; rv:52.0) Gecko/20100101 Firefox/52.0"
78.128.81.122 - - [29/Oct/2023:15:41:16 +0000] "POST /xmlrpc.php HTTP/1.1" 200 4012 "-" "Mozilla/5.0 (Windows NT 6.1) AppleWebKit/537.36 (KHTML, like Gecko) Chrome/56.0.2924.76 Safari/537.36"
64.227.108.223 - - [29/Oct/2023:15:41:24 +0000] "POST /xmlrpc.php HTTP/1.1" 200 4420 "-" "Mozilla/5.0 (Windows NT 10.0; Win64; x64) AppleWebKit/537.36 (KHTML, like Gecko) Chrome/91.0.4472.114 Safari/537.36"
136.144.222.252 - - [29/Oct/2023:15:41:25 +0000] "POST /xmlrpc.php HTTP/1.1" 200 4014 "-" "Mozilla/5.0 (Windows NT 10.0; Win64; x64; rv:57.0) Gecko/20100101 Firefox/57.0"
106.15.94.169 - - [29/Oct/2023:15:41:28 +0000] "POST /xmlrpc.php HTTP/1.1" 200 4419 "-" "Mozilla/5.0 (Windows NT 10.0) AppleWebKit/537.36 (KHTML, like Gecko) Chrome/91.0.4472.114 Safari/537.36"
46.101.144.32 - - [29/Oct/2023:15:41:32 +0000] "POST /wp-cron.php?doing_wp_cron=1698594092.3593370914459228515625 HTTP/1.1" 200 3995 "-" "WordPress/6.3.2; https://talmedos.com"
208.109.226.46 - - [29/Oct/2023:15:41:32 +0000] "POST /xmlrpc.php HTTP/1.1" 200 4420 "-" "Mozilla/5.0 (Windows NT 10.0; Win64; x64) AppleWebKit/537.36 (KHTML, like Gecko) Chrome/63.0.3239.132 Safari/537.36"
64.227.108.223 - - [29/Oct/2023:15:41:32 +0000] "POST /xmlrpc.php HTTP/1.1" 200 4420 "-" "Mozilla/5.0 (Windows NT 5.1; rv:7.0.1) Gecko/20100101 Firefox/7.0.1"
46.101.144.32 - - [29/Oct/2023:15:44:27 +0000] "POST /wp-cron.php?doing_wp_cron=1698594267.9396679401397705078125 HTTP/1.1" 200 3995 "-" "WordPress/6.3.2; https://talmedos.com"
192.0.102.40 - - [29/Oct/2023:15:44:27 +0000] "HEAD / HTTP/1.1" 200 3915 "-" "jetmon/1.0 (Jetpack Site Uptime Monitor by WordPress.com)"
46.101.144.32 - - [29/Oct/2023:15:47:25 +0000] "POST /wp-cron.php?doing_wp_cron=1698594445.9173350334167480468750 HTTP/1.1" 200 3995 "-" "WordPress/6.3.2; https://talmedos.com"
185.142.236.43 - - [29/Oct/2023:15:47:25 +0000] "GET / HTTP/1.1" 200 56539 "-" "Mozilla/5.0 (X11; Linux x86_64) AppleWebKit/537.36 (KHTML, like Gecko) Chrome/98.0.4758.102 Safari/537.36"
185.142.236.43 - - [29/Oct/2023:15:47:41 +0000] "\n" 400 3745 "-" "-"
185.142.236.43 - - [29/Oct/2023:15:47:41 +0000] "\n" 400 4181 "-" "-"
185.142.236.43 - - [29/Oct/2023:15:47:42 +0000] "\n" 400 4181 "-" "-"
185.142.236.43 - - [29/Oct/2023:15:47:43 +0000] "\n" 400 4181 "-" "-"
185.142.236.43 - - [29/Oct/2023:15:47:50 +0000] "GET /robots.txt HTTP/1.1" 404 3719 "-" "-"
185.142.236.43 - - [29/Oct/2023:15:47:51 +0000] "GET /sitemap.xml HTTP/1.1" 404 3719 "-" "-"
185.142.236.43 - - [29/Oct/2023:15:47:56 +0000] "GET /.well-known/security.txt HTTP/1.1" 404 3719 "-" "-"
185.142.236.43 - - [29/Oct/2023:15:48:16 +0000] "GET /favicon.ico HTTP/1.1" 404 4182 "-" "Mozilla/5.0 (Windows NT 10.0; Win64; x64) AppleWebKit/537.36 (KHTML, like Gecko) Chrome/102.0.5005.63 Safari/537.36"
185.142.236.43 - - [29/Oct/2023:15:48:17 +0000] "\n" 400 4216 "-" "-"
46.101.144.32 - - [29/Oct/2023:15:49:27 +0000] "POST /wp-cron.php?doing_wp_cron=1698594567.4397280216217041015625 HTTP/1.1" 200 3995 "-" "WordPress/6.3.2; https://talmedos.com"
192.0.102.40 - - [29/Oct/2023:15:49:27 +0000] "HEAD / HTTP/1.1" 200 3915 "-" "jetmon/1.0 (Jetpack Site Uptime Monitor by WordPress.com)"
46.101.144.32 - - [29/Oct/2023:15:53:37 +0000] "POST /wp-cron.php?doing_wp_cron=1698594817.0709528923034667968750 HTTP/1.1" 200 3995 "-" "WordPress/6.3.2; https://talmedos.com"
83.97.73.87 - - [29/Oct/2023:15:53:36 +0000] "GET /?XDEBUG_SESSION_START=phpstorm HTTP/1.1" 200 15247 "http://46.101.144.32:80/?XDEBUG_SESSION_START=phpstorm" "Mozilla/5.0 (Windows NT 10.0; Win64; x64) AppleWebKit/537.36 (KHTML, like Gecko) Chrome/78.0.3904.108 Safari/537.36"
46.101.144.32 - - [29/Oct/2023:15:54:27 +0000] "POST /wp-cron.php?doing_wp_cron=1698594867.7441740036010742187500 HTTP/1.1" 200 3995 "-" "WordPress/6.3.2; https://talmedos.com"
192.0.102.40 - - [29/Oct/2023:15:54:27 +0000] "HEAD / HTTP/1.1" 200 3915 "-" "jetmon/1.0 (Jetpack Site Uptime Monitor by WordPress.com)"
46.101.144.32 - - [29/Oct/2023:15:56:26 +0000] "POST /wp-cron.php?doing_wp_cron=1698594986.7164220809936523437500 HTTP/1.1" 200 3995 "-" "WordPress/6.3.2; https://talmedos.com"
185.180.143.8 - - [29/Oct/2023:15:56:26 +0000] "GET / HTTP/1.1" 200 14711 "http://46.101.144.32/" "Mozilla/5.0 (Windows NT 10.0; Win64; x64) AppleWebKit/537.36 (KHTML, like Gecko) Chrome/60.0.3112.113 Safari/537.36"
