103.218.240.168 - - [26/Oct/2023:15:02:12 +0000] "GET /robots.txt HTTP/1.1" 404 4078 "http://46.101.144.32/robots.txt" "Mozilla/5.0 (Macintosh; Intel Mac OS X 10_7_0) AppleWebKit/535.11 (KHTML, like Gecko) Chrome/17.0.963.56 Safari/535.11"
103.218.240.168 - - [26/Oct/2023:15:02:17 +0000] "GET /sitemap.xml HTTP/1.1" 404 4078 "http://46.101.144.32/sitemap.xml" "Mozilla/5.0 (Macintosh; Intel Mac OS X 10_7_0) AppleWebKit/535.11 (KHTML, like Gecko) Chrome/17.0.963.56 Safari/535.11"
46.101.144.32 - - [26/Oct/2023:15:02:43 +0000] "POST /wp-cron.php?doing_wp_cron=1698332563.5983300209045410156250 HTTP/1.1" 200 3995 "-" "WordPress/6.3.2; https://talmedos.com"
103.218.240.168 - - [26/Oct/2023:15:02:43 +0000] "GET / HTTP/1.1" 200 15379 "-" "Mozilla/5.0 (Macintosh; Intel Mac OS X 10_14_6) AppleWebKit/537.36 (KHTML, like Gecko) Chrome/81.0.4044.138 Safari/537.36"
103.218.240.168 - - [26/Oct/2023:15:02:46 +0000] "GET /wp-content/plugins/jetpack/readme.txt HTTP/1.1" 200 14667 "-" "python-requests/2.27.1"
103.218.240.168 - - [26/Oct/2023:15:02:47 +0000] "GET /wp-content/plugins/woocommerce/readme.txt HTTP/1.1" 200 10074 "-" "python-requests/2.27.1"
103.218.240.168 - - [26/Oct/2023:15:02:49 +0000] "GET /wp-content/themes/twentytwentytwo/readme.txt HTTP/1.1" 200 5982 "-" "python-requests/2.27.1"
64.227.150.86 - - [26/Oct/2023:15:03:07 +0000] "" 400 3595 "-" "-"
46.101.144.32 - - [26/Oct/2023:15:04:31 +0000] "POST /wp-cron.php?doing_wp_cron=1698332671.2713410854339599609375 HTTP/1.1" 200 3995 "-" "WordPress/6.3.2; https://talmedos.com"
192.0.102.40 - - [26/Oct/2023:15:04:31 +0000] "HEAD / HTTP/1.1" 200 3915 "-" "jetmon/1.0 (Jetpack Site Uptime Monitor by WordPress.com)"
46.101.144.32 - - [26/Oct/2023:15:09:29 +0000] "POST /wp-cron.php?doing_wp_cron=1698332969.0549180507659912109375 HTTP/1.1" 200 3995 "-" "WordPress/6.3.2; https://talmedos.com"
192.0.102.40 - - [26/Oct/2023:15:09:28 +0000] "HEAD / HTTP/1.1" 200 3915 "-" "jetmon/1.0 (Jetpack Site Uptime Monitor by WordPress.com)"
46.101.144.32 - - [26/Oct/2023:15:14:21 +0000] "POST /wp-cron.php?doing_wp_cron=1698333261.4376089572906494140625 HTTP/1.1" 200 3995 "-" "WordPress/6.3.2; https://talmedos.com"
192.0.102.40 - - [26/Oct/2023:15:14:21 +0000] "HEAD / HTTP/1.1" 200 3915 "-" "jetmon/1.0 (Jetpack Site Uptime Monitor by WordPress.com)"
46.101.144.32 - - [26/Oct/2023:15:19:29 +0000] "POST /wp-cron.php?doing_wp_cron=1698333569.3884029388427734375000 HTTP/1.1" 200 3995 "-" "WordPress/6.3.2; https://talmedos.com"
192.0.102.40 - - [26/Oct/2023:15:19:29 +0000] "HEAD / HTTP/1.1" 200 3915 "-" "jetmon/1.0 (Jetpack Site Uptime Monitor by WordPress.com)"
46.101.144.32 - - [26/Oct/2023:15:24:30 +0000] "POST /wp-cron.php?doing_wp_cron=1698333870.7246940135955810546875 HTTP/1.1" 200 3995 "-" "WordPress/6.3.2; https://talmedos.com"
192.0.102.40 - - [26/Oct/2023:15:24:30 +0000] "HEAD / HTTP/1.1" 200 3915 "-" "jetmon/1.0 (Jetpack Site Uptime Monitor by WordPress.com)"
46.101.144.32 - - [26/Oct/2023:15:29:21 +0000] "POST /wp-cron.php?doing_wp_cron=1698334161.5343379974365234375000 HTTP/1.1" 200 3995 "-" "WordPress/6.3.2; https://talmedos.com"
192.0.102.40 - - [26/Oct/2023:15:29:21 +0000] "HEAD / HTTP/1.1" 200 3915 "-" "jetmon/1.0 (Jetpack Site Uptime Monitor by WordPress.com)"
87.121.221.155 - - [26/Oct/2023:15:32:13 +0000] "GET /wp-content/plugins/wp-extra/readme.txt HTTP/1.1" 404 3610 "-" "Mozilla/5.0 (Windows NT 10.0; Win64; x64) AppleWebKit/537.36 (KHTML, like Gecko) Chrome/90.0.4430.85 Safari/537.36"
46.101.144.32 - - [26/Oct/2023:15:34:32 +0000] "POST /wp-cron.php?doing_wp_cron=1698334472.8446679115295410156250 HTTP/1.1" 200 3995 "-" "WordPress/6.3.2; https://talmedos.com"
192.0.102.40 - - [26/Oct/2023:15:34:32 +0000] "HEAD / HTTP/1.1" 200 3915 "-" "jetmon/1.0 (Jetpack Site Uptime Monitor by WordPress.com)"
46.101.144.32 - - [26/Oct/2023:15:39:29 +0000] "POST /wp-cron.php?doing_wp_cron=1698334769.9165809154510498046875 HTTP/1.1" 200 3995 "-" "WordPress/6.3.2; https://talmedos.com"
192.0.102.40 - - [26/Oct/2023:15:39:29 +0000] "HEAD / HTTP/1.1" 200 3915 "-" "jetmon/1.0 (Jetpack Site Uptime Monitor by WordPress.com)"
46.101.144.32 - - [26/Oct/2023:15:44:21 +0000] "POST /wp-cron.php?doing_wp_cron=1698335061.5182919502258300781250 HTTP/1.1" 200 3995 "-" "WordPress/6.3.2; https://talmedos.com"
192.0.102.40 - - [26/Oct/2023:15:44:21 +0000] "HEAD / HTTP/1.1" 200 3915 "-" "jetmon/1.0 (Jetpack Site Uptime Monitor by WordPress.com)"
46.101.144.32 - - [26/Oct/2023:15:49:29 +0000] "POST /wp-cron.php?doing_wp_cron=1698335369.4438869953155517578125 HTTP/1.1" 200 3995 "-" "WordPress/6.3.2; https://talmedos.com"
192.0.102.40 - - [26/Oct/2023:15:49:29 +0000] "HEAD / HTTP/1.1" 200 3915 "-" "jetmon/1.0 (Jetpack Site Uptime Monitor by WordPress.com)"
46.101.144.32 - - [26/Oct/2023:15:54:35 +0000] "POST /wp-cron.php?doing_wp_cron=1698335675.7590060234069824218750 HTTP/1.1" 200 3995 "-" "WordPress/6.3.2; https://talmedos.com"
192.0.102.40 - - [26/Oct/2023:15:54:35 +0000] "HEAD / HTTP/1.1" 200 3915 "-" "jetmon/1.0 (Jetpack Site Uptime Monitor by WordPress.com)"
45.155.204.7 - - [26/Oct/2023:15:54:49 +0000] "GET /vpn/index.html HTTP/1.1" 404 4097 "-" "Mozilla/5.0 (Macintosh; Intel Mac OS X 10_10_1) AppleWebKit/537.36 (KHTML, like Gecko) Chrome/37.0.2062.124 Safari/537.36"
46.101.144.32 - - [26/Oct/2023:15:59:21 +0000] "POST /wp-cron.php?doing_wp_cron=1698335961.3416459560394287109375 HTTP/1.1" 200 3995 "-" "WordPress/6.3.2; https://talmedos.com"
192.0.102.40 - - [26/Oct/2023:15:59:21 +0000] "HEAD / HTTP/1.1" 200 3915 "-" "jetmon/1.0 (Jetpack Site Uptime Monitor by WordPress.com)"
46.101.144.32 - - [26/Oct/2023:16:03:20 +0000] "POST /wp-cron.php?doing_wp_cron=1698336200.0508909225463867187500 HTTP/1.1" 200 3995 "-" "WordPress/6.3.2; https://talmedos.com"
185.180.143.72 - - [26/Oct/2023:16:03:19 +0000] "GET / HTTP/1.1" 200 14711 "http://46.101.144.32/" "Mozilla/5.0 (Windows NT 10.0; Win64; x64) AppleWebKit/537.36 (KHTML, like Gecko) Chrome/60.0.3112.113 Safari/537.36"
46.101.144.32 - - [26/Oct/2023:16:04:29 +0000] "POST /wp-cron.php?doing_wp_cron=1698336269.5410490036010742187500 HTTP/1.1" 200 3995 "-" "WordPress/6.3.2; https://talmedos.com"
192.0.102.40 - - [26/Oct/2023:16:04:29 +0000] "HEAD / HTTP/1.1" 200 3915 "-" "jetmon/1.0 (Jetpack Site Uptime Monitor by WordPress.com)"
46.101.144.32 - - [26/Oct/2023:16:08:26 +0000] "POST /wp-cron.php?doing_wp_cron=1698336506.3896970748901367187500 HTTP/1.1" 200 3995 "-" "WordPress/6.3.2; https://talmedos.com"
185.180.143.48 - - [26/Oct/2023:16:08:26 +0000] "GET / HTTP/1.1" 200 14711 "http://46.101.144.32/" "Mozilla/5.0 (Windows NT 10.0; Win64; x64) AppleWebKit/537.36 (KHTML, like Gecko) Chrome/60.0.3112.113 Safari/537.36"
185.180.143.48 - - [26/Oct/2023:16:08:27 +0000] "GET /showLogin.cc HTTP/1.1" 404 3540 "http://46.101.144.32/showLogin.cc" "Mozilla/5.0 (Windows NT 10.0; Win64; x64) AppleWebKit/537.36 (KHTML, like Gecko) Chrome/60.0.3112.113 Safari/537.36"
46.101.144.32 - - [26/Oct/2023:16:09:29 +0000] "POST /wp-cron.php?doing_wp_cron=1698336569.2736411094665527343750 HTTP/1.1" 200 3995 "-" "WordPress/6.3.2; https://talmedos.com"
192.0.102.40 - - [26/Oct/2023:16:09:29 +0000] "HEAD / HTTP/1.1" 200 3915 "-" "jetmon/1.0 (Jetpack Site Uptime Monitor by WordPress.com)"
46.101.144.32 - - [26/Oct/2023:16:14:21 +0000] "POST /wp-cron.php?doing_wp_cron=1698336861.3944239616394042968750 HTTP/1.1" 200 3995 "-" "WordPress/6.3.2; https://talmedos.com"
192.0.102.40 - - [26/Oct/2023:16:14:21 +0000] "HEAD / HTTP/1.1" 200 3915 "-" "jetmon/1.0 (Jetpack Site Uptime Monitor by WordPress.com)"
46.101.144.32 - - [26/Oct/2023:16:17:58 +0000] "POST /wp-cron.php?doing_wp_cron=1698337078.4879040718078613281250 HTTP/1.1" 200 3995 "-" "WordPress/6.3.2; https://talmedos.com"
152.32.156.50 - - [26/Oct/2023:16:17:58 +0000] "GET / HTTP/1.1" 200 56856 "-" "-"
152.32.156.50 - - [26/Oct/2023:16:18:36 +0000] "GET /favicon.ico HTTP/1.1" 404 4078 "-" "Mozilla/5.0 (Macintosh; Intel Mac OS X 10_7_0) AppleWebKit/535.11 (KHTML, like Gecko) Chrome/17.0.963.56 Safari/535.11"
152.32.156.50 - - [26/Oct/2023:16:18:45 +0000] "GET /robots.txt HTTP/1.1" 404 4078 "-" "Mozilla/5.0 (Macintosh; Intel Mac OS X 10_7_0) AppleWebKit/535.11 (KHTML, like Gecko) Chrome/17.0.963.56 Safari/535.11"
152.32.156.50 - - [26/Oct/2023:16:18:52 +0000] "GET /sitemap.xml HTTP/1.1" 404 4078 "-" "Mozilla/5.0 (Macintosh; Intel Mac OS X 10_7_0) AppleWebKit/535.11 (KHTML, like Gecko) Chrome/17.0.963.56 Safari/535.11"
46.101.144.32 - - [26/Oct/2023:16:19:28 +0000] "POST /wp-cron.php?doing_wp_cron=1698337168.7433021068572998046875 HTTP/1.1" 200 3995 "-" "WordPress/6.3.2; https://talmedos.com"
192.0.102.40 - - [26/Oct/2023:16:19:28 +0000] "HEAD / HTTP/1.1" 200 3915 "-" "jetmon/1.0 (Jetpack Site Uptime Monitor by WordPress.com)"
46.101.144.32 - - [26/Oct/2023:16:20:34 +0000] "POST /wp-cron.php?doing_wp_cron=1698337234.2410359382629394531250 HTTP/1.1" 200 3995 "-" "WordPress/6.3.2; https://talmedos.com"
152.32.156.50 - - [26/Oct/2023:16:20:34 +0000] "GET / HTTP/1.1" 200 15379 "-" "Mozilla/5.0 (Macintosh; Intel Mac OS X 10_14_6) AppleWebKit/537.36 (KHTML, like Gecko) Chrome/81.0.4044.138 Safari/537.36"
152.32.156.50 - - [26/Oct/2023:16:20:37 +0000] "GET /wp-content/plugins/woocommerce/readme.txt HTTP/1.1" 200 10074 "-" "python-requests/2.27.1"
152.32.156.50 - - [26/Oct/2023:16:20:38 +0000] "GET /wp-content/plugins/jetpack/readme.txt HTTP/1.1" 200 14667 "-" "python-requests/2.27.1"
152.32.156.50 - - [26/Oct/2023:16:20:38 +0000] "GET /wp-content/themes/twentytwentytwo/readme.txt HTTP/1.1" 200 5982 "-" "python-requests/2.27.1"
46.101.144.32 - - [26/Oct/2023:16:23:44 +0000] "POST /wp-cron.php?doing_wp_cron=1698337424.0598409175872802734375 HTTP/1.1" 200 3995 "-" "WordPress/6.3.2; https://talmedos.com"
198.235.24.137 - - [26/Oct/2023:16:23:43 +0000] "GET / HTTP/1.1" 200 56856 "http://46.101.144.32:80/" "Expanse, a Palo Alto Networks company, searches across the global IPv4 space multiple times per day to identify customers&#39; presences on the Internet. If you would like to be excluded from our scans, please send IP addresses/domains to: scaninfo@paloaltonetworks.com"
46.101.144.32 - - [26/Oct/2023:16:24:28 +0000] "POST /wp-cron.php?doing_wp_cron=1698337468.6267929077148437500000 HTTP/1.1" 200 3995 "-" "WordPress/6.3.2; https://talmedos.com"
192.0.102.40 - - [26/Oct/2023:16:24:28 +0000] "HEAD / HTTP/1.1" 200 3915 "-" "jetmon/1.0 (Jetpack Site Uptime Monitor by WordPress.com)"
46.101.144.32 - - [26/Oct/2023:16:29:21 +0000] "POST /wp-cron.php?doing_wp_cron=1698337761.3940238952636718750000 HTTP/1.1" 200 3995 "-" "WordPress/6.3.2; https://talmedos.com"
192.0.102.40 - - [26/Oct/2023:16:29:21 +0000] "HEAD / HTTP/1.1" 200 3915 "-" "jetmon/1.0 (Jetpack Site Uptime Monitor by WordPress.com)"
157.245.40.165 - - [26/Oct/2023:16:29:39 +0000] "POST /xmlrpc.php HTTP/1.1" 200 4420 "-" "Mozilla/5.0 (Windows NT 10.0; Win64; x64; rv:67.0) Gecko/20100101 Firefox/67.0"
92.205.186.198 - - [26/Oct/2023:16:29:39 +0000] "POST /xmlrpc.php HTTP/1.1" 200 4420 "-" "Mozilla/5.0 (Windows NT 6.3; Win64; x64) AppleWebKit/537.36 (KHTML, like Gecko) Chrome/60.0.3112.113 Safari/537.36"
193.123.68.87 - - [26/Oct/2023:16:29:40 +0000] "POST /xmlrpc.php HTTP/1.1" 200 4012 "-" "Mozilla/5.0 (Windows NT 5.1; rv:30.0) Gecko/20100101 Firefox/30.0"
193.123.68.87 - - [26/Oct/2023:16:29:46 +0000] "POST /xmlrpc.php HTTP/1.1" 200 4012 "-" "Mozilla/5.0 (Windows NT 6.1; Win64; x64; rv:61.0) Gecko/20100101 Firefox/61.0"
200.58.112.21 - - [26/Oct/2023:16:29:54 +0000] "POST /xmlrpc.php HTTP/1.1" 200 4012 "-" "Mozilla/5.0 (Windows NT 10.0; Win64; x64; rv:57.0) Gecko/20100101 Firefox/57.0"
68.178.161.81 - - [26/Oct/2023:16:29:58 +0000] "POST /xmlrpc.php HTTP/1.1" 200 4419 "-" "Mozilla/5.0 (Linux; Android 10; SM-N960U) AppleWebKit/537.36 (KHTML, like Gecko) Chrome/91.0.4472.114 Mobile Safari/537.36"
107.161.66.68 - - [26/Oct/2023:16:30:00 +0000] "POST /xmlrpc.php HTTP/1.1" 200 4419 "-" "Mozilla/5.0 (Windows NT 10.0; Win64; x64; rv:84.0) Gecko/20100101 Firefox/84.0"
46.101.144.32 - - [26/Oct/2023:16:30:03 +0000] "POST /wp-cron.php?doing_wp_cron=1698337803.7899899482727050781250 HTTP/1.1" 200 3995 "-" "WordPress/6.3.2; https://talmedos.com"
64.227.108.223 - - [26/Oct/2023:16:30:03 +0000] "POST /xmlrpc.php HTTP/1.1" 200 4420 "-" "Mozilla/5.0 (Linux; Android 10; LM-X420) AppleWebKit/537.36 (KHTML, like Gecko) Chrome/91.0.4472.114 Mobile Safari/537.36"
79.170.40.245 - - [26/Oct/2023:16:30:12 +0000] "POST /xmlrpc.php HTTP/1.1" 200 4012 "-" "Mozilla/5.0 (X11; Linux x86_64) AppleWebKit/537.36 (KHTML, like Gecko) Chrome/44.0.2403.157 Safari/537.36"
159.65.197.63 - - [26/Oct/2023:16:30:13 +0000] "POST /xmlrpc.php HTTP/1.1" 200 4419 "-" "Mozilla/5.0 (Windows NT 6.1; WOW64; rv:42.0) Gecko/20100101 Firefox/42.0"
159.65.197.63 - - [26/Oct/2023:16:30:15 +0000] "POST /xmlrpc.php HTTP/1.1" 200 4419 "-" "Mozilla/5.0 (Windows NT 10.0; Win64; x64) AppleWebKit/537.36 (KHTML, like Gecko) Chrome/83.0.4103.116 Safari/537.36"
94.152.206.207 - - [26/Oct/2023:16:30:14 +0000] "POST /xmlrpc.php HTTP/1.1" 200 4420 "-" "Mozilla/5.0 (Windows NT 6.1; WOW64; rv:42.0) Gecko/20100101 Firefox/42.0"
193.123.68.87 - - [26/Oct/2023:16:30:19 +0000] "POST /xmlrpc.php HTTP/1.1" 200 4012 "-" "Mozilla/5.0 (Windows NT 10.0; Win64; x64) AppleWebKit/537.36 (KHTML, like Gecko) Chrome/84.0.4147.135 Safari/537.36"
193.123.68.87 - - [26/Oct/2023:16:30:19 +0000] "POST /xmlrpc.php HTTP/1.1" 200 4012 "-" "Mozilla/5.0 (Windows NT 6.1) AppleWebKit/537.36 (KHTML, like Gecko) Chrome/56.0.2924.76 Safari/537.36"
134.122.59.215 - - [26/Oct/2023:16:30:22 +0000] "POST /xmlrpc.php HTTP/1.1" 200 4420 "-" "Mozilla/5.0 (Windows NT 10.0; Win64; x64) AppleWebKit/537.36 (KHTML, like Gecko) Chrome/80.0.3987.132 Safari/537.36"
167.235.115.8 - - [26/Oct/2023:16:30:31 +0000] "POST /xmlrpc.php HTTP/1.1" 200 4419 "-" "Mozilla/5.0 (Windows NT 10.0; Win64; x64) AppleWebKit/537.36 (KHTML, like Gecko) Chrome/80.0.3987.149 Safari/537.36"
46.101.144.32 - - [26/Oct/2023:16:34:29 +0000] "POST /wp-cron.php?doing_wp_cron=1698338069.1619501113891601562500 HTTP/1.1" 200 3995 "-" "WordPress/6.3.2; https://talmedos.com"
192.0.102.40 - - [26/Oct/2023:16:34:28 +0000] "HEAD / HTTP/1.1" 200 3915 "-" "jetmon/1.0 (Jetpack Site Uptime Monitor by WordPress.com)"
46.101.144.32 - - [26/Oct/2023:16:39:29 +0000] "POST /wp-cron.php?doing_wp_cron=1698338369.6136031150817871093750 HTTP/1.1" 200 3995 "-" "WordPress/6.3.2; https://talmedos.com"
192.0.102.40 - - [26/Oct/2023:16:39:29 +0000] "HEAD / HTTP/1.1" 200 3915 "-" "jetmon/1.0 (Jetpack Site Uptime Monitor by WordPress.com)"
83.97.73.87 - - [26/Oct/2023:16:41:02 +0000] "GET /actuator/gateway/routes HTTP/1.1" 404 4097 "-" "Mozilla/5.0 (Windows NT 10.0; Win64; x64) AppleWebKit/537.36 (KHTML, like Gecko) Chrome/78.0.3904.108 Safari/537.36"
46.101.144.32 - - [26/Oct/2023:16:44:28 +0000] "POST /wp-cron.php?doing_wp_cron=1698338668.5306479930877685546875 HTTP/1.1" 200 3995 "-" "WordPress/6.3.2; https://talmedos.com"
192.0.102.40 - - [26/Oct/2023:16:44:28 +0000] "HEAD / HTTP/1.1" 200 3915 "-" "jetmon/1.0 (Jetpack Site Uptime Monitor by WordPress.com)"
45.56.86.210 - - [26/Oct/2023:16:44:42 +0000] "GET / HTTP/1.1" 200 15247 "-" "Mozilla/5.0 (iPod; U; CPU iPhone OS 2_2_1 like Mac OS X; en-us) AppleWebKit/525.18.1 (KHTML, like Gecko) Version/3.1.1 Mobile/5H11a Safari/525.20"
45.56.86.210 - - [26/Oct/2023:16:44:46 +0000] "GET / HTTP/1.1" 200 15247 "http://46.101.144.32:80" "Mozilla/5.0 (Linux; Android 10; ONE A2003) AppleWebKit/537.36 (KHTML, like Gecko) Chrome/101.0.4951.61 Mobile Safari/537.36"
46.101.144.32 - - [26/Oct/2023:16:49:29 +0000] "POST /wp-cron.php?doing_wp_cron=1698338969.2640891075134277343750 HTTP/1.1" 200 3995 "-" "WordPress/6.3.2; https://talmedos.com"
192.0.102.40 - - [26/Oct/2023:16:49:29 +0000] "HEAD / HTTP/1.1" 200 3915 "-" "jetmon/1.0 (Jetpack Site Uptime Monitor by WordPress.com)"
46.101.144.32 - - [26/Oct/2023:16:54:28 +0000] "POST /wp-cron.php?doing_wp_cron=1698339268.3575038909912109375000 HTTP/1.1" 200 3995 "-" "WordPress/6.3.2; https://talmedos.com"
192.0.102.40 - - [26/Oct/2023:16:54:28 +0000] "HEAD / HTTP/1.1" 200 3915 "-" "jetmon/1.0 (Jetpack Site Uptime Monitor by WordPress.com)"
46.101.144.32 - - [26/Oct/2023:16:59:21 +0000] "POST /wp-cron.php?doing_wp_cron=1698339561.4241120815277099609375 HTTP/1.1" 200 3995 "-" "WordPress/6.3.2; https://talmedos.com"
192.0.102.40 - - [26/Oct/2023:16:59:21 +0000] "HEAD / HTTP/1.1" 200 3915 "-" "jetmon/1.0 (Jetpack Site Uptime Monitor by WordPress.com)"
46.101.144.32 - - [26/Oct/2023:17:04:31 +0000] "POST /wp-cron.php?doing_wp_cron=1698339871.4721970558166503906250 HTTP/1.1" 200 3995 "-" "WordPress/6.3.2; https://talmedos.com"
192.0.102.40 - - [26/Oct/2023:17:04:31 +0000] "HEAD / HTTP/1.1" 200 3915 "-" "jetmon/1.0 (Jetpack Site Uptime Monitor by WordPress.com)"
46.101.144.32 - - [26/Oct/2023:17:09:28 +0000] "POST /wp-cron.php?doing_wp_cron=1698340168.5800549983978271484375 HTTP/1.1" 200 3995 "-" "WordPress/6.3.2; https://talmedos.com"
192.0.102.40 - - [26/Oct/2023:17:09:28 +0000] "HEAD / HTTP/1.1" 200 3915 "-" "jetmon/1.0 (Jetpack Site Uptime Monitor by WordPress.com)"
46.101.144.32 - - [26/Oct/2023:17:14:31 +0000] "POST /wp-cron.php?doing_wp_cron=1698340471.0238580703735351562500 HTTP/1.1" 200 3995 "-" "WordPress/6.3.2; https://talmedos.com"
192.0.102.40 - - [26/Oct/2023:17:14:30 +0000] "HEAD / HTTP/1.1" 200 3915 "-" "jetmon/1.0 (Jetpack Site Uptime Monitor by WordPress.com)"
46.101.144.32 - - [26/Oct/2023:17:19:28 +0000] "POST /wp-cron.php?doing_wp_cron=1698340768.1700429916381835937500 HTTP/1.1" 200 3995 "-" "WordPress/6.3.2; https://talmedos.com"
192.0.102.40 - - [26/Oct/2023:17:19:27 +0000] "HEAD / HTTP/1.1" 200 3915 "-" "jetmon/1.0 (Jetpack Site Uptime Monitor by WordPress.com)"
46.101.144.32 - - [26/Oct/2023:17:24:30 +0000] "POST /wp-cron.php?doing_wp_cron=1698341070.0537080764770507812500 HTTP/1.1" 200 3995 "-" "WordPress/6.3.2; https://talmedos.com"
192.0.102.40 - - [26/Oct/2023:17:24:29 +0000] "HEAD / HTTP/1.1" 200 3915 "-" "jetmon/1.0 (Jetpack Site Uptime Monitor by WordPress.com)"
46.101.144.32 - - [26/Oct/2023:17:29:29 +0000] "POST /wp-cron.php?doing_wp_cron=1698341369.0572400093078613281250 HTTP/1.1" 200 3995 "-" "WordPress/6.3.2; https://talmedos.com"
192.0.102.40 - - [26/Oct/2023:17:29:28 +0000] "HEAD / HTTP/1.1" 200 3915 "-" "jetmon/1.0 (Jetpack Site Uptime Monitor by WordPress.com)"
46.101.144.32 - - [26/Oct/2023:17:33:36 +0000] "POST /wp-cron.php?doing_wp_cron=1698341616.1547780036926269531250 HTTP/1.1" 200 3995 "-" "WordPress/6.3.2; https://talmedos.com"
134.122.34.144 - - [26/Oct/2023:17:33:35 +0000] "GET / HTTP/1.1" 200 56825 "-" "-"
134.122.34.144 - - [26/Oct/2023:17:33:39 +0000] "GET / HTTP/1.1" 200 56825 "-" "Mozilla/5.0 (Linux; Android 6.0; HTC One M9 Build/MRA11402) AppleWebKit/537.36 (KHTML, like Gecko) Chrome/52.0.7784.98 Mobile Safari/537.3"
134.122.34.144 - - [26/Oct/2023:17:33:39 +0000] "GET /.vscode/sftp.json HTTP/1.1" 404 4096 "-" "Go-http-client/1.1"
134.122.34.144 - - [26/Oct/2023:17:33:40 +0000] "GET /about HTTP/1.1" 404 957 "-" "Go-http-client/1.1"
134.122.34.144 - - [26/Oct/2023:17:33:40 +0000] "GET /debug/default/view?panel=config HTTP/1.1" 404 957 "-" "Go-http-client/1.1"
134.122.34.144 - - [26/Oct/2023:17:33:40 +0000] "GET /v2/_catalog HTTP/1.1" 404 957 "-" "Go-http-client/1.1"
134.122.34.144 - - [26/Oct/2023:17:33:41 +0000] "GET /ecp/Current/exporttool/microsoft.exchange.ediscovery.exporttool.application HTTP/1.1" 404 957 "-" "Go-http-client/1.1"
134.122.34.144 - - [26/Oct/2023:17:33:41 +0000] "GET /server-status HTTP/1.1" 403 960 "-" "Go-http-client/1.1"
134.122.34.144 - - [26/Oct/2023:17:33:41 +0000] "GET /login.action HTTP/1.1" 404 957 "-" "Go-http-client/1.1"
134.122.34.144 - - [26/Oct/2023:17:33:42 +0000] "GET /_all_dbs HTTP/1.1" 404 957 "-" "Mozilla/5.0 (l9scan/2.0.2333e2434313e2130313e26343; +https://leakix.net)"
134.122.34.144 - - [26/Oct/2023:17:33:42 +0000] "GET /.DS_Store HTTP/1.1" 404 957 "-" "Go-http-client/1.1"
134.122.34.144 - - [26/Oct/2023:17:33:42 +0000] "GET /.env HTTP/1.1" 404 957 "-" "Go-http-client/1.1"
134.122.34.144 - - [26/Oct/2023:17:33:43 +0000] "GET /.git/config HTTP/1.1" 404 957 "-" "Go-http-client/1.1"
134.122.34.144 - - [26/Oct/2023:17:33:43 +0000] "GET /s/2333e2434313e2130313e26343/_/;/META-INF/maven/com.atlassian.jira/jira-webapp-dist/pom.properties HTTP/1.1" 404 957 "-" "Go-http-client/1.1"
134.122.34.144 - - [26/Oct/2023:17:33:43 +0000] "GET /config.json HTTP/1.1" 404 957 "-" "Go-http-client/1.1"
134.122.34.144 - - [26/Oct/2023:17:33:44 +0000] "GET /telescope/requests HTTP/1.1" 404 957 "-" "Go-http-client/1.1"
134.122.34.144 - - [26/Oct/2023:17:33:44 +0000] "GET /?rest_route=/wp/v2/users/ HTTP/1.1" 200 2408 "-" "Go-http-client/1.1"
46.101.144.32 - - [26/Oct/2023:17:34:28 +0000] "POST /wp-cron.php?doing_wp_cron=1698341668.3170819282531738281250 HTTP/1.1" 200 3995 "-" "WordPress/6.3.2; https://talmedos.com"
192.0.102.40 - - [26/Oct/2023:17:34:28 +0000] "HEAD / HTTP/1.1" 200 3915 "-" "jetmon/1.0 (Jetpack Site Uptime Monitor by WordPress.com)"
40.77.167.108 - - [26/Oct/2023:17:36:59 +0000] "GET /robots.txt HTTP/1.1" 404 4309 "-" "Mozilla/5.0 AppleWebKit/537.36 (KHTML, like Gecko; compatible; bingbot/2.0; +http://www.bing.com/bingbot.htm) Chrome/103.0.5060.134 Safari/537.36"
46.101.144.32 - - [26/Oct/2023:17:39:28 +0000] "POST /wp-cron.php?doing_wp_cron=1698341968.3557159900665283203125 HTTP/1.1" 200 3995 "-" "WordPress/6.3.2; https://talmedos.com"
192.0.102.40 - - [26/Oct/2023:17:39:28 +0000] "HEAD / HTTP/1.1" 200 3915 "-" "jetmon/1.0 (Jetpack Site Uptime Monitor by WordPress.com)"
46.101.144.32 - - [26/Oct/2023:17:42:31 +0000] "POST /wp-cron.php?doing_wp_cron=1698342151.6883790493011474609375 HTTP/1.1" 200 3995 "-" "WordPress/6.3.2; https://talmedos.com"
51.15.17.105 - - [26/Oct/2023:17:42:31 +0000] "GET /?of=1 HTTP/1.1" 200 14780 "www.google.com" "Mozilla/6.4 (Windows NT 11.1) Gecko/2010102 Firefox/99.0"
46.101.144.32 - - [26/Oct/2023:17:44:29 +0000] "POST /wp-cron.php?doing_wp_cron=1698342269.0710330009460449218750 HTTP/1.1" 200 3995 "-" "WordPress/6.3.2; https://talmedos.com"
192.0.102.40 - - [26/Oct/2023:17:44:28 +0000] "HEAD / HTTP/1.1" 200 3915 "-" "jetmon/1.0 (Jetpack Site Uptime Monitor by WordPress.com)"
192.0.102.40 - - [26/Oct/2023:17:49:28 +0000] "HEAD / HTTP/1.1" 200 3915 "-" "jetmon/1.0 (Jetpack Site Uptime Monitor by WordPress.com)"
46.101.144.32 - - [26/Oct/2023:17:49:28 +0000] "POST /wp-cron.php?doing_wp_cron=1698342568.9069859981536865234375 HTTP/1.1" 200 3995 "-" "WordPress/6.3.2; https://talmedos.com"
46.101.144.32 - - [26/Oct/2023:17:54:28 +0000] "POST /wp-cron.php?doing_wp_cron=1698342868.4352750778198242187500 HTTP/1.1" 200 3995 "-" "WordPress/6.3.2; https://talmedos.com"
192.0.102.40 - - [26/Oct/2023:17:54:28 +0000] "HEAD / HTTP/1.1" 200 3915 "-" "jetmon/1.0 (Jetpack Site Uptime Monitor by WordPress.com)"
46.101.144.32 - - [26/Oct/2023:17:58:15 +0000] "POST /wp-cron.php?doing_wp_cron=1698343095.1016409397125244140625 HTTP/1.1" 200 3995 "-" "WordPress/6.3.2; https://talmedos.com"
51.15.17.105 - - [26/Oct/2023:17:58:14 +0000] "GET /?of=1 HTTP/1.1" 200 14780 "www.google.com" "Mozilla/6.4 (Windows NT 11.1) Gecko/2010102 Firefox/99.0"
46.101.144.32 - - [26/Oct/2023:17:59:31 +0000] "POST /wp-cron.php?doing_wp_cron=1698343171.4593110084533691406250 HTTP/1.1" 200 3995 "-" "WordPress/6.3.2; https://talmedos.com"
192.0.102.40 - - [26/Oct/2023:17:59:31 +0000] "HEAD / HTTP/1.1" 200 3915 "-" "jetmon/1.0 (Jetpack Site Uptime Monitor by WordPress.com)"
46.101.144.32 - - [26/Oct/2023:18:04:29 +0000] "POST /wp-cron.php?doing_wp_cron=1698343469.0670011043548583984375 HTTP/1.1" 200 3995 "-" "WordPress/6.3.2; https://talmedos.com"
192.0.102.40 - - [26/Oct/2023:18:04:28 +0000] "HEAD / HTTP/1.1" 200 3915 "-" "jetmon/1.0 (Jetpack Site Uptime Monitor by WordPress.com)"
46.101.144.32 - - [26/Oct/2023:18:09:29 +0000] "POST /wp-cron.php?doing_wp_cron=1698343769.3651070594787597656250 HTTP/1.1" 200 3995 "-" "WordPress/6.3.2; https://talmedos.com"
192.0.102.40 - - [26/Oct/2023:18:09:29 +0000] "HEAD / HTTP/1.1" 200 3915 "-" "jetmon/1.0 (Jetpack Site Uptime Monitor by WordPress.com)"
46.101.144.32 - - [26/Oct/2023:18:14:33 +0000] "POST /wp-cron.php?doing_wp_cron=1698344073.0906128883361816406250 HTTP/1.1" 200 3995 "-" "WordPress/6.3.2; https://talmedos.com"
192.0.102.40 - - [26/Oct/2023:18:14:32 +0000] "HEAD / HTTP/1.1" 200 3915 "-" "jetmon/1.0 (Jetpack Site Uptime Monitor by WordPress.com)"
46.101.144.32 - - [26/Oct/2023:18:19:28 +0000] "POST /wp-cron.php?doing_wp_cron=1698344368.6636199951171875000000 HTTP/1.1" 200 3995 "-" "WordPress/6.3.2; https://talmedos.com"
192.0.102.40 - - [26/Oct/2023:18:19:28 +0000] "HEAD / HTTP/1.1" 200 3915 "-" "jetmon/1.0 (Jetpack Site Uptime Monitor by WordPress.com)"
46.101.144.32 - - [26/Oct/2023:18:24:29 +0000] "POST /wp-cron.php?doing_wp_cron=1698344669.6575529575347900390625 HTTP/1.1" 200 3995 "-" "WordPress/6.3.2; https://talmedos.com"
192.0.102.40 - - [26/Oct/2023:18:24:29 +0000] "HEAD / HTTP/1.1" 200 3915 "-" "jetmon/1.0 (Jetpack Site Uptime Monitor by WordPress.com)"
46.101.144.32 - - [26/Oct/2023:18:29:29 +0000] "POST /wp-cron.php?doing_wp_cron=1698344969.0422179698944091796875 HTTP/1.1" 200 3995 "-" "WordPress/6.3.2; https://talmedos.com"
192.0.102.40 - - [26/Oct/2023:18:29:28 +0000] "HEAD / HTTP/1.1" 200 3915 "-" "jetmon/1.0 (Jetpack Site Uptime Monitor by WordPress.com)"
46.101.144.32 - - [26/Oct/2023:18:34:30 +0000] "POST /wp-cron.php?doing_wp_cron=1698345270.5815410614013671875000 HTTP/1.1" 200 3995 "-" "WordPress/6.3.2; https://talmedos.com"
192.0.102.40 - - [26/Oct/2023:18:34:30 +0000] "HEAD / HTTP/1.1" 200 3915 "-" "jetmon/1.0 (Jetpack Site Uptime Monitor by WordPress.com)"
46.101.144.32 - - [26/Oct/2023:18:37:17 +0000] "POST /wp-cron.php?doing_wp_cron=1698345437.5410230159759521484375 HTTP/1.1" 200 3995 "-" "WordPress/6.3.2; https://talmedos.com"
185.180.143.48 - - [26/Oct/2023:18:37:17 +0000] "GET / HTTP/1.1" 200 14814 "-" "Mozilla/5.0 (Windows NT 10.0; Win64; x64) AppleWebKit/537.36 (KHTML, like Gecko) Chrome/60.0.3112.113 Safari/537.36"
185.180.143.48 - - [26/Oct/2023:18:37:30 +0000] "GET /showLogin.cc HTTP/1.1" 404 3583 "-" "Mozilla/5.0 (Windows NT 10.0; Win64; x64) AppleWebKit/537.36 (KHTML, like Gecko) Chrome/60.0.3112.113 Safari/537.36"
46.101.144.32 - - [26/Oct/2023:18:39:29 +0000] "POST /wp-cron.php?doing_wp_cron=1698345569.7375109195709228515625 HTTP/1.1" 200 3995 "-" "WordPress/6.3.2; https://talmedos.com"
192.0.102.40 - - [26/Oct/2023:18:39:29 +0000] "HEAD / HTTP/1.1" 200 3915 "-" "jetmon/1.0 (Jetpack Site Uptime Monitor by WordPress.com)"
103.180.163.205 - - [26/Oct/2023:18:44:03 +0000] "GET /wp-content/plugins/wordfence/readme.txt HTTP/1.1" 404 4228 "-" "Mozlila/5.0 (Linux; Android 7.0; SM-G892A Bulid/NRD90M; wv) AppleWebKit/537.36 (KHTML, like Gecko) Version/4.0 Chrome/60.0.3112.107 Moblie Safari/537.36"
103.180.163.205 - - [26/Oct/2023:18:44:06 +0000] "GET /wp-content/plugins/a.php HTTP/1.1" 404 4228 "-" "Mozlila/5.0 (Linux; Android 7.0; SM-G892A Bulid/NRD90M; wv) AppleWebKit/537.36 (KHTML, like Gecko) Version/4.0 Chrome/60.0.3112.107 Moblie Safari/537.36"
46.101.144.32 - - [26/Oct/2023:18:44:29 +0000] "POST /wp-cron.php?doing_wp_cron=1698345869.2704920768737792968750 HTTP/1.1" 200 3995 "-" "WordPress/6.3.2; https://talmedos.com"
192.0.102.40 - - [26/Oct/2023:18:44:29 +0000] "HEAD / HTTP/1.1" 200 3915 "-" "jetmon/1.0 (Jetpack Site Uptime Monitor by WordPress.com)"
46.101.144.32 - - [26/Oct/2023:18:49:28 +0000] "POST /wp-cron.php?doing_wp_cron=1698346168.0703821182250976562500 HTTP/1.1" 200 3995 "-" "WordPress/6.3.2; https://talmedos.com"
192.0.102.40 - - [26/Oct/2023:18:49:27 +0000] "HEAD / HTTP/1.1" 200 3915 "-" "jetmon/1.0 (Jetpack Site Uptime Monitor by WordPress.com)"
46.101.144.32 - - [26/Oct/2023:18:54:27 +0000] "POST /wp-cron.php?doing_wp_cron=1698346467.6013209819793701171875 HTTP/1.1" 200 3995 "-" "WordPress/6.3.2; https://talmedos.com"
192.0.102.40 - - [26/Oct/2023:18:54:27 +0000] "HEAD / HTTP/1.1" 200 3915 "-" "jetmon/1.0 (Jetpack Site Uptime Monitor by WordPress.com)"
162.243.141.14 - - [26/Oct/2023:18:55:49 +0000] "GET /owa/auth/logon.aspx HTTP/1.1" 404 3540 "-" "Mozilla/5.0 zgrab/0.x"
46.101.144.32 - - [26/Oct/2023:18:59:28 +0000] "POST /wp-cron.php?doing_wp_cron=1698346768.7158360481262207031250 HTTP/1.1" 200 3995 "-" "WordPress/6.3.2; https://talmedos.com"
192.0.102.40 - - [26/Oct/2023:18:59:28 +0000] "HEAD / HTTP/1.1" 200 3915 "-" "jetmon/1.0 (Jetpack Site Uptime Monitor by WordPress.com)"
46.101.144.32 - - [26/Oct/2023:19:04:28 +0000] "POST /wp-cron.php?doing_wp_cron=1698347068.5194499492645263671875 HTTP/1.1" 200 3995 "-" "WordPress/6.3.2; https://talmedos.com"
192.0.102.40 - - [26/Oct/2023:19:04:28 +0000] "HEAD / HTTP/1.1" 200 3915 "-" "jetmon/1.0 (Jetpack Site Uptime Monitor by WordPress.com)"
165.232.73.237 - - [26/Oct/2023:19:09:13 +0000] "" 400 3595 "-" "-"
46.101.144.32 - - [26/Oct/2023:19:09:27 +0000] "POST /wp-cron.php?doing_wp_cron=1698347367.9554851055145263671875 HTTP/1.1" 200 3995 "-" "WordPress/6.3.2; https://talmedos.com"
192.0.102.40 - - [26/Oct/2023:19:09:27 +0000] "HEAD / HTTP/1.1" 200 3915 "-" "jetmon/1.0 (Jetpack Site Uptime Monitor by WordPress.com)"
46.101.144.32 - - [26/Oct/2023:19:14:28 +0000] "POST /wp-cron.php?doing_wp_cron=1698347668.8051779270172119140625 HTTP/1.1" 200 3995 "-" "WordPress/6.3.2; https://talmedos.com"
192.0.102.40 - - [26/Oct/2023:19:14:28 +0000] "HEAD / HTTP/1.1" 200 3915 "-" "jetmon/1.0 (Jetpack Site Uptime Monitor by WordPress.com)"
198.199.98.37 - - [26/Oct/2023:19:16:25 +0000] "GET / HTTP/1.0" 400 627 "-" "-"
46.101.144.32 - - [26/Oct/2023:19:19:28 +0000] "POST /wp-cron.php?doing_wp_cron=1698347968.4216740131378173828125 HTTP/1.1" 200 3995 "-" "WordPress/6.3.2; https://talmedos.com"
192.0.102.40 - - [26/Oct/2023:19:19:28 +0000] "HEAD / HTTP/1.1" 200 3915 "-" "jetmon/1.0 (Jetpack Site Uptime Monitor by WordPress.com)"
46.101.144.32 - - [26/Oct/2023:19:24:28 +0000] "POST /wp-cron.php?doing_wp_cron=1698348268.3319759368896484375000 HTTP/1.1" 200 3995 "-" "WordPress/6.3.2; https://talmedos.com"
192.0.102.40 - - [26/Oct/2023:19:24:28 +0000] "HEAD / HTTP/1.1" 200 3915 "-" "jetmon/1.0 (Jetpack Site Uptime Monitor by WordPress.com)"
46.101.144.32 - - [26/Oct/2023:19:29:28 +0000] "POST /wp-cron.php?doing_wp_cron=1698348568.9683640003204345703125 HTTP/1.1" 200 3995 "-" "WordPress/6.3.2; https://talmedos.com"
192.0.102.40 - - [26/Oct/2023:19:29:28 +0000] "HEAD / HTTP/1.1" 200 3915 "-" "jetmon/1.0 (Jetpack Site Uptime Monitor by WordPress.com)"
46.101.144.32 - - [26/Oct/2023:19:32:17 +0000] "POST /wp-cron.php?doing_wp_cron=1698348737.5457799434661865234375 HTTP/1.1" 200 3995 "-" "WordPress/6.3.2; https://talmedos.com"
64.227.108.223 - - [26/Oct/2023:19:32:17 +0000] "POST /xmlrpc.php HTTP/1.1" 200 4420 "-" "Mozilla/5.0 (Windows NT 6.1; Win64; x64; rv:25.0) Gecko/20100101 Firefox/29.0"
107.180.121.71 - - [26/Oct/2023:19:32:17 +0000] "POST /xmlrpc.php HTTP/1.1" 200 3984 "-" "Mozilla/5.0 (Windows NT 10.0; Win64; x64) AppleWebKit/537.36 (KHTML, like Gecko) Chrome/90.0.4430.93 Safari/537.36"
45.154.27.128 - - [26/Oct/2023:19:32:27 +0000] "POST /xmlrpc.php HTTP/1.1" 200 4419 "-" "Mozilla/5.0 (Windows; U; Windows NT 5.1; en-US; rv:1.7.5) Gecko/20041107 Firefox/1.0"
159.65.197.63 - - [26/Oct/2023:19:32:29 +0000] "POST /xmlrpc.php HTTP/1.1" 200 4419 "-" "Mozilla/5.0 (Windows NT 10.0; Win64; x64) AppleWebKit/537.36 (KHTML, like Gecko) Chrome/65.0.3325.181 Safari/537.36"
107.161.66.68 - - [26/Oct/2023:19:32:30 +0000] "POST /xmlrpc.php HTTP/1.1" 200 4419 "-" "Mozilla/5.0 (Windows NT 10.0; Win64; x64) AppleWebKit/537.36 (KHTML, like Gecko) Chrome/74.0.3729.169 Safari/537.36"
192.169.217.75 - - [26/Oct/2023:19:32:30 +0000] "POST /xmlrpc.php HTTP/1.1" 200 3984 "-" "Mozilla/5.0 (Linux; Android 10; SM-N960U) AppleWebKit/537.36 (KHTML, like Gecko) Chrome/91.0.4472.114 Mobile Safari/537.36"
81.28.5.21 - - [26/Oct/2023:19:32:31 +0000] "POST /xmlrpc.php HTTP/1.1" 200 4416 "-" "Mozilla/5.0 (Windows NT 10.0; Win64; x64) AppleWebKit/537.36 (KHTML, like Gecko) Chrome/85.0.4183.102 Safari/537.36"
157.245.40.165 - - [26/Oct/2023:19:32:35 +0000] "POST /xmlrpc.php HTTP/1.1" 200 4420 "-" "Mozilla/5.0 (Windows NT 10.0; Win64; x64; rv:84.0) Gecko/20100101 Firefox/84.0"
185.181.102.52 - - [26/Oct/2023:19:32:37 +0000] "POST /xmlrpc.php HTTP/1.1" 200 4420 "-" "Mozilla/5.0 (Windows NT 10.0; Win64; x64) AppleWebKit/537.36 (KHTML, like Gecko) Chrome/79.0.3945.130 Safari/537.36"
157.245.40.165 - - [26/Oct/2023:19:32:41 +0000] "POST /xmlrpc.php HTTP/1.1" 200 4420 "-" "Mozilla/5.0 (Windows NT 10.0; Win64; x64) AppleWebKit/537.36 (KHTML, like Gecko) Chrome/68.0.3440.106 Safari/537.36"
157.245.40.165 - - [26/Oct/2023:19:32:42 +0000] "POST /xmlrpc.php HTTP/1.1" 200 4420 "-" "Mozilla/5.0 (Linux; Android 10; SM-G960U) AppleWebKit/537.36 (KHTML, like Gecko) Chrome/91.0.4472.114 Mobile Safari/537.36"
46.101.144.32 - - [26/Oct/2023:19:33:06 +0000] "POST /wp-cron.php?doing_wp_cron=1698348786.6439950466156005859375 HTTP/1.1" 200 3995 "-" "WordPress/6.3.2; https://talmedos.com"
157.245.40.165 - - [26/Oct/2023:19:33:06 +0000] "POST /xmlrpc.php HTTP/1.1" 200 4420 "-" "Mozilla/5.0 (iPad; CPU OS 14_6 like Mac OS X) AppleWebKit/605.1.15 (KHTML, like Gecko) CriOS/91.0.4472.80 Mobile/15E148 Safari/604.1"
46.101.144.32 - - [26/Oct/2023:19:34:28 +0000] "POST /wp-cron.php?doing_wp_cron=1698348868.4339671134948730468750 HTTP/1.1" 200 3995 "-" "WordPress/6.3.2; https://talmedos.com"
192.0.102.40 - - [26/Oct/2023:19:34:28 +0000] "HEAD / HTTP/1.1" 200 3915 "-" "jetmon/1.0 (Jetpack Site Uptime Monitor by WordPress.com)"
46.101.144.32 - - [26/Oct/2023:19:36:58 +0000] "POST /wp-cron.php?doing_wp_cron=1698349018.4165699481964111328125 HTTP/1.1" 200 3995 "-" "WordPress/6.3.2; https://talmedos.com"
1.83.125.42 - - [26/Oct/2023:19:36:58 +0000] "GET / HTTP/1.0" 301 3882 "-" "-"
46.101.144.32 - - [26/Oct/2023:19:39:28 +0000] "POST /wp-cron.php?doing_wp_cron=1698349168.3017590045928955078125 HTTP/1.1" 200 3995 "-" "WordPress/6.3.2; https://talmedos.com"
192.0.102.40 - - [26/Oct/2023:19:39:28 +0000] "HEAD / HTTP/1.1" 200 3915 "-" "jetmon/1.0 (Jetpack Site Uptime Monitor by WordPress.com)"
46.101.144.32 - - [26/Oct/2023:19:44:28 +0000] "POST /wp-cron.php?doing_wp_cron=1698349468.3819620609283447265625 HTTP/1.1" 200 3995 "-" "WordPress/6.3.2; https://talmedos.com"
192.0.102.40 - - [26/Oct/2023:19:44:28 +0000] "HEAD / HTTP/1.1" 200 3915 "-" "jetmon/1.0 (Jetpack Site Uptime Monitor by WordPress.com)"
46.101.144.32 - - [26/Oct/2023:19:49:28 +0000] "POST /wp-cron.php?doing_wp_cron=1698349768.2728459835052490234375 HTTP/1.1" 200 3995 "-" "WordPress/6.3.2; https://talmedos.com"
192.0.102.40 - - [26/Oct/2023:19:49:28 +0000] "HEAD / HTTP/1.1" 200 3915 "-" "jetmon/1.0 (Jetpack Site Uptime Monitor by WordPress.com)"
46.101.144.32 - - [26/Oct/2023:19:54:27 +0000] "POST /wp-cron.php?doing_wp_cron=1698350067.7914199829101562500000 HTTP/1.1" 200 3995 "-" "WordPress/6.3.2; https://talmedos.com"
192.0.102.40 - - [26/Oct/2023:19:54:27 +0000] "HEAD / HTTP/1.1" 200 3915 "-" "jetmon/1.0 (Jetpack Site Uptime Monitor by WordPress.com)"
46.101.144.32 - - [26/Oct/2023:19:55:28 +0000] "POST /wp-cron.php?doing_wp_cron=1698350128.5701539516448974609375 HTTP/1.1" 200 3995 "-" "WordPress/6.3.2; https://talmedos.com"
178.254.29.124 - - [26/Oct/2023:19:55:28 +0000] "GET / HTTP/1.1" 200 15321 "-" "Mozilla/5.0 (Windows NT 10.0; Win64; x64) AppleWebKit/537.36 (KHTML, like Gecko) Chrome/91.0.4472.114 Safari/537.36 Edg/91.0.864.54"
46.101.144.32 - - [26/Oct/2023:19:59:28 +0000] "POST /wp-cron.php?doing_wp_cron=1698350368.6036970615386962890625 HTTP/1.1" 200 3995 "-" "WordPress/6.3.2; https://talmedos.com"
192.0.102.40 - - [26/Oct/2023:19:59:28 +0000] "HEAD / HTTP/1.1" 200 3915 "-" "jetmon/1.0 (Jetpack Site Uptime Monitor by WordPress.com)"
46.101.144.32 - - [26/Oct/2023:20:04:28 +0000] "POST /wp-cron.php?doing_wp_cron=1698350668.2966580390930175781250 HTTP/1.1" 200 3995 "-" "WordPress/6.3.2; https://talmedos.com"
192.0.102.40 - - [26/Oct/2023:20:04:28 +0000] "HEAD / HTTP/1.1" 200 3915 "-" "jetmon/1.0 (Jetpack Site Uptime Monitor by WordPress.com)"
46.101.144.32 - - [26/Oct/2023:20:09:28 +0000] "POST /wp-cron.php?doing_wp_cron=1698350968.0162479877471923828125 HTTP/1.1" 200 3995 "-" "WordPress/6.3.2; https://talmedos.com"
192.0.102.40 - - [26/Oct/2023:20:09:27 +0000] "HEAD / HTTP/1.1" 200 3915 "-" "jetmon/1.0 (Jetpack Site Uptime Monitor by WordPress.com)"
46.101.144.32 - - [26/Oct/2023:20:13:13 +0000] "POST /wp-cron.php?doing_wp_cron=1698351193.1965749263763427734375 HTTP/1.1" 200 3995 "-" "WordPress/6.3.2; https://talmedos.com"
167.94.138.125 - - [26/Oct/2023:20:13:12 +0000] "GET / HTTP/1.1" 301 3863 "-" "-"
167.94.138.125 - - [26/Oct/2023:20:13:14 +0000] "GET / HTTP/1.1" 200 15228 "-" "Mozilla/5.0 (compatible; CensysInspect/1.1; +https://about.censys.io/)"
167.94.138.125 - - [26/Oct/2023:20:13:15 +0000] "GET /favicon.ico HTTP/1.1" 404 4097 "-" "Mozilla/5.0 (compatible; CensysInspect/1.1; +https://about.censys.io/)"
46.101.144.32 - - [26/Oct/2023:20:14:28 +0000] "POST /wp-cron.php?doing_wp_cron=1698351268.3165268898010253906250 HTTP/1.1" 200 3995 "-" "WordPress/6.3.2; https://talmedos.com"
192.0.102.40 - - [26/Oct/2023:20:14:28 +0000] "HEAD / HTTP/1.1" 200 3915 "-" "jetmon/1.0 (Jetpack Site Uptime Monitor by WordPress.com)"
109.237.98.53 - - [26/Oct/2023:20:16:36 +0000] "GET / HTTP/1.0" 400 627 "-" "-"
109.237.98.53 - - [26/Oct/2023:20:16:36 +0000] "GET / HTTP/1.0" 400 627 "-" "-"
109.237.98.53 - - [26/Oct/2023:20:16:36 +0000] "GET /admin/config.php HTTP/1.1" 404 4182 "-" "Mozilla/5.0 (Linux; U; Android 2.3.5; en-us; A554C Build/GINGERBREAD) AppleWebKit/533.1 (KHTML, like Gecko) Version/4.0 Mobile Safari/533.1"
46.101.144.32 - - [26/Oct/2023:20:16:36 +0000] "POST /wp-cron.php?doing_wp_cron=1698351396.6613590717315673828125 HTTP/1.1" 200 3995 "-" "WordPress/6.3.2; https://talmedos.com"
109.237.98.53 - - [26/Oct/2023:20:16:36 +0000] "GET / HTTP/1.1" 200 15332 "-" "Dalvik/2.1.0 (Linux; U; Android 7.0; SM-G930V Build/NRD90M)"
46.101.144.32 - - [26/Oct/2023:20:19:28 +0000] "POST /wp-cron.php?doing_wp_cron=1698351568.8718559741973876953125 HTTP/1.1" 200 3995 "-" "WordPress/6.3.2; https://talmedos.com"
192.0.102.40 - - [26/Oct/2023:20:19:28 +0000] "HEAD / HTTP/1.1" 200 3915 "-" "jetmon/1.0 (Jetpack Site Uptime Monitor by WordPress.com)"
46.101.144.32 - - [26/Oct/2023:20:24:27 +0000] "POST /wp-cron.php?doing_wp_cron=1698351867.6243290901184082031250 HTTP/1.1" 200 3995 "-" "WordPress/6.3.2; https://talmedos.com"
192.0.102.40 - - [26/Oct/2023:20:24:27 +0000] "HEAD / HTTP/1.1" 200 3915 "-" "jetmon/1.0 (Jetpack Site Uptime Monitor by WordPress.com)"
46.101.144.32 - - [26/Oct/2023:20:29:28 +0000] "POST /wp-cron.php?doing_wp_cron=1698352168.7526030540466308593750 HTTP/1.1" 200 3995 "-" "WordPress/6.3.2; https://talmedos.com"
192.0.102.40 - - [26/Oct/2023:20:29:28 +0000] "HEAD / HTTP/1.1" 200 3915 "-" "jetmon/1.0 (Jetpack Site Uptime Monitor by WordPress.com)"
46.101.144.32 - - [26/Oct/2023:20:34:27 +0000] "POST /wp-cron.php?doing_wp_cron=1698352467.8628950119018554687500 HTTP/1.1" 200 3995 "-" "WordPress/6.3.2; https://talmedos.com"
192.0.102.40 - - [26/Oct/2023:20:34:27 +0000] "HEAD / HTTP/1.1" 200 3915 "-" "jetmon/1.0 (Jetpack Site Uptime Monitor by WordPress.com)"
46.101.144.32 - - [26/Oct/2023:20:39:28 +0000] "GET / HTTP/1.1" 200 15340 "-" "WordPress/6.3.2; https://talmedos.com"
192.0.102.40 - - [26/Oct/2023:20:39:27 +0000] "HEAD / HTTP/1.1" 200 3915 "-" "jetmon/1.0 (Jetpack Site Uptime Monitor by WordPress.com)"
46.101.144.32 - - [26/Oct/2023:20:39:27 +0000] "POST /wp-cron.php?doing_wp_cron=1698352767.8053579330444335937500 HTTP/1.1" 200 3995 "-" "WordPress/6.3.2; https://talmedos.com"
46.101.144.32 - - [26/Oct/2023:20:44:28 +0000] "POST /wp-cron.php?doing_wp_cron=1698353068.6126999855041503906250 HTTP/1.1" 200 3995 "-" "WordPress/6.3.2; https://talmedos.com"
192.0.102.40 - - [26/Oct/2023:20:44:28 +0000] "HEAD / HTTP/1.1" 200 3915 "-" "jetmon/1.0 (Jetpack Site Uptime Monitor by WordPress.com)"
46.101.144.32 - - [26/Oct/2023:20:49:27 +0000] "POST /wp-cron.php?doing_wp_cron=1698353367.8753249645233154296875 HTTP/1.1" 200 3995 "-" "WordPress/6.3.2; https://talmedos.com"
192.0.102.40 - - [26/Oct/2023:20:49:27 +0000] "HEAD / HTTP/1.1" 200 3915 "-" "jetmon/1.0 (Jetpack Site Uptime Monitor by WordPress.com)"
46.101.144.32 - - [26/Oct/2023:20:54:27 +0000] "POST /wp-cron.php?doing_wp_cron=1698353667.5871970653533935546875 HTTP/1.1" 200 3995 "-" "WordPress/6.3.2; https://talmedos.com"
192.0.102.40 - - [26/Oct/2023:20:54:27 +0000] "HEAD / HTTP/1.1" 200 3915 "-" "jetmon/1.0 (Jetpack Site Uptime Monitor by WordPress.com)"
167.172.237.101 - - [26/Oct/2023:20:54:57 +0000] "GET / HTTP/1.1" 200 14767 "-" "Mozilla/5.0 (X11; Linux x86_64; rv:73.0) Gecko/20100101 Firefox/73.0"
167.172.237.101 - - [26/Oct/2023:20:54:58 +0000] "GET /favicon.ico HTTP/1.1" 404 521 "https://46.101.144.32/" "Mozilla/5.0 (X11; Linux x86_64; rv:73.0) Gecko/20100101 Firefox/73.0"
46.101.144.32 - - [26/Oct/2023:20:59:28 +0000] "POST /wp-cron.php?doing_wp_cron=1698353968.8387749195098876953125 HTTP/1.1" 200 3995 "-" "WordPress/6.3.2; https://talmedos.com"
192.0.102.40 - - [26/Oct/2023:20:59:28 +0000] "HEAD / HTTP/1.1" 200 3915 "-" "jetmon/1.0 (Jetpack Site Uptime Monitor by WordPress.com)"
46.101.144.32 - - [26/Oct/2023:21:04:28 +0000] "POST /wp-cron.php?doing_wp_cron=1698354268.0107998847961425781250 HTTP/1.1" 200 3995 "-" "WordPress/6.3.2; https://talmedos.com"
192.0.102.40 - - [26/Oct/2023:21:04:27 +0000] "HEAD / HTTP/1.1" 200 3915 "-" "jetmon/1.0 (Jetpack Site Uptime Monitor by WordPress.com)"
46.101.144.32 - - [26/Oct/2023:21:09:27 +0000] "POST /wp-cron.php?doing_wp_cron=1698354567.8612740039825439453125 HTTP/1.1" 200 3995 "-" "WordPress/6.3.2; https://talmedos.com"
192.0.102.40 - - [26/Oct/2023:21:09:27 +0000] "HEAD / HTTP/1.1" 200 3915 "-" "jetmon/1.0 (Jetpack Site Uptime Monitor by WordPress.com)"
46.101.144.32 - - [26/Oct/2023:21:14:28 +0000] "POST /wp-cron.php?doing_wp_cron=1698354868.9002070426940917968750 HTTP/1.1" 200 3995 "-" "WordPress/6.3.2; https://talmedos.com"
192.0.102.40 - - [26/Oct/2023:21:14:28 +0000] "HEAD / HTTP/1.1" 200 3915 "-" "jetmon/1.0 (Jetpack Site Uptime Monitor by WordPress.com)"
46.101.144.32 - - [26/Oct/2023:21:19:28 +0000] "POST /wp-cron.php?doing_wp_cron=1698355168.0622980594635009765625 HTTP/1.1" 200 3995 "-" "WordPress/6.3.2; https://talmedos.com"
192.0.102.40 - - [26/Oct/2023:21:19:27 +0000] "HEAD / HTTP/1.1" 200 3915 "-" "jetmon/1.0 (Jetpack Site Uptime Monitor by WordPress.com)"
46.101.144.32 - - [26/Oct/2023:21:24:28 +0000] "POST /wp-cron.php?doing_wp_cron=1698355468.1763200759887695312500 HTTP/1.1" 200 3995 "-" "WordPress/6.3.2; https://talmedos.com"
192.0.102.40 - - [26/Oct/2023:21:24:28 +0000] "HEAD / HTTP/1.1" 200 3915 "-" "jetmon/1.0 (Jetpack Site Uptime Monitor by WordPress.com)"
46.101.144.32 - - [26/Oct/2023:21:29:28 +0000] "POST /wp-cron.php?doing_wp_cron=1698355768.6026780605316162109375 HTTP/1.1" 200 3995 "-" "WordPress/6.3.2; https://talmedos.com"
192.0.102.40 - - [26/Oct/2023:21:29:28 +0000] "HEAD / HTTP/1.1" 200 3915 "-" "jetmon/1.0 (Jetpack Site Uptime Monitor by WordPress.com)"
46.101.144.32 - - [26/Oct/2023:21:34:27 +0000] "POST /wp-cron.php?doing_wp_cron=1698356067.7544240951538085937500 HTTP/1.1" 200 3995 "-" "WordPress/6.3.2; https://talmedos.com"
192.0.102.40 - - [26/Oct/2023:21:34:27 +0000] "HEAD / HTTP/1.1" 200 3915 "-" "jetmon/1.0 (Jetpack Site Uptime Monitor by WordPress.com)"
46.101.144.32 - - [26/Oct/2023:21:39:27 +0000] "POST /wp-cron.php?doing_wp_cron=1698356367.2657558917999267578125 HTTP/1.1" 200 3995 "-" "WordPress/6.3.2; https://talmedos.com"
192.0.102.40 - - [26/Oct/2023:21:39:27 +0000] "HEAD / HTTP/1.1" 200 3915 "-" "jetmon/1.0 (Jetpack Site Uptime Monitor by WordPress.com)"
46.101.144.32 - - [26/Oct/2023:21:44:28 +0000] "POST /wp-cron.php?doing_wp_cron=1698356668.6586809158325195312500 HTTP/1.1" 200 3995 "-" "WordPress/6.3.2; https://talmedos.com"
192.0.102.40 - - [26/Oct/2023:21:44:28 +0000] "HEAD / HTTP/1.1" 200 3915 "-" "jetmon/1.0 (Jetpack Site Uptime Monitor by WordPress.com)"
207.244.232.0 - - [26/Oct/2023:21:44:37 +0000] "GET /_profiler/phpinfo HTTP/1.1" 404 4228 "-" "Mozila/5.0"
46.101.144.32 - - [26/Oct/2023:21:49:27 +0000] "POST /wp-cron.php?doing_wp_cron=1698356967.8311719894409179687500 HTTP/1.1" 200 3995 "-" "WordPress/6.3.2; https://talmedos.com"
192.0.102.40 - - [26/Oct/2023:21:49:27 +0000] "HEAD / HTTP/1.1" 200 3915 "-" "jetmon/1.0 (Jetpack Site Uptime Monitor by WordPress.com)"
46.101.144.32 - - [26/Oct/2023:21:53:20 +0000] "POST /wp-cron.php?doing_wp_cron=1698357200.5392971038818359375000 HTTP/1.1" 200 3995 "-" "WordPress/6.3.2; https://talmedos.com"
207.244.232.0 - - [26/Oct/2023:21:53:20 +0000] "GET / HTTP/1.1" 200 15377 "-" "python-requests/2.31.0"
95.181.173.99 - - [26/Oct/2023:21:53:59 +0000] "GET /.env HTTP/1.1" 404 3746 "-" "Mozilla/5.0 (X11; Linux x86_64) AppleWebKit/537.36 (KHTML, like Gecko) Chrome/81.0.4044.129 Safari/537.36"
95.181.173.99 - - [26/Oct/2023:21:54:00 +0000] "POST / HTTP/1.1" 200 14917 "-" "Mozilla/5.0 (X11; Linux x86_64) AppleWebKit/537.36 (KHTML, like Gecko) Chrome/81.0.4044.129 Safari/537.36"
46.101.144.32 - - [26/Oct/2023:21:54:27 +0000] "POST /wp-cron.php?doing_wp_cron=1698357267.6183409690856933593750 HTTP/1.1" 200 3995 "-" "WordPress/6.3.2; https://talmedos.com"
192.0.102.40 - - [26/Oct/2023:21:54:27 +0000] "HEAD / HTTP/1.1" 200 3915 "-" "jetmon/1.0 (Jetpack Site Uptime Monitor by WordPress.com)"
46.101.144.32 - - [26/Oct/2023:21:59:30 +0000] "POST /wp-cron.php?doing_wp_cron=1698357570.5856161117553710937500 HTTP/1.1" 200 3995 "-" "WordPress/6.3.2; https://talmedos.com"
192.0.102.40 - - [26/Oct/2023:21:59:30 +0000] "HEAD / HTTP/1.1" 200 3915 "-" "jetmon/1.0 (Jetpack Site Uptime Monitor by WordPress.com)"
46.101.144.32 - - [26/Oct/2023:22:04:29 +0000] "POST /wp-cron.php?doing_wp_cron=1698357869.9774129390716552734375 HTTP/1.1" 200 3995 "-" "WordPress/6.3.2; https://talmedos.com"
192.0.102.40 - - [26/Oct/2023:22:04:29 +0000] "HEAD / HTTP/1.1" 200 3915 "-" "jetmon/1.0 (Jetpack Site Uptime Monitor by WordPress.com)"
147.182.154.58 - - [26/Oct/2023:22:06:20 +0000] "" 400 3595 "-" "-"
46.101.144.32 - - [26/Oct/2023:22:09:30 +0000] "POST /wp-cron.php?doing_wp_cron=1698358169.9849340915679931640625 HTTP/1.1" 200 3995 "-" "WordPress/6.3.2; https://talmedos.com"
192.0.102.40 - - [26/Oct/2023:22:09:29 +0000] "HEAD / HTTP/1.1" 200 3915 "-" "jetmon/1.0 (Jetpack Site Uptime Monitor by WordPress.com)"
46.101.144.32 - - [26/Oct/2023:22:12:37 +0000] "POST /wp-cron.php?doing_wp_cron=1698358357.4766340255737304687500 HTTP/1.1" 200 3995 "-" "WordPress/6.3.2; https://talmedos.com"
162.246.16.90 - - [26/Oct/2023:22:12:37 +0000] "POST /xmlrpc.php HTTP/1.1" 200 4419 "-" "Mozilla/5.0 (Windows NT 5.1; rv:36.0) Gecko/20100101 Firefox/36.0"
178.128.26.49 - - [26/Oct/2023:22:12:38 +0000] "POST /xmlrpc.php HTTP/1.1" 200 4419 "-" "Mozilla/5.0 (Windows NT 10.0; Win64; x64) AppleWebKit/537.36 (KHTML, like Gecko) Chrome/90.0.4430.212 Safari/537.36"
103.102.234.145 - - [26/Oct/2023:22:12:40 +0000] "POST /xmlrpc.php HTTP/1.1" 200 4421 "-" "Mozilla/5.0 (Windows NT 10.0; Win64; x64; rv:61.0) Gecko/20100101 Firefox/61.0"
188.40.94.109 - - [26/Oct/2023:22:12:42 +0000] "POST /xmlrpc.php HTTP/1.1" 200 4012 "-" "Mozilla/5.0 (Windows NT 10.0; Win64; x64; rv:66.0) Gecko/20100101 Firefox/66.0"
193.123.68.87 - - [26/Oct/2023:22:12:45 +0000] "POST /xmlrpc.php HTTP/1.1" 200 4012 "-" "Mozilla/5.0 (Windows NT 10.0; Win64; x64; rv:84.0) Gecko/20100101 Firefox/84.0"
134.122.59.215 - - [26/Oct/2023:22:12:53 +0000] "POST /xmlrpc.php HTTP/1.1" 200 4420 "-" "Mozilla/5.0 (Windows NT 6.1) AppleWebKit/537.36 (KHTML, like Gecko) Chrome/56.0.2924.76 Safari/537.36"
103.121.90.183 - - [26/Oct/2023:22:12:54 +0000] "POST /xmlrpc.php HTTP/1.1" 200 4013 "-" "Mozilla/5.0 (Windows NT 6.1; WOW64; rv:18.0) Gecko/20100101 Firefox/18.0"
74.208.33.44 - - [26/Oct/2023:22:12:57 +0000] "POST /xmlrpc.php HTTP/1.1" 200 4418 "-" "Mozilla/5.0 (Windows NT 10.0; Win64; x64) AppleWebKit/537.36 (KHTML, like Gecko) Chrome/84.0.4147.135 Safari/537.36"
109.234.162.234 - - [26/Oct/2023:22:12:59 +0000] "POST /xmlrpc.php HTTP/1.1" 200 4421 "-" "Mozilla/5.0 (Windows NT 6.1; WOW64; rv:18.0) Gecko/20100101 Firefox/18.0"
47.106.153.149 - - [26/Oct/2023:22:13:01 +0000] "POST /xmlrpc.php HTTP/1.1" 200 4013 "-" "Mozilla/5.0 (Windows NT 10.0; WOW64) AppleWebKit/537.36 (KHTML, like Gecko) Chrome/91.0.4472.114 Safari/537.36"
46.101.144.32 - - [26/Oct/2023:22:13:02 +0000] "POST /wp-cron.php?doing_wp_cron=1698358382.4536690711975097656250 HTTP/1.1" 200 3995 "-" "WordPress/6.3.2; https://talmedos.com"
62.171.133.145 - - [26/Oct/2023:22:13:02 +0000] "POST /xmlrpc.php HTTP/1.1" 200 4420 "-" "Mozilla/5.0 (Windows NT 10.0; Win64; x64) AppleWebKit/537.36 (KHTML, like Gecko) Chrome/74.0.3729.157 Safari/537.36"
18.119.100.71 - - [26/Oct/2023:22:13:04 +0000] "POST /xmlrpc.php HTTP/1.1" 200 4012 "-" "Mozilla/5.0 (Windows NT 10.0; Win64; x64; rv:59.0) Gecko/20100101 Firefox/59.0"
107.180.121.71 - - [26/Oct/2023:22:13:08 +0000] "POST /xmlrpc.php HTTP/1.1" 200 3984 "-" "Mozilla/5.0 (Windows NT 10.0; Win64; x64; rv:88.0) Gecko/20100101 Firefox/88.0"
164.138.208.95 - - [26/Oct/2023:22:13:14 +0000] "POST /xmlrpc.php HTTP/1.1" 200 4420 "-" "Mozilla/5.0 (Windows NT 10.0; Win64; x64; rv:65.0) Gecko/20100101 Firefox/65.0"
79.170.40.245 - - [26/Oct/2023:22:13:18 +0000] "POST /xmlrpc.php HTTP/1.1" 200 4012 "-" "Mozilla/5.0 (Windows NT 10.0; Win64; x64) AppleWebKit/537.36 (KHTML, like Gecko) Chrome/90.0.4430.212 Safari/537.36"
159.65.197.63 - - [26/Oct/2023:22:13:19 +0000] "POST /xmlrpc.php HTTP/1.1" 200 4419 "-" "Mozilla/5.0 (Windows NT 10.0; Win64; x64) AppleWebKit/537.36 (KHTML, like Gecko) Chrome/90.0.4430.93 Safari/537.36"
46.101.144.32 - - [26/Oct/2023:22:14:31 +0000] "POST /wp-cron.php?doing_wp_cron=1698358470.9830639362335205078125 HTTP/1.1" 200 3995 "-" "WordPress/6.3.2; https://talmedos.com"
