93.162.98.150 - - [03/Nov/2023:00:00:22 +0000] "POST /wp-admin/admin-ajax.php HTTP/1.1" 404 4180 "https://talmedos.com/wp-admin/edit.php?post_type=page" "Mozilla/5.0 (Macintosh; Intel Mac OS X 10_15_7) AppleWebKit/537.36 (KHTML, like Gecko) Chrome/118.0.0.0 Safari/537.36"
93.162.98.150 - - [03/Nov/2023:00:00:37 +0000] "POST /wp-admin/admin-ajax.php HTTP/1.1" 404 1025 "https://talmedos.com/wp-admin/edit.php?post_type=page" "Mozilla/5.0 (Macintosh; Intel Mac OS X 10_15_7) AppleWebKit/537.36 (KHTML, like Gecko) Chrome/118.0.0.0 Safari/537.36"
93.162.98.150 - - [03/Nov/2023:00:02:02 +0000] "POST /wp-admin/admin-ajax.php HTTP/1.1" 404 1025 "https://talmedos.com/wp-admin/post-new.php?post_type=page" "Mozilla/5.0 (Macintosh; Intel Mac OS X 10_15_7) AppleWebKit/537.36 (KHTML, like Gecko) Chrome/118.0.0.0 Safari/537.36"
93.162.98.150 - - [03/Nov/2023:00:02:37 +0000] "POST /wp-admin/admin-ajax.php HTTP/1.1" 404 1025 "https://talmedos.com/wp-admin/edit.php?post_type=page" "Mozilla/5.0 (Macintosh; Intel Mac OS X 10_15_7) AppleWebKit/537.36 (KHTML, like Gecko) Chrome/118.0.0.0 Safari/537.36"
93.162.98.150 - - [03/Nov/2023:00:03:02 +0000] "POST /wp-admin/admin-ajax.php HTTP/1.1" 404 1025 "https://talmedos.com/wp-admin/post-new.php?post_type=page" "Mozilla/5.0 (Macintosh; Intel Mac OS X 10_15_7) AppleWebKit/537.36 (KHTML, like Gecko) Chrome/118.0.0.0 Safari/537.36"
93.162.98.150 - - [03/Nov/2023:00:03:44 +0000] "POST /wp-admin/admin-ajax.php HTTP/1.1" 404 1025 "https://talmedos.com/wp-admin/edit.php?post_type=page" "Mozilla/5.0 (Macintosh; Intel Mac OS X 10_15_7) AppleWebKit/537.36 (KHTML, like Gecko) Chrome/118.0.0.0 Safari/537.36"
93.162.98.150 - - [03/Nov/2023:00:03:59 +0000] "POST /wp-admin/admin-ajax.php HTTP/1.1" 404 1025 "https://talmedos.com/wp-admin/edit.php?post_type=page" "Mozilla/5.0 (Macintosh; Intel Mac OS X 10_15_7) AppleWebKit/537.36 (KHTML, like Gecko) Chrome/118.0.0.0 Safari/537.36"
192.0.102.40 - - [03/Nov/2023:00:04:27 +0000] "HEAD / HTTP/1.1" 200 3836 "-" "jetmon/1.0 (Jetpack Site Uptime Monitor by WordPress.com)"
93.162.98.150 - - [03/Nov/2023:00:04:43 +0000] "POST /wp-admin/admin-ajax.php HTTP/1.1" 404 1025 "https://talmedos.com/wp-admin/edit.php?post_type=page" "Mozilla/5.0 (Macintosh; Intel Mac OS X 10_15_7) AppleWebKit/537.36 (KHTML, like Gecko) Chrome/118.0.0.0 Safari/537.36"
203.186.166.210 - - [03/Nov/2023:00:04:46 +0000] "GET //wp-config.dev HTTP/1.1" 404 4096 "-" "Mozilla/5.0 (X11; Ubuntu; Linux x86_64; rv:62.0) Gecko/20100101 Firefox/62.0"
93.162.98.150 - - [03/Nov/2023:00:04:58 +0000] "POST /wp-admin/admin-ajax.php HTTP/1.1" 404 1025 "https://talmedos.com/wp-admin/edit.php?post_type=page" "Mozilla/5.0 (Macintosh; Intel Mac OS X 10_15_7) AppleWebKit/537.36 (KHTML, like Gecko) Chrome/118.0.0.0 Safari/537.36"
93.162.98.150 - - [03/Nov/2023:00:05:02 +0000] "POST /wp-admin/admin-ajax.php HTTP/1.1" 404 513 "https://talmedos.com/wp-admin/post-new.php?post_type=page" "Mozilla/5.0 (Macintosh; Intel Mac OS X 10_15_7) AppleWebKit/537.36 (KHTML, like Gecko) Chrome/118.0.0.0 Safari/537.36"
93.162.98.150 - - [03/Nov/2023:00:06:10 +0000] "POST /wp-admin/admin-ajax.php HTTP/1.1" 404 1025 "https://talmedos.com/wp-admin/edit.php?post_type=page" "Mozilla/5.0 (Macintosh; Intel Mac OS X 10_15_7) AppleWebKit/537.36 (KHTML, like Gecko) Chrome/118.0.0.0 Safari/537.36"
93.162.98.150 - - [03/Nov/2023:00:06:20 +0000] "POST /wp-admin/admin-ajax.php HTTP/1.1" 404 1025 "https://talmedos.com/wp-admin/post-new.php?post_type=page" "Mozilla/5.0 (Macintosh; Intel Mac OS X 10_15_7) AppleWebKit/537.36 (KHTML, like Gecko) Chrome/118.0.0.0 Safari/537.36"
93.162.98.150 - - [03/Nov/2023:00:06:25 +0000] "POST /wp-admin/admin-ajax.php HTTP/1.1" 404 1025 "https://talmedos.com/wp-admin/edit.php?post_type=page" "Mozilla/5.0 (Macintosh; Intel Mac OS X 10_15_7) AppleWebKit/537.36 (KHTML, like Gecko) Chrome/118.0.0.0 Safari/537.36"
93.162.98.150 - - [03/Nov/2023:00:06:40 +0000] "POST /wp-admin/admin-ajax.php HTTP/1.1" 404 1025 "https://talmedos.com/wp-admin/edit.php?post_type=page" "Mozilla/5.0 (Macintosh; Intel Mac OS X 10_15_7) AppleWebKit/537.36 (KHTML, like Gecko) Chrome/118.0.0.0 Safari/537.36"
93.162.98.150 - - [03/Nov/2023:00:07:19 +0000] "POST /wp-admin/admin-ajax.php HTTP/1.1" 404 1025 "https://talmedos.com/wp-admin/post-new.php?post_type=page" "Mozilla/5.0 (Macintosh; Intel Mac OS X 10_15_7) AppleWebKit/537.36 (KHTML, like Gecko) Chrome/118.0.0.0 Safari/537.36"
93.162.98.150 - - [03/Nov/2023:00:07:48 +0000] "POST /wp-admin/admin-ajax.php HTTP/1.1" 404 1025 "https://talmedos.com/wp-admin/edit.php?post_type=page" "Mozilla/5.0 (Macintosh; Intel Mac OS X 10_15_7) AppleWebKit/537.36 (KHTML, like Gecko) Chrome/118.0.0.0 Safari/537.36"
93.162.98.150 - - [03/Nov/2023:00:08:03 +0000] "POST /wp-admin/admin-ajax.php HTTP/1.1" 404 1025 "https://talmedos.com/wp-admin/edit.php?post_type=page" "Mozilla/5.0 (Macintosh; Intel Mac OS X 10_15_7) AppleWebKit/537.36 (KHTML, like Gecko) Chrome/118.0.0.0 Safari/537.36"
93.162.98.150 - - [03/Nov/2023:00:08:56 +0000] "POST /wp-admin/admin-ajax.php HTTP/1.1" 404 1025 "https://talmedos.com/wp-admin/edit.php?post_type=page" "Mozilla/5.0 (Macintosh; Intel Mac OS X 10_15_7) AppleWebKit/537.36 (KHTML, like Gecko) Chrome/118.0.0.0 Safari/537.36"
93.162.98.150 - - [03/Nov/2023:00:09:11 +0000] "POST /wp-admin/admin-ajax.php HTTP/1.1" 404 1025 "https://talmedos.com/wp-admin/edit.php?post_type=page" "Mozilla/5.0 (Macintosh; Intel Mac OS X 10_15_7) AppleWebKit/537.36 (KHTML, like Gecko) Chrome/118.0.0.0 Safari/537.36"
93.162.98.150 - - [03/Nov/2023:00:09:20 +0000] "POST /wp-admin/admin-ajax.php HTTP/1.1" 404 1025 "https://talmedos.com/wp-admin/post-new.php?post_type=page" "Mozilla/5.0 (Macintosh; Intel Mac OS X 10_15_7) AppleWebKit/537.36 (KHTML, like Gecko) Chrome/118.0.0.0 Safari/537.36"
192.0.102.40 - - [03/Nov/2023:00:09:27 +0000] "HEAD / HTTP/1.1" 200 3836 "-" "jetmon/1.0 (Jetpack Site Uptime Monitor by WordPress.com)"
93.162.98.150 - - [03/Nov/2023:00:09:45 +0000] "POST /wp-admin/admin-ajax.php HTTP/1.1" 404 1025 "https://talmedos.com/wp-admin/edit.php?post_type=page" "Mozilla/5.0 (Macintosh; Intel Mac OS X 10_15_7) AppleWebKit/537.36 (KHTML, like Gecko) Chrome/118.0.0.0 Safari/537.36"
93.162.98.150 - - [03/Nov/2023:00:10:00 +0000] "POST /wp-admin/admin-ajax.php HTTP/1.1" 404 1025 "https://talmedos.com/wp-admin/edit.php?post_type=page" "Mozilla/5.0 (Macintosh; Intel Mac OS X 10_15_7) AppleWebKit/537.36 (KHTML, like Gecko) Chrome/118.0.0.0 Safari/537.36"
93.162.98.150 - - [03/Nov/2023:00:10:30 +0000] "POST /wp-admin/admin-ajax.php HTTP/1.1" 404 1025 "https://talmedos.com/wp-admin/edit.php?post_type=page" "Mozilla/5.0 (Macintosh; Intel Mac OS X 10_15_7) AppleWebKit/537.36 (KHTML, like Gecko) Chrome/118.0.0.0 Safari/537.36"
93.162.98.150 - - [03/Nov/2023:00:10:45 +0000] "POST /wp-admin/admin-ajax.php HTTP/1.1" 404 1025 "https://talmedos.com/wp-admin/edit.php?post_type=page" "Mozilla/5.0 (Macintosh; Intel Mac OS X 10_15_7) AppleWebKit/537.36 (KHTML, like Gecko) Chrome/118.0.0.0 Safari/537.36"
93.162.98.150 - - [03/Nov/2023:00:11:20 +0000] "POST /wp-admin/admin-ajax.php HTTP/1.1" 404 1025 "https://talmedos.com/wp-admin/post-new.php?post_type=page" "Mozilla/5.0 (Macintosh; Intel Mac OS X 10_15_7) AppleWebKit/537.36 (KHTML, like Gecko) Chrome/118.0.0.0 Safari/537.36"
93.162.98.150 - - [03/Nov/2023:00:11:32 +0000] "POST /wp-admin/admin-ajax.php HTTP/1.1" 404 1025 "https://talmedos.com/wp-admin/edit.php?post_type=page" "Mozilla/5.0 (Macintosh; Intel Mac OS X 10_15_7) AppleWebKit/537.36 (KHTML, like Gecko) Chrome/118.0.0.0 Safari/537.36"
93.162.98.150 - - [03/Nov/2023:00:11:47 +0000] "POST /wp-admin/admin-ajax.php HTTP/1.1" 404 1025 "https://talmedos.com/wp-admin/edit.php?post_type=page" "Mozilla/5.0 (Macintosh; Intel Mac OS X 10_15_7) AppleWebKit/537.36 (KHTML, like Gecko) Chrome/118.0.0.0 Safari/537.36"
93.162.98.150 - - [03/Nov/2023:00:12:48 +0000] "POST /wp-admin/admin-ajax.php HTTP/1.1" 404 1025 "https://talmedos.com/wp-admin/edit.php?post_type=page" "Mozilla/5.0 (Macintosh; Intel Mac OS X 10_15_7) AppleWebKit/537.36 (KHTML, like Gecko) Chrome/118.0.0.0 Safari/537.36"
93.162.98.150 - - [03/Nov/2023:00:13:03 +0000] "POST /wp-admin/admin-ajax.php HTTP/1.1" 404 1025 "https://talmedos.com/wp-admin/edit.php?post_type=page" "Mozilla/5.0 (Macintosh; Intel Mac OS X 10_15_7) AppleWebKit/537.36 (KHTML, like Gecko) Chrome/118.0.0.0 Safari/537.36"
93.162.98.150 - - [03/Nov/2023:00:13:18 +0000] "POST /wp-admin/admin-ajax.php HTTP/1.1" 404 1025 "https://talmedos.com/wp-admin/edit.php?post_type=page" "Mozilla/5.0 (Macintosh; Intel Mac OS X 10_15_7) AppleWebKit/537.36 (KHTML, like Gecko) Chrome/118.0.0.0 Safari/537.36"
93.162.98.150 - - [03/Nov/2023:00:13:19 +0000] "POST /wp-admin/admin-ajax.php HTTP/1.1" 404 513 "https://talmedos.com/wp-admin/post-new.php?post_type=page" "Mozilla/5.0 (Macintosh; Intel Mac OS X 10_15_7) AppleWebKit/537.36 (KHTML, like Gecko) Chrome/118.0.0.0 Safari/537.36"
93.162.98.150 - - [03/Nov/2023:00:14:01 +0000] "POST /wp-admin/admin-ajax.php HTTP/1.1" 404 1025 "https://talmedos.com/wp-admin/edit.php?post_type=page" "Mozilla/5.0 (Macintosh; Intel Mac OS X 10_15_7) AppleWebKit/537.36 (KHTML, like Gecko) Chrome/118.0.0.0 Safari/537.36"
93.162.98.150 - - [03/Nov/2023:00:14:16 +0000] "POST /wp-admin/admin-ajax.php HTTP/1.1" 404 1025 "https://talmedos.com/wp-admin/edit.php?post_type=page" "Mozilla/5.0 (Macintosh; Intel Mac OS X 10_15_7) AppleWebKit/537.36 (KHTML, like Gecko) Chrome/118.0.0.0 Safari/537.36"
192.0.102.40 - - [03/Nov/2023:00:14:28 +0000] "HEAD / HTTP/1.1" 200 3836 "-" "jetmon/1.0 (Jetpack Site Uptime Monitor by WordPress.com)"
93.162.98.150 - - [03/Nov/2023:00:14:57 +0000] "POST /wp-admin/admin-ajax.php HTTP/1.1" 404 1025 "https://talmedos.com/wp-admin/edit.php?post_type=page" "Mozilla/5.0 (Macintosh; Intel Mac OS X 10_15_7) AppleWebKit/537.36 (KHTML, like Gecko) Chrome/118.0.0.0 Safari/537.36"
93.162.98.150 - - [03/Nov/2023:00:15:12 +0000] "POST /wp-admin/admin-ajax.php HTTP/1.1" 404 1025 "https://talmedos.com/wp-admin/edit.php?post_type=page" "Mozilla/5.0 (Macintosh; Intel Mac OS X 10_15_7) AppleWebKit/537.36 (KHTML, like Gecko) Chrome/118.0.0.0 Safari/537.36"
93.162.98.150 - - [03/Nov/2023:00:15:20 +0000] "POST /wp-admin/admin-ajax.php HTTP/1.1" 404 1025 "https://talmedos.com/wp-admin/post-new.php?post_type=page" "Mozilla/5.0 (Macintosh; Intel Mac OS X 10_15_7) AppleWebKit/537.36 (KHTML, like Gecko) Chrome/118.0.0.0 Safari/537.36"
93.162.98.150 - - [03/Nov/2023:00:15:39 +0000] "POST /wp-admin/admin-ajax.php HTTP/1.1" 404 1025 "https://talmedos.com/wp-admin/edit.php?post_type=page" "Mozilla/5.0 (Macintosh; Intel Mac OS X 10_15_7) AppleWebKit/537.36 (KHTML, like Gecko) Chrome/118.0.0.0 Safari/537.36"
93.162.98.150 - - [03/Nov/2023:00:15:54 +0000] "POST /wp-admin/admin-ajax.php HTTP/1.1" 404 1025 "https://talmedos.com/wp-admin/edit.php?post_type=page" "Mozilla/5.0 (Macintosh; Intel Mac OS X 10_15_7) AppleWebKit/537.36 (KHTML, like Gecko) Chrome/118.0.0.0 Safari/537.36"
93.162.98.150 - - [03/Nov/2023:00:17:09 +0000] "POST /wp-admin/admin-ajax.php HTTP/1.1" 404 1025 "https://talmedos.com/wp-admin/post-new.php?post_type=page" "Mozilla/5.0 (Macintosh; Intel Mac OS X 10_15_7) AppleWebKit/537.36 (KHTML, like Gecko) Chrome/118.0.0.0 Safari/537.36"
93.162.98.150 - - [03/Nov/2023:00:17:54 +0000] "POST /wp-admin/admin-ajax.php HTTP/1.1" 404 1025 "https://talmedos.com/wp-admin/edit.php?post_type=page" "Mozilla/5.0 (Macintosh; Intel Mac OS X 10_15_7) AppleWebKit/537.36 (KHTML, like Gecko) Chrome/118.0.0.0 Safari/537.36"
93.162.98.150 - - [03/Nov/2023:00:18:09 +0000] "POST /wp-admin/admin-ajax.php HTTP/1.1" 404 1025 "https://talmedos.com/wp-admin/post-new.php?post_type=page" "Mozilla/5.0 (Macintosh; Intel Mac OS X 10_15_7) AppleWebKit/537.36 (KHTML, like Gecko) Chrome/118.0.0.0 Safari/537.36"
93.162.98.150 - - [03/Nov/2023:00:18:58 +0000] "POST /wp-admin/admin-ajax.php HTTP/1.1" 404 1025 "https://talmedos.com/wp-admin/edit.php?post_type=page" "Mozilla/5.0 (Macintosh; Intel Mac OS X 10_15_7) AppleWebKit/537.36 (KHTML, like Gecko) Chrome/118.0.0.0 Safari/537.36"
93.162.98.150 - - [03/Nov/2023:00:19:13 +0000] "POST /wp-admin/admin-ajax.php HTTP/1.1" 404 1025 "https://talmedos.com/wp-admin/edit.php?post_type=page" "Mozilla/5.0 (Macintosh; Intel Mac OS X 10_15_7) AppleWebKit/537.36 (KHTML, like Gecko) Chrome/118.0.0.0 Safari/537.36"
192.0.102.40 - - [03/Nov/2023:00:19:27 +0000] "HEAD / HTTP/1.1" 200 3836 "-" "jetmon/1.0 (Jetpack Site Uptime Monitor by WordPress.com)"
178.74.41.233 - - [03/Nov/2023:00:19:32 +0000] "GET //wp-config.dif HTTP/1.1" 404 4096 "-" "Mozilla/5.0 (X11; Ubuntu; Linux x86_64; rv:62.0) Gecko/20100101 Firefox/62.0"
93.162.98.150 - - [03/Nov/2023:00:19:33 +0000] "POST /wp-admin/admin-ajax.php HTTP/1.1" 404 1025 "https://talmedos.com/wp-admin/post-new.php?post_type=page" "Mozilla/5.0 (Macintosh; Intel Mac OS X 10_15_7) AppleWebKit/537.36 (KHTML, like Gecko) Chrome/118.0.0.0 Safari/537.36"
93.162.98.150 - - [03/Nov/2023:00:19:49 +0000] "POST /wp-admin/admin-ajax.php HTTP/1.1" 404 1025 "https://talmedos.com/wp-admin/edit.php?post_type=page" "Mozilla/5.0 (Macintosh; Intel Mac OS X 10_15_7) AppleWebKit/537.36 (KHTML, like Gecko) Chrome/118.0.0.0 Safari/537.36"
93.162.98.150 - - [03/Nov/2023:00:20:04 +0000] "POST /wp-admin/admin-ajax.php HTTP/1.1" 404 1025 "https://talmedos.com/wp-admin/edit.php?post_type=page" "Mozilla/5.0 (Macintosh; Intel Mac OS X 10_15_7) AppleWebKit/537.36 (KHTML, like Gecko) Chrome/118.0.0.0 Safari/537.36"
47.90.254.226 - - [03/Nov/2023:00:20:10 +0000] "POST /dns-query HTTP/1.1" 404 4229 "-" "Chrome"
93.162.98.150 - - [03/Nov/2023:00:20:27 +0000] "POST /wp-admin/admin-ajax.php HTTP/1.1" 404 1025 "https://talmedos.com/wp-admin/edit.php?post_type=page" "Mozilla/5.0 (Macintosh; Intel Mac OS X 10_15_7) AppleWebKit/537.36 (KHTML, like Gecko) Chrome/118.0.0.0 Safari/537.36"
93.162.98.150 - - [03/Nov/2023:00:20:33 +0000] "POST /wp-admin/admin-ajax.php HTTP/1.1" 404 1025 "https://talmedos.com/wp-admin/post-new.php?post_type=page" "Mozilla/5.0 (Macintosh; Intel Mac OS X 10_15_7) AppleWebKit/537.36 (KHTML, like Gecko) Chrome/118.0.0.0 Safari/537.36"
93.162.98.150 - - [03/Nov/2023:00:20:42 +0000] "POST /wp-admin/admin-ajax.php HTTP/1.1" 404 1025 "https://talmedos.com/wp-admin/edit.php?post_type=page" "Mozilla/5.0 (Macintosh; Intel Mac OS X 10_15_7) AppleWebKit/537.36 (KHTML, like Gecko) Chrome/118.0.0.0 Safari/537.36"
93.162.98.150 - - [03/Nov/2023:00:21:06 +0000] "POST /wp-admin/admin-ajax.php HTTP/1.1" 404 1025 "https://talmedos.com/wp-admin/edit.php?post_type=page" "Mozilla/5.0 (Macintosh; Intel Mac OS X 10_15_7) AppleWebKit/537.36 (KHTML, like Gecko) Chrome/118.0.0.0 Safari/537.36"
93.162.98.150 - - [03/Nov/2023:00:21:21 +0000] "POST /wp-admin/admin-ajax.php HTTP/1.1" 404 1025 "https://talmedos.com/wp-admin/edit.php?post_type=page" "Mozilla/5.0 (Macintosh; Intel Mac OS X 10_15_7) AppleWebKit/537.36 (KHTML, like Gecko) Chrome/118.0.0.0 Safari/537.36"
93.162.98.150 - - [03/Nov/2023:00:21:33 +0000] "POST /wp-admin/admin-ajax.php HTTP/1.1" 404 1025 "https://talmedos.com/wp-admin/post-new.php?post_type=page" "Mozilla/5.0 (Macintosh; Intel Mac OS X 10_15_7) AppleWebKit/537.36 (KHTML, like Gecko) Chrome/118.0.0.0 Safari/537.36"
93.162.98.150 - - [03/Nov/2023:00:21:36 +0000] "POST /wp-admin/admin-ajax.php HTTP/1.1" 404 513 "https://talmedos.com/wp-admin/edit.php?post_type=page" "Mozilla/5.0 (Macintosh; Intel Mac OS X 10_15_7) AppleWebKit/537.36 (KHTML, like Gecko) Chrome/118.0.0.0 Safari/537.36"
93.162.98.150 - - [03/Nov/2023:00:22:32 +0000] "POST /wp-admin/admin-ajax.php HTTP/1.1" 404 1025 "https://talmedos.com/wp-admin/edit.php?post_type=page" "Mozilla/5.0 (Macintosh; Intel Mac OS X 10_15_7) AppleWebKit/537.36 (KHTML, like Gecko) Chrome/118.0.0.0 Safari/537.36"
93.162.98.150 - - [03/Nov/2023:00:22:33 +0000] "POST /wp-admin/admin-ajax.php HTTP/1.1" 404 513 "https://talmedos.com/wp-admin/post-new.php?post_type=page" "Mozilla/5.0 (Macintosh; Intel Mac OS X 10_15_7) AppleWebKit/537.36 (KHTML, like Gecko) Chrome/118.0.0.0 Safari/537.36"
93.162.98.150 - - [03/Nov/2023:00:22:47 +0000] "POST /wp-admin/admin-ajax.php HTTP/1.1" 404 1025 "https://talmedos.com/wp-admin/edit.php?post_type=page" "Mozilla/5.0 (Macintosh; Intel Mac OS X 10_15_7) AppleWebKit/537.36 (KHTML, like Gecko) Chrome/118.0.0.0 Safari/537.36"
79.229.9.182 - - [03/Nov/2023:00:23:54 +0000] "GET / HTTP/1.0" 200 3777 "-" "-"
192.0.102.40 - - [03/Nov/2023:00:24:27 +0000] "HEAD / HTTP/1.1" 200 3836 "-" "jetmon/1.0 (Jetpack Site Uptime Monitor by WordPress.com)"
93.162.98.150 - - [03/Nov/2023:00:24:33 +0000] "POST /wp-admin/admin-ajax.php HTTP/1.1" 404 1025 "https://talmedos.com/wp-admin/post-new.php?post_type=page" "Mozilla/5.0 (Macintosh; Intel Mac OS X 10_15_7) AppleWebKit/537.36 (KHTML, like Gecko) Chrome/118.0.0.0 Safari/537.36"
93.162.98.150 - - [03/Nov/2023:00:24:47 +0000] "POST /wp-admin/admin-ajax.php HTTP/1.1" 404 1025 "https://talmedos.com/wp-admin/edit.php?post_type=page" "Mozilla/5.0 (Macintosh; Intel Mac OS X 10_15_7) AppleWebKit/537.36 (KHTML, like Gecko) Chrome/118.0.0.0 Safari/537.36"
137.226.113.44 - - [03/Nov/2023:00:25:40 +0000] "GET / HTTP/1.1" 200 3484 "-" "Mozilla/5.0 researchscan.comsys.rwth-aachen.de"
93.162.98.150 - - [03/Nov/2023:00:26:33 +0000] "POST /wp-admin/admin-ajax.php HTTP/1.1" 404 1025 "https://talmedos.com/wp-admin/post-new.php?post_type=page" "Mozilla/5.0 (Macintosh; Intel Mac OS X 10_15_7) AppleWebKit/537.36 (KHTML, like Gecko) Chrome/118.0.0.0 Safari/537.36"
93.162.98.150 - - [03/Nov/2023:00:26:47 +0000] "POST /wp-admin/admin-ajax.php HTTP/1.1" 404 1025 "https://talmedos.com/wp-admin/edit.php?post_type=page" "Mozilla/5.0 (Macintosh; Intel Mac OS X 10_15_7) AppleWebKit/537.36 (KHTML, like Gecko) Chrome/118.0.0.0 Safari/537.36"
93.162.98.150 - - [03/Nov/2023:00:27:33 +0000] "POST /wp-admin/admin-ajax.php HTTP/1.1" 404 1025 "https://talmedos.com/wp-admin/post-new.php?post_type=page" "Mozilla/5.0 (Macintosh; Intel Mac OS X 10_15_7) AppleWebKit/537.36 (KHTML, like Gecko) Chrome/118.0.0.0 Safari/537.36"
93.162.98.150 - - [03/Nov/2023:00:28:33 +0000] "POST /wp-admin/admin-ajax.php HTTP/1.1" 404 1025 "https://talmedos.com/wp-admin/post-new.php?post_type=page" "Mozilla/5.0 (Macintosh; Intel Mac OS X 10_15_7) AppleWebKit/537.36 (KHTML, like Gecko) Chrome/118.0.0.0 Safari/537.36"
93.162.98.150 - - [03/Nov/2023:00:28:47 +0000] "POST /wp-admin/admin-ajax.php HTTP/1.1" 404 1025 "https://talmedos.com/wp-admin/edit.php?post_type=page" "Mozilla/5.0 (Macintosh; Intel Mac OS X 10_15_7) AppleWebKit/537.36 (KHTML, like Gecko) Chrome/118.0.0.0 Safari/537.36"
192.0.102.40 - - [03/Nov/2023:00:29:28 +0000] "HEAD / HTTP/1.1" 200 3836 "-" "jetmon/1.0 (Jetpack Site Uptime Monitor by WordPress.com)"
24.96.33.211 - - [03/Nov/2023:00:30:27 +0000] "GET //wp-config.disabled HTTP/1.1" 404 4096 "-" "Mozilla/5.0 (X11; Ubuntu; Linux x86_64; rv:62.0) Gecko/20100101 Firefox/62.0"
93.162.98.150 - - [03/Nov/2023:00:30:33 +0000] "POST /wp-admin/admin-ajax.php HTTP/1.1" 404 1025 "https://talmedos.com/wp-admin/post-new.php?post_type=page" "Mozilla/5.0 (Macintosh; Intel Mac OS X 10_15_7) AppleWebKit/537.36 (KHTML, like Gecko) Chrome/118.0.0.0 Safari/537.36"
93.162.98.150 - - [03/Nov/2023:00:30:47 +0000] "POST /wp-admin/admin-ajax.php HTTP/1.1" 404 1025 "https://talmedos.com/wp-admin/edit.php?post_type=page" "Mozilla/5.0 (Macintosh; Intel Mac OS X 10_15_7) AppleWebKit/537.36 (KHTML, like Gecko) Chrome/118.0.0.0 Safari/537.36"
93.162.98.150 - - [03/Nov/2023:00:31:59 +0000] "POST /wp-admin/admin-ajax.php HTTP/1.1" 404 1025 "https://talmedos.com/wp-admin/post-new.php?post_type=page" "Mozilla/5.0 (Macintosh; Intel Mac OS X 10_15_7) AppleWebKit/537.36 (KHTML, like Gecko) Chrome/118.0.0.0 Safari/537.36"
93.162.98.150 - - [03/Nov/2023:00:32:47 +0000] "POST /wp-admin/admin-ajax.php HTTP/1.1" 404 1025 "https://talmedos.com/wp-admin/edit.php?post_type=page" "Mozilla/5.0 (Macintosh; Intel Mac OS X 10_15_7) AppleWebKit/537.36 (KHTML, like Gecko) Chrome/118.0.0.0 Safari/537.36"
93.162.98.150 - - [03/Nov/2023:00:32:58 +0000] "POST /wp-admin/admin-ajax.php HTTP/1.1" 404 1025 "https://talmedos.com/wp-admin/post-new.php?post_type=page" "Mozilla/5.0 (Macintosh; Intel Mac OS X 10_15_7) AppleWebKit/537.36 (KHTML, like Gecko) Chrome/118.0.0.0 Safari/537.36"
93.162.98.150 - - [03/Nov/2023:00:33:59 +0000] "POST /wp-admin/admin-ajax.php HTTP/1.1" 404 1025 "https://talmedos.com/wp-admin/post-new.php?post_type=page" "Mozilla/5.0 (Macintosh; Intel Mac OS X 10_15_7) AppleWebKit/537.36 (KHTML, like Gecko) Chrome/118.0.0.0 Safari/537.36"
192.0.102.40 - - [03/Nov/2023:00:34:27 +0000] "HEAD / HTTP/1.1" 200 3836 "-" "jetmon/1.0 (Jetpack Site Uptime Monitor by WordPress.com)"
93.162.98.150 - - [03/Nov/2023:00:34:59 +0000] "POST /wp-admin/admin-ajax.php HTTP/1.1" 404 1025 "https://talmedos.com/wp-admin/post-new.php?post_type=page" "Mozilla/5.0 (Macintosh; Intel Mac OS X 10_15_7) AppleWebKit/537.36 (KHTML, like Gecko) Chrome/118.0.0.0 Safari/537.36"
93.162.98.150 - - [03/Nov/2023:00:36:59 +0000] "POST /wp-admin/admin-ajax.php HTTP/1.1" 404 1025 "https://talmedos.com/wp-admin/post-new.php?post_type=page" "Mozilla/5.0 (Macintosh; Intel Mac OS X 10_15_7) AppleWebKit/537.36 (KHTML, like Gecko) Chrome/118.0.0.0 Safari/537.36"
93.162.98.150 - - [03/Nov/2023:00:38:59 +0000] "POST /wp-admin/admin-ajax.php HTTP/1.1" 404 1025 "https://talmedos.com/wp-admin/post-new.php?post_type=page" "Mozilla/5.0 (Macintosh; Intel Mac OS X 10_15_7) AppleWebKit/537.36 (KHTML, like Gecko) Chrome/118.0.0.0 Safari/537.36"
192.0.102.40 - - [03/Nov/2023:00:39:27 +0000] "HEAD / HTTP/1.1" 200 3836 "-" "jetmon/1.0 (Jetpack Site Uptime Monitor by WordPress.com)"
93.162.98.150 - - [03/Nov/2023:00:40:59 +0000] "POST /wp-admin/admin-ajax.php HTTP/1.1" 404 1025 "https://talmedos.com/wp-admin/post-new.php?post_type=page" "Mozilla/5.0 (Macintosh; Intel Mac OS X 10_15_7) AppleWebKit/537.36 (KHTML, like Gecko) Chrome/118.0.0.0 Safari/537.36"
93.162.98.150 - - [03/Nov/2023:00:42:59 +0000] "POST /wp-admin/admin-ajax.php HTTP/1.1" 404 1025 "https://talmedos.com/wp-admin/post-new.php?post_type=page" "Mozilla/5.0 (Macintosh; Intel Mac OS X 10_15_7) AppleWebKit/537.36 (KHTML, like Gecko) Chrome/118.0.0.0 Safari/537.36"
192.0.102.40 - - [03/Nov/2023:00:44:28 +0000] "HEAD / HTTP/1.1" 200 3836 "-" "jetmon/1.0 (Jetpack Site Uptime Monitor by WordPress.com)"
93.162.98.150 - - [03/Nov/2023:00:45:49 +0000] "POST /wp-admin/admin-ajax.php HTTP/1.1" 404 1025 "https://talmedos.com/wp-admin/post-new.php?post_type=page" "Mozilla/5.0 (Macintosh; Intel Mac OS X 10_15_7) AppleWebKit/537.36 (KHTML, like Gecko) Chrome/118.0.0.0 Safari/537.36"
80.218.70.159 - - [03/Nov/2023:00:46:37 +0000] "GET //wp-config.dist HTTP/1.1" 404 4096 "-" "Mozilla/5.0 (X11; Ubuntu; Linux x86_64; rv:62.0) Gecko/20100101 Firefox/62.0"
93.162.98.150 - - [03/Nov/2023:00:46:49 +0000] "POST /wp-admin/admin-ajax.php HTTP/1.1" 404 1025 "https://talmedos.com/wp-admin/post-new.php?post_type=page" "Mozilla/5.0 (Macintosh; Intel Mac OS X 10_15_7) AppleWebKit/537.36 (KHTML, like Gecko) Chrome/118.0.0.0 Safari/537.36"
93.162.98.150 - - [03/Nov/2023:00:48:50 +0000] "POST /wp-admin/admin-ajax.php HTTP/1.1" 404 1025 "https://talmedos.com/wp-admin/post-new.php?post_type=page" "Mozilla/5.0 (Macintosh; Intel Mac OS X 10_15_7) AppleWebKit/537.36 (KHTML, like Gecko) Chrome/118.0.0.0 Safari/537.36"
192.0.102.40 - - [03/Nov/2023:00:49:27 +0000] "HEAD / HTTP/1.1" 200 3836 "-" "jetmon/1.0 (Jetpack Site Uptime Monitor by WordPress.com)"
93.162.98.150 - - [03/Nov/2023:00:50:51 +0000] "POST /wp-admin/admin-ajax.php HTTP/1.1" 404 1025 "https://talmedos.com/wp-admin/post-new.php?post_type=page" "Mozilla/5.0 (Macintosh; Intel Mac OS X 10_15_7) AppleWebKit/537.36 (KHTML, like Gecko) Chrome/118.0.0.0 Safari/537.36"
93.162.98.150 - - [03/Nov/2023:00:52:52 +0000] "POST /wp-admin/admin-ajax.php HTTP/1.1" 404 1025 "https://talmedos.com/wp-admin/post-new.php?post_type=page" "Mozilla/5.0 (Macintosh; Intel Mac OS X 10_15_7) AppleWebKit/537.36 (KHTML, like Gecko) Chrome/118.0.0.0 Safari/537.36"
192.0.102.40 - - [03/Nov/2023:00:54:27 +0000] "HEAD / HTTP/1.1" 200 3836 "-" "jetmon/1.0 (Jetpack Site Uptime Monitor by WordPress.com)"
93.162.98.150 - - [03/Nov/2023:00:54:53 +0000] "POST /wp-admin/admin-ajax.php HTTP/1.1" 404 1025 "https://talmedos.com/wp-admin/post-new.php?post_type=page" "Mozilla/5.0 (Macintosh; Intel Mac OS X 10_15_7) AppleWebKit/537.36 (KHTML, like Gecko) Chrome/118.0.0.0 Safari/537.36"
93.162.98.150 - - [03/Nov/2023:00:57:05 +0000] "POST /wp-admin/admin-ajax.php HTTP/1.1" 404 1025 "https://talmedos.com/wp-admin/post-new.php?post_type=page" "Mozilla/5.0 (Macintosh; Intel Mac OS X 10_15_7) AppleWebKit/537.36 (KHTML, like Gecko) Chrome/118.0.0.0 Safari/537.36"
220.124.252.115 - - [03/Nov/2023:00:58:05 +0000] "GET //wp-config.dump HTTP/1.1" 404 4096 "-" "Mozilla/5.0 (X11; Ubuntu; Linux x86_64; rv:62.0) Gecko/20100101 Firefox/62.0"
93.162.98.150 - - [03/Nov/2023:00:58:05 +0000] "POST /wp-admin/admin-ajax.php HTTP/1.1" 404 1025 "https://talmedos.com/wp-admin/post-new.php?post_type=page" "Mozilla/5.0 (Macintosh; Intel Mac OS X 10_15_7) AppleWebKit/537.36 (KHTML, like Gecko) Chrome/118.0.0.0 Safari/537.36"
192.0.102.40 - - [03/Nov/2023:00:59:28 +0000] "HEAD / HTTP/1.1" 200 3836 "-" "jetmon/1.0 (Jetpack Site Uptime Monitor by WordPress.com)"
93.162.98.150 - - [03/Nov/2023:01:00:06 +0000] "POST /wp-admin/admin-ajax.php HTTP/1.1" 404 1025 "https://talmedos.com/wp-admin/post-new.php?post_type=page" "Mozilla/5.0 (Macintosh; Intel Mac OS X 10_15_7) AppleWebKit/537.36 (KHTML, like Gecko) Chrome/118.0.0.0 Safari/537.36"
93.162.98.150 - - [03/Nov/2023:01:01:06 +0000] "POST /wp-admin/admin-ajax.php HTTP/1.1" 404 1025 "https://talmedos.com/wp-admin/post-new.php?post_type=page" "Mozilla/5.0 (Macintosh; Intel Mac OS X 10_15_7) AppleWebKit/537.36 (KHTML, like Gecko) Chrome/118.0.0.0 Safari/537.36"
93.162.98.150 - - [03/Nov/2023:01:03:06 +0000] "POST /wp-admin/admin-ajax.php HTTP/1.1" 404 1025 "https://talmedos.com/wp-admin/post-new.php?post_type=page" "Mozilla/5.0 (Macintosh; Intel Mac OS X 10_15_7) AppleWebKit/537.36 (KHTML, like Gecko) Chrome/118.0.0.0 Safari/537.36"
192.0.102.40 - - [03/Nov/2023:01:04:27 +0000] "HEAD / HTTP/1.1" 200 3836 "-" "jetmon/1.0 (Jetpack Site Uptime Monitor by WordPress.com)"
93.162.98.150 - - [03/Nov/2023:01:05:07 +0000] "POST /wp-admin/admin-ajax.php HTTP/1.1" 404 1025 "https://talmedos.com/wp-admin/post-new.php?post_type=page" "Mozilla/5.0 (Macintosh; Intel Mac OS X 10_15_7) AppleWebKit/537.36 (KHTML, like Gecko) Chrome/118.0.0.0 Safari/537.36"
93.162.98.150 - - [03/Nov/2023:01:07:06 +0000] "POST /wp-admin/admin-ajax.php HTTP/1.1" 404 1025 "https://talmedos.com/wp-admin/edit.php?post_type=page" "Mozilla/5.0 (Macintosh; Intel Mac OS X 10_15_7) AppleWebKit/537.36 (KHTML, like Gecko) Chrome/118.0.0.0 Safari/537.36"
93.162.98.150 - - [03/Nov/2023:01:07:08 +0000] "POST /wp-admin/admin-ajax.php HTTP/1.1" 404 513 "https://talmedos.com/wp-admin/post-new.php?post_type=page" "Mozilla/5.0 (Macintosh; Intel Mac OS X 10_15_7) AppleWebKit/537.36 (KHTML, like Gecko) Chrome/118.0.0.0 Safari/537.36"
93.162.98.150 - - [03/Nov/2023:01:07:21 +0000] "POST /wp-admin/admin-ajax.php HTTP/1.1" 404 1025 "https://talmedos.com/wp-admin/edit.php?post_type=page" "Mozilla/5.0 (Macintosh; Intel Mac OS X 10_15_7) AppleWebKit/537.36 (KHTML, like Gecko) Chrome/118.0.0.0 Safari/537.36"
93.162.98.150 - - [03/Nov/2023:01:09:09 +0000] "POST /wp-admin/admin-ajax.php HTTP/1.1" 404 1025 "https://talmedos.com/wp-admin/post-new.php?post_type=page" "Mozilla/5.0 (Macintosh; Intel Mac OS X 10_15_7) AppleWebKit/537.36 (KHTML, like Gecko) Chrome/118.0.0.0 Safari/537.36"
93.162.98.150 - - [03/Nov/2023:01:09:21 +0000] "POST /wp-admin/admin-ajax.php HTTP/1.1" 404 1025 "https://talmedos.com/wp-admin/edit.php?post_type=page" "Mozilla/5.0 (Macintosh; Intel Mac OS X 10_15_7) AppleWebKit/537.36 (KHTML, like Gecko) Chrome/118.0.0.0 Safari/537.36"
192.0.102.40 - - [03/Nov/2023:01:09:27 +0000] "HEAD / HTTP/1.1" 200 3836 "-" "jetmon/1.0 (Jetpack Site Uptime Monitor by WordPress.com)"
193.1.29.13 - - [03/Nov/2023:01:10:40 +0000] "GET //wp-config.err HTTP/1.1" 404 4096 "-" "Mozilla/5.0 (X11; Ubuntu; Linux x86_64; rv:62.0) Gecko/20100101 Firefox/62.0"
93.162.98.150 - - [03/Nov/2023:01:11:21 +0000] "POST /wp-admin/admin-ajax.php HTTP/1.1" 404 1025 "https://talmedos.com/wp-admin/edit.php?post_type=page" "Mozilla/5.0 (Macintosh; Intel Mac OS X 10_15_7) AppleWebKit/537.36 (KHTML, like Gecko) Chrome/118.0.0.0 Safari/537.36"
93.162.98.150 - - [03/Nov/2023:01:13:21 +0000] "POST /wp-admin/admin-ajax.php HTTP/1.1" 404 1025 "https://talmedos.com/wp-admin/edit.php?post_type=page" "Mozilla/5.0 (Macintosh; Intel Mac OS X 10_15_7) AppleWebKit/537.36 (KHTML, like Gecko) Chrome/118.0.0.0 Safari/537.36"
192.0.102.40 - - [03/Nov/2023:01:14:28 +0000] "HEAD / HTTP/1.1" 200 3836 "-" "jetmon/1.0 (Jetpack Site Uptime Monitor by WordPress.com)"
93.162.98.150 - - [03/Nov/2023:01:15:21 +0000] "POST /wp-admin/admin-ajax.php HTTP/1.1" 404 1025 "https://talmedos.com/wp-admin/edit.php?post_type=page" "Mozilla/5.0 (Macintosh; Intel Mac OS X 10_15_7) AppleWebKit/537.36 (KHTML, like Gecko) Chrome/118.0.0.0 Safari/537.36"
181.43.100.7 - - [03/Nov/2023:01:19:20 +0000] "POST /wp-login.php HTTP/1.1" 404 4100 "-" "Mozilla/5.0 (Windows NT 6.1; WOW64) AppleWebKit/537.36 (KHTML, like Gecko) Chrome/63.0.3239.132 Safari/537.36"
192.0.102.40 - - [03/Nov/2023:01:19:27 +0000] "HEAD / HTTP/1.1" 200 3836 "-" "jetmon/1.0 (Jetpack Site Uptime Monitor by WordPress.com)"
185.180.143.49 - - [03/Nov/2023:01:19:58 +0000] "GET /cluster/list.query HTTP/1.1" 404 3540 "http://46.101.144.32/cluster/list.query" "Mozilla/5.0 (Windows NT 10.0; Win64; x64) AppleWebKit/537.36 (KHTML, like Gecko) Chrome/60.0.3112.113 Safari/537.36"
192.0.102.40 - - [03/Nov/2023:01:24:27 +0000] "HEAD / HTTP/1.1" 200 3836 "-" "jetmon/1.0 (Jetpack Site Uptime Monitor by WordPress.com)"
188.235.152.227 - - [03/Nov/2023:01:25:12 +0000] "GET //wp-config.good HTTP/1.1" 404 4096 "-" "Mozilla/5.0 (X11; Ubuntu; Linux x86_64; rv:62.0) Gecko/20100101 Firefox/62.0"
116.62.206.174 - - [03/Nov/2023:01:26:34 +0000] "POST /wp-login.php HTTP/1.1" 404 4100 "-" "Mozilla/5.0 (Windows NT 6.3; Win64; x64) AppleWebKit/537.36 (KHTML, like Gecko) Chrome/65.0.3325.181 Safari/537.36"
192.0.102.40 - - [03/Nov/2023:01:29:28 +0000] "HEAD / HTTP/1.1" 200 3836 "-" "jetmon/1.0 (Jetpack Site Uptime Monitor by WordPress.com)"
192.0.102.40 - - [03/Nov/2023:01:34:27 +0000] "HEAD / HTTP/1.1" 200 3836 "-" "jetmon/1.0 (Jetpack Site Uptime Monitor by WordPress.com)"
96.52.107.216 - - [03/Nov/2023:01:37:36 +0000] "GET //wp-config.gz HTTP/1.1" 404 4096 "-" "Mozilla/5.0 (X11; Ubuntu; Linux x86_64; rv:62.0) Gecko/20100101 Firefox/62.0"
192.0.102.40 - - [03/Nov/2023:01:39:27 +0000] "HEAD / HTTP/1.1" 200 3836 "-" "jetmon/1.0 (Jetpack Site Uptime Monitor by WordPress.com)"
162.243.141.14 - - [03/Nov/2023:01:43:48 +0000] "GET /owa/auth/logon.aspx HTTP/1.1" 404 3540 "-" "Mozilla/5.0 zgrab/0.x"
192.0.102.40 - - [03/Nov/2023:01:44:27 +0000] "HEAD / HTTP/1.1" 200 3836 "-" "jetmon/1.0 (Jetpack Site Uptime Monitor by WordPress.com)"
192.0.102.40 - - [03/Nov/2023:01:49:27 +0000] "HEAD / HTTP/1.1" 200 3836 "-" "jetmon/1.0 (Jetpack Site Uptime Monitor by WordPress.com)"
188.134.237.5 - - [03/Nov/2023:01:51:56 +0000] "GET //wp-config.htm HTTP/1.1" 404 4096 "-" "Mozilla/5.0 (X11; Ubuntu; Linux x86_64; rv:62.0) Gecko/20100101 Firefox/62.0"
3.70.45.212 - - [03/Nov/2023:01:53:39 +0000] "GET / HTTP/1.1" 200 4026 "-" "Mozilla/5.0 (Macintosh; Intel Mac OS X x.y; rv:42.0) Gecko/20100101 Firefox/42.0"
192.0.102.40 - - [03/Nov/2023:01:54:27 +0000] "HEAD / HTTP/1.1" 200 3836 "-" "jetmon/1.0 (Jetpack Site Uptime Monitor by WordPress.com)"
192.0.102.40 - - [03/Nov/2023:01:59:27 +0000] "HEAD / HTTP/1.1" 200 3836 "-" "jetmon/1.0 (Jetpack Site Uptime Monitor by WordPress.com)"
3.70.45.212 - - [03/Nov/2023:02:03:10 +0000] "GET / HTTP/1.1" 200 4026 "-" "Mozilla/5.0 (Macintosh; Intel Mac OS X x.y; rv:42.0) Gecko/20100101 Firefox/42.0"
3.70.45.212 - - [03/Nov/2023:02:03:11 +0000] "GET /hopfully404 HTTP/1.1" 404 4097 "-" "Mozilla/5.0 (Macintosh; Intel Mac OS X x.y; rv:42.0) Gecko/20100101 Firefox/42.0"
192.0.102.40 - - [03/Nov/2023:02:04:27 +0000] "HEAD / HTTP/1.1" 200 3836 "-" "jetmon/1.0 (Jetpack Site Uptime Monitor by WordPress.com)"
60.248.245.16 - - [03/Nov/2023:02:04:38 +0000] "GET //wp-config.html HTTP/1.1" 404 4096 "-" "Mozilla/5.0 (X11; Ubuntu; Linux x86_64; rv:62.0) Gecko/20100101 Firefox/62.0"
192.0.102.40 - - [03/Nov/2023:02:09:27 +0000] "HEAD / HTTP/1.1" 200 3836 "-" "jetmon/1.0 (Jetpack Site Uptime Monitor by WordPress.com)"
192.0.102.40 - - [03/Nov/2023:02:14:27 +0000] "HEAD / HTTP/1.1" 200 3836 "-" "jetmon/1.0 (Jetpack Site Uptime Monitor by WordPress.com)"
3.70.45.212 - - [03/Nov/2023:02:14:28 +0000] "GET / HTTP/1.1" 200 4026 "-" "Mozilla/5.0 (Macintosh; Intel Mac OS X x.y; rv:42.0) Gecko/20100101 Firefox/42.0"
220.244.51.75 - - [03/Nov/2023:02:18:06 +0000] "GET //wp-config.in HTTP/1.1" 404 4096 "-" "Mozilla/5.0 (X11; Ubuntu; Linux x86_64; rv:62.0) Gecko/20100101 Firefox/62.0"
192.0.102.40 - - [03/Nov/2023:02:19:27 +0000] "HEAD / HTTP/1.1" 200 3836 "-" "jetmon/1.0 (Jetpack Site Uptime Monitor by WordPress.com)"
117.62.218.192 - - [03/Nov/2023:02:20:45 +0000] "GET / HTTP/1.1" 200 3469 "https://easyseo.s-nac.com" "Mozilla/5.0 (Windows NT 10.0; Win64; x64) AppleWebKit/537.36 (KHTML, like Gecko) Chrome/111.0.0.0 Safari/537.36"
192.0.102.40 - - [03/Nov/2023:02:24:27 +0000] "HEAD / HTTP/1.1" 200 3836 "-" "jetmon/1.0 (Jetpack Site Uptime Monitor by WordPress.com)"
192.0.102.40 - - [03/Nov/2023:02:29:27 +0000] "HEAD / HTTP/1.1" 200 3836 "-" "jetmon/1.0 (Jetpack Site Uptime Monitor by WordPress.com)"
192.0.102.40 - - [03/Nov/2023:02:34:27 +0000] "HEAD / HTTP/1.1" 200 3836 "-" "jetmon/1.0 (Jetpack Site Uptime Monitor by WordPress.com)"
192.0.102.40 - - [03/Nov/2023:02:39:27 +0000] "HEAD / HTTP/1.1" 200 3836 "-" "jetmon/1.0 (Jetpack Site Uptime Monitor by WordPress.com)"
192.0.102.40 - - [03/Nov/2023:02:44:27 +0000] "HEAD / HTTP/1.1" 200 3836 "-" "jetmon/1.0 (Jetpack Site Uptime Monitor by WordPress.com)"
151.2.171.11 - - [03/Nov/2023:02:44:58 +0000] "GET //wp-config.ini HTTP/1.1" 404 4096 "-" "Mozilla/5.0 (X11; Ubuntu; Linux x86_64; rv:62.0) Gecko/20100101 Firefox/62.0"
192.0.102.40 - - [03/Nov/2023:02:49:27 +0000] "HEAD / HTTP/1.1" 200 3836 "-" "jetmon/1.0 (Jetpack Site Uptime Monitor by WordPress.com)"
192.0.102.40 - - [03/Nov/2023:02:54:27 +0000] "HEAD / HTTP/1.1" 200 3836 "-" "jetmon/1.0 (Jetpack Site Uptime Monitor by WordPress.com)"
125.212.209.171 - - [03/Nov/2023:02:58:17 +0000] "POST /wp-login.php HTTP/1.1" 404 4100 "-" "Mozilla/5.0 (Windows NT 10.0; WOW64) AppleWebKit/537.36 (KHTML, like Gecko) Chrome/56.0.2924.87 Safari/537.36"
77.239.130.186 - - [03/Nov/2023:02:58:22 +0000] "GET //wp-config.java HTTP/1.1" 404 4096 "-" "Mozilla/5.0 (X11; Ubuntu; Linux x86_64; rv:62.0) Gecko/20100101 Firefox/62.0"
192.0.102.40 - - [03/Nov/2023:02:59:27 +0000] "HEAD / HTTP/1.1" 200 3836 "-" "jetmon/1.0 (Jetpack Site Uptime Monitor by WordPress.com)"
192.0.102.40 - - [03/Nov/2023:03:04:27 +0000] "HEAD / HTTP/1.1" 200 3836 "-" "jetmon/1.0 (Jetpack Site Uptime Monitor by WordPress.com)"
139.59.26.209 - - [03/Nov/2023:03:05:31 +0000] "POST /wp-login.php HTTP/1.1" 404 4100 "-" "Mozilla/5.0 (Windows NT 6.1; Win64; x64) AppleWebKit/537.36 (KHTML, like Gecko) Chrome/78.0.3904.97 Safari/537.36"
192.0.102.40 - - [03/Nov/2023:03:09:27 +0000] "HEAD / HTTP/1.1" 200 3836 "-" "jetmon/1.0 (Jetpack Site Uptime Monitor by WordPress.com)"
73.231.219.236 - - [03/Nov/2023:03:12:17 +0000] "GET //wp-config.local HTTP/1.1" 404 4096 "-" "Mozilla/5.0 (X11; Ubuntu; Linux x86_64; rv:62.0) Gecko/20100101 Firefox/62.0"
198.199.117.94 - - [03/Nov/2023:03:13:39 +0000] "GET /autodiscover/autodiscover.json?@zdi/Powershell HTTP/1.1" 404 3540 "-" "Mozilla/5.0 zgrab/0.x"
192.0.102.40 - - [03/Nov/2023:03:14:27 +0000] "HEAD / HTTP/1.1" 200 3836 "-" "jetmon/1.0 (Jetpack Site Uptime Monitor by WordPress.com)"
192.0.102.40 - - [03/Nov/2023:03:19:27 +0000] "HEAD / HTTP/1.1" 200 3836 "-" "jetmon/1.0 (Jetpack Site Uptime Monitor by WordPress.com)"
192.0.102.40 - - [03/Nov/2023:03:24:35 +0000] "HEAD / HTTP/1.1" 200 3836 "-" "jetmon/1.0 (Jetpack Site Uptime Monitor by WordPress.com)"
192.0.102.40 - - [03/Nov/2023:03:29:27 +0000] "HEAD / HTTP/1.1" 200 3836 "-" "jetmon/1.0 (Jetpack Site Uptime Monitor by WordPress.com)"
192.0.102.40 - - [03/Nov/2023:03:34:27 +0000] "HEAD / HTTP/1.1" 200 3836 "-" "jetmon/1.0 (Jetpack Site Uptime Monitor by WordPress.com)"
192.0.102.40 - - [03/Nov/2023:03:39:36 +0000] "HEAD / HTTP/1.1" 200 3836 "-" "jetmon/1.0 (Jetpack Site Uptime Monitor by WordPress.com)"
67.174.150.63 - - [03/Nov/2023:03:41:52 +0000] "GET //wp-config.log HTTP/1.1" 404 4096 "-" "Mozilla/5.0 (X11; Ubuntu; Linux x86_64; rv:62.0) Gecko/20100101 Firefox/62.0"
192.0.102.40 - - [03/Nov/2023:03:44:27 +0000] "HEAD / HTTP/1.1" 200 3836 "-" "jetmon/1.0 (Jetpack Site Uptime Monitor by WordPress.com)"
192.0.102.40 - - [03/Nov/2023:03:49:27 +0000] "HEAD / HTTP/1.1" 200 3836 "-" "jetmon/1.0 (Jetpack Site Uptime Monitor by WordPress.com)"
192.0.102.40 - - [03/Nov/2023:03:54:34 +0000] "HEAD / HTTP/1.1" 200 3836 "-" "jetmon/1.0 (Jetpack Site Uptime Monitor by WordPress.com)"
18.184.44.233 - - [03/Nov/2023:03:59:11 +0000] "GET / HTTP/1.1" 200 4026 "http://46.101.144.32:80" "Mozilla/5.0 (Macintosh; Intel Mac OS X x.y; rv:42.0) Gecko/20100101 Firefox/42.0"
192.0.102.40 - - [03/Nov/2023:03:59:27 +0000] "HEAD / HTTP/1.1" 200 3836 "-" "jetmon/1.0 (Jetpack Site Uptime Monitor by WordPress.com)"
205.210.31.162 - - [03/Nov/2023:04:03:42 +0000] "GET / HTTP/1.1" 200 4061 "-" "Expanse, a Palo Alto Networks company, searches across the global IPv4 space multiple times per day to identify customers&#39; presences on the Internet. If you would like to be excluded from our scans, please send IP addresses/domains to: scaninfo@paloaltonetworks.com"
192.0.102.40 - - [03/Nov/2023:04:04:27 +0000] "HEAD / HTTP/1.1" 200 3836 "-" "jetmon/1.0 (Jetpack Site Uptime Monitor by WordPress.com)"
78.189.212.24 - - [03/Nov/2023:04:06:51 +0000] "GET //wp-config.maj HTTP/1.1" 404 4096 "-" "Mozilla/5.0 (X11; Ubuntu; Linux x86_64; rv:62.0) Gecko/20100101 Firefox/62.0"
192.0.102.40 - - [03/Nov/2023:04:09:27 +0000] "HEAD / HTTP/1.1" 200 3836 "-" "jetmon/1.0 (Jetpack Site Uptime Monitor by WordPress.com)"
192.0.102.40 - - [03/Nov/2023:04:14:27 +0000] "HEAD / HTTP/1.1" 200 3836 "-" "jetmon/1.0 (Jetpack Site Uptime Monitor by WordPress.com)"
192.0.102.40 - - [03/Nov/2023:04:19:27 +0000] "HEAD / HTTP/1.1" 200 3836 "-" "jetmon/1.0 (Jetpack Site Uptime Monitor by WordPress.com)"
188.134.237.5 - - [03/Nov/2023:04:20:22 +0000] "GET //wp-config.map HTTP/1.1" 404 4096 "-" "Mozilla/5.0 (X11; Ubuntu; Linux x86_64; rv:62.0) Gecko/20100101 Firefox/62.0"
78.153.140.221 - - [03/Nov/2023:04:22:17 +0000] "GET /.env HTTP/1.1" 404 4182 "-" "Mozilla/5.0 (X11; Linux x86_64) AppleWebKit/537.36 (KHTML, like Gecko) Chrome/81.0.4044.129 Safari/537.36"
78.153.140.221 - - [03/Nov/2023:04:22:18 +0000] "GET / HTTP/1.0" 400 627 "-" "-"
192.0.102.40 - - [03/Nov/2023:04:24:27 +0000] "HEAD / HTTP/1.1" 200 3836 "-" "jetmon/1.0 (Jetpack Site Uptime Monitor by WordPress.com)"
192.0.102.40 - - [03/Nov/2023:04:29:27 +0000] "HEAD / HTTP/1.1" 200 3836 "-" "jetmon/1.0 (Jetpack Site Uptime Monitor by WordPress.com)"
83.144.104.102 - - [03/Nov/2023:04:34:15 +0000] "GET //wp-config.new HTTP/1.1" 404 4096 "-" "Mozilla/5.0 (X11; Ubuntu; Linux x86_64; rv:62.0) Gecko/20100101 Firefox/62.0"
192.0.102.40 - - [03/Nov/2023:04:34:27 +0000] "HEAD / HTTP/1.1" 200 3836 "-" "jetmon/1.0 (Jetpack Site Uptime Monitor by WordPress.com)"
141.94.247.170 - - [03/Nov/2023:04:38:30 +0000] "POST /wp-login.php HTTP/1.1" 404 4100 "-" "Mozilla/5.0 (Windows NT 10.0; Win64; x64) AppleWebKit/537.36 (KHTML, like Gecko) Chrome/54.0.2840.99 Safari/537.36"
192.0.102.40 - - [03/Nov/2023:04:39:34 +0000] "HEAD / HTTP/1.1" 200 3836 "-" "jetmon/1.0 (Jetpack Site Uptime Monitor by WordPress.com)"
64.225.13.3 - - [03/Nov/2023:04:44:06 +0000] "GET / HTTP/1.1" 200 3525 "-" "Mozilla/5.0 (X11; Linux x86_64; rv:73.0) Gecko/20100101 Firefox/73.0"
64.225.13.3 - - [03/Nov/2023:04:44:06 +0000] "GET /favicon.ico HTTP/1.1" 404 521 "https://46.101.144.32/" "Mozilla/5.0 (X11; Linux x86_64; rv:73.0) Gecko/20100101 Firefox/73.0"
192.0.102.40 - - [03/Nov/2023:04:44:27 +0000] "HEAD / HTTP/1.1" 200 3836 "-" "jetmon/1.0 (Jetpack Site Uptime Monitor by WordPress.com)"
103.176.78.41 - - [03/Nov/2023:04:45:52 +0000] "POST /wp-login.php HTTP/1.1" 404 4100 "-" "Mozilla/5.0 (Windows NT 6.3; Win64; x64) AppleWebKit/537.36 (KHTML, like Gecko) Chrome/68.0.3440.106 Safari/537.36"
220.123.214.68 - - [03/Nov/2023:04:47:16 +0000] "GET //wp-config.old HTTP/1.1" 404 4096 "-" "Mozilla/5.0 (X11; Ubuntu; Linux x86_64; rv:62.0) Gecko/20100101 Firefox/62.0"
192.0.102.40 - - [03/Nov/2023:04:49:27 +0000] "HEAD / HTTP/1.1" 200 3836 "-" "jetmon/1.0 (Jetpack Site Uptime Monitor by WordPress.com)"
192.0.102.40 - - [03/Nov/2023:04:54:27 +0000] "HEAD / HTTP/1.1" 200 3836 "-" "jetmon/1.0 (Jetpack Site Uptime Monitor by WordPress.com)"
192.0.102.40 - - [03/Nov/2023:04:59:27 +0000] "HEAD / HTTP/1.1" 200 3836 "-" "jetmon/1.0 (Jetpack Site Uptime Monitor by WordPress.com)"
85.147.51.70 - - [03/Nov/2023:05:01:52 +0000] "GET //wp-config.old.old HTTP/1.1" 404 4096 "-" "Mozilla/5.0 (X11; Ubuntu; Linux x86_64; rv:62.0) Gecko/20100101 Firefox/62.0"
192.0.102.40 - - [03/Nov/2023:05:04:27 +0000] "HEAD / HTTP/1.1" 200 3836 "-" "jetmon/1.0 (Jetpack Site Uptime Monitor by WordPress.com)"
159.89.80.163 - - [03/Nov/2023:05:09:05 +0000] "GET /wsman HTTP/1.1" 404 4144 "http://46.101.144.32:80/wsman" "Mozilla/5.0 (Macintosh; Intel Mac OS X 10_15_7) AppleWebKit/537.36 (KHTML, like Gecko) Chrome/92.0.4515.159 Safari/537.36"
45.33.88.98 - - [03/Nov/2023:05:09:05 +0000] "GET / HTTP/1.1" 200 4073 "http://46.101.144.32:80/" "Mozilla/5.0 (Macintosh; Intel Mac OS X 10_15_7) AppleWebKit/537.36 (KHTML, like Gecko) Chrome/92.0.4515.159 Safari/537.36"
139.144.55.129 - - [03/Nov/2023:05:09:05 +0000] "GET /auth.html HTTP/1.1" 404 4144 "http://46.101.144.32:80/auth.html" "Mozilla/5.0 (Macintosh; Intel Mac OS X 10_15_7) AppleWebKit/537.36 (KHTML, like Gecko) Chrome/92.0.4515.159 Safari/537.36"
139.144.55.129 - - [03/Nov/2023:05:09:05 +0000] "GET /auth1.html HTTP/1.1" 404 4144 "http://46.101.144.32:80/auth1.html" "Mozilla/5.0 (Macintosh; Intel Mac OS X 10_15_7) AppleWebKit/537.36 (KHTML, like Gecko) Chrome/92.0.4515.159 Safari/537.36"
139.144.55.129 - - [03/Nov/2023:05:09:05 +0000] "GET /api/sonicos/tfa HTTP/1.1" 404 4144 "http://46.101.144.32:80/api/sonicos/tfa" "Mozilla/5.0 (Macintosh; Intel Mac OS X 10_15_7) AppleWebKit/537.36 (KHTML, like Gecko) Chrome/92.0.4515.159 Safari/537.36"
139.144.55.129 - - [03/Nov/2023:05:09:05 +0000] "GET /api/sonicos/auth HTTP/1.1" 404 4144 "http://46.101.144.32:80/api/sonicos/auth" "Mozilla/5.0 (Macintosh; Intel Mac OS X 10_15_7) AppleWebKit/537.36 (KHTML, like Gecko) Chrome/92.0.4515.159 Safari/537.36"
139.144.55.129 - - [03/Nov/2023:05:09:05 +0000] "GET /sslvpnLogin.html HTTP/1.1" 404 4144 "http://46.101.144.32:80/sslvpnLogin.html" "Mozilla/5.0 (Macintosh; Intel Mac OS X 10_15_7) AppleWebKit/537.36 (KHTML, like Gecko) Chrome/92.0.4515.159 Safari/537.36"
139.144.55.129 - - [03/Nov/2023:05:09:05 +0000] "GET / HTTP/1.1" 200 4073 "http://46.101.144.32:80/" "Mozilla/5.0 (Macintosh; Intel Mac OS X 10_15_7) AppleWebKit/537.36 (KHTML, like Gecko) Chrome/92.0.4515.159 Safari/537.36"
170.187.146.253 - - [03/Nov/2023:05:09:06 +0000] "HEAD / HTTP/1.1" 200 3864 "-" "Mozilla/5.0 (Windows NT 10.0; Win64; x64) AppleWebKit/537.36 (KHTML, like Gecko) Chrome/83.0.4103.61 Safari/537.36"
192.0.102.40 - - [03/Nov/2023:05:09:35 +0000] "HEAD / HTTP/1.1" 200 3836 "-" "jetmon/1.0 (Jetpack Site Uptime Monitor by WordPress.com)"
170.187.146.253 - - [03/Nov/2023:05:09:38 +0000] "GET / HTTP/1.1" 200 4110 "-" "Mozilla/5.0 (Windows NT 10.0; Win64; x64) AppleWebKit/537.36 (KHTML, like Gecko) Chrome/83.0.4103.61 Safari/537.36"
170.187.146.253 - - [03/Nov/2023:05:10:11 +0000] "GET / HTTP/1.1" 200 4102 "-" "Mozilla/5.0 (Windows NT 10.0; Win64; x64) AppleWebKit/537.36 (KHTML, like Gecko) Chrome/83.0.4103.61 Safari/537.36"
170.187.146.253 - - [03/Nov/2023:05:10:12 +0000] "GET /favicon.ico HTTP/1.1" 404 459 "-" "Mozilla/5.0 (Windows NT 10.0; Win64; x64) AppleWebKit/537.36 (KHTML, like Gecko) Chrome/83.0.4103.61 Safari/537.36"
93.176.160.62 - - [03/Nov/2023:05:12:53 +0000] "GET //wp-config.ORG HTTP/1.1" 404 4096 "-" "Mozilla/5.0 (X11; Ubuntu; Linux x86_64; rv:62.0) Gecko/20100101 Firefox/62.0"
192.0.102.40 - - [03/Nov/2023:05:14:27 +0000] "HEAD / HTTP/1.1" 200 3836 "-" "jetmon/1.0 (Jetpack Site Uptime Monitor by WordPress.com)"
192.0.102.40 - - [03/Nov/2023:05:19:27 +0000] "HEAD / HTTP/1.1" 200 3836 "-" "jetmon/1.0 (Jetpack Site Uptime Monitor by WordPress.com)"
192.0.102.40 - - [03/Nov/2023:05:24:35 +0000] "HEAD / HTTP/1.1" 200 3836 "-" "jetmon/1.0 (Jetpack Site Uptime Monitor by WordPress.com)"
52.56.146.36 - - [03/Nov/2023:05:26:15 +0000] "GET /favicon.ico HTTP/1.1" 404 3540 "-" "'Cloud mapping experiment. Contact research@pdrlabs.net'"
221.150.106.10 - - [03/Nov/2023:05:26:31 +0000] "GET //wp-config.org HTTP/1.1" 404 4096 "-" "Mozilla/5.0 (X11; Ubuntu; Linux x86_64; rv:62.0) Gecko/20100101 Firefox/62.0"
52.56.146.36 - - [03/Nov/2023:05:29:00 +0000] "GET /favicon.ico HTTP/1.1" 404 3540 "-" "'Cloud mapping experiment. Contact research@pdrlabs.net'"
192.0.102.40 - - [03/Nov/2023:05:29:27 +0000] "HEAD / HTTP/1.1" 200 3836 "-" "jetmon/1.0 (Jetpack Site Uptime Monitor by WordPress.com)"
52.56.146.36 - - [03/Nov/2023:05:31:30 +0000] "GET /api/v1/charts HTTP/1.1" 404 3540 "-" "'Cloud mapping experiment. Contact research@pdrlabs.net'"
192.0.102.40 - - [03/Nov/2023:05:34:34 +0000] "HEAD / HTTP/1.1" 200 3836 "-" "jetmon/1.0 (Jetpack Site Uptime Monitor by WordPress.com)"
52.56.146.36 - - [03/Nov/2023:05:35:35 +0000] "GET /api/v1/charts HTTP/1.1" 404 3540 "-" "'Cloud mapping experiment. Contact research@pdrlabs.net'"
52.56.146.36 - - [03/Nov/2023:05:38:50 +0000] "GET /cgi-bin/login.cgi HTTP/1.1" 404 3540 "-" "'Cloud mapping experiment. Contact research@pdrlabs.net'"
192.0.102.40 - - [03/Nov/2023:05:39:34 +0000] "HEAD / HTTP/1.1" 200 3836 "-" "jetmon/1.0 (Jetpack Site Uptime Monitor by WordPress.com)"
52.56.146.36 - - [03/Nov/2023:05:42:38 +0000] "GET /cgi-bin/login.cgi HTTP/1.1" 404 3540 "-" "'Cloud mapping experiment. Contact research@pdrlabs.net'"
94.19.253.237 - - [03/Nov/2023:05:43:35 +0000] "GET //wp-config.orig HTTP/1.1" 404 4096 "-" "Mozilla/5.0 (X11; Ubuntu; Linux x86_64; rv:62.0) Gecko/20100101 Firefox/62.0"
192.0.102.40 - - [03/Nov/2023:05:44:35 +0000] "HEAD / HTTP/1.1" 200 3836 "-" "jetmon/1.0 (Jetpack Site Uptime Monitor by WordPress.com)"
52.56.146.36 - - [03/Nov/2023:05:45:38 +0000] "GET /+CSCOE+/logon.html HTTP/1.1" 404 3540 "-" "'Cloud mapping experiment. Contact research@pdrlabs.net'"
192.0.102.40 - - [03/Nov/2023:05:49:37 +0000] "HEAD / HTTP/1.1" 200 3836 "-" "jetmon/1.0 (Jetpack Site Uptime Monitor by WordPress.com)"
52.56.146.36 - - [03/Nov/2023:05:49:51 +0000] "GET /+CSCOE+/logon.html HTTP/1.1" 404 3540 "-" "'Cloud mapping experiment. Contact research@pdrlabs.net'"
108.54.183.247 - - [03/Nov/2023:05:52:46 +0000] "GET //wp-config.original HTTP/1.1" 404 4096 "-" "Mozilla/5.0 (X11; Ubuntu; Linux x86_64; rv:62.0) Gecko/20100101 Firefox/62.0"
52.56.146.36 - - [03/Nov/2023:05:53:13 +0000] "GET /doc/page/login.asp HTTP/1.1" 404 3540 "-" "'Cloud mapping experiment. Contact research@pdrlabs.net'"
192.0.102.40 - - [03/Nov/2023:05:54:34 +0000] "HEAD / HTTP/1.1" 200 3836 "-" "jetmon/1.0 (Jetpack Site Uptime Monitor by WordPress.com)"
52.56.146.36 - - [03/Nov/2023:05:57:26 +0000] "GET /doc/page/login.asp HTTP/1.1" 404 3540 "-" "'Cloud mapping experiment. Contact research@pdrlabs.net'"
192.0.102.40 - - [03/Nov/2023:05:59:37 +0000] "HEAD / HTTP/1.1" 200 3836 "-" "jetmon/1.0 (Jetpack Site Uptime Monitor by WordPress.com)"
52.56.146.36 - - [03/Nov/2023:06:00:52 +0000] "GET /users/sign_in HTTP/1.1" 404 3540 "-" "'Cloud mapping experiment. Contact research@pdrlabs.net'"
192.0.102.40 - - [03/Nov/2023:06:04:34 +0000] "HEAD / HTTP/1.1" 200 3836 "-" "jetmon/1.0 (Jetpack Site Uptime Monitor by WordPress.com)"
52.56.146.36 - - [03/Nov/2023:06:05:03 +0000] "GET /users/sign_in HTTP/1.1" 404 3540 "-" "'Cloud mapping experiment. Contact research@pdrlabs.net'"
89.138.168.242 - - [03/Nov/2023:06:06:25 +0000] "GET //wp-config.part HTTP/1.1" 404 4096 "-" "Mozilla/5.0 (X11; Ubuntu; Linux x86_64; rv:62.0) Gecko/20100101 Firefox/62.0"
52.56.146.36 - - [03/Nov/2023:06:08:25 +0000] "GET /webconsole/webpages/login.jsp HTTP/1.1" 404 3540 "-" "'Cloud mapping experiment. Contact research@pdrlabs.net'"
192.0.102.40 - - [03/Nov/2023:06:09:35 +0000] "HEAD / HTTP/1.1" 200 3836 "-" "jetmon/1.0 (Jetpack Site Uptime Monitor by WordPress.com)"
52.56.146.36 - - [03/Nov/2023:06:12:32 +0000] "GET /webconsole/webpages/login.jsp HTTP/1.1" 404 3540 "-" "'Cloud mapping experiment. Contact research@pdrlabs.net'"
192.0.102.40 - - [03/Nov/2023:06:14:34 +0000] "HEAD / HTTP/1.1" 200 3836 "-" "jetmon/1.0 (Jetpack Site Uptime Monitor by WordPress.com)"
52.56.146.36 - - [03/Nov/2023:06:15:52 +0000] "GET /login/?next=/ HTTP/1.1" 404 3540 "-" "'Cloud mapping experiment. Contact research@pdrlabs.net'"
24.182.100.230 - - [03/Nov/2023:06:19:03 +0000] "GET //wp-config.php HTTP/1.1" 404 4096 "-" "Mozilla/5.0 (X11; Ubuntu; Linux x86_64; rv:62.0) Gecko/20100101 Firefox/62.0"
192.0.102.40 - - [03/Nov/2023:06:19:34 +0000] "HEAD / HTTP/1.1" 200 3836 "-" "jetmon/1.0 (Jetpack Site Uptime Monitor by WordPress.com)"
173.236.168.10 - - [03/Nov/2023:06:19:52 +0000] "POST /wp-login.php HTTP/1.1" 404 4100 "-" "Mozilla/5.0 (Windows NT 10.0; Win64; x64) AppleWebKit/537.36 (KHTML, like Gecko) Chrome/73.0.3683.86 Safari/537.36"
