46.101.144.32 - - [02/Nov/2023:15:04:31 +0000] "POST /wp-cron.php?doing_wp_cron=1698937471.5788309574127197265625 HTTP/1.1" 200 3995 "-" "WordPress/6.3.2; https://talmedos.com"
192.0.102.40 - - [02/Nov/2023:15:04:31 +0000] "HEAD / HTTP/1.1" 200 3915 "-" "jetmon/1.0 (Jetpack Site Uptime Monitor by WordPress.com)"
46.101.144.32 - - [02/Nov/2023:15:09:30 +0000] "POST /wp-cron.php?doing_wp_cron=1698937770.2002789974212646484375 HTTP/1.1" 200 3995 "-" "WordPress/6.3.2; https://talmedos.com"
192.0.102.40 - - [02/Nov/2023:15:09:30 +0000] "HEAD / HTTP/1.1" 200 3915 "-" "jetmon/1.0 (Jetpack Site Uptime Monitor by WordPress.com)"
46.101.144.32 - - [02/Nov/2023:15:12:10 +0000] "POST /wp-cron.php?doing_wp_cron=1698937930.8277020454406738281250 HTTP/1.1" 200 3995 "-" "WordPress/6.3.2; https://talmedos.com"
134.19.179.179 - - [02/Nov/2023:15:12:10 +0000] "GET / HTTP/1.1" 200 8675 "-" "Mozilla/5.0 (Windows NT 5.1; rv:9.0.1) Gecko/20100101 Firefox/9.0.1"
134.19.179.179 - - [02/Nov/2023:15:12:11 +0000] "GET /HNAP1/ HTTP/1.1" 404 3719 "https://46.101.144.32/" "Mozilla/5.0 (Windows NT 5.1; rv:9.0.1) Gecko/20100101 Firefox/9.0.1"
192.0.102.40 - - [02/Nov/2023:15:14:30 +0000] "HEAD / HTTP/1.1" 200 3915 "-" "jetmon/1.0 (Jetpack Site Uptime Monitor by WordPress.com)"
93.46.119.105 - - [02/Nov/2023:15:15:03 +0000] "GET //wp-config%20copy.php HTTP/1.1" 404 4096 "-" "Mozilla/5.0 (X11; Ubuntu; Linux x86_64; rv:62.0) Gecko/20100101 Firefox/62.0"
46.101.144.32 - - [02/Nov/2023:15:19:31 +0000] "POST /wp-cron.php?doing_wp_cron=1698938371.5749800205230712890625 HTTP/1.1" 200 3995 "-" "WordPress/6.3.2; https://talmedos.com"
192.0.102.40 - - [02/Nov/2023:15:19:31 +0000] "HEAD / HTTP/1.1" 200 3915 "-" "jetmon/1.0 (Jetpack Site Uptime Monitor by WordPress.com)"
51.38.52.128 - - [02/Nov/2023:15:23:56 +0000] "POST /wp-login.php HTTP/1.1" 200 8354 "-" "Mozilla/5.0 (Windows NT 10.0; WOW64) AppleWebKit/537.36 (KHTML, like Gecko) Chrome/46.0.2490.80 Safari/537.36"
46.101.144.32 - - [02/Nov/2023:15:24:19 +0000] "POST /wp-cron.php?doing_wp_cron=1698938659.7615211009979248046875 HTTP/1.1" 200 3995 "-" "WordPress/6.3.2; https://talmedos.com"
152.32.213.136 - - [02/Nov/2023:15:24:19 +0000] "GET / HTTP/1.1" 200 23714 "-" "-"
192.0.102.40 - - [02/Nov/2023:15:24:30 +0000] "HEAD / HTTP/1.1" 200 3915 "-" "jetmon/1.0 (Jetpack Site Uptime Monitor by WordPress.com)"
152.32.213.136 - - [02/Nov/2023:15:24:33 +0000] "GET /favicon.ico HTTP/1.1" 404 4078 "-" "Mozilla/5.0 (Macintosh; Intel Mac OS X 10_7_0) AppleWebKit/535.11 (KHTML, like Gecko) Chrome/17.0.963.56 Safari/535.11"
152.32.213.136 - - [02/Nov/2023:15:24:36 +0000] "GET /robots.txt HTTP/1.1" 404 4078 "-" "Mozilla/5.0 (Macintosh; Intel Mac OS X 10_7_0) AppleWebKit/535.11 (KHTML, like Gecko) Chrome/17.0.963.56 Safari/535.11"
152.32.213.136 - - [02/Nov/2023:15:24:39 +0000] "GET /sitemap.xml HTTP/1.1" 404 4078 "-" "Mozilla/5.0 (Macintosh; Intel Mac OS X 10_7_0) AppleWebKit/535.11 (KHTML, like Gecko) Chrome/17.0.963.56 Safari/535.11"
152.32.213.136 - - [02/Nov/2023:15:25:06 +0000] "GET / HTTP/1.1" 200 9171 "-" "Mozilla/5.0 (Macintosh; Intel Mac OS X 10_14_6) AppleWebKit/537.36 (KHTML, like Gecko) Chrome/81.0.4044.138 Safari/537.36"
152.32.213.136 - - [02/Nov/2023:15:25:10 +0000] "GET /wp-content/plugins/jetpack/readme.txt HTTP/1.1" 200 14667 "-" "python-requests/2.27.1"
152.32.213.136 - - [02/Nov/2023:15:25:11 +0000] "GET /wp-content/themes/naked-wordpress/readme.txt HTTP/1.1" 404 4229 "-" "python-requests/2.27.1"
46.101.144.32 - - [02/Nov/2023:15:29:30 +0000] "POST /wp-cron.php?doing_wp_cron=1698938970.7706871032714843750000 HTTP/1.1" 200 3995 "-" "WordPress/6.3.2; https://talmedos.com"
192.0.102.40 - - [02/Nov/2023:15:29:30 +0000] "HEAD / HTTP/1.1" 200 3915 "-" "jetmon/1.0 (Jetpack Site Uptime Monitor by WordPress.com)"
188.192.84.237 - - [02/Nov/2023:15:30:13 +0000] "GET //wp-config-backup HTTP/1.1" 404 4096 "-" "Mozilla/5.0 (X11; Ubuntu; Linux x86_64; rv:62.0) Gecko/20100101 Firefox/62.0"
46.101.144.32 - - [02/Nov/2023:15:34:30 +0000] "POST /wp-cron.php?doing_wp_cron=1698939270.6263279914855957031250 HTTP/1.1" 200 3995 "-" "WordPress/6.3.2; https://talmedos.com"
192.0.102.40 - - [02/Nov/2023:15:34:30 +0000] "HEAD / HTTP/1.1" 200 3915 "-" "jetmon/1.0 (Jetpack Site Uptime Monitor by WordPress.com)"
46.101.144.32 - - [02/Nov/2023:15:38:17 +0000] "POST /wp-cron.php?doing_wp_cron=1698939497.2117989063262939453125 HTTP/1.1" 200 3995 "-" "WordPress/6.3.2; https://talmedos.com"
74.119.193.27 - - [02/Nov/2023:15:38:17 +0000] "GET / HTTP/1.0" 200 23693 "" "-"
192.0.102.40 - - [02/Nov/2023:15:39:29 +0000] "HEAD / HTTP/1.1" 200 3915 "-" "jetmon/1.0 (Jetpack Site Uptime Monitor by WordPress.com)"
67.174.150.63 - - [02/Nov/2023:15:42:39 +0000] "GET //wp-config-backup.php HTTP/1.1" 404 4096 "-" "Mozilla/5.0 (X11; Ubuntu; Linux x86_64; rv:62.0) Gecko/20100101 Firefox/62.0"
46.101.144.32 - - [02/Nov/2023:15:44:30 +0000] "POST /wp-cron.php?doing_wp_cron=1698939870.5143949985504150390625 HTTP/1.1" 200 3995 "-" "WordPress/6.3.2; https://talmedos.com"
192.0.102.40 - - [02/Nov/2023:15:44:30 +0000] "HEAD / HTTP/1.1" 200 3915 "-" "jetmon/1.0 (Jetpack Site Uptime Monitor by WordPress.com)"
46.101.144.32 - - [02/Nov/2023:15:49:30 +0000] "POST /wp-cron.php?doing_wp_cron=1698940170.1311709880828857421875 HTTP/1.1" 200 3995 "-" "WordPress/6.3.2; https://talmedos.com"
192.0.102.40 - - [02/Nov/2023:15:49:30 +0000] "HEAD / HTTP/1.1" 200 3915 "-" "jetmon/1.0 (Jetpack Site Uptime Monitor by WordPress.com)"
61.254.26.153 - - [02/Nov/2023:15:53:45 +0000] "GET //wp-config-backup.txt HTTP/1.1" 404 4096 "-" "Mozilla/5.0 (X11; Ubuntu; Linux x86_64; rv:62.0) Gecko/20100101 Firefox/62.0"
46.101.144.32 - - [02/Nov/2023:15:54:30 +0000] "POST /wp-cron.php?doing_wp_cron=1698940470.5434510707855224609375 HTTP/1.1" 200 3995 "-" "WordPress/6.3.2; https://talmedos.com"
192.0.102.40 - - [02/Nov/2023:15:54:30 +0000] "HEAD / HTTP/1.1" 200 3915 "-" "jetmon/1.0 (Jetpack Site Uptime Monitor by WordPress.com)"
46.101.144.32 - - [02/Nov/2023:15:59:30 +0000] "POST /wp-cron.php?doing_wp_cron=1698940770.6446330547332763671875 HTTP/1.1" 200 3995 "-" "WordPress/6.3.2; https://talmedos.com"
192.0.102.40 - - [02/Nov/2023:15:59:30 +0000] "HEAD / HTTP/1.1" 200 3915 "-" "jetmon/1.0 (Jetpack Site Uptime Monitor by WordPress.com)"
46.101.144.32 - - [02/Nov/2023:16:04:29 +0000] "POST /wp-cron.php?doing_wp_cron=1698941069.8885281085968017578125 HTTP/1.1" 200 3995 "-" "WordPress/6.3.2; https://talmedos.com"
192.0.102.40 - - [02/Nov/2023:16:04:29 +0000] "HEAD / HTTP/1.1" 200 3915 "-" "jetmon/1.0 (Jetpack Site Uptime Monitor by WordPress.com)"
185.180.143.12 - - [02/Nov/2023:16:05:26 +0000] "GET / HTTP/1.1" 200 8496 "http://46.101.144.32/" "Mozilla/5.0 (Windows NT 10.0; WOW64) AppleWebKit/537.36 (KHTML, like Gecko) Chrome/66.0.3359.117 Safari/537.36"
75.155.130.252 - - [02/Nov/2023:16:05:47 +0000] "GET //wp-config-backup1.txt HTTP/1.1" 404 4096 "-" "Mozilla/5.0 (X11; Ubuntu; Linux x86_64; rv:62.0) Gecko/20100101 Firefox/62.0"
46.101.144.32 - - [02/Nov/2023:16:09:30 +0000] "POST /wp-cron.php?doing_wp_cron=1698941370.4458720684051513671875 HTTP/1.1" 200 3995 "-" "WordPress/6.3.2; https://talmedos.com"
192.0.102.40 - - [02/Nov/2023:16:09:30 +0000] "HEAD / HTTP/1.1" 200 3915 "-" "jetmon/1.0 (Jetpack Site Uptime Monitor by WordPress.com)"
46.101.144.32 - - [02/Nov/2023:16:14:30 +0000] "POST /wp-cron.php?doing_wp_cron=1698941670.2965619564056396484375 HTTP/1.1" 200 3995 "-" "WordPress/6.3.2; https://talmedos.com"
192.0.102.40 - - [02/Nov/2023:16:14:30 +0000] "HEAD / HTTP/1.1" 200 3915 "-" "jetmon/1.0 (Jetpack Site Uptime Monitor by WordPress.com)"
46.101.144.32 - - [02/Nov/2023:16:19:30 +0000] "POST /wp-cron.php?doing_wp_cron=1698941970.1153929233551025390625 HTTP/1.1" 200 3995 "-" "WordPress/6.3.2; https://talmedos.com"
192.0.102.40 - - [02/Nov/2023:16:19:30 +0000] "HEAD / HTTP/1.1" 200 3915 "-" "jetmon/1.0 (Jetpack Site Uptime Monitor by WordPress.com)"
46.101.144.32 - - [02/Nov/2023:16:24:30 +0000] "POST /wp-cron.php?doing_wp_cron=1698942269.9988009929656982421875 HTTP/1.1" 200 3995 "-" "WordPress/6.3.2; https://talmedos.com"
192.0.102.40 - - [02/Nov/2023:16:24:29 +0000] "HEAD / HTTP/1.1" 200 3915 "-" "jetmon/1.0 (Jetpack Site Uptime Monitor by WordPress.com)"
46.101.144.32 - - [02/Nov/2023:16:29:30 +0000] "POST /wp-cron.php?doing_wp_cron=1698942570.3172929286956787109375 HTTP/1.1" 200 3995 "-" "WordPress/6.3.2; https://talmedos.com"
192.0.102.40 - - [02/Nov/2023:16:29:30 +0000] "HEAD / HTTP/1.1" 200 3915 "-" "jetmon/1.0 (Jetpack Site Uptime Monitor by WordPress.com)"
218.215.192.213 - - [02/Nov/2023:16:34:06 +0000] "GET //wp-config-sample.bak HTTP/1.1" 404 4096 "-" "Mozilla/5.0 (X11; Ubuntu; Linux x86_64; rv:62.0) Gecko/20100101 Firefox/62.0"
46.101.144.32 - - [02/Nov/2023:16:34:30 +0000] "POST /wp-cron.php?doing_wp_cron=1698942870.0058140754699707031250 HTTP/1.1" 200 3995 "-" "WordPress/6.3.2; https://talmedos.com"
192.0.102.40 - - [02/Nov/2023:16:34:29 +0000] "HEAD / HTTP/1.1" 200 3915 "-" "jetmon/1.0 (Jetpack Site Uptime Monitor by WordPress.com)"
192.241.225.11 - - [02/Nov/2023:16:35:23 +0000] "GET /ecp/Current/exporttool/microsoft.exchange.ediscovery.exporttool.application HTTP/1.1" 404 3540 "-" "Mozilla/5.0 zgrab/0.x"
46.101.144.32 - - [02/Nov/2023:16:39:29 +0000] "POST /wp-cron.php?doing_wp_cron=1698943169.8424899578094482421875 HTTP/1.1" 200 3995 "-" "WordPress/6.3.2; https://talmedos.com"
192.0.102.40 - - [02/Nov/2023:16:39:29 +0000] "HEAD / HTTP/1.1" 200 3915 "-" "jetmon/1.0 (Jetpack Site Uptime Monitor by WordPress.com)"
42.200.198.144 - - [02/Nov/2023:16:42:36 +0000] "GET //wp-config-sample.php HTTP/1.1" 500 6471 "-" "Mozilla/5.0 (X11; Ubuntu; Linux x86_64; rv:62.0) Gecko/20100101 Firefox/62.0"
46.101.144.32 - - [02/Nov/2023:16:44:30 +0000] "POST /wp-cron.php?doing_wp_cron=1698943470.2182240486145019531250 HTTP/1.1" 200 3995 "-" "WordPress/6.3.2; https://talmedos.com"
192.0.102.40 - - [02/Nov/2023:16:44:30 +0000] "HEAD / HTTP/1.1" 200 3915 "-" "jetmon/1.0 (Jetpack Site Uptime Monitor by WordPress.com)"
46.101.144.32 - - [02/Nov/2023:16:49:29 +0000] "POST /wp-cron.php?doing_wp_cron=1698943769.7580170631408691406250 HTTP/1.1" 200 3995 "-" "WordPress/6.3.2; https://talmedos.com"
192.0.102.40 - - [02/Nov/2023:16:49:29 +0000] "HEAD / HTTP/1.1" 200 3915 "-" "jetmon/1.0 (Jetpack Site Uptime Monitor by WordPress.com)"
3.235.184.173 - - [02/Nov/2023:16:51:57 +0000] "GET /.git/config HTTP/1.1" 404 3746 "-" "Mozilla/5.0 (Windows NT 10.0; Win64; x64) AppleWebKit/537.36 (KHTML, like Gecko) Chrome/81.0.4044.138 Safari/537.36"
67.169.234.237 - - [02/Nov/2023:16:54:02 +0000] "GET //wp-config-sample.php.bak HTTP/1.1" 404 4096 "-" "Mozilla/5.0 (X11; Ubuntu; Linux x86_64; rv:62.0) Gecko/20100101 Firefox/62.0"
46.101.144.32 - - [02/Nov/2023:16:54:29 +0000] "POST /wp-cron.php?doing_wp_cron=1698944069.6602849960327148437500 HTTP/1.1" 200 3995 "-" "WordPress/6.3.2; https://talmedos.com"
192.0.102.40 - - [02/Nov/2023:16:54:29 +0000] "HEAD / HTTP/1.1" 200 3915 "-" "jetmon/1.0 (Jetpack Site Uptime Monitor by WordPress.com)"
46.101.144.32 - - [02/Nov/2023:16:59:30 +0000] "POST /wp-cron.php?doing_wp_cron=1698944370.4715430736541748046875 HTTP/1.1" 200 3995 "-" "WordPress/6.3.2; https://talmedos.com"
192.0.102.40 - - [02/Nov/2023:16:59:30 +0000] "HEAD / HTTP/1.1" 200 3915 "-" "jetmon/1.0 (Jetpack Site Uptime Monitor by WordPress.com)"
46.101.144.32 - - [02/Nov/2023:17:04:31 +0000] "POST /wp-cron.php?doing_wp_cron=1698944671.1183459758758544921875 HTTP/1.1" 200 3995 "-" "WordPress/6.3.2; https://talmedos.com"
192.0.102.40 - - [02/Nov/2023:17:04:31 +0000] "HEAD / HTTP/1.1" 200 3915 "-" "jetmon/1.0 (Jetpack Site Uptime Monitor by WordPress.com)"
46.101.144.32 - - [02/Nov/2023:17:09:30 +0000] "POST /wp-cron.php?doing_wp_cron=1698944970.0259799957275390625000 HTTP/1.1" 200 3995 "-" "WordPress/6.3.2; https://talmedos.com"
192.0.102.40 - - [02/Nov/2023:17:09:29 +0000] "HEAD / HTTP/1.1" 200 3915 "-" "jetmon/1.0 (Jetpack Site Uptime Monitor by WordPress.com)"
46.101.144.32 - - [02/Nov/2023:17:14:30 +0000] "POST /wp-cron.php?doing_wp_cron=1698945270.2842431068420410156250 HTTP/1.1" 200 3995 "-" "WordPress/6.3.2; https://talmedos.com"
192.0.102.40 - - [02/Nov/2023:17:14:30 +0000] "HEAD / HTTP/1.1" 200 3915 "-" "jetmon/1.0 (Jetpack Site Uptime Monitor by WordPress.com)"
118.40.156.39 - - [02/Nov/2023:17:17:39 +0000] "GET //wp-config. HTTP/1.1" 404 4096 "-" "Mozilla/5.0 (X11; Ubuntu; Linux x86_64; rv:62.0) Gecko/20100101 Firefox/62.0"
51.222.158.14 - - [02/Nov/2023:17:18:33 +0000] "GET /wp-content/plugins/WordPressCore/include.php HTTP/1.1" 404 3610 "-" "Mozlila/5.0 (Linux; Android 7.0; SM-G892A Bulid/NRD90M; wv) AppleWebKit/537.36 (KHTML, like Gecko) Version/4.0 Chrome/60.0.3112.107 Moblie Safari/537.36"
46.101.144.32 - - [02/Nov/2023:17:19:29 +0000] "POST /wp-cron.php?doing_wp_cron=1698945569.7657198905944824218750 HTTP/1.1" 200 3995 "-" "WordPress/6.3.2; https://talmedos.com"
192.0.102.40 - - [02/Nov/2023:17:19:29 +0000] "HEAD / HTTP/1.1" 200 3915 "-" "jetmon/1.0 (Jetpack Site Uptime Monitor by WordPress.com)"
46.101.144.32 - - [02/Nov/2023:17:24:29 +0000] "POST /wp-cron.php?doing_wp_cron=1698945869.7594099044799804687500 HTTP/1.1" 200 3995 "-" "WordPress/6.3.2; https://talmedos.com"
192.0.102.40 - - [02/Nov/2023:17:24:29 +0000] "HEAD / HTTP/1.1" 200 3915 "-" "jetmon/1.0 (Jetpack Site Uptime Monitor by WordPress.com)"
46.101.144.32 - - [02/Nov/2023:17:29:30 +0000] "POST /wp-cron.php?doing_wp_cron=1698946170.1246540546417236328125 HTTP/1.1" 200 3995 "-" "WordPress/6.3.2; https://talmedos.com"
192.0.102.40 - - [02/Nov/2023:17:29:30 +0000] "HEAD / HTTP/1.1" 200 3915 "-" "jetmon/1.0 (Jetpack Site Uptime Monitor by WordPress.com)"
84.156.27.58 - - [02/Nov/2023:17:33:32 +0000] "GET //wp-config.0 HTTP/1.1" 404 4096 "-" "Mozilla/5.0 (X11; Ubuntu; Linux x86_64; rv:62.0) Gecko/20100101 Firefox/62.0"
46.101.144.32 - - [02/Nov/2023:17:34:29 +0000] "POST /wp-cron.php?doing_wp_cron=1698946469.7016870975494384765625 HTTP/1.1" 200 3995 "-" "WordPress/6.3.2; https://talmedos.com"
192.0.102.40 - - [02/Nov/2023:17:34:29 +0000] "HEAD / HTTP/1.1" 200 3915 "-" "jetmon/1.0 (Jetpack Site Uptime Monitor by WordPress.com)"
46.101.144.32 - - [02/Nov/2023:17:39:30 +0000] "POST /wp-cron.php?doing_wp_cron=1698946770.1721210479736328125000 HTTP/1.1" 200 3995 "-" "WordPress/6.3.2; https://talmedos.com"
192.0.102.40 - - [02/Nov/2023:17:39:30 +0000] "HEAD / HTTP/1.1" 200 3915 "-" "jetmon/1.0 (Jetpack Site Uptime Monitor by WordPress.com)"
3.71.166.220 - - [02/Nov/2023:17:40:59 +0000] "GET /openapi.json HTTP/1.1" 404 4078 "-" "Mozilla/5.0 (Macintosh; Intel Mac OS X x.y; rv:42.0) Gecko/20100101 Firefox/42.0"
46.101.144.32 - - [02/Nov/2023:17:44:29 +0000] "POST /wp-cron.php?doing_wp_cron=1698947069.7883470058441162109375 HTTP/1.1" 200 3995 "-" "WordPress/6.3.2; https://talmedos.com"
192.0.102.40 - - [02/Nov/2023:17:44:29 +0000] "HEAD / HTTP/1.1" 200 3915 "-" "jetmon/1.0 (Jetpack Site Uptime Monitor by WordPress.com)"
195.25.210.253 - - [02/Nov/2023:17:46:09 +0000] "GET //wp-config.1 HTTP/1.1" 404 4096 "-" "Mozilla/5.0 (X11; Ubuntu; Linux x86_64; rv:62.0) Gecko/20100101 Firefox/62.0"
192.0.102.40 - - [02/Nov/2023:17:49:29 +0000] "HEAD / HTTP/1.1" 200 3915 "-" "jetmon/1.0 (Jetpack Site Uptime Monitor by WordPress.com)"
46.101.144.32 - - [02/Nov/2023:17:49:29 +0000] "POST /wp-cron.php?doing_wp_cron=1698947369.9627308845520019531250 HTTP/1.1" 200 3995 "-" "WordPress/6.3.2; https://talmedos.com"
46.101.144.32 - - [02/Nov/2023:17:54:28 +0000] "POST /wp-cron.php?doing_wp_cron=1698947668.1820011138916015625000 HTTP/1.1" 200 3995 "-" "WordPress/6.3.2; https://talmedos.com"
192.0.102.40 - - [02/Nov/2023:17:54:28 +0000] "HEAD / HTTP/1.1" 200 3915 "-" "jetmon/1.0 (Jetpack Site Uptime Monitor by WordPress.com)"
31.190.167.168 - - [02/Nov/2023:17:57:29 +0000] "GET //wp-config.2 HTTP/1.1" 404 4096 "-" "Mozilla/5.0 (X11; Ubuntu; Linux x86_64; rv:62.0) Gecko/20100101 Firefox/62.0"
46.101.144.32 - - [02/Nov/2023:17:59:30 +0000] "POST /wp-cron.php?doing_wp_cron=1698947970.1127059459686279296875 HTTP/1.1" 200 3995 "-" "WordPress/6.3.2; https://talmedos.com"
192.0.102.40 - - [02/Nov/2023:17:59:30 +0000] "HEAD / HTTP/1.1" 200 3915 "-" "jetmon/1.0 (Jetpack Site Uptime Monitor by WordPress.com)"
102.129.232.53 - - [02/Nov/2023:18:01:16 +0000] "-" 408 3667 "-" "-"
46.101.144.32 - - [02/Nov/2023:18:04:29 +0000] "POST /wp-cron.php?doing_wp_cron=1698948269.1240270137786865234375 HTTP/1.1" 200 3995 "-" "WordPress/6.3.2; https://talmedos.com"
192.0.102.40 - - [02/Nov/2023:18:04:29 +0000] "HEAD / HTTP/1.1" 200 3915 "-" "jetmon/1.0 (Jetpack Site Uptime Monitor by WordPress.com)"
46.101.144.32 - - [02/Nov/2023:18:09:28 +0000] "POST /wp-cron.php?doing_wp_cron=1698948568.4299459457397460937500 HTTP/1.1" 200 3995 "-" "WordPress/6.3.2; https://talmedos.com"
192.0.102.40 - - [02/Nov/2023:18:09:28 +0000] "HEAD / HTTP/1.1" 200 3915 "-" "jetmon/1.0 (Jetpack Site Uptime Monitor by WordPress.com)"
79.150.69.88 - - [02/Nov/2023:18:11:47 +0000] "GET //wp-config.3 HTTP/1.1" 404 4096 "-" "Mozilla/5.0 (X11; Ubuntu; Linux x86_64; rv:62.0) Gecko/20100101 Firefox/62.0"
46.101.144.32 - - [02/Nov/2023:18:14:29 +0000] "POST /wp-cron.php?doing_wp_cron=1698948869.8784999847412109375000 HTTP/1.1" 200 3995 "-" "WordPress/6.3.2; https://talmedos.com"
192.0.102.40 - - [02/Nov/2023:18:14:29 +0000] "HEAD / HTTP/1.1" 200 3915 "-" "jetmon/1.0 (Jetpack Site Uptime Monitor by WordPress.com)"
46.101.144.32 - - [02/Nov/2023:18:19:28 +0000] "POST /wp-cron.php?doing_wp_cron=1698949168.3981859683990478515625 HTTP/1.1" 200 3995 "-" "WordPress/6.3.2; https://talmedos.com"
192.0.102.40 - - [02/Nov/2023:18:19:28 +0000] "HEAD / HTTP/1.1" 200 3915 "-" "jetmon/1.0 (Jetpack Site Uptime Monitor by WordPress.com)"
66.188.159.50 - - [02/Nov/2023:18:24:08 +0000] "GET //wp-config.4 HTTP/1.1" 404 4096 "-" "Mozilla/5.0 (X11; Ubuntu; Linux x86_64; rv:62.0) Gecko/20100101 Firefox/62.0"
46.101.144.32 - - [02/Nov/2023:18:24:27 +0000] "POST /wp-cron.php?doing_wp_cron=1698949467.6461510658264160156250 HTTP/1.1" 200 3995 "-" "WordPress/6.3.2; https://talmedos.com"
192.0.102.40 - - [02/Nov/2023:18:24:27 +0000] "HEAD / HTTP/1.1" 200 3915 "-" "jetmon/1.0 (Jetpack Site Uptime Monitor by WordPress.com)"
46.101.144.32 - - [02/Nov/2023:18:29:17 +0000] "POST /wp-cron.php?doing_wp_cron=1698949757.6882989406585693359375 HTTP/1.1" 200 3995 "-" "WordPress/6.3.2; https://talmedos.com"
3.71.175.42 - - [02/Nov/2023:18:29:17 +0000] "GET / HTTP/1.1" 200 9039 "-" "Mozilla/5.0 (Macintosh; Intel Mac OS X x.y; rv:42.0) Gecko/20100101 Firefox/42.0"
192.0.102.40 - - [02/Nov/2023:18:29:28 +0000] "HEAD / HTTP/1.1" 200 3915 "-" "jetmon/1.0 (Jetpack Site Uptime Monitor by WordPress.com)"
46.101.144.32 - - [02/Nov/2023:18:34:00 +0000] "POST /wp-cron.php?doing_wp_cron=1698950040.1042230129241943359375 HTTP/1.1" 200 3995 "-" "WordPress/6.3.2; https://talmedos.com"
3.71.175.42 - - [02/Nov/2023:18:34:00 +0000] "GET / HTTP/1.1" 200 9039 "-" "Mozilla/5.0 (Macintosh; Intel Mac OS X x.y; rv:42.0) Gecko/20100101 Firefox/42.0"
3.71.175.42 - - [02/Nov/2023:18:34:00 +0000] "GET /hopfully404 HTTP/1.1" 404 4097 "-" "Mozilla/5.0 (Macintosh; Intel Mac OS X x.y; rv:42.0) Gecko/20100101 Firefox/42.0"
192.0.102.40 - - [02/Nov/2023:18:34:28 +0000] "HEAD / HTTP/1.1" 200 3915 "-" "jetmon/1.0 (Jetpack Site Uptime Monitor by WordPress.com)"
46.101.144.32 - - [02/Nov/2023:18:36:07 +0000] "POST /wp-cron.php?doing_wp_cron=1698950167.8933360576629638671875 HTTP/1.1" 200 3995 "-" "WordPress/6.3.2; https://talmedos.com"
54.166.209.7 - - [02/Nov/2023:18:36:07 +0000] "GET / HTTP/1.1" 200 9037 "-" "Mozilla/5.0 (Windows NT 6.1; Win64; x64) AppleWebKit/537.36 (KHTML, like Gecko) Chrome/98.0.4758.141 YaBrowser/22.3.3.852 Yowser/2.5 Safari/537.36"
54.166.209.7 - - [02/Nov/2023:18:37:34 +0000] "GET //talmedos.com/wp-content/themes/naked-wordpress/js/jquery.fitvids.js HTTP/1.1" 404 4096 "-" "Mozilla/5.0 (Macintosh; Intel Mac OS X 10.6; rv:5.0) Gecko/20100101 Firefox/5.0"
54.166.209.7 - - [02/Nov/2023:18:37:34 +0000] "GET //talmedos.com/wp-includes/js/jquery/jquery.min.js HTTP/1.1" 404 4096 "-" "Opera/10.61 (J2ME/MIDP; Opera Mini/5.1.21219/19.999; en-US; rv:1.9.3a5) WebKit/534.5 Presto/2.6.30"
54.166.209.7 - - [02/Nov/2023:18:37:34 +0000] "GET //talmedos.com/wp-includes/js/jquery/jquery-migrate.min.js HTTP/1.1" 404 4096 "-" "Mozilla/5.0 (X11; U; Linux x86_64; en-US) AppleWebKit/534.7 (KHTML, like Gecko) Chrome/7.0.514.0 Safari/534.7"
54.166.209.7 - - [02/Nov/2023:18:37:35 +0000] "GET //stats.wp.com/e-202344.js HTTP/1.1" 404 4096 "-" "Mozilla/5.0 (Macintosh; U; PPC Mac OS X 10.5; en-US; rv:1.9.0.3) Gecko/2008092414 Firefox/3.0.3"
54.166.209.7 - - [02/Nov/2023:18:37:35 +0000] "GET //talmedos.com/wp-content/themes/naked-wordpress/js/theme.min.js HTTP/1.1" 404 4096 "-" "Mozilla/5.0 (Linux; Android 9; moto g(6) plus) AppleWebKit/537.36 (KHTML, like Gecko) Chrome/101.0.4951.61 Mobile Safari/537.36"
114.216.163.130 - - [02/Nov/2023:18:37:53 +0000] "GET //wp-config.5 HTTP/1.1" 404 4096 "-" "Mozilla/5.0 (X11; Ubuntu; Linux x86_64; rv:62.0) Gecko/20100101 Firefox/62.0"
46.101.144.32 - - [02/Nov/2023:18:38:59 +0000] "POST /wp-cron.php?doing_wp_cron=1698950339.8843429088592529296875 HTTP/1.1" 200 3995 "-" "WordPress/6.3.2; https://talmedos.com"
3.71.175.42 - - [02/Nov/2023:18:38:59 +0000] "GET / HTTP/1.1" 200 9039 "-" "Mozilla/5.0 (Macintosh; Intel Mac OS X x.y; rv:42.0) Gecko/20100101 Firefox/42.0"
192.0.102.40 - - [02/Nov/2023:18:39:28 +0000] "HEAD / HTTP/1.1" 200 3915 "-" "jetmon/1.0 (Jetpack Site Uptime Monitor by WordPress.com)"
46.101.144.32 - - [02/Nov/2023:18:44:30 +0000] "POST /wp-cron.php?doing_wp_cron=1698950670.1670279502868652343750 HTTP/1.1" 200 3995 "-" "WordPress/6.3.2; https://talmedos.com"
192.0.102.40 - - [02/Nov/2023:18:44:30 +0000] "HEAD / HTTP/1.1" 200 3915 "-" "jetmon/1.0 (Jetpack Site Uptime Monitor by WordPress.com)"
173.236.168.10 - - [02/Nov/2023:18:45:16 +0000] "POST /wp-login.php HTTP/1.1" 200 8356 "-" "Mozilla/5.0 (Windows NT 6.1; WOW64) AppleWebKit/537.36 (KHTML, like Gecko) Chrome/32.0.1700.107 Safari/537.36"
46.101.144.32 - - [02/Nov/2023:18:46:46 +0000] "POST /wp-cron.php?doing_wp_cron=1698950806.3670949935913085937500 HTTP/1.1" 200 3995 "-" "WordPress/6.3.2; https://talmedos.com"
167.248.133.50 - - [02/Nov/2023:18:46:46 +0000] "GET / HTTP/1.1" 301 3863 "-" "-"
167.248.133.50 - - [02/Nov/2023:18:46:47 +0000] "GET / HTTP/1.1" 200 9020 "-" "Mozilla/5.0 (compatible; CensysInspect/1.1; +https://about.censys.io/)"
167.248.133.50 - - [02/Nov/2023:18:46:48 +0000] "GET /favicon.ico HTTP/1.1" 404 4097 "-" "Mozilla/5.0 (compatible; CensysInspect/1.1; +https://about.censys.io/)"
61.147.21.50 - - [02/Nov/2023:18:47:37 +0000] "GET /favicon.ico HTTP/1.1" 404 3610 "-" "Dalvik/2.1.0 (Linux; U; Android 9.0; ZTE BA520 Build/MRA58K)"
192.0.102.40 - - [02/Nov/2023:18:49:28 +0000] "HEAD / HTTP/1.1" 200 3915 "-" "jetmon/1.0 (Jetpack Site Uptime Monitor by WordPress.com)"
114.34.45.66 - - [02/Nov/2023:18:49:43 +0000] "GET //wp-config.6 HTTP/1.1" 404 4096 "-" "Mozilla/5.0 (X11; Ubuntu; Linux x86_64; rv:62.0) Gecko/20100101 Firefox/62.0"
35.205.224.248 - - [02/Nov/2023:18:52:10 +0000] "POST /wp-login.php HTTP/1.1" 200 8356 "-" "Mozilla/5.0 (Windows NT 6.1; WOW64) AppleWebKit/537.36 (KHTML, like Gecko) Chrome/46.0.2490.86 Safari/537.36"
46.101.144.32 - - [02/Nov/2023:18:54:28 +0000] "POST /wp-cron.php?doing_wp_cron=1698951268.1878619194030761718750 HTTP/1.1" 200 3995 "-" "WordPress/6.3.2; https://talmedos.com"
192.0.102.40 - - [02/Nov/2023:18:54:28 +0000] "HEAD / HTTP/1.1" 200 3915 "-" "jetmon/1.0 (Jetpack Site Uptime Monitor by WordPress.com)"
46.101.144.32 - - [02/Nov/2023:18:59:29 +0000] "POST /wp-cron.php?doing_wp_cron=1698951569.7399029731750488281250 HTTP/1.1" 200 3995 "-" "WordPress/6.3.2; https://talmedos.com"
192.0.102.40 - - [02/Nov/2023:18:59:29 +0000] "HEAD / HTTP/1.1" 200 3915 "-" "jetmon/1.0 (Jetpack Site Uptime Monitor by WordPress.com)"
61.93.224.186 - - [02/Nov/2023:19:02:44 +0000] "GET //wp-config.7 HTTP/1.1" 404 4096 "-" "Mozilla/5.0 (X11; Ubuntu; Linux x86_64; rv:62.0) Gecko/20100101 Firefox/62.0"
46.101.144.32 - - [02/Nov/2023:19:04:28 +0000] "POST /wp-cron.php?doing_wp_cron=1698951868.9325160980224609375000 HTTP/1.1" 200 3995 "-" "WordPress/6.3.2; https://talmedos.com"
192.0.102.40 - - [02/Nov/2023:19:04:28 +0000] "HEAD / HTTP/1.1" 200 3915 "-" "jetmon/1.0 (Jetpack Site Uptime Monitor by WordPress.com)"
46.101.144.32 - - [02/Nov/2023:19:09:28 +0000] "POST /wp-cron.php?doing_wp_cron=1698952168.2382180690765380859375 HTTP/1.1" 200 3995 "-" "WordPress/6.3.2; https://talmedos.com"
192.0.102.40 - - [02/Nov/2023:19:09:28 +0000] "HEAD / HTTP/1.1" 200 3915 "-" "jetmon/1.0 (Jetpack Site Uptime Monitor by WordPress.com)"
46.101.144.32 - - [02/Nov/2023:19:14:29 +0000] "POST /wp-cron.php?doing_wp_cron=1698952468.9916980266571044921875 HTTP/1.1" 200 3995 "-" "WordPress/6.3.2; https://talmedos.com"
192.0.102.40 - - [02/Nov/2023:19:14:28 +0000] "HEAD / HTTP/1.1" 200 3915 "-" "jetmon/1.0 (Jetpack Site Uptime Monitor by WordPress.com)"
124.183.27.252 - - [02/Nov/2023:19:15:55 +0000] "GET //wp-config.8 HTTP/1.1" 404 4096 "-" "Mozilla/5.0 (X11; Ubuntu; Linux x86_64; rv:62.0) Gecko/20100101 Firefox/62.0"
77.90.185.222 - - [02/Nov/2023:19:17:20 +0000] "GET /sslvpnLogin.html HTTP/1.0" 404 4091 "-" "masscan-ng/1.3 (https://github.com/bi-zone/masscan-ng)"
46.101.144.32 - - [02/Nov/2023:19:19:28 +0000] "POST /wp-cron.php?doing_wp_cron=1698952768.6908059120178222656250 HTTP/1.1" 200 3995 "-" "WordPress/6.3.2; https://talmedos.com"
192.0.102.40 - - [02/Nov/2023:19:19:28 +0000] "HEAD / HTTP/1.1" 200 3915 "-" "jetmon/1.0 (Jetpack Site Uptime Monitor by WordPress.com)"
46.101.144.32 - - [02/Nov/2023:19:24:27 +0000] "POST /wp-cron.php?doing_wp_cron=1698953067.7942581176757812500000 HTTP/1.1" 200 3995 "-" "WordPress/6.3.2; https://talmedos.com"
192.0.102.40 - - [02/Nov/2023:19:24:27 +0000] "HEAD / HTTP/1.1" 200 3915 "-" "jetmon/1.0 (Jetpack Site Uptime Monitor by WordPress.com)"
202.171.214.10 - - [02/Nov/2023:19:29:26 +0000] "GET //wp-config.9 HTTP/1.1" 404 4096 "-" "Mozilla/5.0 (X11; Ubuntu; Linux x86_64; rv:62.0) Gecko/20100101 Firefox/62.0"
46.101.144.32 - - [02/Nov/2023:19:29:29 +0000] "POST /wp-cron.php?doing_wp_cron=1698953369.0681450366973876953125 HTTP/1.1" 200 3995 "-" "WordPress/6.3.2; https://talmedos.com"
192.0.102.40 - - [02/Nov/2023:19:29:29 +0000] "HEAD / HTTP/1.1" 200 3915 "-" "jetmon/1.0 (Jetpack Site Uptime Monitor by WordPress.com)"
46.101.144.32 - - [02/Nov/2023:19:34:28 +0000] "POST /wp-cron.php?doing_wp_cron=1698953668.2247030735015869140625 HTTP/1.1" 200 3995 "-" "WordPress/6.3.2; https://talmedos.com"
192.0.102.40 - - [02/Nov/2023:19:34:28 +0000] "HEAD / HTTP/1.1" 200 3915 "-" "jetmon/1.0 (Jetpack Site Uptime Monitor by WordPress.com)"
46.101.144.32 - - [02/Nov/2023:19:39:10 +0000] "POST /wp-cron.php?doing_wp_cron=1698953950.0443439483642578125000 HTTP/1.1" 200 3995 "-" "WordPress/6.3.2; https://talmedos.com"
185.190.42.200 - - [02/Nov/2023:19:39:09 +0000] "GET / HTTP/1.0" 200 23253 "https://talmedos.com/" "Mozilla/5.0 (Windows NT 10.0; Win64; x64) AppleWebKit/537.36 (KHTML, like Gecko) Chrome/103.0.0.0 Safari/537.36"
192.0.102.40 - - [02/Nov/2023:19:39:27 +0000] "HEAD / HTTP/1.1" 200 3915 "-" "jetmon/1.0 (Jetpack Site Uptime Monitor by WordPress.com)"
46.101.144.32 - - [02/Nov/2023:19:44:28 +0000] "POST /wp-cron.php?doing_wp_cron=1698954268.8475949764251708984375 HTTP/1.1" 200 3995 "-" "WordPress/6.3.2; https://talmedos.com"
192.0.102.40 - - [02/Nov/2023:19:44:28 +0000] "HEAD / HTTP/1.1" 200 3915 "-" "jetmon/1.0 (Jetpack Site Uptime Monitor by WordPress.com)"
218.215.192.213 - - [02/Nov/2023:19:44:35 +0000] "GET //wp-config.a HTTP/1.1" 404 4096 "-" "Mozilla/5.0 (X11; Ubuntu; Linux x86_64; rv:62.0) Gecko/20100101 Firefox/62.0"
46.101.144.32 - - [02/Nov/2023:19:49:28 +0000] "POST /wp-cron.php?doing_wp_cron=1698954568.1433379650115966796875 HTTP/1.1" 200 3995 "-" "WordPress/6.3.2; https://talmedos.com"
192.0.102.40 - - [02/Nov/2023:19:49:28 +0000] "HEAD / HTTP/1.1" 200 3915 "-" "jetmon/1.0 (Jetpack Site Uptime Monitor by WordPress.com)"
94.102.61.10 - - [02/Nov/2023:19:50:23 +0000] "GET / HTTP/1.1" 200 8496 "http://46.101.144.32:80/" "Mozilla/5.0 (Windows NT 10.0; Win64; x64) AppleWebKit/537.36 (KHTML, like Gecko) Chrome/88.0.4324.190 Safari/537.36"
46.101.144.32 - - [02/Nov/2023:19:54:27 +0000] "POST /wp-cron.php?doing_wp_cron=1698954867.8280589580535888671875 HTTP/1.1" 200 3995 "-" "WordPress/6.3.2; https://talmedos.com"
192.0.102.40 - - [02/Nov/2023:19:54:27 +0000] "HEAD / HTTP/1.1" 200 3915 "-" "jetmon/1.0 (Jetpack Site Uptime Monitor by WordPress.com)"
136.37.116.102 - - [02/Nov/2023:19:55:00 +0000] "GET //wp-config.aws HTTP/1.1" 404 4096 "-" "Mozilla/5.0 (X11; Ubuntu; Linux x86_64; rv:62.0) Gecko/20100101 Firefox/62.0"
46.101.144.32 - - [02/Nov/2023:19:59:28 +0000] "POST /wp-cron.php?doing_wp_cron=1698955168.3241069316864013671875 HTTP/1.1" 200 3995 "-" "WordPress/6.3.2; https://talmedos.com"
192.0.102.40 - - [02/Nov/2023:19:59:28 +0000] "HEAD / HTTP/1.1" 200 3915 "-" "jetmon/1.0 (Jetpack Site Uptime Monitor by WordPress.com)"
46.101.144.32 - - [02/Nov/2023:20:04:27 +0000] "POST /wp-cron.php?doing_wp_cron=1698955467.7672200202941894531250 HTTP/1.1" 200 3995 "-" "WordPress/6.3.2; https://talmedos.com"
192.0.102.40 - - [02/Nov/2023:20:04:27 +0000] "HEAD / HTTP/1.1" 200 3915 "-" "jetmon/1.0 (Jetpack Site Uptime Monitor by WordPress.com)"
46.101.144.32 - - [02/Nov/2023:20:07:26 +0000] "POST /wp-cron.php?doing_wp_cron=1698955646.2314651012420654296875 HTTP/1.1" 200 3995 "-" "WordPress/6.3.2; https://talmedos.com"
154.209.125.133 - - [02/Nov/2023:20:07:26 +0000] "GET / HTTP/1.1" 301 4044 "-" "Mozilla/5.0 (Macintosh; Intel Mac OS X 10.11; rv:47.0) Gecko/20100101 Firefox/47.0"
154.209.125.133 - - [02/Nov/2023:20:07:27 +0000] "GET / HTTP/1.1" 200 24016 "-" "Mozilla/5.0 (Macintosh; Intel Mac OS X 10.11; rv:47.0) Gecko/20100101 Firefox/47.0"
144.137.69.160 - - [02/Nov/2023:20:08:08 +0000] "GET //wp-config.azure HTTP/1.1" 404 4096 "-" "Mozilla/5.0 (X11; Ubuntu; Linux x86_64; rv:62.0) Gecko/20100101 Firefox/62.0"
192.0.102.40 - - [02/Nov/2023:20:09:27 +0000] "HEAD / HTTP/1.1" 200 3915 "-" "jetmon/1.0 (Jetpack Site Uptime Monitor by WordPress.com)"
82.223.204.40 - - [02/Nov/2023:20:11:15 +0000] "GET /.env HTTP/1.1" 404 4229 "-" "Mozilla/5.0 (Linux; U; Android 4.4.2; en-US; HM NOTE 1W Build/KOT49H) AppleWebKit/534.30 (KHTML, like Gecko) Version/4.0 UCBrowser/11.0.5.850 U3/0.8.0 Mobile Safari/534.30"
46.101.144.32 - - [02/Nov/2023:20:11:15 +0000] "POST /wp-cron.php?doing_wp_cron=1698955875.6774289608001708984375 HTTP/1.1" 200 3995 "-" "WordPress/6.3.2; https://talmedos.com"
82.223.204.40 - - [02/Nov/2023:20:11:15 +0000] "POST / HTTP/1.1" 200 9171 "-" "Mozilla/5.0 (Linux; U; Android 4.4.2; en-US; HM NOTE 1W Build/KOT49H) AppleWebKit/534.30 (KHTML, like Gecko) Version/4.0 UCBrowser/11.0.5.850 U3/0.8.0 Mobile Safari/534.30"
46.101.144.32 - - [02/Nov/2023:20:12:57 +0000] "POST /wp-cron.php?doing_wp_cron=1698955977.3810720443725585937500 HTTP/1.1" 200 3995 "-" "WordPress/6.3.2; https://talmedos.com"
93.162.98.150 - - [02/Nov/2023:20:12:57 +0000] "POST /wp-admin/admin-ajax.php HTTP/1.1" 200 4266 "https://talmedos.com/wp-admin/post-new.php?post_type=page" "Mozilla/5.0 (Macintosh; Intel Mac OS X 10_15_7) AppleWebKit/537.36 (KHTML, like Gecko) Chrome/118.0.0.0 Safari/537.36"
93.162.98.150 - - [02/Nov/2023:20:12:57 +0000] "GET /wp-includes/images/spinner.gif HTTP/1.1" 200 4497 "https://talmedos.com/wp-admin/load-styles.php?c=0&dir=ltr&load%5Bchunk_0%5D=dashicons,admin-bar,buttons,media-views,editor-buttons,wp-components,wp-block-editor,wp-reusable-blocks,wp-editor,common,forms,w&load%5Bchunk_1%5D=p-reset-editor-styles,wp-block-library,wp-block-editor-content,wp-edit-blocks,wp-commands,wp-edit-post,wp-block-directory,wp-for&load%5Bchunk_2%5D=mat-library,admin-menu,dashboard,list-tables,edit,revisions,media,themes,about,nav-menus,wp-pointer,widgets,site-icon,l10n,wp-au&load%5Bchunk_3%5D=th-check,wp-block-library-theme&ver=6.3.2" "Mozilla/5.0 (Macintosh; Intel Mac OS X 10_15_7) AppleWebKit/537.36 (KHTML, like Gecko) Chrome/118.0.0.0 Safari/537.36"
93.162.98.150 - - [02/Nov/2023:20:12:57 +0000] "GET /wp-login.php?interim-login=1&wp_lang=da_DK HTTP/1.1" 200 3076 "https://talmedos.com/wp-admin/post-new.php?post_type=page" "Mozilla/5.0 (Macintosh; Intel Mac OS X 10_15_7) AppleWebKit/537.36 (KHTML, like Gecko) Chrome/118.0.0.0 Safari/537.36"
93.162.98.150 - - [02/Nov/2023:20:12:58 +0000] "GET /wp-includes/css/buttons.min.css?ver=6.3.2 HTTP/1.1" 200 1812 "https://talmedos.com/wp-login.php?interim-login=1&wp_lang=da_DK" "Mozilla/5.0 (Macintosh; Intel Mac OS X 10_15_7) AppleWebKit/537.36 (KHTML, like Gecko) Chrome/118.0.0.0 Safari/537.36"
93.162.98.150 - - [02/Nov/2023:20:12:58 +0000] "GET /wp-includes/css/dashicons.min.css?ver=6.3.2 HTTP/1.1" 200 36222 "https://talmedos.com/wp-login.php?interim-login=1&wp_lang=da_DK" "Mozilla/5.0 (Macintosh; Intel Mac OS X 10_15_7) AppleWebKit/537.36 (KHTML, like Gecko) Chrome/118.0.0.0 Safari/537.36"
93.162.98.150 - - [02/Nov/2023:20:12:58 +0000] "GET /wp-admin/css/forms.min.css?ver=6.3.2 HTTP/1.1" 200 6923 "https://talmedos.com/wp-login.php?interim-login=1&wp_lang=da_DK" "Mozilla/5.0 (Macintosh; Intel Mac OS X 10_15_7) AppleWebKit/537.36 (KHTML, like Gecko) Chrome/118.0.0.0 Safari/537.36"
93.162.98.150 - - [02/Nov/2023:20:12:58 +0000] "GET /wp-includes/js/jquery/jquery-migrate.min.js?ver=3.4.1 HTTP/1.1" 200 8956 "https://talmedos.com/wp-login.php?interim-login=1&wp_lang=da_DK" "Mozilla/5.0 (Macintosh; Intel Mac OS X 10_15_7) AppleWebKit/537.36 (KHTML, like Gecko) Chrome/118.0.0.0 Safari/537.36"
93.162.98.150 - - [02/Nov/2023:20:12:58 +0000] "GET /wp-includes/js/dist/vendor/wp-polyfill-inert.min.js?ver=3.1.2 HTTP/1.1" 200 2901 "https://talmedos.com/wp-login.php?interim-login=1&wp_lang=da_DK" "Mozilla/5.0 (Macintosh; Intel Mac OS X 10_15_7) AppleWebKit/537.36 (KHTML, like Gecko) Chrome/118.0.0.0 Safari/537.36"
93.162.98.150 - - [02/Nov/2023:20:12:58 +0000] "GET /wp-admin/css/login.min.css?ver=6.3.2 HTTP/1.1" 200 3071 "https://talmedos.com/wp-login.php?interim-login=1&wp_lang=da_DK" "Mozilla/5.0 (Macintosh; Intel Mac OS X 10_15_7) AppleWebKit/537.36 (KHTML, like Gecko) Chrome/118.0.0.0 Safari/537.36"
93.162.98.150 - - [02/Nov/2023:20:12:58 +0000] "GET /wp-includes/js/jquery/jquery.min.js?ver=3.7.0 HTTP/1.1" 200 34495 "https://talmedos.com/wp-login.php?interim-login=1&wp_lang=da_DK" "Mozilla/5.0 (Macintosh; Intel Mac OS X 10_15_7) AppleWebKit/537.36 (KHTML, like Gecko) Chrome/118.0.0.0 Safari/537.36"
93.162.98.150 - - [02/Nov/2023:20:12:58 +0000] "GET /wp-content/plugins/jetpack/css/jetpack.css?ver=12.6.2 HTTP/1.1" 200 19275 "https://talmedos.com/wp-login.php?interim-login=1&wp_lang=da_DK" "Mozilla/5.0 (Macintosh; Intel Mac OS X 10_15_7) AppleWebKit/537.36 (KHTML, like Gecko) Chrome/118.0.0.0 Safari/537.36"
93.162.98.150 - - [02/Nov/2023:20:12:58 +0000] "GET /wp-includes/js/dist/vendor/regenerator-runtime.min.js?ver=0.13.11 HTTP/1.1" 200 2916 "https://talmedos.com/wp-login.php?interim-login=1&wp_lang=da_DK" "Mozilla/5.0 (Macintosh; Intel Mac OS X 10_15_7) AppleWebKit/537.36 (KHTML, like Gecko) Chrome/118.0.0.0 Safari/537.36"
93.162.98.150 - - [02/Nov/2023:20:12:58 +0000] "GET /wp-includes/js/dist/vendor/wp-polyfill.min.js?ver=3.15.0 HTTP/1.1" 200 6306 "https://talmedos.com/wp-login.php?interim-login=1&wp_lang=da_DK" "Mozilla/5.0 (Macintosh; Intel Mac OS X 10_15_7) AppleWebKit/537.36 (KHTML, like Gecko) Chrome/118.0.0.0 Safari/537.36"
93.162.98.150 - - [02/Nov/2023:20:12:58 +0000] "GET /wp-includes/js/dist/i18n.min.js?ver=7701b0c3857f914212ef HTTP/1.1" 200 4109 "https://talmedos.com/wp-login.php?interim-login=1&wp_lang=da_DK" "Mozilla/5.0 (Macintosh; Intel Mac OS X 10_15_7) AppleWebKit/537.36 (KHTML, like Gecko) Chrome/118.0.0.0 Safari/537.36"
93.162.98.150 - - [02/Nov/2023:20:12:58 +0000] "GET /wp-includes/js/underscore.min.js?ver=1.13.4 HTTP/1.1" 200 7728 "https://talmedos.com/wp-login.php?interim-login=1&wp_lang=da_DK" "Mozilla/5.0 (Macintosh; Intel Mac OS X 10_15_7) AppleWebKit/537.36 (KHTML, like Gecko) Chrome/118.0.0.0 Safari/537.36"
93.162.98.150 - - [02/Nov/2023:20:12:58 +0000] "GET /wp-admin/js/user-profile.min.js?ver=6.3.2 HTTP/1.1" 200 2778 "https://talmedos.com/wp-login.php?interim-login=1&wp_lang=da_DK" "Mozilla/5.0 (Macintosh; Intel Mac OS X 10_15_7) AppleWebKit/537.36 (KHTML, like Gecko) Chrome/118.0.0.0 Safari/537.36"
93.162.98.150 - - [02/Nov/2023:20:12:58 +0000] "GET /wp-admin/images/wordpress-logo.svg?ver=20131107 HTTP/1.1" 200 1832 "https://talmedos.com/wp-admin/css/login.min.css?ver=6.3.2" "Mozilla/5.0 (Macintosh; Intel Mac OS X 10_15_7) AppleWebKit/537.36 (KHTML, like Gecko) Chrome/118.0.0.0 Safari/537.36"
93.162.98.150 - - [02/Nov/2023:20:12:59 +0000] "GET /wp-includes/js/zxcvbn.min.js HTTP/1.1" 200 403612 "https://talmedos.com/wp-login.php?interim-login=1&wp_lang=da_DK" "Mozilla/5.0 (Macintosh; Intel Mac OS X 10_15_7) AppleWebKit/537.36 (KHTML, like Gecko) Chrome/118.0.0.0 Safari/537.36"
93.162.98.150 - - [02/Nov/2023:20:13:57 +0000] "POST /wp-admin/admin-ajax.php HTTP/1.1" 200 1111 "https://talmedos.com/wp-admin/post-new.php?post_type=page" "Mozilla/5.0 (Macintosh; Intel Mac OS X 10_15_7) AppleWebKit/537.36 (KHTML, like Gecko) Chrome/118.0.0.0 Safari/537.36"
192.0.102.40 - - [02/Nov/2023:20:14:28 +0000] "HEAD / HTTP/1.1" 200 3915 "-" "jetmon/1.0 (Jetpack Site Uptime Monitor by WordPress.com)"
93.162.98.150 - - [02/Nov/2023:20:14:57 +0000] "POST /wp-admin/admin-ajax.php HTTP/1.1" 200 1111 "https://talmedos.com/wp-admin/post-new.php?post_type=page" "Mozilla/5.0 (Macintosh; Intel Mac OS X 10_15_7) AppleWebKit/537.36 (KHTML, like Gecko) Chrome/118.0.0.0 Safari/537.36"
45.95.169.184 - - [02/Nov/2023:20:16:32 +0000] "POST /FD873AC4-CF86-4FED-84EC-4BD59C6F17A7 HTTP/1.1" 404 3596 "-" "Mozilla/4.0 (compatible; MSIE 6.0; Windows NT 5.1)"
46.101.144.32 - - [02/Nov/2023:20:16:57 +0000] "POST /wp-cron.php?doing_wp_cron=1698956217.1229710578918457031250 HTTP/1.1" 200 3995 "-" "WordPress/6.3.2; https://talmedos.com"
93.162.98.150 - - [02/Nov/2023:20:16:57 +0000] "POST /wp-admin/admin-ajax.php HTTP/1.1" 200 1111 "https://talmedos.com/wp-admin/post-new.php?post_type=page" "Mozilla/5.0 (Macintosh; Intel Mac OS X 10_15_7) AppleWebKit/537.36 (KHTML, like Gecko) Chrome/118.0.0.0 Safari/537.36"
191.101.51.39 - - [02/Nov/2023:20:18:02 +0000] "GET / HTTP/1.1" 200 9039 "-" "Mozilla/5.0 (X11; Linux i686) AppleWebKit/538.1 (KHTML, like Gecko) QupZilla/1.8.6 Safari/538.1"
93.162.98.150 - - [02/Nov/2023:20:18:42 +0000] "POST /wp-admin/admin-ajax.php HTTP/1.1" 200 1111 "https://talmedos.com/wp-admin/post-new.php?post_type=page" "Mozilla/5.0 (Macintosh; Intel Mac OS X 10_15_7) AppleWebKit/537.36 (KHTML, like Gecko) Chrome/118.0.0.0 Safari/537.36"
192.0.102.40 - - [02/Nov/2023:20:19:27 +0000] "HEAD / HTTP/1.1" 200 3915 "-" "jetmon/1.0 (Jetpack Site Uptime Monitor by WordPress.com)"
93.162.98.150 - - [02/Nov/2023:20:19:42 +0000] "POST /wp-admin/admin-ajax.php HTTP/1.1" 200 1111 "https://talmedos.com/wp-admin/post-new.php?post_type=page" "Mozilla/5.0 (Macintosh; Intel Mac OS X 10_15_7) AppleWebKit/537.36 (KHTML, like Gecko) Chrome/118.0.0.0 Safari/537.36"
93.162.98.150 - - [02/Nov/2023:20:20:42 +0000] "POST /wp-admin/admin-ajax.php HTTP/1.1" 200 1111 "https://talmedos.com/wp-admin/post-new.php?post_type=page" "Mozilla/5.0 (Macintosh; Intel Mac OS X 10_15_7) AppleWebKit/537.36 (KHTML, like Gecko) Chrome/118.0.0.0 Safari/537.36"
85.218.200.182 - - [02/Nov/2023:20:21:13 +0000] "GET //wp-config.b HTTP/1.1" 404 4096 "-" "Mozilla/5.0 (X11; Ubuntu; Linux x86_64; rv:62.0) Gecko/20100101 Firefox/62.0"
162.240.104.99 - - [02/Nov/2023:20:22:18 +0000] "POST /wp-login.php HTTP/1.1" 200 8356 "-" "Mozilla/5.0 (Windows NT 10.0; Win64; x64) AppleWebKit/537.36 (KHTML, like Gecko) Chrome/60.0.3112.101 Safari/537.36"
46.101.144.32 - - [02/Nov/2023:20:22:42 +0000] "POST /wp-cron.php?doing_wp_cron=1698956562.6611928939819335937500 HTTP/1.1" 200 3995 "-" "WordPress/6.3.2; https://talmedos.com"
93.162.98.150 - - [02/Nov/2023:20:22:42 +0000] "POST /wp-admin/admin-ajax.php HTTP/1.1" 200 1111 "https://talmedos.com/wp-admin/post-new.php?post_type=page" "Mozilla/5.0 (Macintosh; Intel Mac OS X 10_15_7) AppleWebKit/537.36 (KHTML, like Gecko) Chrome/118.0.0.0 Safari/537.36"
192.0.102.40 - - [02/Nov/2023:20:24:27 +0000] "HEAD / HTTP/1.1" 200 3915 "-" "jetmon/1.0 (Jetpack Site Uptime Monitor by WordPress.com)"
93.162.98.150 - - [02/Nov/2023:20:24:42 +0000] "POST /wp-admin/admin-ajax.php HTTP/1.1" 200 1111 "https://talmedos.com/wp-admin/post-new.php?post_type=page" "Mozilla/5.0 (Macintosh; Intel Mac OS X 10_15_7) AppleWebKit/537.36 (KHTML, like Gecko) Chrome/118.0.0.0 Safari/537.36"
93.162.98.150 - - [02/Nov/2023:20:24:44 +0000] "GET / HTTP/1.1" 200 5454 "-" "Mozilla/5.0 (Macintosh; Intel Mac OS X 10_15_7) AppleWebKit/537.36 (KHTML, like Gecko) Chrome/118.0.0.0 Safari/537.36"
93.162.98.150 - - [02/Nov/2023:20:24:44 +0000] "GET /wp-includes/css/dist/block-library/style.min.css?ver=6.3.2 HTTP/1.1" 200 14268 "https://talmedos.com/" "Mozilla/5.0 (Macintosh; Intel Mac OS X 10_15_7) AppleWebKit/537.36 (KHTML, like Gecko) Chrome/118.0.0.0 Safari/537.36"
93.162.98.150 - - [02/Nov/2023:20:24:44 +0000] "GET /wp-content/themes/naked-wordpress/style.css?ver=6.3.2 HTTP/1.1" 200 4810 "https://talmedos.com/" "Mozilla/5.0 (Macintosh; Intel Mac OS X 10_15_7) AppleWebKit/537.36 (KHTML, like Gecko) Chrome/118.0.0.0 Safari/537.36"
93.162.98.150 - - [02/Nov/2023:20:24:44 +0000] "GET /wp-content/themes/naked-wordpress/js/jquery.fitvids.js?ver=1 HTTP/1.1" 200 5151 "https://talmedos.com/" "Mozilla/5.0 (Macintosh; Intel Mac OS X 10_15_7) AppleWebKit/537.36 (KHTML, like Gecko) Chrome/118.0.0.0 Safari/537.36"
93.162.98.150 - - [02/Nov/2023:20:24:44 +0000] "GET /wp-includes/js/mediaelement/mediaelementplayer-legacy.min.css?ver=4.2.17 HTTP/1.1" 200 2995 "https://talmedos.com/" "Mozilla/5.0 (Macintosh; Intel Mac OS X 10_15_7) AppleWebKit/537.36 (KHTML, like Gecko) Chrome/118.0.0.0 Safari/537.36"
93.162.98.150 - - [02/Nov/2023:20:24:44 +0000] "GET /wp-content/themes/naked-wordpress/js/theme.min.js?ver=1 HTTP/1.1" 200 4174 "https://talmedos.com/" "Mozilla/5.0 (Macintosh; Intel Mac OS X 10_15_7) AppleWebKit/537.36 (KHTML, like Gecko) Chrome/118.0.0.0 Safari/537.36"
93.162.98.150 - - [02/Nov/2023:20:24:44 +0000] "GET /wp-content/themes/naked-wordpress/styles/boots-bones.css HTTP/1.1" 200 3586 "https://talmedos.com/wp-content/themes/naked-wordpress/style.css?ver=6.3.2" "Mozilla/5.0 (Macintosh; Intel Mac OS X 10_15_7) AppleWebKit/537.36 (KHTML, like Gecko) Chrome/118.0.0.0 Safari/537.36"
93.162.98.150 - - [02/Nov/2023:20:24:53 +0000] "GET /?cat=1 HTTP/1.1" 200 9292 "https://talmedos.com/" "Mozilla/5.0 (Macintosh; Intel Mac OS X 10_15_7) AppleWebKit/537.36 (KHTML, like Gecko) Chrome/118.0.0.0 Safari/537.36"
93.162.98.150 - - [02/Nov/2023:20:24:56 +0000] "GET /?page_id=28 HTTP/1.1" 200 5476 "https://talmedos.com/?cat=1" "Mozilla/5.0 (Macintosh; Intel Mac OS X 10_15_7) AppleWebKit/537.36 (KHTML, like Gecko) Chrome/118.0.0.0 Safari/537.36"
93.162.98.150 - - [02/Nov/2023:20:24:59 +0000] "GET /?page_id=93 HTTP/1.1" 200 5481 "https://talmedos.com/?page_id=28" "Mozilla/5.0 (Macintosh; Intel Mac OS X 10_15_7) AppleWebKit/537.36 (KHTML, like Gecko) Chrome/118.0.0.0 Safari/537.36"
93.162.98.150 - - [02/Nov/2023:20:25:06 +0000] "GET /?page_id=93 HTTP/1.1" 200 5993 "https://talmedos.com/?page_id=93" "Mozilla/5.0 (Macintosh; Intel Mac OS X 10_15_7) AppleWebKit/537.36 (KHTML, like Gecko) Chrome/118.0.0.0 Safari/537.36"
93.162.98.150 - - [02/Nov/2023:20:25:08 +0000] "GET /?page_id=28 HTTP/1.1" 200 5476 "https://talmedos.com/?page_id=93" "Mozilla/5.0 (Macintosh; Intel Mac OS X 10_15_7) AppleWebKit/537.36 (KHTML, like Gecko) Chrome/118.0.0.0 Safari/537.36"
46.101.144.32 - - [02/Nov/2023:20:26:37 +0000] "POST /wp-cron.php?doing_wp_cron=1698956797.2905158996582031250000 HTTP/1.1" 200 3995 "-" "WordPress/6.3.2; https://talmedos.com"
93.162.98.150 - - [02/Nov/2023:20:26:37 +0000] "GET /wp-admin/ HTTP/1.1" 302 965 "-" "Mozilla/5.0 (Macintosh; Intel Mac OS X 10_15_7) AppleWebKit/537.36 (KHTML, like Gecko) Chrome/118.0.0.0 Safari/537.36"
93.162.98.150 - - [02/Nov/2023:20:26:37 +0000] "GET /wp-login.php?redirect_to=https%3A%2F%2Ftalmedos.com%2Fwp-admin%2F&reauth=1 HTTP/1.1" 200 5179 "-" "Mozilla/5.0 (Macintosh; Intel Mac OS X 10_15_7) AppleWebKit/537.36 (KHTML, like Gecko) Chrome/118.0.0.0 Safari/537.36"
93.162.98.150 - - [02/Nov/2023:20:26:42 +0000] "POST /wp-admin/admin-ajax.php HTTP/1.1" 200 599 "https://talmedos.com/wp-admin/post-new.php?post_type=page" "Mozilla/5.0 (Macintosh; Intel Mac OS X 10_15_7) AppleWebKit/537.36 (KHTML, like Gecko) Chrome/118.0.0.0 Safari/537.36"
93.162.98.150 - - [02/Nov/2023:20:26:54 +0000] "POST /wp-login.php HTTP/1.1" 302 1728 "https://talmedos.com/wp-login.php?redirect_to=https%3A%2F%2Ftalmedos.com%2Fwp-admin%2F&reauth=1" "Mozilla/5.0 (Macintosh; Intel Mac OS X 10_15_7) AppleWebKit/537.36 (KHTML, like Gecko) Chrome/118.0.0.0 Safari/537.36"
46.101.144.32 - - [02/Nov/2023:20:26:55 +0000] "GET /index.php?rest_route=%2Fjetpack%2Fv4%2Fsync%2Fspawn-sync&time=1698956815&request_lock_id=1698956815.1869 HTTP/1.1" 200 4013 "-" "WordPress/6.3.2; https://talmedos.com"
46.101.144.32 - - [02/Nov/2023:20:26:56 +0000] "GET /wp-content/plugins/really-simple-ssl/ssl-test-page.php HTTP/1.1" 200 4194 "-" "WordPress/6.3.2; https://talmedos.com"
46.101.144.32 - - [02/Nov/2023:20:26:56 +0000] "GET / HTTP/1.1" 200 9132 "-" "WordPress/6.3.2; https://talmedos.com"
46.101.144.32 - - [02/Nov/2023:20:26:56 +0000] "GET /wp-content/uploads/code-execution.php HTTP/1.1" 200 3930 "-" "WordPress/6.3.2; https://talmedos.com"
93.162.98.150 - - [02/Nov/2023:20:26:56 +0000] "GET /wp-admin/ HTTP/1.1" 200 31103 "https://talmedos.com/wp-login.php?redirect_to=https%3A%2F%2Ftalmedos.com%2Fwp-admin%2F&reauth=1" "Mozilla/5.0 (Macintosh; Intel Mac OS X 10_15_7) AppleWebKit/537.36 (KHTML, like Gecko) Chrome/118.0.0.0 Safari/537.36"
93.162.98.150 - - [02/Nov/2023:20:26:57 +0000] "GET /wp-admin/load-styles.php?c=0&dir=ltr&load%5Bchunk_0%5D=dashicons,admin-bar,site-health,common,forms,admin-menu,dashboard,list-tables,edit,revisions,media,themes,about,nav-menus,wp-poi&load%5Bchunk_1%5D=nter,widgets,site-icon,l10n,buttons,wp-auth-check&ver=6.3.2 HTTP/1.1" 200 101724 "https://talmedos.com/wp-admin/" "Mozilla/5.0 (Macintosh; Intel Mac OS X 10_15_7) AppleWebKit/537.36 (KHTML, like Gecko) Chrome/118.0.0.0 Safari/537.36"
93.162.98.150 - - [02/Nov/2023:20:26:57 +0000] "GET /wp-content/plugins/jetpack/jetpack_vendor/automattic/jetpack-jitm/build/index.css?minify=false&ver=cb764e7817520679ccec HTTP/1.1" 200 2837 "https://talmedos.com/wp-admin/" "Mozilla/5.0 (Macintosh; Intel Mac OS X 10_15_7) AppleWebKit/537.36 (KHTML, like Gecko) Chrome/118.0.0.0 Safari/537.36"
93.162.98.150 - - [02/Nov/2023:20:26:57 +0000] "GET /wp-content/plugins/wp-letsencrypt-ssl/admin/css/le-admin.min.css?ver=6.3.9 HTTP/1.1" 200 11876 "https://talmedos.com/wp-admin/" "Mozilla/5.0 (Macintosh; Intel Mac OS X 10_15_7) AppleWebKit/537.36 (KHTML, like Gecko) Chrome/118.0.0.0 Safari/537.36"
93.162.98.150 - - [02/Nov/2023:20:26:57 +0000] "GET /wp-content/plugins/wp-letsencrypt-ssl/freemius/assets/css/admin/common.css?ver=6.3.2 HTTP/1.1" 200 2546 "https://talmedos.com/wp-admin/" "Mozilla/5.0 (Macintosh; Intel Mac OS X 10_15_7) AppleWebKit/537.36 (KHTML, like Gecko) Chrome/118.0.0.0 Safari/537.36"
93.162.98.150 - - [02/Nov/2023:20:26:57 +0000] "GET /wp-content/plugins/jetpack/css/jetpack-connection-widget.min.css?ver=12.6.2 HTTP/1.1" 200 4445 "https://talmedos.com/wp-admin/" "Mozilla/5.0 (Macintosh; Intel Mac OS X 10_15_7) AppleWebKit/537.36 (KHTML, like Gecko) Chrome/118.0.0.0 Safari/537.36"
93.162.98.150 - - [02/Nov/2023:20:26:57 +0000] "GET /wp-content/plugins/wp-letsencrypt-ssl/admin/assets/icon.png HTTP/1.1" 200 6181 "https://talmedos.com/wp-admin/" "Mozilla/5.0 (Macintosh; Intel Mac OS X 10_15_7) AppleWebKit/537.36 (KHTML, like Gecko) Chrome/118.0.0.0 Safari/537.36"
93.162.98.150 - - [02/Nov/2023:20:26:57 +0000] "GET /wp-includes/css/editor.min.css?ver=6.3.2 HTTP/1.1" 200 6255 "https://talmedos.com/wp-admin/" "Mozilla/5.0 (Macintosh; Intel Mac OS X 10_15_7) AppleWebKit/537.36 (KHTML, like Gecko) Chrome/118.0.0.0 Safari/537.36"
93.162.98.150 - - [02/Nov/2023:20:26:57 +0000] "GET /wp-admin/load-scripts.php?c=0&load%5Bchunk_0%5D=jquery-core,jquery-migrate,utils&ver=6.3.2 HTTP/1.1" 200 39230 "https://talmedos.com/wp-admin/" "Mozilla/5.0 (Macintosh; Intel Mac OS X 10_15_7) AppleWebKit/537.36 (KHTML, like Gecko) Chrome/118.0.0.0 Safari/537.36"
93.162.98.150 - - [02/Nov/2023:20:26:58 +0000] "GET /wp-admin/load-scripts.php?c=0&load%5Bchunk_0%5D=hoverIntent,wp-polyfill-inert,regenerator-runtime,wp-polyfill,wp-hooks&ver=6.3.2 HTTP/1.1" 200 12748 "https://talmedos.com/wp-admin/" "Mozilla/5.0 (Macintosh; Intel Mac OS X 10_15_7) AppleWebKit/537.36 (KHTML, like Gecko) Chrome/118.0.0.0 Safari/537.36"
93.162.98.150 - - [02/Nov/2023:20:26:58 +0000] "GET /wp-admin/js/common.min.js?ver=6.3.2 HTTP/1.1" 200 7057 "https://talmedos.com/wp-admin/" "Mozilla/5.0 (Macintosh; Intel Mac OS X 10_15_7) AppleWebKit/537.36 (KHTML, like Gecko) Chrome/118.0.0.0 Safari/537.36"
93.162.98.150 - - [02/Nov/2023:20:26:58 +0000] "GET /wp-includes/js/clipboard.min.js?ver=2.0.11 HTTP/1.1" 200 3567 "https://talmedos.com/wp-admin/" "Mozilla/5.0 (Macintosh; Intel Mac OS X 10_15_7) AppleWebKit/537.36 (KHTML, like Gecko) Chrome/118.0.0.0 Safari/537.36"
93.162.98.150 - - [02/Nov/2023:20:26:58 +0000] "GET /wp-includes/js/dist/url.min.js?ver=8814d23f2d64864d280d HTTP/1.1" 200 4132 "https://talmedos.com/wp-admin/" "Mozilla/5.0 (Macintosh; Intel Mac OS X 10_15_7) AppleWebKit/537.36 (KHTML, like Gecko) Chrome/118.0.0.0 Safari/537.36"
