192.0.102.40 - - [01/Nov/2023:09:24:26 +0000] "HEAD / HTTP/1.1" 200 3915 "-" "jetmon/1.0 (Jetpack Site Uptime Monitor by WordPress.com)"
5.179.80.204 - - [01/Nov/2023:09:24:38 +0000] "POST /wp-admin/admin-ajax.php HTTP/1.1" 200 1129 "https://talmedos.com/wp-admin/themes.php" "Mozilla/5.0 (Macintosh; Intel Mac OS X 10_15_7) AppleWebKit/537.36 (KHTML, like Gecko) Chrome/118.0.0.0 Safari/537.36"
5.179.80.204 - - [01/Nov/2023:09:24:54 +0000] "POST /wp-admin/admin-ajax.php HTTP/1.1" 200 1129 "https://talmedos.com/wp-admin/about.php" "Mozilla/5.0 (Macintosh; Intel Mac OS X 10_15_7) AppleWebKit/537.36 (KHTML, like Gecko) Chrome/118.0.0.0 Safari/537.36"
5.179.80.204 - - [01/Nov/2023:09:25:54 +0000] "POST /wp-admin/admin-ajax.php HTTP/1.1" 200 1129 "https://talmedos.com/wp-admin/about.php" "Mozilla/5.0 (Macintosh; Intel Mac OS X 10_15_7) AppleWebKit/537.36 (KHTML, like Gecko) Chrome/118.0.0.0 Safari/537.36"
46.101.144.32 - - [01/Nov/2023:09:26:39 +0000] "POST /wp-cron.php?doing_wp_cron=1698830799.1296379566192626953125 HTTP/1.1" 200 3995 "-" "WordPress/6.3.2; https://talmedos.com"
5.179.80.204 - - [01/Nov/2023:09:26:39 +0000] "POST /wp-admin/admin-ajax.php HTTP/1.1" 200 1129 "https://talmedos.com/wp-admin/themes.php" "Mozilla/5.0 (Macintosh; Intel Mac OS X 10_15_7) AppleWebKit/537.36 (KHTML, like Gecko) Chrome/118.0.0.0 Safari/537.36"
5.179.80.204 - - [01/Nov/2023:09:27:54 +0000] "POST /wp-admin/admin-ajax.php HTTP/1.1" 200 1129 "https://talmedos.com/wp-admin/about.php" "Mozilla/5.0 (Macintosh; Intel Mac OS X 10_15_7) AppleWebKit/537.36 (KHTML, like Gecko) Chrome/118.0.0.0 Safari/537.36"
5.179.80.204 - - [01/Nov/2023:09:28:40 +0000] "POST /wp-admin/admin-ajax.php HTTP/1.1" 200 1129 "https://talmedos.com/wp-admin/themes.php" "Mozilla/5.0 (Macintosh; Intel Mac OS X 10_15_7) AppleWebKit/537.36 (KHTML, like Gecko) Chrome/118.0.0.0 Safari/537.36"
139.59.2.175 - - [01/Nov/2023:09:29:05 +0000] "POST /xmlrpc.php HTTP/1.1" 200 3624 "-" "Mozilla/5.0 (X11; Fedora; Linux x86_64; rv:94.0) Gecko/20100101 Firefox/95.0"
192.0.102.40 - - [01/Nov/2023:09:29:26 +0000] "HEAD / HTTP/1.1" 200 3915 "-" "jetmon/1.0 (Jetpack Site Uptime Monitor by WordPress.com)"
5.179.80.204 - - [01/Nov/2023:09:29:54 +0000] "POST /wp-admin/admin-ajax.php HTTP/1.1" 200 1129 "https://talmedos.com/wp-admin/about.php" "Mozilla/5.0 (Macintosh; Intel Mac OS X 10_15_7) AppleWebKit/537.36 (KHTML, like Gecko) Chrome/118.0.0.0 Safari/537.36"
5.179.80.204 - - [01/Nov/2023:09:30:41 +0000] "POST /wp-admin/admin-ajax.php HTTP/1.1" 200 1129 "https://talmedos.com/wp-admin/themes.php" "Mozilla/5.0 (Macintosh; Intel Mac OS X 10_15_7) AppleWebKit/537.36 (KHTML, like Gecko) Chrome/118.0.0.0 Safari/537.36"
46.101.144.32 - - [01/Nov/2023:09:31:54 +0000] "POST /wp-cron.php?doing_wp_cron=1698831114.8571960926055908203125 HTTP/1.1" 200 3995 "-" "WordPress/6.3.2; https://talmedos.com"
5.179.80.204 - - [01/Nov/2023:09:31:54 +0000] "POST /wp-admin/admin-ajax.php HTTP/1.1" 200 1129 "https://talmedos.com/wp-admin/about.php" "Mozilla/5.0 (Macintosh; Intel Mac OS X 10_15_7) AppleWebKit/537.36 (KHTML, like Gecko) Chrome/118.0.0.0 Safari/537.36"
5.179.80.204 - - [01/Nov/2023:09:32:42 +0000] "POST /wp-admin/admin-ajax.php HTTP/1.1" 200 1129 "https://talmedos.com/wp-admin/themes.php" "Mozilla/5.0 (Macintosh; Intel Mac OS X 10_15_7) AppleWebKit/537.36 (KHTML, like Gecko) Chrome/118.0.0.0 Safari/537.36"
5.179.80.204 - - [01/Nov/2023:09:33:54 +0000] "POST /wp-admin/admin-ajax.php HTTP/1.1" 200 1129 "https://talmedos.com/wp-admin/about.php" "Mozilla/5.0 (Macintosh; Intel Mac OS X 10_15_7) AppleWebKit/537.36 (KHTML, like Gecko) Chrome/118.0.0.0 Safari/537.36"
192.0.102.40 - - [01/Nov/2023:09:34:26 +0000] "HEAD / HTTP/1.1" 200 3915 "-" "jetmon/1.0 (Jetpack Site Uptime Monitor by WordPress.com)"
5.179.80.204 - - [01/Nov/2023:09:34:43 +0000] "POST /wp-admin/admin-ajax.php HTTP/1.1" 200 1129 "https://talmedos.com/wp-admin/themes.php" "Mozilla/5.0 (Macintosh; Intel Mac OS X 10_15_7) AppleWebKit/537.36 (KHTML, like Gecko) Chrome/118.0.0.0 Safari/537.36"
173.236.176.131 - - [01/Nov/2023:09:34:48 +0000] "POST /xmlrpc.php HTTP/1.1" 200 3610 "-" "Mozilla/5.0 (X11; Fedora; Linux x86_64; rv:94.0) Gecko/20100101 Firefox/95.0"
46.101.144.32 - - [01/Nov/2023:09:36:44 +0000] "POST /wp-cron.php?doing_wp_cron=1698831404.1286630630493164062500 HTTP/1.1" 200 3995 "-" "WordPress/6.3.2; https://talmedos.com"
5.179.80.204 - - [01/Nov/2023:09:36:44 +0000] "POST /wp-admin/admin-ajax.php HTTP/1.1" 200 1129 "https://talmedos.com/wp-admin/themes.php" "Mozilla/5.0 (Macintosh; Intel Mac OS X 10_15_7) AppleWebKit/537.36 (KHTML, like Gecko) Chrome/118.0.0.0 Safari/537.36"
46.101.144.32 - - [01/Nov/2023:09:38:45 +0000] "POST /wp-cron.php?doing_wp_cron=1698831525.1744110584259033203125 HTTP/1.1" 200 3995 "-" "WordPress/6.3.2; https://talmedos.com"
5.179.80.204 - - [01/Nov/2023:09:38:45 +0000] "POST /wp-admin/admin-ajax.php HTTP/1.1" 200 1129 "https://talmedos.com/wp-admin/themes.php" "Mozilla/5.0 (Macintosh; Intel Mac OS X 10_15_7) AppleWebKit/537.36 (KHTML, like Gecko) Chrome/118.0.0.0 Safari/537.36"
192.0.102.40 - - [01/Nov/2023:09:39:26 +0000] "HEAD / HTTP/1.1" 200 3915 "-" "jetmon/1.0 (Jetpack Site Uptime Monitor by WordPress.com)"
5.179.80.204 - - [01/Nov/2023:09:40:46 +0000] "POST /wp-admin/admin-ajax.php HTTP/1.1" 200 1129 "https://talmedos.com/wp-admin/themes.php" "Mozilla/5.0 (Macintosh; Intel Mac OS X 10_15_7) AppleWebKit/537.36 (KHTML, like Gecko) Chrome/118.0.0.0 Safari/537.36"
46.101.144.32 - - [01/Nov/2023:09:42:47 +0000] "POST /wp-cron.php?doing_wp_cron=1698831767.1455750465393066406250 HTTP/1.1" 200 3995 "-" "WordPress/6.3.2; https://talmedos.com"
5.179.80.204 - - [01/Nov/2023:09:42:47 +0000] "POST /wp-admin/admin-ajax.php HTTP/1.1" 200 1129 "https://talmedos.com/wp-admin/themes.php" "Mozilla/5.0 (Macintosh; Intel Mac OS X 10_15_7) AppleWebKit/537.36 (KHTML, like Gecko) Chrome/118.0.0.0 Safari/537.36"
5.179.80.204 - - [01/Nov/2023:09:43:31 +0000] "POST /wp-admin/admin-ajax.php HTTP/1.1" 200 1129 "https://talmedos.com/wp-admin/about.php" "Mozilla/5.0 (Macintosh; Intel Mac OS X 10_15_7) AppleWebKit/537.36 (KHTML, like Gecko) Chrome/118.0.0.0 Safari/537.36"
192.0.102.40 - - [01/Nov/2023:09:44:26 +0000] "HEAD / HTTP/1.1" 200 3915 "-" "jetmon/1.0 (Jetpack Site Uptime Monitor by WordPress.com)"
5.179.80.204 - - [01/Nov/2023:09:44:31 +0000] "POST /wp-admin/admin-ajax.php HTTP/1.1" 200 1129 "https://talmedos.com/wp-admin/about.php" "Mozilla/5.0 (Macintosh; Intel Mac OS X 10_15_7) AppleWebKit/537.36 (KHTML, like Gecko) Chrome/118.0.0.0 Safari/537.36"
5.179.80.204 - - [01/Nov/2023:09:44:48 +0000] "POST /wp-admin/admin-ajax.php HTTP/1.1" 200 1129 "https://talmedos.com/wp-admin/themes.php" "Mozilla/5.0 (Macintosh; Intel Mac OS X 10_15_7) AppleWebKit/537.36 (KHTML, like Gecko) Chrome/118.0.0.0 Safari/537.36"
46.101.144.32 - - [01/Nov/2023:09:46:32 +0000] "POST /wp-cron.php?doing_wp_cron=1698831992.1423559188842773437500 HTTP/1.1" 200 3995 "-" "WordPress/6.3.2; https://talmedos.com"
5.179.80.204 - - [01/Nov/2023:09:46:32 +0000] "POST /wp-admin/admin-ajax.php HTTP/1.1" 200 1129 "https://talmedos.com/wp-admin/about.php" "Mozilla/5.0 (Macintosh; Intel Mac OS X 10_15_7) AppleWebKit/537.36 (KHTML, like Gecko) Chrome/118.0.0.0 Safari/537.36"
188.85.81.233 - - [01/Nov/2023:09:46:38 +0000] "POST /xmlrpc.php HTTP/1.1" 200 3624 "-" "Mozilla/5.0 (X11; Fedora; Linux x86_64; rv:94.0) Gecko/20100101 Firefox/95.0"
5.179.80.204 - - [01/Nov/2023:09:46:43 +0000] "POST /wp-admin/admin-ajax.php HTTP/1.1" 200 1180 "https://talmedos.com/wp-admin/post-new.php?post_type=page" "Mozilla/5.0 (Macintosh; Intel Mac OS X 10_15_7) AppleWebKit/537.36 (KHTML, like Gecko) Chrome/118.0.0.0 Safari/537.36"
5.179.80.204 - - [01/Nov/2023:09:46:49 +0000] "POST /wp-admin/admin-ajax.php HTTP/1.1" 200 1129 "https://talmedos.com/wp-admin/themes.php" "Mozilla/5.0 (Macintosh; Intel Mac OS X 10_15_7) AppleWebKit/537.36 (KHTML, like Gecko) Chrome/118.0.0.0 Safari/537.36"
5.179.80.204 - - [01/Nov/2023:09:47:33 +0000] "POST /wp-admin/admin-ajax.php HTTP/1.1" 200 1129 "https://talmedos.com/wp-admin/about.php" "Mozilla/5.0 (Macintosh; Intel Mac OS X 10_15_7) AppleWebKit/537.36 (KHTML, like Gecko) Chrome/118.0.0.0 Safari/537.36"
5.179.80.204 - - [01/Nov/2023:09:47:43 +0000] "POST /wp-admin/admin-ajax.php HTTP/1.1" 200 1180 "https://talmedos.com/wp-admin/post-new.php?post_type=page" "Mozilla/5.0 (Macintosh; Intel Mac OS X 10_15_7) AppleWebKit/537.36 (KHTML, like Gecko) Chrome/118.0.0.0 Safari/537.36"
5.179.80.204 - - [01/Nov/2023:09:48:50 +0000] "POST /wp-admin/admin-ajax.php HTTP/1.1" 200 1129 "https://talmedos.com/wp-admin/themes.php" "Mozilla/5.0 (Macintosh; Intel Mac OS X 10_15_7) AppleWebKit/537.36 (KHTML, like Gecko) Chrome/118.0.0.0 Safari/537.36"
192.0.102.40 - - [01/Nov/2023:09:49:26 +0000] "HEAD / HTTP/1.1" 200 3915 "-" "jetmon/1.0 (Jetpack Site Uptime Monitor by WordPress.com)"
5.179.80.204 - - [01/Nov/2023:09:49:34 +0000] "POST /wp-admin/admin-ajax.php HTTP/1.1" 200 1129 "https://talmedos.com/wp-admin/about.php" "Mozilla/5.0 (Macintosh; Intel Mac OS X 10_15_7) AppleWebKit/537.36 (KHTML, like Gecko) Chrome/118.0.0.0 Safari/537.36"
5.179.80.204 - - [01/Nov/2023:09:49:44 +0000] "POST /wp-admin/admin-ajax.php HTTP/1.1" 200 1180 "https://talmedos.com/wp-admin/post-new.php?post_type=page" "Mozilla/5.0 (Macintosh; Intel Mac OS X 10_15_7) AppleWebKit/537.36 (KHTML, like Gecko) Chrome/118.0.0.0 Safari/537.36"
5.179.80.204 - - [01/Nov/2023:09:50:51 +0000] "POST /wp-admin/admin-ajax.php HTTP/1.1" 200 1129 "https://talmedos.com/wp-admin/themes.php" "Mozilla/5.0 (Macintosh; Intel Mac OS X 10_15_7) AppleWebKit/537.36 (KHTML, like Gecko) Chrome/118.0.0.0 Safari/537.36"
46.101.144.32 - - [01/Nov/2023:09:51:19 +0000] "POST /wp-cron.php?doing_wp_cron=1698832279.6831429004669189453125 HTTP/1.1" 200 3995 "-" "WordPress/6.3.2; https://talmedos.com"
46.101.144.32 - - [01/Nov/2023:09:51:19 +0000] "POST /wp-cron.php?doing_wp_cron=1698832279.6862020492553710937500 HTTP/1.1" 200 3995 "-" "WordPress/6.3.2; https://talmedos.com"
5.179.80.204 - - [01/Nov/2023:09:51:19 +0000] "POST /wp-admin/admin-ajax.php HTTP/1.1" 200 4284 "https://talmedos.com/wp-admin/about.php" "Mozilla/5.0 (Macintosh; Intel Mac OS X 10_15_7) AppleWebKit/537.36 (KHTML, like Gecko) Chrome/118.0.0.0 Safari/537.36"
5.179.80.204 - - [01/Nov/2023:09:51:19 +0000] "POST /wp-admin/admin-ajax.php HTTP/1.1" 200 1180 "https://talmedos.com/wp-admin/post-new.php?post_type=page" "Mozilla/5.0 (Macintosh; Intel Mac OS X 10_15_7) AppleWebKit/537.36 (KHTML, like Gecko) Chrome/118.0.0.0 Safari/537.36"
46.101.144.32 - - [01/Nov/2023:09:52:19 +0000] "POST /wp-cron.php?doing_wp_cron=1698832339.4348390102386474609375 HTTP/1.1" 200 3995 "-" "WordPress/6.3.2; https://talmedos.com"
46.101.144.32 - - [01/Nov/2023:09:52:19 +0000] "POST /wp-cron.php?doing_wp_cron=1698832339.4373719692230224609375 HTTP/1.1" 200 3995 "-" "WordPress/6.3.2; https://talmedos.com"
5.179.80.204 - - [01/Nov/2023:09:52:19 +0000] "POST /wp-admin/admin-ajax.php HTTP/1.1" 200 1129 "https://talmedos.com/wp-admin/about.php" "Mozilla/5.0 (Macintosh; Intel Mac OS X 10_15_7) AppleWebKit/537.36 (KHTML, like Gecko) Chrome/118.0.0.0 Safari/537.36"
5.179.80.204 - - [01/Nov/2023:09:52:19 +0000] "POST /wp-admin/admin-ajax.php HTTP/1.1" 200 1180 "https://talmedos.com/wp-admin/post-new.php?post_type=page" "Mozilla/5.0 (Macintosh; Intel Mac OS X 10_15_7) AppleWebKit/537.36 (KHTML, like Gecko) Chrome/118.0.0.0 Safari/537.36"
68.178.145.13 - - [01/Nov/2023:09:52:43 +0000] "POST /xmlrpc.php HTTP/1.1" 200 3625 "-" "Mozilla/5.0 (X11; Fedora; Linux x86_64; rv:94.0) Gecko/20100101 Firefox/95.0"
5.179.80.204 - - [01/Nov/2023:09:52:52 +0000] "POST /wp-admin/admin-ajax.php HTTP/1.1" 200 1129 "https://talmedos.com/wp-admin/themes.php" "Mozilla/5.0 (Macintosh; Intel Mac OS X 10_15_7) AppleWebKit/537.36 (KHTML, like Gecko) Chrome/118.0.0.0 Safari/537.36"
5.179.80.204 - - [01/Nov/2023:09:54:19 +0000] "POST /wp-admin/admin-ajax.php HTTP/1.1" 200 1129 "https://talmedos.com/wp-admin/about.php" "Mozilla/5.0 (Macintosh; Intel Mac OS X 10_15_7) AppleWebKit/537.36 (KHTML, like Gecko) Chrome/118.0.0.0 Safari/537.36"
5.179.80.204 - - [01/Nov/2023:09:54:19 +0000] "POST /wp-admin/admin-ajax.php HTTP/1.1" 200 1180 "https://talmedos.com/wp-admin/post-new.php?post_type=page" "Mozilla/5.0 (Macintosh; Intel Mac OS X 10_15_7) AppleWebKit/537.36 (KHTML, like Gecko) Chrome/118.0.0.0 Safari/537.36"
192.0.102.40 - - [01/Nov/2023:09:54:25 +0000] "HEAD / HTTP/1.1" 200 3915 "-" "jetmon/1.0 (Jetpack Site Uptime Monitor by WordPress.com)"
5.179.80.204 - - [01/Nov/2023:09:54:53 +0000] "POST /wp-admin/admin-ajax.php HTTP/1.1" 200 1129 "https://talmedos.com/wp-admin/themes.php" "Mozilla/5.0 (Macintosh; Intel Mac OS X 10_15_7) AppleWebKit/537.36 (KHTML, like Gecko) Chrome/118.0.0.0 Safari/537.36"
5.179.80.204 - - [01/Nov/2023:09:55:34 +0000] "POST /wp-admin/admin-ajax.php HTTP/1.1" 200 1129 "https://talmedos.com/wp-admin/about.php" "Mozilla/5.0 (Macintosh; Intel Mac OS X 10_15_7) AppleWebKit/537.36 (KHTML, like Gecko) Chrome/118.0.0.0 Safari/537.36"
46.101.144.32 - - [01/Nov/2023:09:56:19 +0000] "POST /wp-cron.php?doing_wp_cron=1698832579.3853299617767333984375 HTTP/1.1" 200 3995 "-" "WordPress/6.3.2; https://talmedos.com"
5.179.80.204 - - [01/Nov/2023:09:56:19 +0000] "POST /wp-admin/admin-ajax.php HTTP/1.1" 200 1180 "https://talmedos.com/wp-admin/post-new.php?post_type=page" "Mozilla/5.0 (Macintosh; Intel Mac OS X 10_15_7) AppleWebKit/537.36 (KHTML, like Gecko) Chrome/118.0.0.0 Safari/537.36"
46.101.144.32 - - [01/Nov/2023:09:56:34 +0000] "POST /wp-cron.php?doing_wp_cron=1698832594.0413339138031005859375 HTTP/1.1" 200 3995 "-" "WordPress/6.3.2; https://talmedos.com"
5.179.80.204 - - [01/Nov/2023:09:56:33 +0000] "POST /wp-admin/admin-ajax.php HTTP/1.1" 200 1129 "https://talmedos.com/wp-admin/about.php" "Mozilla/5.0 (Macintosh; Intel Mac OS X 10_15_7) AppleWebKit/537.36 (KHTML, like Gecko) Chrome/118.0.0.0 Safari/537.36"
5.179.80.204 - - [01/Nov/2023:09:56:54 +0000] "POST /wp-admin/admin-ajax.php HTTP/1.1" 200 1129 "https://talmedos.com/wp-admin/themes.php" "Mozilla/5.0 (Macintosh; Intel Mac OS X 10_15_7) AppleWebKit/537.36 (KHTML, like Gecko) Chrome/118.0.0.0 Safari/537.36"
5.179.80.204 - - [01/Nov/2023:09:58:19 +0000] "POST /wp-admin/admin-ajax.php HTTP/1.1" 200 1180 "https://talmedos.com/wp-admin/post-new.php?post_type=page" "Mozilla/5.0 (Macintosh; Intel Mac OS X 10_15_7) AppleWebKit/537.36 (KHTML, like Gecko) Chrome/118.0.0.0 Safari/537.36"
5.179.80.204 - - [01/Nov/2023:09:58:33 +0000] "POST /wp-admin/admin-ajax.php HTTP/1.1" 200 1129 "https://talmedos.com/wp-admin/about.php" "Mozilla/5.0 (Macintosh; Intel Mac OS X 10_15_7) AppleWebKit/537.36 (KHTML, like Gecko) Chrome/118.0.0.0 Safari/537.36"
5.179.80.204 - - [01/Nov/2023:09:58:55 +0000] "POST /wp-admin/admin-ajax.php HTTP/1.1" 200 1129 "https://talmedos.com/wp-admin/themes.php" "Mozilla/5.0 (Macintosh; Intel Mac OS X 10_15_7) AppleWebKit/537.36 (KHTML, like Gecko) Chrome/118.0.0.0 Safari/537.36"
146.19.213.11 - - [01/Nov/2023:09:58:55 +0000] "POST /xmlrpc.php HTTP/1.1" 200 3608 "-" "Mozilla/5.0 (X11; Fedora; Linux x86_64; rv:94.0) Gecko/20100101 Firefox/95.0"
192.0.102.40 - - [01/Nov/2023:09:59:26 +0000] "HEAD / HTTP/1.1" 200 3915 "-" "jetmon/1.0 (Jetpack Site Uptime Monitor by WordPress.com)"
5.179.80.204 - - [01/Nov/2023:10:00:19 +0000] "POST /wp-admin/admin-ajax.php HTTP/1.1" 200 1180 "https://talmedos.com/wp-admin/post-new.php?post_type=page" "Mozilla/5.0 (Macintosh; Intel Mac OS X 10_15_7) AppleWebKit/537.36 (KHTML, like Gecko) Chrome/118.0.0.0 Safari/537.36"
5.179.80.204 - - [01/Nov/2023:10:00:33 +0000] "POST /wp-admin/admin-ajax.php HTTP/1.1" 200 1129 "https://talmedos.com/wp-admin/about.php" "Mozilla/5.0 (Macintosh; Intel Mac OS X 10_15_7) AppleWebKit/537.36 (KHTML, like Gecko) Chrome/118.0.0.0 Safari/537.36"
5.179.80.204 - - [01/Nov/2023:10:00:56 +0000] "POST /wp-admin/admin-ajax.php HTTP/1.1" 200 1129 "https://talmedos.com/wp-admin/themes.php" "Mozilla/5.0 (Macintosh; Intel Mac OS X 10_15_7) AppleWebKit/537.36 (KHTML, like Gecko) Chrome/118.0.0.0 Safari/537.36"
46.101.144.32 - - [01/Nov/2023:10:02:19 +0000] "POST /wp-cron.php?doing_wp_cron=1698832939.3980910778045654296875 HTTP/1.1" 200 3995 "-" "WordPress/6.3.2; https://talmedos.com"
5.179.80.204 - - [01/Nov/2023:10:02:19 +0000] "POST /wp-admin/admin-ajax.php HTTP/1.1" 200 1180 "https://talmedos.com/wp-admin/post-new.php?post_type=page" "Mozilla/5.0 (Macintosh; Intel Mac OS X 10_15_7) AppleWebKit/537.36 (KHTML, like Gecko) Chrome/118.0.0.0 Safari/537.36"
5.179.80.204 - - [01/Nov/2023:10:02:33 +0000] "POST /wp-admin/admin-ajax.php HTTP/1.1" 200 1129 "https://talmedos.com/wp-admin/about.php" "Mozilla/5.0 (Macintosh; Intel Mac OS X 10_15_7) AppleWebKit/537.36 (KHTML, like Gecko) Chrome/118.0.0.0 Safari/537.36"
5.179.80.204 - - [01/Nov/2023:10:02:57 +0000] "POST /wp-admin/admin-ajax.php HTTP/1.1" 200 1129 "https://talmedos.com/wp-admin/themes.php" "Mozilla/5.0 (Macintosh; Intel Mac OS X 10_15_7) AppleWebKit/537.36 (KHTML, like Gecko) Chrome/118.0.0.0 Safari/537.36"
192.0.102.40 - - [01/Nov/2023:10:04:26 +0000] "HEAD / HTTP/1.1" 200 3915 "-" "jetmon/1.0 (Jetpack Site Uptime Monitor by WordPress.com)"
5.179.80.204 - - [01/Nov/2023:10:04:33 +0000] "POST /wp-admin/admin-ajax.php HTTP/1.1" 200 1129 "https://talmedos.com/wp-admin/about.php" "Mozilla/5.0 (Macintosh; Intel Mac OS X 10_15_7) AppleWebKit/537.36 (KHTML, like Gecko) Chrome/118.0.0.0 Safari/537.36"
5.179.80.204 - - [01/Nov/2023:10:04:58 +0000] "POST /wp-admin/admin-ajax.php HTTP/1.1" 200 1129 "https://talmedos.com/wp-admin/themes.php" "Mozilla/5.0 (Macintosh; Intel Mac OS X 10_15_7) AppleWebKit/537.36 (KHTML, like Gecko) Chrome/118.0.0.0 Safari/537.36"
190.92.152.94 - - [01/Nov/2023:10:05:09 +0000] "POST /xmlrpc.php HTTP/1.1" 200 3625 "-" "Mozilla/5.0 (X11; Fedora; Linux x86_64; rv:94.0) Gecko/20100101 Firefox/95.0"
46.101.144.32 - - [01/Nov/2023:10:06:59 +0000] "POST /wp-cron.php?doing_wp_cron=1698833219.1762440204620361328125 HTTP/1.1" 200 3995 "-" "WordPress/6.3.2; https://talmedos.com"
5.179.80.204 - - [01/Nov/2023:10:06:59 +0000] "POST /wp-admin/admin-ajax.php HTTP/1.1" 200 1129 "https://talmedos.com/wp-admin/themes.php" "Mozilla/5.0 (Macintosh; Intel Mac OS X 10_15_7) AppleWebKit/537.36 (KHTML, like Gecko) Chrome/118.0.0.0 Safari/537.36"
5.179.80.204 - - [01/Nov/2023:10:07:54 +0000] "POST /wp-admin/admin-ajax.php HTTP/1.1" 200 1129 "https://talmedos.com/wp-admin/about.php" "Mozilla/5.0 (Macintosh; Intel Mac OS X 10_15_7) AppleWebKit/537.36 (KHTML, like Gecko) Chrome/118.0.0.0 Safari/537.36"
5.179.80.204 - - [01/Nov/2023:10:07:54 +0000] "POST /wp-admin/admin-ajax.php HTTP/1.1" 200 4335 "https://talmedos.com/wp-admin/post-new.php?post_type=page" "Mozilla/5.0 (Macintosh; Intel Mac OS X 10_15_7) AppleWebKit/537.36 (KHTML, like Gecko) Chrome/118.0.0.0 Safari/537.36"
5.179.80.204 - - [01/Nov/2023:10:08:55 +0000] "POST /wp-admin/admin-ajax.php HTTP/1.1" 200 1129 "https://talmedos.com/wp-admin/about.php" "Mozilla/5.0 (Macintosh; Intel Mac OS X 10_15_7) AppleWebKit/537.36 (KHTML, like Gecko) Chrome/118.0.0.0 Safari/537.36"
5.179.80.204 - - [01/Nov/2023:10:08:55 +0000] "POST /wp-admin/admin-ajax.php HTTP/1.1" 200 1180 "https://talmedos.com/wp-admin/post-new.php?post_type=page" "Mozilla/5.0 (Macintosh; Intel Mac OS X 10_15_7) AppleWebKit/537.36 (KHTML, like Gecko) Chrome/118.0.0.0 Safari/537.36"
5.179.80.204 - - [01/Nov/2023:10:09:00 +0000] "POST /wp-admin/admin-ajax.php HTTP/1.1" 200 617 "https://talmedos.com/wp-admin/themes.php" "Mozilla/5.0 (Macintosh; Intel Mac OS X 10_15_7) AppleWebKit/537.36 (KHTML, like Gecko) Chrome/118.0.0.0 Safari/537.36"
192.0.102.40 - - [01/Nov/2023:10:09:25 +0000] "HEAD / HTTP/1.1" 200 3915 "-" "jetmon/1.0 (Jetpack Site Uptime Monitor by WordPress.com)"
5.179.80.204 - - [01/Nov/2023:10:10:56 +0000] "POST /wp-admin/admin-ajax.php HTTP/1.1" 200 1129 "https://talmedos.com/wp-admin/about.php" "Mozilla/5.0 (Macintosh; Intel Mac OS X 10_15_7) AppleWebKit/537.36 (KHTML, like Gecko) Chrome/118.0.0.0 Safari/537.36"
5.179.80.204 - - [01/Nov/2023:10:10:56 +0000] "POST /wp-admin/admin-ajax.php HTTP/1.1" 200 1180 "https://talmedos.com/wp-admin/post-new.php?post_type=page" "Mozilla/5.0 (Macintosh; Intel Mac OS X 10_15_7) AppleWebKit/537.36 (KHTML, like Gecko) Chrome/118.0.0.0 Safari/537.36"
46.101.144.32 - - [01/Nov/2023:10:11:01 +0000] "POST /wp-cron.php?doing_wp_cron=1698833461.1223819255828857421875 HTTP/1.1" 200 3995 "-" "WordPress/6.3.2; https://talmedos.com"
5.179.80.204 - - [01/Nov/2023:10:11:01 +0000] "POST /wp-admin/admin-ajax.php HTTP/1.1" 200 617 "https://talmedos.com/wp-admin/themes.php" "Mozilla/5.0 (Macintosh; Intel Mac OS X 10_15_7) AppleWebKit/537.36 (KHTML, like Gecko) Chrome/118.0.0.0 Safari/537.36"
46.101.144.32 - - [01/Nov/2023:10:11:37 +0000] "POST /wp-cron.php?doing_wp_cron=1698833497.1133370399475097656250 HTTP/1.1" 200 3995 "-" "WordPress/6.3.2; https://talmedos.com"
83.143.116.3 - - [01/Nov/2023:10:11:37 +0000] "POST /xmlrpc.php HTTP/1.1" 200 3624 "-" "Mozilla/5.0 (X11; Fedora; Linux x86_64; rv:94.0) Gecko/20100101 Firefox/95.0"
5.179.80.204 - - [01/Nov/2023:10:12:56 +0000] "POST /wp-admin/admin-ajax.php HTTP/1.1" 200 1129 "https://talmedos.com/wp-admin/about.php" "Mozilla/5.0 (Macintosh; Intel Mac OS X 10_15_7) AppleWebKit/537.36 (KHTML, like Gecko) Chrome/118.0.0.0 Safari/537.36"
5.179.80.204 - - [01/Nov/2023:10:12:57 +0000] "POST /wp-admin/admin-ajax.php HTTP/1.1" 200 668 "https://talmedos.com/wp-admin/post-new.php?post_type=page" "Mozilla/5.0 (Macintosh; Intel Mac OS X 10_15_7) AppleWebKit/537.36 (KHTML, like Gecko) Chrome/118.0.0.0 Safari/537.36"
5.179.80.204 - - [01/Nov/2023:10:13:02 +0000] "POST /wp-admin/admin-ajax.php HTTP/1.1" 200 617 "https://talmedos.com/wp-admin/themes.php" "Mozilla/5.0 (Macintosh; Intel Mac OS X 10_15_7) AppleWebKit/537.36 (KHTML, like Gecko) Chrome/118.0.0.0 Safari/537.36"
192.0.102.40 - - [01/Nov/2023:10:14:26 +0000] "HEAD / HTTP/1.1" 200 3915 "-" "jetmon/1.0 (Jetpack Site Uptime Monitor by WordPress.com)"
5.179.80.204 - - [01/Nov/2023:10:14:57 +0000] "POST /wp-admin/admin-ajax.php HTTP/1.1" 200 1129 "https://talmedos.com/wp-admin/about.php" "Mozilla/5.0 (Macintosh; Intel Mac OS X 10_15_7) AppleWebKit/537.36 (KHTML, like Gecko) Chrome/118.0.0.0 Safari/537.36"
5.179.80.204 - - [01/Nov/2023:10:14:58 +0000] "POST /wp-admin/admin-ajax.php HTTP/1.1" 200 668 "https://talmedos.com/wp-admin/post-new.php?post_type=page" "Mozilla/5.0 (Macintosh; Intel Mac OS X 10_15_7) AppleWebKit/537.36 (KHTML, like Gecko) Chrome/118.0.0.0 Safari/537.36"
5.179.80.204 - - [01/Nov/2023:10:15:03 +0000] "POST /wp-admin/admin-ajax.php HTTP/1.1" 200 617 "https://talmedos.com/wp-admin/themes.php" "Mozilla/5.0 (Macintosh; Intel Mac OS X 10_15_7) AppleWebKit/537.36 (KHTML, like Gecko) Chrome/118.0.0.0 Safari/537.36"
46.101.144.32 - - [01/Nov/2023:10:16:58 +0000] "POST /wp-cron.php?doing_wp_cron=1698833818.1659889221191406250000 HTTP/1.1" 200 3995 "-" "WordPress/6.3.2; https://talmedos.com"
5.179.80.204 - - [01/Nov/2023:10:16:58 +0000] "POST /wp-admin/admin-ajax.php HTTP/1.1" 200 1129 "https://talmedos.com/wp-admin/about.php" "Mozilla/5.0 (Macintosh; Intel Mac OS X 10_15_7) AppleWebKit/537.36 (KHTML, like Gecko) Chrome/118.0.0.0 Safari/537.36"
5.179.80.204 - - [01/Nov/2023:10:16:59 +0000] "POST /wp-admin/admin-ajax.php HTTP/1.1" 200 668 "https://talmedos.com/wp-admin/post-new.php?post_type=page" "Mozilla/5.0 (Macintosh; Intel Mac OS X 10_15_7) AppleWebKit/537.36 (KHTML, like Gecko) Chrome/118.0.0.0 Safari/537.36"
5.179.80.204 - - [01/Nov/2023:10:17:04 +0000] "POST /wp-admin/admin-ajax.php HTTP/1.1" 200 617 "https://talmedos.com/wp-admin/themes.php" "Mozilla/5.0 (Macintosh; Intel Mac OS X 10_15_7) AppleWebKit/537.36 (KHTML, like Gecko) Chrome/118.0.0.0 Safari/537.36"
162.0.231.109 - - [01/Nov/2023:10:17:57 +0000] "POST /xmlrpc.php HTTP/1.1" 200 3609 "-" "Mozilla/5.0 (X11; Fedora; Linux x86_64; rv:94.0) Gecko/20100101 Firefox/95.0"
5.179.80.204 - - [01/Nov/2023:10:19:05 +0000] "POST /wp-admin/admin-ajax.php HTTP/1.1" 200 1129 "https://talmedos.com/wp-admin/themes.php" "Mozilla/5.0 (Macintosh; Intel Mac OS X 10_15_7) AppleWebKit/537.36 (KHTML, like Gecko) Chrome/118.0.0.0 Safari/537.36"
192.0.102.40 - - [01/Nov/2023:10:19:25 +0000] "HEAD / HTTP/1.1" 200 3915 "-" "jetmon/1.0 (Jetpack Site Uptime Monitor by WordPress.com)"
46.101.144.32 - - [01/Nov/2023:10:21:06 +0000] "POST /wp-cron.php?doing_wp_cron=1698834066.1655340194702148437500 HTTP/1.1" 200 3995 "-" "WordPress/6.3.2; https://talmedos.com"
5.179.80.204 - - [01/Nov/2023:10:21:06 +0000] "POST /wp-admin/admin-ajax.php HTTP/1.1" 200 1129 "https://talmedos.com/wp-admin/themes.php" "Mozilla/5.0 (Macintosh; Intel Mac OS X 10_15_7) AppleWebKit/537.36 (KHTML, like Gecko) Chrome/118.0.0.0 Safari/537.36"
46.101.144.32 - - [01/Nov/2023:10:22:40 +0000] "POST /wp-cron.php?doing_wp_cron=1698834160.0567259788513183593750 HTTP/1.1" 200 3995 "-" "WordPress/6.3.2; https://talmedos.com"
83.97.73.87 - - [01/Nov/2023:10:22:40 +0000] "GET /?XDEBUG_SESSION_START=phpstorm HTTP/1.1" 301 3912 "-" "Mozilla/5.0 (Windows NT 10.0; Win64; x64) AppleWebKit/537.36 (KHTML, like Gecko) Chrome/78.0.3904.108 Safari/537.36"
83.97.73.87 - - [01/Nov/2023:10:22:43 +0000] "GET /?XDEBUG_SESSION_START=phpstorm HTTP/1.1" 200 9039 "https://46.101.144.32:443/?XDEBUG_SESSION_START=phpstorm" "Mozilla/5.0 (Windows NT 10.0; Win64; x64) AppleWebKit/537.36 (KHTML, like Gecko) Chrome/78.0.3904.108 Safari/537.36"
5.179.80.204 - - [01/Nov/2023:10:23:07 +0000] "POST /wp-admin/admin-ajax.php HTTP/1.1" 200 1129 "https://talmedos.com/wp-admin/themes.php" "Mozilla/5.0 (Macintosh; Intel Mac OS X 10_15_7) AppleWebKit/537.36 (KHTML, like Gecko) Chrome/118.0.0.0 Safari/537.36"
192.0.102.40 - - [01/Nov/2023:10:24:25 +0000] "HEAD / HTTP/1.1" 200 3915 "-" "jetmon/1.0 (Jetpack Site Uptime Monitor by WordPress.com)"
5.179.80.204 - - [01/Nov/2023:10:25:08 +0000] "POST /wp-admin/admin-ajax.php HTTP/1.1" 200 1129 "https://talmedos.com/wp-admin/themes.php" "Mozilla/5.0 (Macintosh; Intel Mac OS X 10_15_7) AppleWebKit/537.36 (KHTML, like Gecko) Chrome/118.0.0.0 Safari/537.36"
46.101.144.32 - - [01/Nov/2023:10:27:09 +0000] "POST /wp-cron.php?doing_wp_cron=1698834429.1704208850860595703125 HTTP/1.1" 200 3995 "-" "WordPress/6.3.2; https://talmedos.com"
5.179.80.204 - - [01/Nov/2023:10:27:09 +0000] "POST /wp-admin/admin-ajax.php HTTP/1.1" 200 1129 "https://talmedos.com/wp-admin/themes.php" "Mozilla/5.0 (Macintosh; Intel Mac OS X 10_15_7) AppleWebKit/537.36 (KHTML, like Gecko) Chrome/118.0.0.0 Safari/537.36"
5.179.80.204 - - [01/Nov/2023:10:29:10 +0000] "POST /wp-admin/admin-ajax.php HTTP/1.1" 200 1129 "https://talmedos.com/wp-admin/themes.php" "Mozilla/5.0 (Macintosh; Intel Mac OS X 10_15_7) AppleWebKit/537.36 (KHTML, like Gecko) Chrome/118.0.0.0 Safari/537.36"
192.0.102.40 - - [01/Nov/2023:10:29:26 +0000] "HEAD / HTTP/1.1" 200 3915 "-" "jetmon/1.0 (Jetpack Site Uptime Monitor by WordPress.com)"
35.219.66.183 - - [01/Nov/2023:10:30:57 +0000] "POST /xmlrpc.php HTTP/1.1" 200 3625 "-" "Mozilla/5.0 (X11; Fedora; Linux x86_64; rv:94.0) Gecko/20100101 Firefox/95.0"
46.101.144.32 - - [01/Nov/2023:10:31:11 +0000] "POST /wp-cron.php?doing_wp_cron=1698834671.1973841190338134765625 HTTP/1.1" 200 3995 "-" "WordPress/6.3.2; https://talmedos.com"
5.179.80.204 - - [01/Nov/2023:10:31:11 +0000] "POST /wp-admin/admin-ajax.php HTTP/1.1" 200 1129 "https://talmedos.com/wp-admin/themes.php" "Mozilla/5.0 (Macintosh; Intel Mac OS X 10_15_7) AppleWebKit/537.36 (KHTML, like Gecko) Chrome/118.0.0.0 Safari/537.36"
46.101.144.32 - - [01/Nov/2023:10:33:12 +0000] "POST /wp-cron.php?doing_wp_cron=1698834792.1709730625152587890625 HTTP/1.1" 200 3995 "-" "WordPress/6.3.2; https://talmedos.com"
5.179.80.204 - - [01/Nov/2023:10:33:12 +0000] "POST /wp-admin/admin-ajax.php HTTP/1.1" 200 1129 "https://talmedos.com/wp-admin/themes.php" "Mozilla/5.0 (Macintosh; Intel Mac OS X 10_15_7) AppleWebKit/537.36 (KHTML, like Gecko) Chrome/118.0.0.0 Safari/537.36"
192.0.102.40 - - [01/Nov/2023:10:34:25 +0000] "HEAD / HTTP/1.1" 200 3915 "-" "jetmon/1.0 (Jetpack Site Uptime Monitor by WordPress.com)"
5.179.80.204 - - [01/Nov/2023:10:35:13 +0000] "POST /wp-admin/admin-ajax.php HTTP/1.1" 200 1129 "https://talmedos.com/wp-admin/themes.php" "Mozilla/5.0 (Macintosh; Intel Mac OS X 10_15_7) AppleWebKit/537.36 (KHTML, like Gecko) Chrome/118.0.0.0 Safari/537.36"
46.101.144.32 - - [01/Nov/2023:10:37:14 +0000] "POST /wp-cron.php?doing_wp_cron=1698835034.1785159111022949218750 HTTP/1.1" 200 3995 "-" "WordPress/6.3.2; https://talmedos.com"
5.179.80.204 - - [01/Nov/2023:10:37:14 +0000] "POST /wp-admin/admin-ajax.php HTTP/1.1" 200 1129 "https://talmedos.com/wp-admin/themes.php" "Mozilla/5.0 (Macintosh; Intel Mac OS X 10_15_7) AppleWebKit/537.36 (KHTML, like Gecko) Chrome/118.0.0.0 Safari/537.36"
190.92.152.94 - - [01/Nov/2023:10:37:46 +0000] "POST /xmlrpc.php HTTP/1.1" 200 3625 "-" "Mozilla/5.0 (X11; Fedora; Linux x86_64; rv:94.0) Gecko/20100101 Firefox/95.0"
46.101.144.32 - - [01/Nov/2023:10:39:15 +0000] "POST /wp-cron.php?doing_wp_cron=1698835155.1923589706420898437500 HTTP/1.1" 200 3995 "-" "WordPress/6.3.2; https://talmedos.com"
5.179.80.204 - - [01/Nov/2023:10:39:15 +0000] "POST /wp-admin/admin-ajax.php HTTP/1.1" 200 1129 "https://talmedos.com/wp-admin/themes.php" "Mozilla/5.0 (Macintosh; Intel Mac OS X 10_15_7) AppleWebKit/537.36 (KHTML, like Gecko) Chrome/118.0.0.0 Safari/537.36"
192.0.102.40 - - [01/Nov/2023:10:39:25 +0000] "HEAD / HTTP/1.1" 200 3915 "-" "jetmon/1.0 (Jetpack Site Uptime Monitor by WordPress.com)"
46.101.144.32 - - [01/Nov/2023:10:41:16 +0000] "POST /wp-cron.php?doing_wp_cron=1698835276.1789059638977050781250 HTTP/1.1" 200 3995 "-" "WordPress/6.3.2; https://talmedos.com"
5.179.80.204 - - [01/Nov/2023:10:41:16 +0000] "POST /wp-admin/admin-ajax.php HTTP/1.1" 200 1129 "https://talmedos.com/wp-admin/themes.php" "Mozilla/5.0 (Macintosh; Intel Mac OS X 10_15_7) AppleWebKit/537.36 (KHTML, like Gecko) Chrome/118.0.0.0 Safari/537.36"
46.101.144.32 - - [01/Nov/2023:10:43:17 +0000] "POST /wp-cron.php?doing_wp_cron=1698835397.1888709068298339843750 HTTP/1.1" 200 3995 "-" "WordPress/6.3.2; https://talmedos.com"
5.179.80.204 - - [01/Nov/2023:10:43:17 +0000] "POST /wp-admin/admin-ajax.php HTTP/1.1" 200 1129 "https://talmedos.com/wp-admin/themes.php" "Mozilla/5.0 (Macintosh; Intel Mac OS X 10_15_7) AppleWebKit/537.36 (KHTML, like Gecko) Chrome/118.0.0.0 Safari/537.36"
141.148.159.69 - - [01/Nov/2023:10:44:10 +0000] "POST /xmlrpc.php HTTP/1.1" 200 3625 "-" "Mozilla/5.0 (X11; Fedora; Linux x86_64; rv:94.0) Gecko/20100101 Firefox/95.0"
192.0.102.40 - - [01/Nov/2023:10:44:25 +0000] "HEAD / HTTP/1.1" 200 3915 "-" "jetmon/1.0 (Jetpack Site Uptime Monitor by WordPress.com)"
46.101.144.32 - - [01/Nov/2023:10:45:18 +0000] "POST /wp-cron.php?doing_wp_cron=1698835518.1944060325622558593750 HTTP/1.1" 200 3995 "-" "WordPress/6.3.2; https://talmedos.com"
5.179.80.204 - - [01/Nov/2023:10:45:18 +0000] "POST /wp-admin/admin-ajax.php HTTP/1.1" 200 1129 "https://talmedos.com/wp-admin/themes.php" "Mozilla/5.0 (Macintosh; Intel Mac OS X 10_15_7) AppleWebKit/537.36 (KHTML, like Gecko) Chrome/118.0.0.0 Safari/537.36"
46.101.144.32 - - [01/Nov/2023:10:47:19 +0000] "POST /wp-cron.php?doing_wp_cron=1698835639.2001070976257324218750 HTTP/1.1" 200 3995 "-" "WordPress/6.3.2; https://talmedos.com"
5.179.80.204 - - [01/Nov/2023:10:47:19 +0000] "POST /wp-admin/admin-ajax.php HTTP/1.1" 200 1129 "https://talmedos.com/wp-admin/themes.php" "Mozilla/5.0 (Macintosh; Intel Mac OS X 10_15_7) AppleWebKit/537.36 (KHTML, like Gecko) Chrome/118.0.0.0 Safari/537.36"
5.179.80.204 - - [01/Nov/2023:10:49:20 +0000] "POST /wp-admin/admin-ajax.php HTTP/1.1" 200 1129 "https://talmedos.com/wp-admin/themes.php" "Mozilla/5.0 (Macintosh; Intel Mac OS X 10_15_7) AppleWebKit/537.36 (KHTML, like Gecko) Chrome/118.0.0.0 Safari/537.36"
192.0.102.40 - - [01/Nov/2023:10:49:25 +0000] "HEAD / HTTP/1.1" 200 3915 "-" "jetmon/1.0 (Jetpack Site Uptime Monitor by WordPress.com)"
46.101.144.32 - - [01/Nov/2023:10:50:58 +0000] "POST /wp-cron.php?doing_wp_cron=1698835858.8974659442901611328125 HTTP/1.1" 200 3995 "-" "WordPress/6.3.2; https://talmedos.com"
69.163.225.126 - - [01/Nov/2023:10:50:58 +0000] "POST /xmlrpc.php HTTP/1.1" 200 3610 "-" "Mozilla/5.0 (X11; Fedora; Linux x86_64; rv:94.0) Gecko/20100101 Firefox/95.0"
5.179.80.204 - - [01/Nov/2023:10:51:21 +0000] "POST /wp-admin/admin-ajax.php HTTP/1.1" 200 1129 "https://talmedos.com/wp-admin/themes.php" "Mozilla/5.0 (Macintosh; Intel Mac OS X 10_15_7) AppleWebKit/537.36 (KHTML, like Gecko) Chrome/118.0.0.0 Safari/537.36"
46.101.144.32 - - [01/Nov/2023:10:53:22 +0000] "POST /wp-cron.php?doing_wp_cron=1698836002.1986138820648193359375 HTTP/1.1" 200 3995 "-" "WordPress/6.3.2; https://talmedos.com"
5.179.80.204 - - [01/Nov/2023:10:53:22 +0000] "POST /wp-admin/admin-ajax.php HTTP/1.1" 200 1129 "https://talmedos.com/wp-admin/themes.php" "Mozilla/5.0 (Macintosh; Intel Mac OS X 10_15_7) AppleWebKit/537.36 (KHTML, like Gecko) Chrome/118.0.0.0 Safari/537.36"
192.0.102.40 - - [01/Nov/2023:10:54:36 +0000] "HEAD / HTTP/1.1" 200 3915 "-" "jetmon/1.0 (Jetpack Site Uptime Monitor by WordPress.com)"
5.179.80.204 - - [01/Nov/2023:10:55:23 +0000] "POST /wp-admin/admin-ajax.php HTTP/1.1" 200 1129 "https://talmedos.com/wp-admin/themes.php" "Mozilla/5.0 (Macintosh; Intel Mac OS X 10_15_7) AppleWebKit/537.36 (KHTML, like Gecko) Chrome/118.0.0.0 Safari/537.36"
46.101.144.32 - - [01/Nov/2023:10:57:05 +0000] "POST /wp-cron.php?doing_wp_cron=1698836225.0549330711364746093750 HTTP/1.1" 200 3995 "-" "WordPress/6.3.2; https://talmedos.com"
167.94.138.124 - - [01/Nov/2023:10:57:05 +0000] "GET / HTTP/1.1" 301 3863 "-" "-"
167.94.138.124 - - [01/Nov/2023:10:57:05 +0000] "GET / HTTP/1.1" 200 9020 "-" "Mozilla/5.0 (compatible; CensysInspect/1.1; +https://about.censys.io/)"
167.94.138.124 - - [01/Nov/2023:10:57:06 +0000] "GET /favicon.ico HTTP/1.1" 404 4097 "-" "Mozilla/5.0 (compatible; CensysInspect/1.1; +https://about.censys.io/)"
5.179.80.204 - - [01/Nov/2023:10:57:24 +0000] "POST /wp-admin/admin-ajax.php HTTP/1.1" 200 1129 "https://talmedos.com/wp-admin/themes.php" "Mozilla/5.0 (Macintosh; Intel Mac OS X 10_15_7) AppleWebKit/537.36 (KHTML, like Gecko) Chrome/118.0.0.0 Safari/537.36"
31.186.172.143 - - [01/Nov/2023:10:57:43 +0000] "POST /xmlrpc.php HTTP/1.1" 200 3625 "-" "Mozilla/5.0 (X11; Fedora; Linux x86_64; rv:94.0) Gecko/20100101 Firefox/95.0"
5.179.80.204 - - [01/Nov/2023:10:59:25 +0000] "POST /wp-admin/admin-ajax.php HTTP/1.1" 200 1129 "https://talmedos.com/wp-admin/themes.php" "Mozilla/5.0 (Macintosh; Intel Mac OS X 10_15_7) AppleWebKit/537.36 (KHTML, like Gecko) Chrome/118.0.0.0 Safari/537.36"
192.0.102.40 - - [01/Nov/2023:10:59:25 +0000] "HEAD / HTTP/1.1" 200 3915 "-" "jetmon/1.0 (Jetpack Site Uptime Monitor by WordPress.com)"
46.101.144.32 - - [01/Nov/2023:11:01:26 +0000] "POST /wp-cron.php?doing_wp_cron=1698836486.2055780887603759765625 HTTP/1.1" 200 3995 "-" "WordPress/6.3.2; https://talmedos.com"
5.179.80.204 - - [01/Nov/2023:11:01:26 +0000] "POST /wp-admin/admin-ajax.php HTTP/1.1" 200 1129 "https://talmedos.com/wp-admin/themes.php" "Mozilla/5.0 (Macintosh; Intel Mac OS X 10_15_7) AppleWebKit/537.36 (KHTML, like Gecko) Chrome/118.0.0.0 Safari/537.36"
46.101.144.32 - - [01/Nov/2023:11:03:27 +0000] "POST /wp-cron.php?doing_wp_cron=1698836607.2089650630950927734375 HTTP/1.1" 200 3995 "-" "WordPress/6.3.2; https://talmedos.com"
5.179.80.204 - - [01/Nov/2023:11:03:27 +0000] "POST /wp-admin/admin-ajax.php HTTP/1.1" 200 1129 "https://talmedos.com/wp-admin/themes.php" "Mozilla/5.0 (Macintosh; Intel Mac OS X 10_15_7) AppleWebKit/537.36 (KHTML, like Gecko) Chrome/118.0.0.0 Safari/537.36"
192.0.102.40 - - [01/Nov/2023:11:04:25 +0000] "HEAD / HTTP/1.1" 200 3915 "-" "jetmon/1.0 (Jetpack Site Uptime Monitor by WordPress.com)"
50.62.177.12 - - [01/Nov/2023:11:04:32 +0000] "POST /xmlrpc.php HTTP/1.1" 200 3624 "-" "Mozilla/5.0 (X11; Fedora; Linux x86_64; rv:94.0) Gecko/20100101 Firefox/95.0"
5.179.80.204 - - [01/Nov/2023:11:05:28 +0000] "POST /wp-admin/admin-ajax.php HTTP/1.1" 200 1129 "https://talmedos.com/wp-admin/themes.php" "Mozilla/5.0 (Macintosh; Intel Mac OS X 10_15_7) AppleWebKit/537.36 (KHTML, like Gecko) Chrome/118.0.0.0 Safari/537.36"
46.101.144.32 - - [01/Nov/2023:11:07:29 +0000] "POST /wp-cron.php?doing_wp_cron=1698836849.2100679874420166015625 HTTP/1.1" 200 3995 "-" "WordPress/6.3.2; https://talmedos.com"
5.179.80.204 - - [01/Nov/2023:11:07:29 +0000] "POST /wp-admin/admin-ajax.php HTTP/1.1" 200 1129 "https://talmedos.com/wp-admin/themes.php" "Mozilla/5.0 (Macintosh; Intel Mac OS X 10_15_7) AppleWebKit/537.36 (KHTML, like Gecko) Chrome/118.0.0.0 Safari/537.36"
5.179.80.204 - - [01/Nov/2023:11:09:30 +0000] "POST /wp-admin/admin-ajax.php HTTP/1.1" 200 1129 "https://talmedos.com/wp-admin/themes.php" "Mozilla/5.0 (Macintosh; Intel Mac OS X 10_15_7) AppleWebKit/537.36 (KHTML, like Gecko) Chrome/118.0.0.0 Safari/537.36"
192.0.102.40 - - [01/Nov/2023:11:09:36 +0000] "HEAD / HTTP/1.1" 200 3915 "-" "jetmon/1.0 (Jetpack Site Uptime Monitor by WordPress.com)"
192.241.236.82 - - [01/Nov/2023:11:10:19 +0000] "GET /actuator/health HTTP/1.1" 404 3540 "-" "Mozilla/5.0 zgrab/0.x"
46.101.144.32 - - [01/Nov/2023:11:11:31 +0000] "POST /wp-cron.php?doing_wp_cron=1698837091.2105309963226318359375 HTTP/1.1" 200 3995 "-" "WordPress/6.3.2; https://talmedos.com"
5.179.80.204 - - [01/Nov/2023:11:11:31 +0000] "POST /wp-admin/admin-ajax.php HTTP/1.1" 200 1129 "https://talmedos.com/wp-admin/themes.php" "Mozilla/5.0 (Macintosh; Intel Mac OS X 10_15_7) AppleWebKit/537.36 (KHTML, like Gecko) Chrome/118.0.0.0 Safari/537.36"
39.101.185.186 - - [01/Nov/2023:11:11:38 +0000] "POST /xmlrpc.php HTTP/1.1" 200 3625 "-" "Mozilla/5.0 (X11; Fedora; Linux x86_64; rv:94.0) Gecko/20100101 Firefox/95.0"
5.179.80.204 - - [01/Nov/2023:11:13:32 +0000] "POST /wp-admin/admin-ajax.php HTTP/1.1" 200 1129 "https://talmedos.com/wp-admin/themes.php" "Mozilla/5.0 (Macintosh; Intel Mac OS X 10_15_7) AppleWebKit/537.36 (KHTML, like Gecko) Chrome/118.0.0.0 Safari/537.36"
192.0.102.40 - - [01/Nov/2023:11:14:25 +0000] "HEAD / HTTP/1.1" 200 3915 "-" "jetmon/1.0 (Jetpack Site Uptime Monitor by WordPress.com)"
5.179.80.204 - - [01/Nov/2023:11:15:33 +0000] "POST /wp-admin/admin-ajax.php HTTP/1.1" 200 1129 "https://talmedos.com/wp-admin/themes.php" "Mozilla/5.0 (Macintosh; Intel Mac OS X 10_15_7) AppleWebKit/537.36 (KHTML, like Gecko) Chrome/118.0.0.0 Safari/537.36"
46.101.144.32 - - [01/Nov/2023:11:17:34 +0000] "POST /wp-cron.php?doing_wp_cron=1698837454.2167420387268066406250 HTTP/1.1" 200 3995 "-" "WordPress/6.3.2; https://talmedos.com"
5.179.80.204 - - [01/Nov/2023:11:17:34 +0000] "POST /wp-admin/admin-ajax.php HTTP/1.1" 200 1129 "https://talmedos.com/wp-admin/themes.php" "Mozilla/5.0 (Macintosh; Intel Mac OS X 10_15_7) AppleWebKit/537.36 (KHTML, like Gecko) Chrome/118.0.0.0 Safari/537.36"
37.187.74.49 - - [01/Nov/2023:11:18:26 +0000] "POST /xmlrpc.php HTTP/1.1" 200 3624 "-" "Mozilla/5.0 (X11; Fedora; Linux x86_64; rv:94.0) Gecko/20100101 Firefox/95.0"
192.0.102.40 - - [01/Nov/2023:11:19:25 +0000] "HEAD / HTTP/1.1" 200 3915 "-" "jetmon/1.0 (Jetpack Site Uptime Monitor by WordPress.com)"
5.179.80.204 - - [01/Nov/2023:11:19:35 +0000] "POST /wp-admin/admin-ajax.php HTTP/1.1" 200 1129 "https://talmedos.com/wp-admin/themes.php" "Mozilla/5.0 (Macintosh; Intel Mac OS X 10_15_7) AppleWebKit/537.36 (KHTML, like Gecko) Chrome/118.0.0.0 Safari/537.36"
46.101.144.32 - - [01/Nov/2023:11:21:36 +0000] "POST /wp-cron.php?doing_wp_cron=1698837696.2327198982238769531250 HTTP/1.1" 200 3995 "-" "WordPress/6.3.2; https://talmedos.com"
5.179.80.204 - - [01/Nov/2023:11:21:36 +0000] "POST /wp-admin/admin-ajax.php HTTP/1.1" 200 1129 "https://talmedos.com/wp-admin/themes.php" "Mozilla/5.0 (Macintosh; Intel Mac OS X 10_15_7) AppleWebKit/537.36 (KHTML, like Gecko) Chrome/118.0.0.0 Safari/537.36"
46.101.144.32 - - [01/Nov/2023:11:23:37 +0000] "POST /wp-cron.php?doing_wp_cron=1698837817.2552421092987060546875 HTTP/1.1" 200 3995 "-" "WordPress/6.3.2; https://talmedos.com"
5.179.80.204 - - [01/Nov/2023:11:23:37 +0000] "POST /wp-admin/admin-ajax.php HTTP/1.1" 200 1129 "https://talmedos.com/wp-admin/themes.php" "Mozilla/5.0 (Macintosh; Intel Mac OS X 10_15_7) AppleWebKit/537.36 (KHTML, like Gecko) Chrome/118.0.0.0 Safari/537.36"
192.0.102.40 - - [01/Nov/2023:11:24:41 +0000] "HEAD / HTTP/1.1" 200 3915 "-" "jetmon/1.0 (Jetpack Site Uptime Monitor by WordPress.com)"
212.38.40.215 - - [01/Nov/2023:11:25:18 +0000] "POST /xmlrpc.php HTTP/1.1" 200 3609 "-" "Mozilla/5.0 (X11; Fedora; Linux x86_64; rv:94.0) Gecko/20100101 Firefox/95.0"
5.179.80.204 - - [01/Nov/2023:11:25:38 +0000] "POST /wp-admin/admin-ajax.php HTTP/1.1" 200 1129 "https://talmedos.com/wp-admin/themes.php" "Mozilla/5.0 (Macintosh; Intel Mac OS X 10_15_7) AppleWebKit/537.36 (KHTML, like Gecko) Chrome/118.0.0.0 Safari/537.36"
46.101.144.32 - - [01/Nov/2023:11:27:39 +0000] "POST /wp-cron.php?doing_wp_cron=1698838059.2220640182495117187500 HTTP/1.1" 200 3995 "-" "WordPress/6.3.2; https://talmedos.com"
5.179.80.204 - - [01/Nov/2023:11:27:39 +0000] "POST /wp-admin/admin-ajax.php HTTP/1.1" 200 1129 "https://talmedos.com/wp-admin/themes.php" "Mozilla/5.0 (Macintosh; Intel Mac OS X 10_15_7) AppleWebKit/537.36 (KHTML, like Gecko) Chrome/118.0.0.0 Safari/537.36"
192.0.102.40 - - [01/Nov/2023:11:29:25 +0000] "HEAD / HTTP/1.1" 200 3915 "-" "jetmon/1.0 (Jetpack Site Uptime Monitor by WordPress.com)"
5.179.80.204 - - [01/Nov/2023:11:29:40 +0000] "POST /wp-admin/admin-ajax.php HTTP/1.1" 200 1129 "https://talmedos.com/wp-admin/themes.php" "Mozilla/5.0 (Macintosh; Intel Mac OS X 10_15_7) AppleWebKit/537.36 (KHTML, like Gecko) Chrome/118.0.0.0 Safari/537.36"
46.101.144.32 - - [01/Nov/2023:11:32:47 +0000] "POST /wp-cron.php?doing_wp_cron=1698838367.6104969978332519531250 HTTP/1.1" 200 3995 "-" "WordPress/6.3.2; https://talmedos.com"
5.179.80.204 - - [01/Nov/2023:11:32:47 +0000] "POST /wp-admin/admin-ajax.php HTTP/1.1" 200 1129 "https://talmedos.com/wp-admin/themes.php" "Mozilla/5.0 (Macintosh; Intel Mac OS X 10_15_7) AppleWebKit/537.36 (KHTML, like Gecko) Chrome/118.0.0.0 Safari/537.36"
192.0.102.40 - - [01/Nov/2023:11:34:39 +0000] "HEAD / HTTP/1.1" 200 3915 "-" "jetmon/1.0 (Jetpack Site Uptime Monitor by WordPress.com)"
5.179.80.204 - - [01/Nov/2023:11:34:48 +0000] "POST /wp-admin/admin-ajax.php HTTP/1.1" 200 1129 "https://talmedos.com/wp-admin/themes.php" "Mozilla/5.0 (Macintosh; Intel Mac OS X 10_15_7) AppleWebKit/537.36 (KHTML, like Gecko) Chrome/118.0.0.0 Safari/537.36"
150.95.112.79 - - [01/Nov/2023:11:35:44 +0000] "POST /xmlrpc.php HTTP/1.1" 200 3625 "-" "Mozilla/5.0 (X11; Fedora; Linux x86_64; rv:94.0) Gecko/20100101 Firefox/95.0"
46.101.144.32 - - [01/Nov/2023:11:36:49 +0000] "POST /wp-cron.php?doing_wp_cron=1698838609.6105570793151855468750 HTTP/1.1" 200 3995 "-" "WordPress/6.3.2; https://talmedos.com"
5.179.80.204 - - [01/Nov/2023:11:36:49 +0000] "POST /wp-admin/admin-ajax.php HTTP/1.1" 200 1129 "https://talmedos.com/wp-admin/themes.php" "Mozilla/5.0 (Macintosh; Intel Mac OS X 10_15_7) AppleWebKit/537.36 (KHTML, like Gecko) Chrome/118.0.0.0 Safari/537.36"
46.101.144.32 - - [01/Nov/2023:11:38:50 +0000] "POST /wp-cron.php?doing_wp_cron=1698838730.6327719688415527343750 HTTP/1.1" 200 3995 "-" "WordPress/6.3.2; https://talmedos.com"
5.179.80.204 - - [01/Nov/2023:11:38:50 +0000] "POST /wp-admin/admin-ajax.php HTTP/1.1" 200 1129 "https://talmedos.com/wp-admin/themes.php" "Mozilla/5.0 (Macintosh; Intel Mac OS X 10_15_7) AppleWebKit/537.36 (KHTML, like Gecko) Chrome/118.0.0.0 Safari/537.36"
192.0.102.40 - - [01/Nov/2023:11:39:33 +0000] "HEAD / HTTP/1.1" 200 3915 "-" "jetmon/1.0 (Jetpack Site Uptime Monitor by WordPress.com)"
5.179.80.204 - - [01/Nov/2023:11:40:51 +0000] "POST /wp-admin/admin-ajax.php HTTP/1.1" 200 1129 "https://talmedos.com/wp-admin/themes.php" "Mozilla/5.0 (Macintosh; Intel Mac OS X 10_15_7) AppleWebKit/537.36 (KHTML, like Gecko) Chrome/118.0.0.0 Safari/537.36"
46.101.144.32 - - [01/Nov/2023:11:42:47 +0000] "POST /wp-cron.php?doing_wp_cron=1698838967.4289839267730712890625 HTTP/1.1" 200 3995 "-" "WordPress/6.3.2; https://talmedos.com"
94.142.138.104 - - [01/Nov/2023:11:42:47 +0000] "GET / HTTP/1.1" 301 3882 "-" "Go-http-client/1.1"
5.179.80.204 - - [01/Nov/2023:11:42:52 +0000] "POST /wp-admin/admin-ajax.php HTTP/1.1" 200 1129 "https://talmedos.com/wp-admin/themes.php" "Mozilla/5.0 (Macintosh; Intel Mac OS X 10_15_7) AppleWebKit/537.36 (KHTML, like Gecko) Chrome/118.0.0.0 Safari/537.36"
94.142.138.104 - - [01/Nov/2023:11:43:00 +0000] "GET /+CSCOE+/logon.html HTTP/1.1" 404 4097 "-" "Go-http-client/1.1"
94.142.138.104 - - [01/Nov/2023:11:43:07 +0000] "GET /vpn/index.html HTTP/1.1" 404 4097 "-" "Go-http-client/1.1"
94.142.138.104 - - [01/Nov/2023:11:43:12 +0000] "GET /global-protect/login.esp HTTP/1.1" 404 4097 "-" "Go-http-client/1.1"
192.169.146.123 - - [01/Nov/2023:11:43:14 +0000] "POST /xmlrpc.php HTTP/1.1" 200 3626 "-" "Mozilla/5.0 (X11; Fedora; Linux x86_64; rv:94.0) Gecko/20100101 Firefox/95.0"
192.0.102.40 - - [01/Nov/2023:11:44:25 +0000] "HEAD / HTTP/1.1" 200 3915 "-" "jetmon/1.0 (Jetpack Site Uptime Monitor by WordPress.com)"
5.179.80.204 - - [01/Nov/2023:11:44:53 +0000] "POST /wp-admin/admin-ajax.php HTTP/1.1" 200 1129 "https://talmedos.com/wp-admin/themes.php" "Mozilla/5.0 (Macintosh; Intel Mac OS X 10_15_7) AppleWebKit/537.36 (KHTML, like Gecko) Chrome/118.0.0.0 Safari/537.36"
46.101.144.32 - - [01/Nov/2023:11:46:54 +0000] "POST /wp-cron.php?doing_wp_cron=1698839214.6708641052246093750000 HTTP/1.1" 200 3995 "-" "WordPress/6.3.2; https://talmedos.com"
5.179.80.204 - - [01/Nov/2023:11:46:54 +0000] "POST /wp-admin/admin-ajax.php HTTP/1.1" 200 1129 "https://talmedos.com/wp-admin/themes.php" "Mozilla/5.0 (Macintosh; Intel Mac OS X 10_15_7) AppleWebKit/537.36 (KHTML, like Gecko) Chrome/118.0.0.0 Safari/537.36"
5.179.80.204 - - [01/Nov/2023:11:48:55 +0000] "POST /wp-admin/admin-ajax.php HTTP/1.1" 200 1129 "https://talmedos.com/wp-admin/themes.php" "Mozilla/5.0 (Macintosh; Intel Mac OS X 10_15_7) AppleWebKit/537.36 (KHTML, like Gecko) Chrome/118.0.0.0 Safari/537.36"
192.0.102.40 - - [01/Nov/2023:11:49:39 +0000] "HEAD / HTTP/1.1" 200 3915 "-" "jetmon/1.0 (Jetpack Site Uptime Monitor by WordPress.com)"
208.109.48.184 - - [01/Nov/2023:11:50:43 +0000] "POST /xmlrpc.php HTTP/1.1" 200 3624 "-" "Mozilla/5.0 (X11; Fedora; Linux x86_64; rv:94.0) Gecko/20100101 Firefox/95.0"
5.179.80.204 - - [01/Nov/2023:11:50:56 +0000] "POST /wp-admin/admin-ajax.php HTTP/1.1" 200 1129 "https://talmedos.com/wp-admin/themes.php" "Mozilla/5.0 (Macintosh; Intel Mac OS X 10_15_7) AppleWebKit/537.36 (KHTML, like Gecko) Chrome/118.0.0.0 Safari/537.36"
46.101.144.32 - - [01/Nov/2023:11:54:39 +0000] "POST /wp-cron.php?doing_wp_cron=1698839679.7452669143676757812500 HTTP/1.1" 200 3995 "-" "WordPress/6.3.2; https://talmedos.com"
192.0.102.40 - - [01/Nov/2023:11:54:39 +0000] "HEAD / HTTP/1.1" 200 3915 "-" "jetmon/1.0 (Jetpack Site Uptime Monitor by WordPress.com)"
83.97.73.87 - - [01/Nov/2023:11:58:02 +0000] "GET /actuator/gateway/routes HTTP/1.1" 404 4097 "-" "Mozilla/5.0 (Windows NT 10.0; Win64; x64) AppleWebKit/537.36 (KHTML, like Gecko) Chrome/78.0.3904.108 Safari/537.36"
46.101.144.32 - - [01/Nov/2023:11:58:21 +0000] "POST /wp-cron.php?doing_wp_cron=1698839901.8559870719909667968750 HTTP/1.1" 200 3995 "-" "WordPress/6.3.2; https://talmedos.com"
50.63.2.0 - - [01/Nov/2023:11:58:21 +0000] "POST /xmlrpc.php HTTP/1.1" 200 3621 "-" "Mozilla/5.0 (X11; Fedora; Linux x86_64; rv:94.0) Gecko/20100101 Firefox/95.0"
192.0.102.40 - - [01/Nov/2023:11:59:25 +0000] "HEAD / HTTP/1.1" 200 3915 "-" "jetmon/1.0 (Jetpack Site Uptime Monitor by WordPress.com)"
170.64.220.120 - - [01/Nov/2023:12:03:54 +0000] "GET /.git/config HTTP/1.1" 404 4229 "-" "Mozilla/5.0 (X11; Linux x86_64) AppleWebKit/537.36 (KHTML, like Gecko) Chrome/81.0.4044.129 Safari/537.36"
46.101.144.32 - - [01/Nov/2023:12:04:25 +0000] "POST /wp-cron.php?doing_wp_cron=1698840265.7822239398956298828125 HTTP/1.1" 200 3995 "-" "WordPress/6.3.2; https://talmedos.com"
192.0.102.40 - - [01/Nov/2023:12:04:25 +0000] "HEAD / HTTP/1.1" 200 3915 "-" "jetmon/1.0 (Jetpack Site Uptime Monitor by WordPress.com)"
46.101.144.32 - - [01/Nov/2023:12:06:11 +0000] "POST /wp-cron.php?doing_wp_cron=1698840371.8689599037170410156250 HTTP/1.1" 200 3995 "-" "WordPress/6.3.2; https://talmedos.com"
104.248.45.30 - - [01/Nov/2023:12:06:11 +0000] "POST /xmlrpc.php HTTP/1.1" 200 3624 "-" "Mozilla/5.0 (X11; Fedora; Linux x86_64; rv:94.0) Gecko/20100101 Firefox/95.0"
46.101.144.32 - - [01/Nov/2023:12:09:38 +0000] "POST /wp-cron.php?doing_wp_cron=1698840578.0442109107971191406250 HTTP/1.1" 200 3995 "-" "WordPress/6.3.2; https://talmedos.com"
192.0.102.40 - - [01/Nov/2023:12:09:37 +0000] "HEAD / HTTP/1.1" 200 3915 "-" "jetmon/1.0 (Jetpack Site Uptime Monitor by WordPress.com)"
46.101.144.32 - - [01/Nov/2023:12:14:10 +0000] "POST /wp-cron.php?doing_wp_cron=1698840850.5505459308624267578125 HTTP/1.1" 200 3995 "-" "WordPress/6.3.2; https://talmedos.com"
173.236.176.141 - - [01/Nov/2023:12:14:10 +0000] "POST /xmlrpc.php HTTP/1.1" 200 3610 "-" "Mozilla/5.0 (X11; Fedora; Linux x86_64; rv:94.0) Gecko/20100101 Firefox/95.0"
192.0.102.40 - - [01/Nov/2023:12:14:25 +0000] "HEAD / HTTP/1.1" 200 3915 "-" "jetmon/1.0 (Jetpack Site Uptime Monitor by WordPress.com)"
46.101.144.32 - - [01/Nov/2023:12:19:39 +0000] "POST /wp-cron.php?doing_wp_cron=1698841179.9319190979003906250000 HTTP/1.1" 200 3995 "-" "WordPress/6.3.2; https://talmedos.com"
192.0.102.40 - - [01/Nov/2023:12:19:39 +0000] "HEAD / HTTP/1.1" 200 3915 "-" "jetmon/1.0 (Jetpack Site Uptime Monitor by WordPress.com)"
46.101.144.32 - - [01/Nov/2023:12:22:22 +0000] "POST /wp-cron.php?doing_wp_cron=1698841342.1392610073089599609375 HTTP/1.1" 200 3995 "-" "WordPress/6.3.2; https://talmedos.com"
