103.167.217.137 - - [01/Nov/2023:12:22:22 +0000] "POST /xmlrpc.php HTTP/1.1" 200 3610 "-" "Mozilla/5.0 (X11; Fedora; Linux x86_64; rv:94.0) Gecko/20100101 Firefox/95.0"
192.0.102.40 - - [01/Nov/2023:12:24:32 +0000] "HEAD / HTTP/1.1" 200 3915 "-" "jetmon/1.0 (Jetpack Site Uptime Monitor by WordPress.com)"
46.101.144.32 - - [01/Nov/2023:12:29:26 +0000] "POST /wp-cron.php?doing_wp_cron=1698841766.0572729110717773437500 HTTP/1.1" 200 3995 "-" "WordPress/6.3.2; https://talmedos.com"
192.0.102.40 - - [01/Nov/2023:12:29:25 +0000] "HEAD / HTTP/1.1" 200 3915 "-" "jetmon/1.0 (Jetpack Site Uptime Monitor by WordPress.com)"
103.152.79.201 - - [01/Nov/2023:12:30:27 +0000] "POST /xmlrpc.php HTTP/1.1" 200 3626 "-" "Mozilla/5.0 (X11; Fedora; Linux x86_64; rv:94.0) Gecko/20100101 Firefox/95.0"
46.101.144.32 - - [01/Nov/2023:12:34:35 +0000] "POST /wp-cron.php?doing_wp_cron=1698842075.1864418983459472656250 HTTP/1.1" 200 3995 "-" "WordPress/6.3.2; https://talmedos.com"
192.0.102.40 - - [01/Nov/2023:12:34:35 +0000] "HEAD / HTTP/1.1" 200 3915 "-" "jetmon/1.0 (Jetpack Site Uptime Monitor by WordPress.com)"
46.101.144.32 - - [01/Nov/2023:12:36:19 +0000] "POST /wp-cron.php?doing_wp_cron=1698842179.9005610942840576171875 HTTP/1.1" 200 3995 "-" "WordPress/6.3.2; https://talmedos.com"
5.179.80.204 - - [01/Nov/2023:12:36:19 +0000] "POST /wp-admin/admin-ajax.php HTTP/1.1" 200 4342 "https://talmedos.com/wp-admin/themes.php" "Mozilla/5.0 (Macintosh; Intel Mac OS X 10_15_7) AppleWebKit/537.36 (KHTML, like Gecko) Chrome/118.0.0.0 Safari/537.36"
46.101.144.32 - - [01/Nov/2023:12:36:42 +0000] "POST /wp-cron.php?doing_wp_cron=1698842202.5971229076385498046875 HTTP/1.1" 200 3995 "-" "WordPress/6.3.2; https://talmedos.com"
5.179.80.204 - - [01/Nov/2023:12:36:42 +0000] "POST /wp-admin/admin-ajax.php HTTP/1.1" 200 1347 "https://talmedos.com/wp-admin/post-new.php?post_type=page" "Mozilla/5.0 (Macintosh; Intel Mac OS X 10_15_7) AppleWebKit/537.36 (KHTML, like Gecko) Chrome/118.0.0.0 Safari/537.36"
46.101.144.32 - - [01/Nov/2023:12:36:42 +0000] "POST /wp-cron.php?doing_wp_cron=1698842202.5999910831451416015625 HTTP/1.1" 200 3995 "-" "WordPress/6.3.2; https://talmedos.com"
5.179.80.204 - - [01/Nov/2023:12:36:42 +0000] "POST /wp-admin/admin-ajax.php HTTP/1.1" 200 1187 "https://talmedos.com/wp-admin/about.php" "Mozilla/5.0 (Macintosh; Intel Mac OS X 10_15_7) AppleWebKit/537.36 (KHTML, like Gecko) Chrome/118.0.0.0 Safari/537.36"
5.179.80.204 - - [01/Nov/2023:12:37:42 +0000] "POST /wp-admin/admin-ajax.php HTTP/1.1" 200 1129 "https://talmedos.com/wp-admin/about.php" "Mozilla/5.0 (Macintosh; Intel Mac OS X 10_15_7) AppleWebKit/537.36 (KHTML, like Gecko) Chrome/118.0.0.0 Safari/537.36"
5.179.80.204 - - [01/Nov/2023:12:37:42 +0000] "POST /wp-admin/admin-ajax.php HTTP/1.1" 200 1180 "https://talmedos.com/wp-admin/post-new.php?post_type=page" "Mozilla/5.0 (Macintosh; Intel Mac OS X 10_15_7) AppleWebKit/537.36 (KHTML, like Gecko) Chrome/118.0.0.0 Safari/537.36"
46.101.144.32 - - [01/Nov/2023:12:38:20 +0000] "POST /wp-cron.php?doing_wp_cron=1698842300.8201789855957031250000 HTTP/1.1" 200 3995 "-" "WordPress/6.3.2; https://talmedos.com"
5.179.80.204 - - [01/Nov/2023:12:38:20 +0000] "POST /wp-admin/admin-ajax.php HTTP/1.1" 200 1129 "https://talmedos.com/wp-admin/themes.php" "Mozilla/5.0 (Macintosh; Intel Mac OS X 10_15_7) AppleWebKit/537.36 (KHTML, like Gecko) Chrome/118.0.0.0 Safari/537.36"
173.236.176.141 - - [01/Nov/2023:12:38:34 +0000] "POST /xmlrpc.php HTTP/1.1" 200 3610 "-" "Mozilla/5.0 (X11; Fedora; Linux x86_64; rv:94.0) Gecko/20100101 Firefox/95.0"
192.0.102.40 - - [01/Nov/2023:12:39:32 +0000] "HEAD / HTTP/1.1" 200 3915 "-" "jetmon/1.0 (Jetpack Site Uptime Monitor by WordPress.com)"
5.179.80.204 - - [01/Nov/2023:12:39:42 +0000] "POST /wp-admin/admin-ajax.php HTTP/1.1" 200 1129 "https://talmedos.com/wp-admin/about.php" "Mozilla/5.0 (Macintosh; Intel Mac OS X 10_15_7) AppleWebKit/537.36 (KHTML, like Gecko) Chrome/118.0.0.0 Safari/537.36"
5.179.80.204 - - [01/Nov/2023:12:39:42 +0000] "POST /wp-admin/admin-ajax.php HTTP/1.1" 200 1180 "https://talmedos.com/wp-admin/post-new.php?post_type=page" "Mozilla/5.0 (Macintosh; Intel Mac OS X 10_15_7) AppleWebKit/537.36 (KHTML, like Gecko) Chrome/118.0.0.0 Safari/537.36"
5.179.80.204 - - [01/Nov/2023:12:40:21 +0000] "POST /wp-admin/admin-ajax.php HTTP/1.1" 200 1129 "https://talmedos.com/wp-admin/themes.php" "Mozilla/5.0 (Macintosh; Intel Mac OS X 10_15_7) AppleWebKit/537.36 (KHTML, like Gecko) Chrome/118.0.0.0 Safari/537.36"
5.179.80.204 - - [01/Nov/2023:12:41:42 +0000] "POST /wp-admin/admin-ajax.php HTTP/1.1" 200 1180 "https://talmedos.com/wp-admin/post-new.php?post_type=page" "Mozilla/5.0 (Macintosh; Intel Mac OS X 10_15_7) AppleWebKit/537.36 (KHTML, like Gecko) Chrome/118.0.0.0 Safari/537.36"
46.101.144.32 - - [01/Nov/2023:12:41:42 +0000] "POST /wp-cron.php?doing_wp_cron=1698842502.4319078922271728515625 HTTP/1.1" 200 3995 "-" "WordPress/6.3.2; https://talmedos.com"
5.179.80.204 - - [01/Nov/2023:12:41:42 +0000] "POST /wp-admin/admin-ajax.php HTTP/1.1" 200 1129 "https://talmedos.com/wp-admin/about.php" "Mozilla/5.0 (Macintosh; Intel Mac OS X 10_15_7) AppleWebKit/537.36 (KHTML, like Gecko) Chrome/118.0.0.0 Safari/537.36"
5.179.80.204 - - [01/Nov/2023:12:42:22 +0000] "POST /wp-admin/admin-ajax.php HTTP/1.1" 200 1129 "https://talmedos.com/wp-admin/themes.php" "Mozilla/5.0 (Macintosh; Intel Mac OS X 10_15_7) AppleWebKit/537.36 (KHTML, like Gecko) Chrome/118.0.0.0 Safari/537.36"
172.105.128.11 - - [01/Nov/2023:12:43:02 +0000] "GET / HTTP/1.1" 200 8496 "-" "Mozilla/5.0 (Macintosh; Intel Mac OS X 13_1) AppleWebKit/537.36 (KHTML, like Gecko) Chrome/108.0.0.0 Safari/537.36"
5.179.80.204 - - [01/Nov/2023:12:43:42 +0000] "POST /wp-admin/admin-ajax.php HTTP/1.1" 200 1129 "https://talmedos.com/wp-admin/about.php" "Mozilla/5.0 (Macintosh; Intel Mac OS X 10_15_7) AppleWebKit/537.36 (KHTML, like Gecko) Chrome/118.0.0.0 Safari/537.36"
5.179.80.204 - - [01/Nov/2023:12:43:42 +0000] "POST /wp-admin/admin-ajax.php HTTP/1.1" 200 1180 "https://talmedos.com/wp-admin/post-new.php?post_type=page" "Mozilla/5.0 (Macintosh; Intel Mac OS X 10_15_7) AppleWebKit/537.36 (KHTML, like Gecko) Chrome/118.0.0.0 Safari/537.36"
5.179.80.204 - - [01/Nov/2023:12:44:23 +0000] "POST /wp-admin/admin-ajax.php HTTP/1.1" 200 1129 "https://talmedos.com/wp-admin/themes.php" "Mozilla/5.0 (Macintosh; Intel Mac OS X 10_15_7) AppleWebKit/537.36 (KHTML, like Gecko) Chrome/118.0.0.0 Safari/537.36"
192.0.102.40 - - [01/Nov/2023:12:44:25 +0000] "HEAD / HTTP/1.1" 200 3915 "-" "jetmon/1.0 (Jetpack Site Uptime Monitor by WordPress.com)"
5.179.80.204 - - [01/Nov/2023:12:45:42 +0000] "POST /wp-admin/admin-ajax.php HTTP/1.1" 200 1180 "https://talmedos.com/wp-admin/post-new.php?post_type=page" "Mozilla/5.0 (Macintosh; Intel Mac OS X 10_15_7) AppleWebKit/537.36 (KHTML, like Gecko) Chrome/118.0.0.0 Safari/537.36"
46.101.144.32 - - [01/Nov/2023:12:45:42 +0000] "POST /wp-cron.php?doing_wp_cron=1698842742.4425859451293945312500 HTTP/1.1" 200 3995 "-" "WordPress/6.3.2; https://talmedos.com"
5.179.80.204 - - [01/Nov/2023:12:45:42 +0000] "POST /wp-admin/admin-ajax.php HTTP/1.1" 200 1129 "https://talmedos.com/wp-admin/about.php" "Mozilla/5.0 (Macintosh; Intel Mac OS X 10_15_7) AppleWebKit/537.36 (KHTML, like Gecko) Chrome/118.0.0.0 Safari/537.36"
46.101.144.32 - - [01/Nov/2023:12:46:24 +0000] "POST /wp-cron.php?doing_wp_cron=1698842784.9289329051971435546875 HTTP/1.1" 200 3995 "-" "WordPress/6.3.2; https://talmedos.com"
5.179.80.204 - - [01/Nov/2023:12:46:24 +0000] "POST /wp-admin/admin-ajax.php HTTP/1.1" 200 1129 "https://talmedos.com/wp-admin/themes.php" "Mozilla/5.0 (Macintosh; Intel Mac OS X 10_15_7) AppleWebKit/537.36 (KHTML, like Gecko) Chrome/118.0.0.0 Safari/537.36"
46.101.144.32 - - [01/Nov/2023:12:46:46 +0000] "POST /wp-cron.php?doing_wp_cron=1698842806.5041160583496093750000 HTTP/1.1" 200 3995 "-" "WordPress/6.3.2; https://talmedos.com"
97.74.211.129 - - [01/Nov/2023:12:46:46 +0000] "POST /xmlrpc.php HTTP/1.1" 200 3625 "-" "Mozilla/5.0 (X11; Fedora; Linux x86_64; rv:94.0) Gecko/20100101 Firefox/95.0"
111.224.7.231 - - [01/Nov/2023:12:47:28 +0000] "GET / HTTP/1.0" 301 3882 "-" "-"
5.179.80.204 - - [01/Nov/2023:12:48:25 +0000] "POST /wp-admin/admin-ajax.php HTTP/1.1" 200 1129 "https://talmedos.com/wp-admin/themes.php" "Mozilla/5.0 (Macintosh; Intel Mac OS X 10_15_7) AppleWebKit/537.36 (KHTML, like Gecko) Chrome/118.0.0.0 Safari/537.36"
192.0.102.40 - - [01/Nov/2023:12:49:35 +0000] "HEAD / HTTP/1.1" 200 3915 "-" "jetmon/1.0 (Jetpack Site Uptime Monitor by WordPress.com)"
5.179.80.204 - - [01/Nov/2023:12:50:26 +0000] "POST /wp-admin/admin-ajax.php HTTP/1.1" 200 1129 "https://talmedos.com/wp-admin/themes.php" "Mozilla/5.0 (Macintosh; Intel Mac OS X 10_15_7) AppleWebKit/537.36 (KHTML, like Gecko) Chrome/118.0.0.0 Safari/537.36"
46.101.144.32 - - [01/Nov/2023:12:52:27 +0000] "POST /wp-cron.php?doing_wp_cron=1698843147.8254230022430419921875 HTTP/1.1" 200 3995 "-" "WordPress/6.3.2; https://talmedos.com"
5.179.80.204 - - [01/Nov/2023:12:52:27 +0000] "POST /wp-admin/admin-ajax.php HTTP/1.1" 200 1129 "https://talmedos.com/wp-admin/themes.php" "Mozilla/5.0 (Macintosh; Intel Mac OS X 10_15_7) AppleWebKit/537.36 (KHTML, like Gecko) Chrome/118.0.0.0 Safari/537.36"
5.179.80.204 - - [01/Nov/2023:12:54:28 +0000] "POST /wp-admin/admin-ajax.php HTTP/1.1" 200 1129 "https://talmedos.com/wp-admin/themes.php" "Mozilla/5.0 (Macintosh; Intel Mac OS X 10_15_7) AppleWebKit/537.36 (KHTML, like Gecko) Chrome/118.0.0.0 Safari/537.36"
192.0.102.40 - - [01/Nov/2023:12:54:33 +0000] "HEAD / HTTP/1.1" 200 3915 "-" "jetmon/1.0 (Jetpack Site Uptime Monitor by WordPress.com)"
47.115.50.154 - - [01/Nov/2023:12:54:59 +0000] "POST /xmlrpc.php HTTP/1.1" 200 3624 "-" "Mozilla/5.0 (X11; Gentoo; Linux x86_64; rv:91.0) Gecko/20100101 Firefox/91.0"
46.101.144.32 - - [01/Nov/2023:12:56:29 +0000] "POST /wp-cron.php?doing_wp_cron=1698843389.8827140331268310546875 HTTP/1.1" 200 3995 "-" "WordPress/6.3.2; https://talmedos.com"
5.179.80.204 - - [01/Nov/2023:12:56:29 +0000] "POST /wp-admin/admin-ajax.php HTTP/1.1" 200 1129 "https://talmedos.com/wp-admin/themes.php" "Mozilla/5.0 (Macintosh; Intel Mac OS X 10_15_7) AppleWebKit/537.36 (KHTML, like Gecko) Chrome/118.0.0.0 Safari/537.36"
5.179.80.204 - - [01/Nov/2023:12:58:30 +0000] "POST /wp-admin/admin-ajax.php HTTP/1.1" 200 1129 "https://talmedos.com/wp-admin/themes.php" "Mozilla/5.0 (Macintosh; Intel Mac OS X 10_15_7) AppleWebKit/537.36 (KHTML, like Gecko) Chrome/118.0.0.0 Safari/537.36"
192.0.102.40 - - [01/Nov/2023:12:59:25 +0000] "HEAD / HTTP/1.1" 200 3915 "-" "jetmon/1.0 (Jetpack Site Uptime Monitor by WordPress.com)"
5.179.80.204 - - [01/Nov/2023:13:00:31 +0000] "POST /wp-admin/admin-ajax.php HTTP/1.1" 200 1129 "https://talmedos.com/wp-admin/themes.php" "Mozilla/5.0 (Macintosh; Intel Mac OS X 10_15_7) AppleWebKit/537.36 (KHTML, like Gecko) Chrome/118.0.0.0 Safari/537.36"
46.101.144.32 - - [01/Nov/2023:13:02:32 +0000] "POST /wp-cron.php?doing_wp_cron=1698843752.8420939445495605468750 HTTP/1.1" 200 3995 "-" "WordPress/6.3.2; https://talmedos.com"
5.179.80.204 - - [01/Nov/2023:13:02:32 +0000] "POST /wp-admin/admin-ajax.php HTTP/1.1" 200 1129 "https://talmedos.com/wp-admin/themes.php" "Mozilla/5.0 (Macintosh; Intel Mac OS X 10_15_7) AppleWebKit/537.36 (KHTML, like Gecko) Chrome/118.0.0.0 Safari/537.36"
69.163.225.126 - - [01/Nov/2023:13:03:27 +0000] "POST /xmlrpc.php HTTP/1.1" 200 3610 "-" "Mozilla/5.0 (X11; Fedora; Linux x86_64; rv:94.0) Gecko/20100101 Firefox/95.0"
5.179.80.204 - - [01/Nov/2023:13:04:33 +0000] "POST /wp-admin/admin-ajax.php HTTP/1.1" 200 1129 "https://talmedos.com/wp-admin/themes.php" "Mozilla/5.0 (Macintosh; Intel Mac OS X 10_15_7) AppleWebKit/537.36 (KHTML, like Gecko) Chrome/118.0.0.0 Safari/537.36"
192.0.102.40 - - [01/Nov/2023:13:04:36 +0000] "HEAD / HTTP/1.1" 200 3915 "-" "jetmon/1.0 (Jetpack Site Uptime Monitor by WordPress.com)"
46.101.144.32 - - [01/Nov/2023:13:06:34 +0000] "POST /wp-cron.php?doing_wp_cron=1698843994.8820419311523437500000 HTTP/1.1" 200 3995 "-" "WordPress/6.3.2; https://talmedos.com"
5.179.80.204 - - [01/Nov/2023:13:06:34 +0000] "POST /wp-admin/admin-ajax.php HTTP/1.1" 200 1129 "https://talmedos.com/wp-admin/themes.php" "Mozilla/5.0 (Macintosh; Intel Mac OS X 10_15_7) AppleWebKit/537.36 (KHTML, like Gecko) Chrome/118.0.0.0 Safari/537.36"
5.179.80.204 - - [01/Nov/2023:13:07:05 +0000] "POST /wp-admin/admin-ajax.php HTTP/1.1" 200 1129 "https://talmedos.com/wp-admin/about.php" "Mozilla/5.0 (Macintosh; Intel Mac OS X 10_15_7) AppleWebKit/537.36 (KHTML, like Gecko) Chrome/118.0.0.0 Safari/537.36"
5.179.80.204 - - [01/Nov/2023:13:08:05 +0000] "POST /wp-admin/admin-ajax.php HTTP/1.1" 200 1129 "https://talmedos.com/wp-admin/about.php" "Mozilla/5.0 (Macintosh; Intel Mac OS X 10_15_7) AppleWebKit/537.36 (KHTML, like Gecko) Chrome/118.0.0.0 Safari/537.36"
5.179.80.204 - - [01/Nov/2023:13:08:35 +0000] "POST /wp-admin/admin-ajax.php HTTP/1.1" 200 1129 "https://talmedos.com/wp-admin/themes.php" "Mozilla/5.0 (Macintosh; Intel Mac OS X 10_15_7) AppleWebKit/537.36 (KHTML, like Gecko) Chrome/118.0.0.0 Safari/537.36"
192.0.102.40 - - [01/Nov/2023:13:09:33 +0000] "HEAD / HTTP/1.1" 200 3915 "-" "jetmon/1.0 (Jetpack Site Uptime Monitor by WordPress.com)"
5.179.80.204 - - [01/Nov/2023:13:10:05 +0000] "POST /wp-admin/admin-ajax.php HTTP/1.1" 200 1129 "https://talmedos.com/wp-admin/about.php" "Mozilla/5.0 (Macintosh; Intel Mac OS X 10_15_7) AppleWebKit/537.36 (KHTML, like Gecko) Chrome/118.0.0.0 Safari/537.36"
182.54.18.153 - - [01/Nov/2023:13:10:05 +0000] "GET / HTTP/1.1" 200 23733 "-" "Mozilla/5.0 (Windows NT 6.1) AppleWebKit/537.36 (KHTML, like Gecko) Chrome/49.0.2623.112 Safari/537.36"
60.176.147.133 - - [01/Nov/2023:13:10:07 +0000] "GET /favicon.ico HTTP/1.1" 404 4097 "-" "Mozilla/5.0 (Windows NT 6.1) AppleWebKit/537.36 (KHTML, like Gecko) Chrome/49.0.2623.112 Safari/537.36"
5.179.80.204 - - [01/Nov/2023:13:10:36 +0000] "POST /wp-admin/admin-ajax.php HTTP/1.1" 200 1129 "https://talmedos.com/wp-admin/themes.php" "Mozilla/5.0 (Macintosh; Intel Mac OS X 10_15_7) AppleWebKit/537.36 (KHTML, like Gecko) Chrome/118.0.0.0 Safari/537.36"
46.101.144.32 - - [01/Nov/2023:13:11:53 +0000] "POST /wp-cron.php?doing_wp_cron=1698844313.5767910480499267578125 HTTP/1.1" 200 3995 "-" "WordPress/6.3.2; https://talmedos.com"
69.163.151.120 - - [01/Nov/2023:13:11:53 +0000] "POST /xmlrpc.php HTTP/1.1" 200 3625 "-" "Mozilla/5.0 (X11; Fedora; Linux x86_64; rv:94.0) Gecko/20100101 Firefox/95.0"
5.179.80.204 - - [01/Nov/2023:13:12:05 +0000] "POST /wp-admin/admin-ajax.php HTTP/1.1" 200 1129 "https://talmedos.com/wp-admin/about.php" "Mozilla/5.0 (Macintosh; Intel Mac OS X 10_15_7) AppleWebKit/537.36 (KHTML, like Gecko) Chrome/118.0.0.0 Safari/537.36"
5.179.80.204 - - [01/Nov/2023:13:12:37 +0000] "POST /wp-admin/admin-ajax.php HTTP/1.1" 200 1129 "https://talmedos.com/wp-admin/themes.php" "Mozilla/5.0 (Macintosh; Intel Mac OS X 10_15_7) AppleWebKit/537.36 (KHTML, like Gecko) Chrome/118.0.0.0 Safari/537.36"
5.179.80.204 - - [01/Nov/2023:13:14:05 +0000] "POST /wp-admin/admin-ajax.php HTTP/1.1" 200 1129 "https://talmedos.com/wp-admin/about.php" "Mozilla/5.0 (Macintosh; Intel Mac OS X 10_15_7) AppleWebKit/537.36 (KHTML, like Gecko) Chrome/118.0.0.0 Safari/537.36"
192.0.102.40 - - [01/Nov/2023:13:14:25 +0000] "HEAD / HTTP/1.1" 200 3915 "-" "jetmon/1.0 (Jetpack Site Uptime Monitor by WordPress.com)"
5.179.80.204 - - [01/Nov/2023:13:14:38 +0000] "POST /wp-admin/admin-ajax.php HTTP/1.1" 200 1129 "https://talmedos.com/wp-admin/themes.php" "Mozilla/5.0 (Macintosh; Intel Mac OS X 10_15_7) AppleWebKit/537.36 (KHTML, like Gecko) Chrome/118.0.0.0 Safari/537.36"
46.101.144.32 - - [01/Nov/2023:13:16:05 +0000] "POST /wp-cron.php?doing_wp_cron=1698844565.4519441127777099609375 HTTP/1.1" 200 3995 "-" "WordPress/6.3.2; https://talmedos.com"
5.179.80.204 - - [01/Nov/2023:13:16:05 +0000] "POST /wp-admin/admin-ajax.php HTTP/1.1" 200 1129 "https://talmedos.com/wp-admin/about.php" "Mozilla/5.0 (Macintosh; Intel Mac OS X 10_15_7) AppleWebKit/537.36 (KHTML, like Gecko) Chrome/118.0.0.0 Safari/537.36"
46.101.144.32 - - [01/Nov/2023:13:16:39 +0000] "POST /wp-cron.php?doing_wp_cron=1698844599.9154880046844482421875 HTTP/1.1" 200 3995 "-" "WordPress/6.3.2; https://talmedos.com"
5.179.80.204 - - [01/Nov/2023:13:16:39 +0000] "POST /wp-admin/admin-ajax.php HTTP/1.1" 200 1129 "https://talmedos.com/wp-admin/themes.php" "Mozilla/5.0 (Macintosh; Intel Mac OS X 10_15_7) AppleWebKit/537.36 (KHTML, like Gecko) Chrome/118.0.0.0 Safari/537.36"
5.179.80.204 - - [01/Nov/2023:13:18:40 +0000] "POST /wp-admin/admin-ajax.php HTTP/1.1" 200 1129 "https://talmedos.com/wp-admin/themes.php" "Mozilla/5.0 (Macintosh; Intel Mac OS X 10_15_7) AppleWebKit/537.36 (KHTML, like Gecko) Chrome/118.0.0.0 Safari/537.36"
192.0.102.40 - - [01/Nov/2023:13:19:34 +0000] "HEAD / HTTP/1.1" 200 3915 "-" "jetmon/1.0 (Jetpack Site Uptime Monitor by WordPress.com)"
5.179.80.204 - - [01/Nov/2023:13:20:19 +0000] "POST /wp-admin/admin-ajax.php HTTP/1.1" 200 1129 "https://talmedos.com/wp-admin/about.php" "Mozilla/5.0 (Macintosh; Intel Mac OS X 10_15_7) AppleWebKit/537.36 (KHTML, like Gecko) Chrome/118.0.0.0 Safari/537.36"
35.239.231.194 - - [01/Nov/2023:13:20:28 +0000] "POST /xmlrpc.php HTTP/1.1" 200 3626 "-" "Mozilla/5.0 (X11; Fedora; Linux x86_64; rv:94.0) Gecko/20100101 Firefox/95.0"
5.179.80.204 - - [01/Nov/2023:13:20:41 +0000] "POST /wp-admin/admin-ajax.php HTTP/1.1" 200 1129 "https://talmedos.com/wp-admin/themes.php" "Mozilla/5.0 (Macintosh; Intel Mac OS X 10_15_7) AppleWebKit/537.36 (KHTML, like Gecko) Chrome/118.0.0.0 Safari/537.36"
46.101.144.32 - - [01/Nov/2023:13:21:19 +0000] "POST /wp-cron.php?doing_wp_cron=1698844879.8609828948974609375000 HTTP/1.1" 200 3995 "-" "WordPress/6.3.2; https://talmedos.com"
5.179.80.204 - - [01/Nov/2023:13:21:19 +0000] "POST /wp-admin/admin-ajax.php HTTP/1.1" 200 1129 "https://talmedos.com/wp-admin/about.php" "Mozilla/5.0 (Macintosh; Intel Mac OS X 10_15_7) AppleWebKit/537.36 (KHTML, like Gecko) Chrome/118.0.0.0 Safari/537.36"
46.101.144.32 - - [01/Nov/2023:13:22:42 +0000] "POST /wp-cron.php?doing_wp_cron=1698844962.8623399734497070312500 HTTP/1.1" 200 3995 "-" "WordPress/6.3.2; https://talmedos.com"
5.179.80.204 - - [01/Nov/2023:13:22:42 +0000] "POST /wp-admin/admin-ajax.php HTTP/1.1" 200 1129 "https://talmedos.com/wp-admin/themes.php" "Mozilla/5.0 (Macintosh; Intel Mac OS X 10_15_7) AppleWebKit/537.36 (KHTML, like Gecko) Chrome/118.0.0.0 Safari/537.36"
5.179.80.204 - - [01/Nov/2023:13:23:20 +0000] "POST /wp-admin/admin-ajax.php HTTP/1.1" 200 1129 "https://talmedos.com/wp-admin/about.php" "Mozilla/5.0 (Macintosh; Intel Mac OS X 10_15_7) AppleWebKit/537.36 (KHTML, like Gecko) Chrome/118.0.0.0 Safari/537.36"
192.0.102.40 - - [01/Nov/2023:13:24:32 +0000] "HEAD / HTTP/1.1" 200 3915 "-" "jetmon/1.0 (Jetpack Site Uptime Monitor by WordPress.com)"
5.179.80.204 - - [01/Nov/2023:13:24:43 +0000] "POST /wp-admin/admin-ajax.php HTTP/1.1" 200 1129 "https://talmedos.com/wp-admin/themes.php" "Mozilla/5.0 (Macintosh; Intel Mac OS X 10_15_7) AppleWebKit/537.36 (KHTML, like Gecko) Chrome/118.0.0.0 Safari/537.36"
5.179.80.204 - - [01/Nov/2023:13:25:21 +0000] "POST /wp-admin/admin-ajax.php HTTP/1.1" 200 1129 "https://talmedos.com/wp-admin/about.php" "Mozilla/5.0 (Macintosh; Intel Mac OS X 10_15_7) AppleWebKit/537.36 (KHTML, like Gecko) Chrome/118.0.0.0 Safari/537.36"
46.101.144.32 - - [01/Nov/2023:13:26:44 +0000] "POST /wp-cron.php?doing_wp_cron=1698845204.8801701068878173828125 HTTP/1.1" 200 3995 "-" "WordPress/6.3.2; https://talmedos.com"
5.179.80.204 - - [01/Nov/2023:13:26:44 +0000] "POST /wp-admin/admin-ajax.php HTTP/1.1" 200 1129 "https://talmedos.com/wp-admin/themes.php" "Mozilla/5.0 (Macintosh; Intel Mac OS X 10_15_7) AppleWebKit/537.36 (KHTML, like Gecko) Chrome/118.0.0.0 Safari/537.36"
5.179.80.204 - - [01/Nov/2023:13:27:22 +0000] "POST /wp-admin/admin-ajax.php HTTP/1.1" 200 1129 "https://talmedos.com/wp-admin/about.php" "Mozilla/5.0 (Macintosh; Intel Mac OS X 10_15_7) AppleWebKit/537.36 (KHTML, like Gecko) Chrome/118.0.0.0 Safari/537.36"
5.179.80.204 - - [01/Nov/2023:13:28:45 +0000] "POST /wp-admin/admin-ajax.php HTTP/1.1" 200 1129 "https://talmedos.com/wp-admin/themes.php" "Mozilla/5.0 (Macintosh; Intel Mac OS X 10_15_7) AppleWebKit/537.36 (KHTML, like Gecko) Chrome/118.0.0.0 Safari/537.36"
146.190.210.63 - - [01/Nov/2023:13:28:58 +0000] "POST /xmlrpc.php HTTP/1.1" 200 3626 "-" "Mozilla/5.0 (X11; Fedora; Linux x86_64; rv:94.0) Gecko/20100101 Firefox/95.0"
5.179.80.204 - - [01/Nov/2023:13:29:23 +0000] "POST /wp-admin/admin-ajax.php HTTP/1.1" 200 1129 "https://talmedos.com/wp-admin/about.php" "Mozilla/5.0 (Macintosh; Intel Mac OS X 10_15_7) AppleWebKit/537.36 (KHTML, like Gecko) Chrome/118.0.0.0 Safari/537.36"
192.0.102.40 - - [01/Nov/2023:13:29:26 +0000] "HEAD / HTTP/1.1" 200 3915 "-" "jetmon/1.0 (Jetpack Site Uptime Monitor by WordPress.com)"
5.179.80.204 - - [01/Nov/2023:13:30:46 +0000] "POST /wp-admin/admin-ajax.php HTTP/1.1" 200 1129 "https://talmedos.com/wp-admin/themes.php" "Mozilla/5.0 (Macintosh; Intel Mac OS X 10_15_7) AppleWebKit/537.36 (KHTML, like Gecko) Chrome/118.0.0.0 Safari/537.36"
46.101.144.32 - - [01/Nov/2023:13:32:47 +0000] "POST /wp-cron.php?doing_wp_cron=1698845567.8634240627288818359375 HTTP/1.1" 200 3995 "-" "WordPress/6.3.2; https://talmedos.com"
5.179.80.204 - - [01/Nov/2023:13:32:47 +0000] "POST /wp-admin/admin-ajax.php HTTP/1.1" 200 1129 "https://talmedos.com/wp-admin/themes.php" "Mozilla/5.0 (Macintosh; Intel Mac OS X 10_15_7) AppleWebKit/537.36 (KHTML, like Gecko) Chrome/118.0.0.0 Safari/537.36"
192.0.102.40 - - [01/Nov/2023:13:34:34 +0000] "HEAD / HTTP/1.1" 200 3915 "-" "jetmon/1.0 (Jetpack Site Uptime Monitor by WordPress.com)"
5.179.80.204 - - [01/Nov/2023:13:34:48 +0000] "POST /wp-admin/admin-ajax.php HTTP/1.1" 200 1129 "https://talmedos.com/wp-admin/themes.php" "Mozilla/5.0 (Macintosh; Intel Mac OS X 10_15_7) AppleWebKit/537.36 (KHTML, like Gecko) Chrome/118.0.0.0 Safari/537.36"
46.101.144.32 - - [01/Nov/2023:13:36:49 +0000] "POST /wp-cron.php?doing_wp_cron=1698845809.8978960514068603515625 HTTP/1.1" 200 3995 "-" "WordPress/6.3.2; https://talmedos.com"
5.179.80.204 - - [01/Nov/2023:13:36:49 +0000] "POST /wp-admin/admin-ajax.php HTTP/1.1" 200 1129 "https://talmedos.com/wp-admin/themes.php" "Mozilla/5.0 (Macintosh; Intel Mac OS X 10_15_7) AppleWebKit/537.36 (KHTML, like Gecko) Chrome/118.0.0.0 Safari/537.36"
161.97.147.235 - - [01/Nov/2023:13:37:48 +0000] "POST /xmlrpc.php HTTP/1.1" 200 3626 "-" "Mozilla/5.0 (X11; Fedora; Linux x86_64; rv:94.0) Gecko/20100101 Firefox/95.0"
46.101.144.32 - - [01/Nov/2023:13:38:50 +0000] "POST /wp-cron.php?doing_wp_cron=1698845930.8983509540557861328125 HTTP/1.1" 200 3995 "-" "WordPress/6.3.2; https://talmedos.com"
5.179.80.204 - - [01/Nov/2023:13:38:50 +0000] "POST /wp-admin/admin-ajax.php HTTP/1.1" 200 1129 "https://talmedos.com/wp-admin/themes.php" "Mozilla/5.0 (Macintosh; Intel Mac OS X 10_15_7) AppleWebKit/537.36 (KHTML, like Gecko) Chrome/118.0.0.0 Safari/537.36"
192.0.102.40 - - [01/Nov/2023:13:39:32 +0000] "HEAD / HTTP/1.1" 200 3915 "-" "jetmon/1.0 (Jetpack Site Uptime Monitor by WordPress.com)"
5.179.80.204 - - [01/Nov/2023:13:40:51 +0000] "POST /wp-admin/admin-ajax.php HTTP/1.1" 200 1129 "https://talmedos.com/wp-admin/themes.php" "Mozilla/5.0 (Macintosh; Intel Mac OS X 10_15_7) AppleWebKit/537.36 (KHTML, like Gecko) Chrome/118.0.0.0 Safari/537.36"
46.101.144.32 - - [01/Nov/2023:13:41:20 +0000] "POST /wp-cron.php?doing_wp_cron=1698846080.5733621120452880859375 HTTP/1.1" 200 3995 "-" "WordPress/6.3.2; https://talmedos.com"
5.179.80.204 - - [01/Nov/2023:13:41:20 +0000] "POST /wp-admin/admin-ajax.php HTTP/1.1" 200 1180 "https://talmedos.com/wp-admin/post-new.php?post_type=page" "Mozilla/5.0 (Macintosh; Intel Mac OS X 10_15_7) AppleWebKit/537.36 (KHTML, like Gecko) Chrome/118.0.0.0 Safari/537.36"
46.101.144.32 - - [01/Nov/2023:13:42:20 +0000] "POST /wp-cron.php?doing_wp_cron=1698846140.2363619804382324218750 HTTP/1.1" 200 3995 "-" "WordPress/6.3.2; https://talmedos.com"
5.179.80.204 - - [01/Nov/2023:13:42:20 +0000] "POST /wp-admin/admin-ajax.php HTTP/1.1" 200 1180 "https://talmedos.com/wp-admin/post-new.php?post_type=page" "Mozilla/5.0 (Macintosh; Intel Mac OS X 10_15_7) AppleWebKit/537.36 (KHTML, like Gecko) Chrome/118.0.0.0 Safari/537.36"
5.179.80.204 - - [01/Nov/2023:13:44:20 +0000] "POST /wp-admin/admin-ajax.php HTTP/1.1" 200 1180 "https://talmedos.com/wp-admin/post-new.php?post_type=page" "Mozilla/5.0 (Macintosh; Intel Mac OS X 10_15_7) AppleWebKit/537.36 (KHTML, like Gecko) Chrome/118.0.0.0 Safari/537.36"
192.0.102.40 - - [01/Nov/2023:13:44:25 +0000] "HEAD / HTTP/1.1" 200 3915 "-" "jetmon/1.0 (Jetpack Site Uptime Monitor by WordPress.com)"
46.101.144.32 - - [01/Nov/2023:13:46:20 +0000] "POST /wp-cron.php?doing_wp_cron=1698846380.2886428833007812500000 HTTP/1.1" 200 3995 "-" "WordPress/6.3.2; https://talmedos.com"
5.179.80.204 - - [01/Nov/2023:13:46:20 +0000] "POST /wp-admin/admin-ajax.php HTTP/1.1" 200 1180 "https://talmedos.com/wp-admin/post-new.php?post_type=page" "Mozilla/5.0 (Macintosh; Intel Mac OS X 10_15_7) AppleWebKit/537.36 (KHTML, like Gecko) Chrome/118.0.0.0 Safari/537.36"
46.101.144.32 - - [01/Nov/2023:13:48:20 +0000] "POST /wp-cron.php?doing_wp_cron=1698846500.2933719158172607421875 HTTP/1.1" 200 3995 "-" "WordPress/6.3.2; https://talmedos.com"
5.179.80.204 - - [01/Nov/2023:13:48:20 +0000] "POST /wp-admin/admin-ajax.php HTTP/1.1" 200 1180 "https://talmedos.com/wp-admin/post-new.php?post_type=page" "Mozilla/5.0 (Macintosh; Intel Mac OS X 10_15_7) AppleWebKit/537.36 (KHTML, like Gecko) Chrome/118.0.0.0 Safari/537.36"
192.0.102.40 - - [01/Nov/2023:13:49:32 +0000] "HEAD / HTTP/1.1" 200 3915 "-" "jetmon/1.0 (Jetpack Site Uptime Monitor by WordPress.com)"
5.179.80.204 - - [01/Nov/2023:13:50:20 +0000] "POST /wp-admin/admin-ajax.php HTTP/1.1" 200 1180 "https://talmedos.com/wp-admin/post-new.php?post_type=page" "Mozilla/5.0 (Macintosh; Intel Mac OS X 10_15_7) AppleWebKit/537.36 (KHTML, like Gecko) Chrome/118.0.0.0 Safari/537.36"
162.142.125.217 - - [01/Nov/2023:13:50:30 +0000] "GET / HTTP/1.1" 301 3863 "-" "-"
162.142.125.217 - - [01/Nov/2023:13:50:31 +0000] "GET / HTTP/1.1" 200 9020 "-" "Mozilla/5.0 (compatible; CensysInspect/1.1; +https://about.censys.io/)"
162.142.125.217 - - [01/Nov/2023:13:50:31 +0000] "GET /favicon.ico HTTP/1.1" 404 4097 "-" "Mozilla/5.0 (compatible; CensysInspect/1.1; +https://about.censys.io/)"
46.101.144.32 - - [01/Nov/2023:13:54:33 +0000] "POST /wp-cron.php?doing_wp_cron=1698846873.2440049648284912109375 HTTP/1.1" 200 3995 "-" "WordPress/6.3.2; https://talmedos.com"
192.0.102.40 - - [01/Nov/2023:13:54:33 +0000] "HEAD / HTTP/1.1" 200 3915 "-" "jetmon/1.0 (Jetpack Site Uptime Monitor by WordPress.com)"
46.101.144.32 - - [01/Nov/2023:13:59:26 +0000] "POST /wp-cron.php?doing_wp_cron=1698847166.0467820167541503906250 HTTP/1.1" 200 3995 "-" "WordPress/6.3.2; https://talmedos.com"
192.0.102.40 - - [01/Nov/2023:13:59:26 +0000] "HEAD / HTTP/1.1" 200 3915 "-" "jetmon/1.0 (Jetpack Site Uptime Monitor by WordPress.com)"
173.236.152.119 - - [01/Nov/2023:14:02:41 +0000] "GET /wp-login.php HTTP/1.1" 200 7799 "-" "Mozilla/5.0 (X11; Fedora; Linux x86_64; rv:94.0) Gecko/20100101 Firefox/95.0"
173.236.152.119 - - [01/Nov/2023:14:02:43 +0000] "POST /wp-login.php HTTP/1.1" 200 7799 "-" "Mozilla/5.0 (X11; Fedora; Linux x86_64; rv:94.0) Gecko/20100101 Firefox/95.0"
46.101.144.32 - - [01/Nov/2023:14:03:05 +0000] "POST /wp-cron.php?doing_wp_cron=1698847385.5881659984588623046875 HTTP/1.1" 200 3995 "-" "WordPress/6.3.2; https://talmedos.com"
5.179.80.204 - - [01/Nov/2023:14:03:05 +0000] "POST /wp-admin/admin-ajax.php HTTP/1.1" 200 4335 "https://talmedos.com/wp-admin/post-new.php?post_type=page" "Mozilla/5.0 (Macintosh; Intel Mac OS X 10_15_7) AppleWebKit/537.36 (KHTML, like Gecko) Chrome/118.0.0.0 Safari/537.36"
5.179.80.204 - - [01/Nov/2023:14:04:05 +0000] "POST /wp-admin/admin-ajax.php HTTP/1.1" 200 1180 "https://talmedos.com/wp-admin/post-new.php?post_type=page" "Mozilla/5.0 (Macintosh; Intel Mac OS X 10_15_7) AppleWebKit/537.36 (KHTML, like Gecko) Chrome/118.0.0.0 Safari/537.36"
192.0.102.40 - - [01/Nov/2023:14:04:32 +0000] "HEAD / HTTP/1.1" 200 3915 "-" "jetmon/1.0 (Jetpack Site Uptime Monitor by WordPress.com)"
46.101.144.32 - - [01/Nov/2023:14:06:05 +0000] "POST /wp-cron.php?doing_wp_cron=1698847565.3445138931274414062500 HTTP/1.1" 200 3995 "-" "WordPress/6.3.2; https://talmedos.com"
5.179.80.204 - - [01/Nov/2023:14:06:05 +0000] "POST /wp-admin/admin-ajax.php HTTP/1.1" 200 1180 "https://talmedos.com/wp-admin/post-new.php?post_type=page" "Mozilla/5.0 (Macintosh; Intel Mac OS X 10_15_7) AppleWebKit/537.36 (KHTML, like Gecko) Chrome/118.0.0.0 Safari/537.36"
46.101.144.32 - - [01/Nov/2023:14:07:05 +0000] "POST /wp-cron.php?doing_wp_cron=1698847625.3500618934631347656250 HTTP/1.1" 200 3995 "-" "WordPress/6.3.2; https://talmedos.com"
5.179.80.204 - - [01/Nov/2023:14:07:05 +0000] "POST /wp-admin/admin-ajax.php HTTP/1.1" 200 1180 "https://talmedos.com/wp-admin/post-new.php?post_type=page" "Mozilla/5.0 (Macintosh; Intel Mac OS X 10_15_7) AppleWebKit/537.36 (KHTML, like Gecko) Chrome/118.0.0.0 Safari/537.36"
5.179.80.204 - - [01/Nov/2023:14:09:05 +0000] "POST /wp-admin/admin-ajax.php HTTP/1.1" 200 1180 "https://talmedos.com/wp-admin/post-new.php?post_type=page" "Mozilla/5.0 (Macintosh; Intel Mac OS X 10_15_7) AppleWebKit/537.36 (KHTML, like Gecko) Chrome/118.0.0.0 Safari/537.36"
192.0.102.40 - - [01/Nov/2023:14:09:32 +0000] "HEAD / HTTP/1.1" 200 3915 "-" "jetmon/1.0 (Jetpack Site Uptime Monitor by WordPress.com)"
46.101.144.32 - - [01/Nov/2023:14:11:05 +0000] "POST /wp-cron.php?doing_wp_cron=1698847865.3558080196380615234375 HTTP/1.1" 200 3995 "-" "WordPress/6.3.2; https://talmedos.com"
5.179.80.204 - - [01/Nov/2023:14:11:05 +0000] "POST /wp-admin/admin-ajax.php HTTP/1.1" 200 1180 "https://talmedos.com/wp-admin/post-new.php?post_type=page" "Mozilla/5.0 (Macintosh; Intel Mac OS X 10_15_7) AppleWebKit/537.36 (KHTML, like Gecko) Chrome/118.0.0.0 Safari/537.36"
46.101.144.32 - - [01/Nov/2023:14:13:05 +0000] "POST /wp-cron.php?doing_wp_cron=1698847985.3533899784088134765625 HTTP/1.1" 200 3995 "-" "WordPress/6.3.2; https://talmedos.com"
5.179.80.204 - - [01/Nov/2023:14:13:05 +0000] "POST /wp-admin/admin-ajax.php HTTP/1.1" 200 1180 "https://talmedos.com/wp-admin/post-new.php?post_type=page" "Mozilla/5.0 (Macintosh; Intel Mac OS X 10_15_7) AppleWebKit/537.36 (KHTML, like Gecko) Chrome/118.0.0.0 Safari/537.36"
192.0.102.40 - - [01/Nov/2023:14:14:25 +0000] "HEAD / HTTP/1.1" 200 3915 "-" "jetmon/1.0 (Jetpack Site Uptime Monitor by WordPress.com)"
5.179.80.204 - - [01/Nov/2023:14:15:05 +0000] "POST /wp-admin/admin-ajax.php HTTP/1.1" 200 1180 "https://talmedos.com/wp-admin/post-new.php?post_type=page" "Mozilla/5.0 (Macintosh; Intel Mac OS X 10_15_7) AppleWebKit/537.36 (KHTML, like Gecko) Chrome/118.0.0.0 Safari/537.36"
46.101.144.32 - - [01/Nov/2023:14:19:33 +0000] "POST /wp-cron.php?doing_wp_cron=1698848373.1815381050109863281250 HTTP/1.1" 200 3995 "-" "WordPress/6.3.2; https://talmedos.com"
192.0.102.40 - - [01/Nov/2023:14:19:33 +0000] "HEAD / HTTP/1.1" 200 3915 "-" "jetmon/1.0 (Jetpack Site Uptime Monitor by WordPress.com)"
173.212.231.122 - - [01/Nov/2023:14:20:57 +0000] "GET /wp-login.php HTTP/1.1" 200 7798 "-" "Mozilla/5.0 (X11; Fedora; Linux x86_64; rv:94.0) Gecko/20100101 Firefox/95.0"
173.212.231.122 - - [01/Nov/2023:14:20:58 +0000] "POST /wp-login.php HTTP/1.1" 200 7798 "-" "Mozilla/5.0 (X11; Fedora; Linux x86_64; rv:94.0) Gecko/20100101 Firefox/95.0"
109.237.98.226 - - [01/Nov/2023:14:23:54 +0000] "GET / HTTP/1.0" 400 627 "-" "-"
109.237.98.226 - - [01/Nov/2023:14:23:54 +0000] "GET /.env HTTP/1.1" 404 4182 "-" "Mozilla/5.0 (X11; Linux x86_64) AppleWebKit/537.36 (KHTML, like Gecko) Chrome/81.0.4044.129 Safari/537.36"
46.101.144.32 - - [01/Nov/2023:14:23:59 +0000] "POST /wp-cron.php?doing_wp_cron=1698848639.0725600719451904296875 HTTP/1.1" 200 3995 "-" "WordPress/6.3.2; https://talmedos.com"
68.178.228.95 - - [01/Nov/2023:14:23:58 +0000] "GET /wp-admin/user/user-edit.php HTTP/1.1" 302 4132 "http://talmedos.com/wp-admin/user/user-edit.php" "Mozilla/5.0 (Windows; U; Windows NT 5.1; en-US) AppleWebKit/533.4 (KHTML, like Gecko) Chrome/5.0.375.99 Safari/533.4"
68.178.228.95 - - [01/Nov/2023:14:24:00 +0000] "GET /wp-login.php?redirect_to=https%3A%2F%2Ftalmedos.com%2Fwp-admin%2Fuser%2Fuser-edit.php&reauth=1 HTTP/1.1" 200 10969 "https://talmedos.com/wp-admin/user/user-edit.php" "Mozilla/5.0 (Windows; U; Windows NT 5.1; en-US) AppleWebKit/533.4 (KHTML, like Gecko) Chrome/5.0.375.99 Safari/533.4"
68.178.228.95 - - [01/Nov/2023:14:24:02 +0000] "GET /wp-admin/user/user-edit.php HTTP/1.1" 302 4132 "http://talmedos.com/wp-admin/user/user-edit.php" "Mozilla/5.0 (Windows; U; Windows NT 5.1; en-US) AppleWebKit/533.4 (KHTML, like Gecko) Chrome/5.0.375.99 Safari/533.4"
68.178.228.95 - - [01/Nov/2023:14:24:02 +0000] "GET /wp-login.php?redirect_to=https%3A%2F%2Ftalmedos.com%2Fwp-admin%2Fuser%2Fuser-edit.php&reauth=1 HTTP/1.1" 200 10969 "https://talmedos.com/wp-admin/user/user-edit.php" "Mozilla/5.0 (Windows; U; Windows NT 5.1; en-US) AppleWebKit/533.4 (KHTML, like Gecko) Chrome/5.0.375.99 Safari/533.4"
192.0.102.40 - - [01/Nov/2023:14:24:32 +0000] "HEAD / HTTP/1.1" 200 3915 "-" "jetmon/1.0 (Jetpack Site Uptime Monitor by WordPress.com)"
46.101.144.32 - - [01/Nov/2023:14:29:26 +0000] "POST /wp-cron.php?doing_wp_cron=1698848966.0744109153747558593750 HTTP/1.1" 200 3995 "-" "WordPress/6.3.2; https://talmedos.com"
192.0.102.40 - - [01/Nov/2023:14:29:26 +0000] "HEAD / HTTP/1.1" 200 3915 "-" "jetmon/1.0 (Jetpack Site Uptime Monitor by WordPress.com)"
46.101.144.32 - - [01/Nov/2023:14:33:42 +0000] "POST /wp-cron.php?doing_wp_cron=1698849222.2812719345092773437500 HTTP/1.1" 200 3995 "-" "WordPress/6.3.2; https://talmedos.com"
5.179.80.204 - - [01/Nov/2023:14:33:42 +0000] "POST /wp-admin/admin-ajax.php HTTP/1.1" 200 4335 "https://talmedos.com/wp-admin/post-new.php?post_type=page" "Mozilla/5.0 (Macintosh; Intel Mac OS X 10_15_7) AppleWebKit/537.36 (KHTML, like Gecko) Chrome/118.0.0.0 Safari/537.36"
192.0.102.40 - - [01/Nov/2023:14:34:26 +0000] "HEAD / HTTP/1.1" 200 3915 "-" "jetmon/1.0 (Jetpack Site Uptime Monitor by WordPress.com)"
5.179.80.204 - - [01/Nov/2023:14:34:42 +0000] "POST /wp-admin/admin-ajax.php HTTP/1.1" 200 1180 "https://talmedos.com/wp-admin/post-new.php?post_type=page" "Mozilla/5.0 (Macintosh; Intel Mac OS X 10_15_7) AppleWebKit/537.36 (KHTML, like Gecko) Chrome/118.0.0.0 Safari/537.36"
46.101.144.32 - - [01/Nov/2023:14:36:42 +0000] "POST /wp-cron.php?doing_wp_cron=1698849402.2903978824615478515625 HTTP/1.1" 200 3995 "-" "WordPress/6.3.2; https://talmedos.com"
5.179.80.204 - - [01/Nov/2023:14:36:42 +0000] "POST /wp-admin/admin-ajax.php HTTP/1.1" 200 1180 "https://talmedos.com/wp-admin/post-new.php?post_type=page" "Mozilla/5.0 (Macintosh; Intel Mac OS X 10_15_7) AppleWebKit/537.36 (KHTML, like Gecko) Chrome/118.0.0.0 Safari/537.36"
177.52.160.16 - - [01/Nov/2023:14:37:25 +0000] "POST /xmlrpc.php HTTP/1.1" 200 3624 "-" "Mozilla/5.0 (X11; Fedora; Linux x86_64; rv:94.0) Gecko/20100101 Firefox/95.0"
46.101.144.32 - - [01/Nov/2023:14:38:42 +0000] "POST /wp-cron.php?doing_wp_cron=1698849522.3043389320373535156250 HTTP/1.1" 200 3995 "-" "WordPress/6.3.2; https://talmedos.com"
5.179.80.204 - - [01/Nov/2023:14:38:42 +0000] "POST /wp-admin/admin-ajax.php HTTP/1.1" 200 1180 "https://talmedos.com/wp-admin/post-new.php?post_type=page" "Mozilla/5.0 (Macintosh; Intel Mac OS X 10_15_7) AppleWebKit/537.36 (KHTML, like Gecko) Chrome/118.0.0.0 Safari/537.36"
192.0.102.40 - - [01/Nov/2023:14:39:32 +0000] "HEAD / HTTP/1.1" 200 3915 "-" "jetmon/1.0 (Jetpack Site Uptime Monitor by WordPress.com)"
5.179.80.204 - - [01/Nov/2023:14:40:42 +0000] "POST /wp-admin/admin-ajax.php HTTP/1.1" 200 1180 "https://talmedos.com/wp-admin/post-new.php?post_type=page" "Mozilla/5.0 (Macintosh; Intel Mac OS X 10_15_7) AppleWebKit/537.36 (KHTML, like Gecko) Chrome/118.0.0.0 Safari/537.36"
46.101.144.32 - - [01/Nov/2023:14:42:42 +0000] "POST /wp-cron.php?doing_wp_cron=1698849762.3030459880828857421875 HTTP/1.1" 200 3995 "-" "WordPress/6.3.2; https://talmedos.com"
5.179.80.204 - - [01/Nov/2023:14:42:42 +0000] "POST /wp-admin/admin-ajax.php HTTP/1.1" 200 1180 "https://talmedos.com/wp-admin/post-new.php?post_type=page" "Mozilla/5.0 (Macintosh; Intel Mac OS X 10_15_7) AppleWebKit/537.36 (KHTML, like Gecko) Chrome/118.0.0.0 Safari/537.36"
192.0.102.40 - - [01/Nov/2023:14:44:25 +0000] "HEAD / HTTP/1.1" 200 3915 "-" "jetmon/1.0 (Jetpack Site Uptime Monitor by WordPress.com)"
46.101.144.32 - - [01/Nov/2023:14:46:24 +0000] "POST /wp-cron.php?doing_wp_cron=1698849984.4796729087829589843750 HTTP/1.1" 200 3995 "-" "WordPress/6.3.2; https://talmedos.com"
184.168.114.192 - - [01/Nov/2023:14:46:24 +0000] "POST /xmlrpc.php HTTP/1.1" 200 3626 "-" "Mozilla/5.0 (X11; Fedora; Linux x86_64; rv:94.0) Gecko/20100101 Firefox/95.0"
194.38.22.71 - - [01/Nov/2023:14:49:01 +0000] "GET /wp-content/plugins/super-forms/uploads/php/index.php?file=tf2rghf.jpg HTTP/1.1" 404 4181 "-" "ALittle Client"
46.101.144.32 - - [01/Nov/2023:14:49:26 +0000] "POST /wp-cron.php?doing_wp_cron=1698850166.1017520427703857421875 HTTP/1.1" 200 3995 "-" "WordPress/6.3.2; https://talmedos.com"
192.0.102.40 - - [01/Nov/2023:14:49:26 +0000] "HEAD / HTTP/1.1" 200 3915 "-" "jetmon/1.0 (Jetpack Site Uptime Monitor by WordPress.com)"
46.101.144.32 - - [01/Nov/2023:14:54:33 +0000] "POST /wp-cron.php?doing_wp_cron=1698850473.4684638977050781250000 HTTP/1.1" 200 3995 "-" "WordPress/6.3.2; https://talmedos.com"
192.0.102.40 - - [01/Nov/2023:14:54:33 +0000] "HEAD / HTTP/1.1" 200 3915 "-" "jetmon/1.0 (Jetpack Site Uptime Monitor by WordPress.com)"
46.101.144.32 - - [01/Nov/2023:14:59:26 +0000] "POST /wp-cron.php?doing_wp_cron=1698850766.1264710426330566406250 HTTP/1.1" 200 3995 "-" "WordPress/6.3.2; https://talmedos.com"
192.0.102.40 - - [01/Nov/2023:14:59:26 +0000] "HEAD / HTTP/1.1" 200 3915 "-" "jetmon/1.0 (Jetpack Site Uptime Monitor by WordPress.com)"
46.101.144.32 - - [01/Nov/2023:15:04:32 +0000] "POST /wp-cron.php?doing_wp_cron=1698851072.1169800758361816406250 HTTP/1.1" 200 3995 "-" "WordPress/6.3.2; https://talmedos.com"
192.0.102.40 - - [01/Nov/2023:15:04:32 +0000] "HEAD / HTTP/1.1" 200 3915 "-" "jetmon/1.0 (Jetpack Site Uptime Monitor by WordPress.com)"
71.6.134.234 - - [01/Nov/2023:15:07:37 +0000] "GET / HTTP/1.0" 400 627 "-" "-"
46.101.144.32 - - [01/Nov/2023:15:09:33 +0000] "POST /wp-cron.php?doing_wp_cron=1698851373.5925729274749755859375 HTTP/1.1" 200 3995 "-" "WordPress/6.3.2; https://talmedos.com"
192.0.102.40 - - [01/Nov/2023:15:09:33 +0000] "HEAD / HTTP/1.1" 200 3915 "-" "jetmon/1.0 (Jetpack Site Uptime Monitor by WordPress.com)"
46.101.144.32 - - [01/Nov/2023:15:14:26 +0000] "POST /wp-cron.php?doing_wp_cron=1698851666.1275980472564697265625 HTTP/1.1" 200 3995 "-" "WordPress/6.3.2; https://talmedos.com"
192.0.102.40 - - [01/Nov/2023:15:14:26 +0000] "HEAD / HTTP/1.1" 200 3915 "-" "jetmon/1.0 (Jetpack Site Uptime Monitor by WordPress.com)"
46.101.144.32 - - [01/Nov/2023:15:19:33 +0000] "POST /wp-cron.php?doing_wp_cron=1698851973.5681500434875488281250 HTTP/1.1" 200 3995 "-" "WordPress/6.3.2; https://talmedos.com"
192.0.102.40 - - [01/Nov/2023:15:19:33 +0000] "HEAD / HTTP/1.1" 200 3915 "-" "jetmon/1.0 (Jetpack Site Uptime Monitor by WordPress.com)"
170.64.220.120 - - [01/Nov/2023:15:22:47 +0000] "GET /.git/config HTTP/1.1" 404 4229 "-" "Mozilla/5.0 (X11; Linux x86_64) AppleWebKit/537.36 (KHTML, like Gecko) Chrome/81.0.4044.129 Safari/537.36"
46.101.144.32 - - [01/Nov/2023:15:23:37 +0000] "POST /wp-cron.php?doing_wp_cron=1698852217.3804500102996826171875 HTTP/1.1" 200 3995 "-" "WordPress/6.3.2; https://talmedos.com"
71.6.134.234 - - [01/Nov/2023:15:23:37 +0000] "GET / HTTP/1.1" 200 9020 "-" "Mozilla/5.0 (Windows NT 10.0; Win64; x64) AppleWebKit/537.36 (KHTML, like Gecko) Chrome/102.0.0.0 Safari/537.36"
118.193.59.41 - - [01/Nov/2023:15:24:14 +0000] "GET / HTTP/1.1" 200 23714 "-" "-"
118.193.59.41 - - [01/Nov/2023:15:24:31 +0000] "GET /favicon.ico HTTP/1.1" 404 4078 "-" "Mozilla/5.0 (Macintosh; Intel Mac OS X 10_7_0) AppleWebKit/535.11 (KHTML, like Gecko) Chrome/17.0.963.56 Safari/535.11"
192.0.102.40 - - [01/Nov/2023:15:24:33 +0000] "HEAD / HTTP/1.1" 200 3915 "-" "jetmon/1.0 (Jetpack Site Uptime Monitor by WordPress.com)"
118.193.59.41 - - [01/Nov/2023:15:24:35 +0000] "GET /robots.txt HTTP/1.1" 404 4078 "-" "Mozilla/5.0 (Macintosh; Intel Mac OS X 10_7_0) AppleWebKit/535.11 (KHTML, like Gecko) Chrome/17.0.963.56 Safari/535.11"
118.193.59.41 - - [01/Nov/2023:15:24:40 +0000] "GET /sitemap.xml HTTP/1.1" 404 4078 "-" "Mozilla/5.0 (Macintosh; Intel Mac OS X 10_7_0) AppleWebKit/535.11 (KHTML, like Gecko) Chrome/17.0.963.56 Safari/535.11"
118.193.59.41 - - [01/Nov/2023:15:25:30 +0000] "GET / HTTP/1.1" 200 9171 "-" "Mozilla/5.0 (Macintosh; Intel Mac OS X 10_14_6) AppleWebKit/537.36 (KHTML, like Gecko) Chrome/81.0.4044.138 Safari/537.36"
118.193.59.41 - - [01/Nov/2023:15:25:31 +0000] "GET /wp-content/plugins/jetpack/readme.txt HTTP/1.1" 200 14667 "-" "python-requests/2.27.1"
118.193.59.41 - - [01/Nov/2023:15:25:31 +0000] "GET /wp-content/themes/naked-wordpress/readme.txt HTTP/1.1" 404 4229 "-" "python-requests/2.27.1"
169.204.214.73 - - [01/Nov/2023:15:26:38 +0000] "GET /wp-content/plugins/attire-blocks/admin/theme/color-theme.php HTTP/1.1" 404 4144 "talmedos.com" "Mozilla/5.1 (Windows NT 6.0; WOW64) AppleWebKit/537.37 (KHTML, like Gecko) Chrome/58.0.1145.75 Safari/537.37"
46.101.144.32 - - [01/Nov/2023:15:29:26 +0000] "POST /wp-cron.php?doing_wp_cron=1698852566.1759889125823974609375 HTTP/1.1" 200 3995 "-" "WordPress/6.3.2; https://talmedos.com"
192.0.102.40 - - [01/Nov/2023:15:29:26 +0000] "HEAD / HTTP/1.1" 200 3915 "-" "jetmon/1.0 (Jetpack Site Uptime Monitor by WordPress.com)"
46.101.144.32 - - [01/Nov/2023:15:34:33 +0000] "POST /wp-cron.php?doing_wp_cron=1698852873.2382409572601318359375 HTTP/1.1" 200 3995 "-" "WordPress/6.3.2; https://talmedos.com"
192.0.102.40 - - [01/Nov/2023:15:34:33 +0000] "HEAD / HTTP/1.1" 200 3915 "-" "jetmon/1.0 (Jetpack Site Uptime Monitor by WordPress.com)"
46.101.144.32 - - [01/Nov/2023:15:38:59 +0000] "POST /wp-cron.php?doing_wp_cron=1698853139.2029850482940673828125 HTTP/1.1" 200 3995 "-" "WordPress/6.3.2; https://talmedos.com"
118.193.68.150 - - [01/Nov/2023:15:38:59 +0000] "GET / HTTP/1.1" 200 9020 "http://46.101.144.32/" "Mozilla/5.0 (Macintosh; Intel Mac OS X 10_7_0) AppleWebKit/535.11 (KHTML, like Gecko) Chrome/17.0.963.56 Safari/535.11"
118.193.68.150 - - [01/Nov/2023:15:39:05 +0000] "GET /favicon.ico HTTP/1.1" 404 4078 "http://46.101.144.32/favicon.ico" "Mozilla/5.0 (Macintosh; Intel Mac OS X 10_7_0) AppleWebKit/535.11 (KHTML, like Gecko) Chrome/17.0.963.56 Safari/535.11"
118.193.68.150 - - [01/Nov/2023:15:39:09 +0000] "GET /robots.txt HTTP/1.1" 404 4078 "http://46.101.144.32/robots.txt" "Mozilla/5.0 (Macintosh; Intel Mac OS X 10_7_0) AppleWebKit/535.11 (KHTML, like Gecko) Chrome/17.0.963.56 Safari/535.11"
118.193.68.150 - - [01/Nov/2023:15:39:14 +0000] "GET /sitemap.xml HTTP/1.1" 404 4078 "http://46.101.144.32/sitemap.xml" "Mozilla/5.0 (Macintosh; Intel Mac OS X 10_7_0) AppleWebKit/535.11 (KHTML, like Gecko) Chrome/17.0.963.56 Safari/535.11"
118.193.68.150 - - [01/Nov/2023:15:39:22 +0000] "GET / HTTP/1.1" 200 9171 "-" "Mozilla/5.0 (Macintosh; Intel Mac OS X 10_14_6) AppleWebKit/537.36 (KHTML, like Gecko) Chrome/81.0.4044.138 Safari/537.36"
118.193.68.150 - - [01/Nov/2023:15:39:24 +0000] "GET /wp-content/plugins/jetpack/readme.txt HTTP/1.1" 200 14667 "-" "python-requests/2.27.1"
118.193.68.150 - - [01/Nov/2023:15:39:26 +0000] "GET /wp-content/themes/naked-wordpress/readme.txt HTTP/1.1" 404 4229 "-" "python-requests/2.27.1"
192.0.102.40 - - [01/Nov/2023:15:39:34 +0000] "HEAD / HTTP/1.1" 200 3915 "-" "jetmon/1.0 (Jetpack Site Uptime Monitor by WordPress.com)"
43.128.81.182 - - [01/Nov/2023:15:43:42 +0000] "GET /api/common/pool HTTP/1.1" 404 4172 "-" "Mozilla/4.0 (compatible; MSIE 7.0; Windows NT 6.0; SLCC1; .NET CLR 2.0.50727; .NET CLR 3.0.04506; .NET CLR 3.5.21022; .NET CLR 1.0.3705; .NET CLR 1.1.4322)"
46.101.144.32 - - [01/Nov/2023:15:44:26 +0000] "POST /wp-cron.php?doing_wp_cron=1698853466.1768178939819335937500 HTTP/1.1" 200 3995 "-" "WordPress/6.3.2; https://talmedos.com"
192.0.102.40 - - [01/Nov/2023:15:44:26 +0000] "HEAD / HTTP/1.1" 200 3915 "-" "jetmon/1.0 (Jetpack Site Uptime Monitor by WordPress.com)"
46.101.144.32 - - [01/Nov/2023:15:49:33 +0000] "POST /wp-cron.php?doing_wp_cron=1698853773.8954360485076904296875 HTTP/1.1" 200 3995 "-" "WordPress/6.3.2; https://talmedos.com"
192.0.102.40 - - [01/Nov/2023:15:49:33 +0000] "HEAD / HTTP/1.1" 200 3915 "-" "jetmon/1.0 (Jetpack Site Uptime Monitor by WordPress.com)"
23.88.7.178 - - [01/Nov/2023:15:50:32 +0000] "GET /wp-includes/shellv3.php HTTP/1.1" 404 4172 "http://talmedos.com/wp-includes/shellv3.php" "Mozilla/5.0 (Windows; U; Windows NT 5.1; en-US) AppleWebKit/533.4 (KHTML, like Gecko) Chrome/5.0.375.99 Safari/533.4"
23.88.7.178 - - [01/Nov/2023:15:50:33 +0000] "GET /wp-includes/shellv3.php HTTP/1.1" 404 4172 "http://talmedos.com/wp-includes/shellv3.php" "Mozilla/5.0 (Windows; U; Windows NT 5.1; en-US) AppleWebKit/533.4 (KHTML, like Gecko) Chrome/5.0.375.99 Safari/533.4"
46.101.144.32 - - [01/Nov/2023:15:54:33 +0000] "POST /wp-cron.php?doing_wp_cron=1698854073.5292799472808837890625 HTTP/1.1" 200 3995 "-" "WordPress/6.3.2; https://talmedos.com"
192.0.102.40 - - [01/Nov/2023:15:54:33 +0000] "HEAD / HTTP/1.1" 200 3915 "-" "jetmon/1.0 (Jetpack Site Uptime Monitor by WordPress.com)"
46.101.144.32 - - [01/Nov/2023:15:59:26 +0000] "POST /wp-cron.php?doing_wp_cron=1698854366.1207940578460693359375 HTTP/1.1" 200 3995 "-" "WordPress/6.3.2; https://talmedos.com"
192.0.102.40 - - [01/Nov/2023:15:59:26 +0000] "HEAD / HTTP/1.1" 200 3915 "-" "jetmon/1.0 (Jetpack Site Uptime Monitor by WordPress.com)"
98.71.20.249 - - [01/Nov/2023:16:04:14 +0000] "GET /.env HTTP/1.1" 404 4229 "-" "Mozilla/5.0 (Linux; U; Android 4.4.2; en-US; HM NOTE 1W Build/KOT49H) AppleWebKit/534.30 (KHTML, like Gecko) Version/4.0 UCBrowser/11.0.5.850 U3/0.8.0 Mobile Safari/534.30"
46.101.144.32 - - [01/Nov/2023:16:04:15 +0000] "POST /wp-cron.php?doing_wp_cron=1698854655.2398900985717773437500 HTTP/1.1" 200 3995 "-" "WordPress/6.3.2; https://talmedos.com"
98.71.20.249 - - [01/Nov/2023:16:04:15 +0000] "POST / HTTP/1.1" 200 9171 "-" "Mozilla/5.0 (Linux; U; Android 4.4.2; en-US; HM NOTE 1W Build/KOT49H) AppleWebKit/534.30 (KHTML, like Gecko) Version/4.0 UCBrowser/11.0.5.850 U3/0.8.0 Mobile Safari/534.30"
98.71.20.249 - - [01/Nov/2023:16:04:17 +0000] "GET /vendor/phpunit/phpunit/src/Util/PHP/eval-stdin.php HTTP/1.1" 404 4229 "-" "python-requests/2.26.0"
192.0.102.40 - - [01/Nov/2023:16:04:36 +0000] "HEAD / HTTP/1.1" 200 3915 "-" "jetmon/1.0 (Jetpack Site Uptime Monitor by WordPress.com)"
46.101.144.32 - - [01/Nov/2023:16:09:35 +0000] "POST /wp-cron.php?doing_wp_cron=1698854975.3365819454193115234375 HTTP/1.1" 200 3995 "-" "WordPress/6.3.2; https://talmedos.com"
192.0.102.40 - - [01/Nov/2023:16:09:35 +0000] "HEAD / HTTP/1.1" 200 3915 "-" "jetmon/1.0 (Jetpack Site Uptime Monitor by WordPress.com)"
46.101.144.32 - - [01/Nov/2023:16:14:26 +0000] "POST /wp-cron.php?doing_wp_cron=1698855266.2962191104888916015625 HTTP/1.1" 200 3995 "-" "WordPress/6.3.2; https://talmedos.com"
192.0.102.40 - - [01/Nov/2023:16:14:26 +0000] "HEAD / HTTP/1.1" 200 3915 "-" "jetmon/1.0 (Jetpack Site Uptime Monitor by WordPress.com)"
46.101.144.32 - - [01/Nov/2023:16:17:56 +0000] "POST /wp-cron.php?doing_wp_cron=1698855476.6343851089477539062500 HTTP/1.1" 200 3995 "-" "WordPress/6.3.2; https://talmedos.com"
94.102.61.7 - - [01/Nov/2023:16:17:56 +0000] "GET / HTTP/1.1" 200 8496 "-" "Mozilla/5.0 (Windows NT 10.0; Win64; x64) AppleWebKit/537.36 (KHTML, like Gecko) Chrome/88.0.4324.190 Safari/537.36"
192.0.102.40 - - [01/Nov/2023:16:19:33 +0000] "HEAD / HTTP/1.1" 200 3915 "-" "jetmon/1.0 (Jetpack Site Uptime Monitor by WordPress.com)"
46.101.144.32 - - [01/Nov/2023:16:24:33 +0000] "POST /wp-cron.php?doing_wp_cron=1698855873.3819830417633056640625 HTTP/1.1" 200 3995 "-" "WordPress/6.3.2; https://talmedos.com"
192.0.102.40 - - [01/Nov/2023:16:24:33 +0000] "HEAD / HTTP/1.1" 200 3915 "-" "jetmon/1.0 (Jetpack Site Uptime Monitor by WordPress.com)"
86.107.198.192 - - [01/Nov/2023:16:28:12 +0000] "POST /wp-login.php HTTP/1.1" 200 8355 "-" "Mozilla/5.0 (Windows NT 6.1; Win64; x64) AppleWebKit/537.36 (KHTML, like Gecko) Chrome/70.0.3538.67 Safari/537.36"
46.101.144.32 - - [01/Nov/2023:16:28:36 +0000] "POST /wp-cron.php?doing_wp_cron=1698856116.5968461036682128906250 HTTP/1.1" 200 3995 "-" "WordPress/6.3.2; https://talmedos.com"
66.240.192.82 - - [01/Nov/2023:16:28:36 +0000] "GET / HTTP/1.1" 200 8496 "-" "'Mozilla/5.0 project_patchwatch'"
192.0.102.40 - - [01/Nov/2023:16:29:26 +0000] "HEAD / HTTP/1.1" 200 3915 "-" "jetmon/1.0 (Jetpack Site Uptime Monitor by WordPress.com)"
66.240.192.82 - - [01/Nov/2023:16:31:25 +0000] "GET / HTTP/1.0" 400 627 "-" "-"
46.101.144.32 - - [01/Nov/2023:16:34:26 +0000] "POST /wp-cron.php?doing_wp_cron=1698856465.9962890148162841796875 HTTP/1.1" 200 3995 "-" "WordPress/6.3.2; https://talmedos.com"
192.0.102.40 - - [01/Nov/2023:16:34:25 +0000] "HEAD / HTTP/1.1" 200 3915 "-" "jetmon/1.0 (Jetpack Site Uptime Monitor by WordPress.com)"
46.101.144.32 - - [01/Nov/2023:16:39:35 +0000] "POST /wp-cron.php?doing_wp_cron=1698856775.8307600021362304687500 HTTP/1.1" 200 3995 "-" "WordPress/6.3.2; https://talmedos.com"
192.0.102.40 - - [01/Nov/2023:16:39:35 +0000] "HEAD / HTTP/1.1" 200 3915 "-" "jetmon/1.0 (Jetpack Site Uptime Monitor by WordPress.com)"
46.101.144.32 - - [01/Nov/2023:16:44:26 +0000] "POST /wp-cron.php?doing_wp_cron=1698857066.3178501129150390625000 HTTP/1.1" 200 3995 "-" "WordPress/6.3.2; https://talmedos.com"
