192.0.102.40 - - [06/Nov/2023:19:04:29 +0000] "HEAD / HTTP/1.1" 200 3836 "-" "jetmon/1.0 (Jetpack Site Uptime Monitor by WordPress.com)"
192.0.102.40 - - [06/Nov/2023:19:09:30 +0000] "HEAD / HTTP/1.1" 200 3836 "-" "jetmon/1.0 (Jetpack Site Uptime Monitor by WordPress.com)"
5.181.159.95 - - [06/Nov/2023:19:11:11 +0000] "POST / HTTP/1.1" 200 4007 "-" "Mozilla/5.0 (Macintosh; Intel Mac OS X 10_9_2) AppleWebKit/537.36 (KHTML, like Gecko) Chrome/52.0.2762.73 Safari/537.36"
192.0.102.40 - - [06/Nov/2023:19:14:30 +0000] "HEAD / HTTP/1.1" 200 3836 "-" "jetmon/1.0 (Jetpack Site Uptime Monitor by WordPress.com)"
192.0.102.40 - - [06/Nov/2023:19:19:29 +0000] "HEAD / HTTP/1.1" 200 3836 "-" "jetmon/1.0 (Jetpack Site Uptime Monitor by WordPress.com)"
209.146.23.178 - - [06/Nov/2023:19:22:50 +0000] "GET / HTTP/1.0" 200 3759 "-" "Mozilla/5.0 (Windows NT 6.3; Win64; x64) AppleWebKit/537.36 (KHTML, like Gecko) Chrome/102.0.0.0 Safari/537.36"
192.0.102.40 - - [06/Nov/2023:19:24:29 +0000] "HEAD / HTTP/1.1" 200 3836 "-" "jetmon/1.0 (Jetpack Site Uptime Monitor by WordPress.com)"
192.0.102.40 - - [06/Nov/2023:19:29:30 +0000] "HEAD / HTTP/1.1" 200 3836 "-" "jetmon/1.0 (Jetpack Site Uptime Monitor by WordPress.com)"
192.0.102.40 - - [06/Nov/2023:19:34:29 +0000] "HEAD / HTTP/1.1" 200 3836 "-" "jetmon/1.0 (Jetpack Site Uptime Monitor by WordPress.com)"
192.0.102.40 - - [06/Nov/2023:19:39:29 +0000] "HEAD / HTTP/1.1" 200 3836 "-" "jetmon/1.0 (Jetpack Site Uptime Monitor by WordPress.com)"
192.0.102.40 - - [06/Nov/2023:19:44:30 +0000] "HEAD / HTTP/1.1" 200 3836 "-" "jetmon/1.0 (Jetpack Site Uptime Monitor by WordPress.com)"
192.0.102.40 - - [06/Nov/2023:19:49:30 +0000] "HEAD / HTTP/1.1" 200 3836 "-" "jetmon/1.0 (Jetpack Site Uptime Monitor by WordPress.com)"
83.97.73.87 - - [06/Nov/2023:19:54:00 +0000] "GET /?XDEBUG_SESSION_START=phpstorm HTTP/1.1" 200 4026 "http://46.101.144.32:80/?XDEBUG_SESSION_START=phpstorm" "Mozilla/5.0 (Windows NT 10.0; Win64; x64) AppleWebKit/537.36 (KHTML, like Gecko) Chrome/78.0.3904.108 Safari/537.36"
192.0.102.40 - - [06/Nov/2023:19:54:29 +0000] "HEAD / HTTP/1.1" 200 3836 "-" "jetmon/1.0 (Jetpack Site Uptime Monitor by WordPress.com)"
192.0.102.40 - - [06/Nov/2023:19:59:30 +0000] "HEAD / HTTP/1.1" 200 3836 "-" "jetmon/1.0 (Jetpack Site Uptime Monitor by WordPress.com)"
192.0.102.40 - - [06/Nov/2023:20:04:29 +0000] "HEAD / HTTP/1.1" 200 3836 "-" "jetmon/1.0 (Jetpack Site Uptime Monitor by WordPress.com)"
192.0.102.40 - - [06/Nov/2023:20:09:29 +0000] "HEAD / HTTP/1.1" 200 3836 "-" "jetmon/1.0 (Jetpack Site Uptime Monitor by WordPress.com)"
93.162.98.150 - - [06/Nov/2023:20:11:43 +0000] "GET / HTTP/1.1" 200 4110 "-" "Mozilla/5.0 (Macintosh; Intel Mac OS X 10_15_7) AppleWebKit/537.36 (KHTML, like Gecko) Chrome/118.0.0.0 Safari/537.36"
93.162.98.150 - - [06/Nov/2023:20:11:43 +0000] "GET /img/test.jpg HTTP/1.1" 200 111053 "https://talmedos.com/" "Mozilla/5.0 (Macintosh; Intel Mac OS X 10_15_7) AppleWebKit/537.36 (KHTML, like Gecko) Chrome/118.0.0.0 Safari/537.36"
93.162.98.150 - - [06/Nov/2023:20:11:43 +0000] "GET /favicon.ico HTTP/1.1" 404 513 "https://talmedos.com/" "Mozilla/5.0 (Macintosh; Intel Mac OS X 10_15_7) AppleWebKit/537.36 (KHTML, like Gecko) Chrome/118.0.0.0 Safari/537.36"
93.162.98.150 - - [06/Nov/2023:20:12:43 +0000] "GET / HTTP/1.1" 200 955 "-" "Mozilla/5.0 (Macintosh; Intel Mac OS X 10_15_7) AppleWebKit/537.36 (KHTML, like Gecko) Chrome/118.0.0.0 Safari/537.36"
192.0.102.40 - - [06/Nov/2023:20:14:30 +0000] "HEAD / HTTP/1.1" 403 3848 "-" "jetmon/1.0 (Jetpack Site Uptime Monitor by WordPress.com)"
192.0.102.40 - - [06/Nov/2023:20:15:39 +0000] "HEAD / HTTP/1.1" 403 3848 "-" "jetmon/1.0 (Jetpack Site Uptime Monitor by WordPress.com)"
54.217.201.243 - - [06/Nov/2023:20:15:42 +0000] "HEAD / HTTP/1.1" 403 3848 "-" "jetmon/1.0 (Jetpack Site Uptime Monitor by WordPress.com)"
54.232.116.4 - - [06/Nov/2023:20:15:44 +0000] "HEAD / HTTP/1.1" 403 3848 "-" "jetmon/1.0 (Jetpack Site Uptime Monitor by WordPress.com)"
5.186.12.40 - - [06/Nov/2023:20:16:20 +0000] "GET / HTTP/1.1" 403 4099 "-" "Mozilla/5.0 (Windows NT 10.0; Win64; x64) AppleWebKit/537.36 (KHTML, like Gecko) Chrome/117.0.0.0 Safari/537.36"
93.162.98.150 - - [06/Nov/2023:20:17:30 +0000] "GET / HTTP/1.1" 403 1028 "-" "Mozilla/5.0 (Macintosh; Intel Mac OS X 10_15_7) AppleWebKit/537.36 (KHTML, like Gecko) Chrome/118.0.0.0 Safari/537.36"
93.162.98.150 - - [06/Nov/2023:20:17:56 +0000] "GET / HTTP/1.1" 200 948 "-" "Mozilla/5.0 (Macintosh; Intel Mac OS X 10_15_7) AppleWebKit/537.36 (KHTML, like Gecko) Chrome/118.0.0.0 Safari/537.36"
93.162.98.150 - - [06/Nov/2023:20:17:56 +0000] "GET /styles.css HTTP/1.1" 404 513 "https://talmedos.com/" "Mozilla/5.0 (Macintosh; Intel Mac OS X 10_15_7) AppleWebKit/537.36 (KHTML, like Gecko) Chrome/118.0.0.0 Safari/537.36"
192.0.102.40 - - [06/Nov/2023:20:19:29 +0000] "HEAD / HTTP/1.1" 200 3836 "-" "jetmon/1.0 (Jetpack Site Uptime Monitor by WordPress.com)"
93.162.98.150 - - [06/Nov/2023:20:19:45 +0000] "GET / HTTP/1.1" 200 948 "-" "Mozilla/5.0 (Macintosh; Intel Mac OS X 10_15_7) AppleWebKit/537.36 (KHTML, like Gecko) Chrome/118.0.0.0 Safari/537.36"
93.162.98.150 - - [06/Nov/2023:20:19:46 +0000] "GET /styles.css HTTP/1.1" 404 513 "https://talmedos.com/" "Mozilla/5.0 (Macintosh; Intel Mac OS X 10_15_7) AppleWebKit/537.36 (KHTML, like Gecko) Chrome/118.0.0.0 Safari/537.36"
93.162.98.150 - - [06/Nov/2023:20:19:47 +0000] "GET /dindex.html HTTP/1.1" 200 766 "https://talmedos.com/" "Mozilla/5.0 (Macintosh; Intel Mac OS X 10_15_7) AppleWebKit/537.36 (KHTML, like Gecko) Chrome/118.0.0.0 Safari/537.36"
93.162.98.150 - - [06/Nov/2023:20:19:47 +0000] "GET /images/Middelalderen.jpg HTTP/1.1" 200 102885 "https://talmedos.com/dindex.html" "Mozilla/5.0 (Macintosh; Intel Mac OS X 10_15_7) AppleWebKit/537.36 (KHTML, like Gecko) Chrome/118.0.0.0 Safari/537.36"
93.162.98.150 - - [06/Nov/2023:20:19:47 +0000] "GET /images/1900.jpg HTTP/1.1" 200 7226348 "https://talmedos.com/dindex.html" "Mozilla/5.0 (Macintosh; Intel Mac OS X 10_15_7) AppleWebKit/537.36 (KHTML, like Gecko) Chrome/118.0.0.0 Safari/537.36"
93.162.98.150 - - [06/Nov/2023:20:19:47 +0000] "GET /images/Guld.jpg HTTP/1.1" 200 9954283 "https://talmedos.com/dindex.html" "Mozilla/5.0 (Macintosh; Intel Mac OS X 10_15_7) AppleWebKit/537.36 (KHTML, like Gecko) Chrome/118.0.0.0 Safari/537.36"
93.158.91.31 - - [06/Nov/2023:20:21:17 +0000] "GET / HTTP/1.1" 200 4048 "-" "Mozilla/5.0 (Windows NT 10.0; Win64; x64) AppleWebKit/537.36 (KHTML, like Gecko) Chrome/105.0.0.0 Safari/537.36"
93.158.91.31 - - [06/Nov/2023:20:21:17 +0000] "GET /favicon.ico HTTP/1.1" 404 4125 "-" "Mozilla/5.0 (Windows NT 10.0; Win64; x64) AppleWebKit/537.36 (KHTML, like Gecko) Chrome/105.0.0.0 Safari/537.36"
93.162.98.150 - - [06/Nov/2023:20:21:25 +0000] "GET / HTTP/1.1" 200 948 "-" "Mozilla/5.0 (Macintosh; Intel Mac OS X 10_15_7) AppleWebKit/537.36 (KHTML, like Gecko) Chrome/118.0.0.0 Safari/537.36"
93.162.98.150 - - [06/Nov/2023:20:21:25 +0000] "GET /styles.css HTTP/1.1" 404 513 "https://talmedos.com/" "Mozilla/5.0 (Macintosh; Intel Mac OS X 10_15_7) AppleWebKit/537.36 (KHTML, like Gecko) Chrome/118.0.0.0 Safari/537.36"
93.162.98.150 - - [06/Nov/2023:20:21:27 +0000] "GET /aindex.html HTTP/1.1" 200 1448 "https://talmedos.com/" "Mozilla/5.0 (Macintosh; Intel Mac OS X 10_15_7) AppleWebKit/537.36 (KHTML, like Gecko) Chrome/118.0.0.0 Safari/537.36"
192.0.102.40 - - [06/Nov/2023:20:24:29 +0000] "HEAD / HTTP/1.1" 200 3836 "-" "jetmon/1.0 (Jetpack Site Uptime Monitor by WordPress.com)"
93.162.98.150 - - [06/Nov/2023:20:26:46 +0000] "GET /findex.html HTTP/1.1" 200 4446 "https://talmedos.com/" "Mozilla/5.0 (Macintosh; Intel Mac OS X 10_15_7) AppleWebKit/537.36 (KHTML, like Gecko) Chrome/118.0.0.0 Safari/537.36"
93.162.98.150 - - [06/Nov/2023:20:26:46 +0000] "GET /images/KMS120.jpeg HTTP/1.1" 200 104236 "https://talmedos.com/findex.html" "Mozilla/5.0 (Macintosh; Intel Mac OS X 10_15_7) AppleWebKit/537.36 (KHTML, like Gecko) Chrome/118.0.0.0 Safari/537.36"
93.162.98.150 - - [06/Nov/2023:20:26:46 +0000] "GET /images/KKSgb6844.jpeg HTTP/1.1" 200 1212067 "https://talmedos.com/findex.html" "Mozilla/5.0 (Macintosh; Intel Mac OS X 10_15_7) AppleWebKit/537.36 (KHTML, like Gecko) Chrome/118.0.0.0 Safari/537.36"
93.162.98.150 - - [06/Nov/2023:20:26:46 +0000] "GET /images/KMS8760.jpeg HTTP/1.1" 200 805429 "https://talmedos.com/findex.html" "Mozilla/5.0 (Macintosh; Intel Mac OS X 10_15_7) AppleWebKit/537.36 (KHTML, like Gecko) Chrome/118.0.0.0 Safari/537.36"
192.0.102.40 - - [06/Nov/2023:20:29:30 +0000] "HEAD / HTTP/1.1" 200 3836 "-" "jetmon/1.0 (Jetpack Site Uptime Monitor by WordPress.com)"
77.90.185.152 - - [06/Nov/2023:20:30:39 +0000] "GET /remote/login HTTP/1.1" 404 4097 "-" "Mozilla/5.0 (Windows NT 5.1) AppleWebKit/537.36 (KHTML, like Gecko) Chrome/35.0.2309.372 Safari/537.36"
43.154.14.3 - - [06/Nov/2023:20:31:43 +0000] "GET /api/currency/quotation_new?_timespan=1699302508022 HTTP/1.1" 404 3554 "-" "Mozilla/4.0 (compatible; MSIE 7.0; Windows NT 6.0; SLCC1; .NET CLR 2.0.50727; .NET CLR 3.0.04506; .NET CLR 3.5.21022; .NET CLR 1.0.3705; .NET CLR 1.1.4322)"
43.154.14.3 - - [06/Nov/2023:20:31:45 +0000] "GET /api/currency/quotation_new?_timespan=1699302508022 HTTP/1.1" 404 3558 "-" "Mozilla/4.0 (compatible; MSIE 7.0; Windows NT 6.0; SLCC1; .NET CLR 2.0.50727; .NET CLR 3.0.04506; .NET CLR 3.5.21022; .NET CLR 1.0.3705; .NET CLR 1.1.4322)"
192.0.102.40 - - [06/Nov/2023:20:34:29 +0000] "HEAD / HTTP/1.1" 200 3836 "-" "jetmon/1.0 (Jetpack Site Uptime Monitor by WordPress.com)"
192.0.102.40 - - [06/Nov/2023:20:39:30 +0000] "HEAD / HTTP/1.1" 200 3836 "-" "jetmon/1.0 (Jetpack Site Uptime Monitor by WordPress.com)"
192.0.102.40 - - [06/Nov/2023:20:44:30 +0000] "HEAD / HTTP/1.1" 200 3836 "-" "jetmon/1.0 (Jetpack Site Uptime Monitor by WordPress.com)"
192.0.102.40 - - [06/Nov/2023:20:49:29 +0000] "HEAD / HTTP/1.1" 200 3836 "-" "jetmon/1.0 (Jetpack Site Uptime Monitor by WordPress.com)"
192.0.102.40 - - [06/Nov/2023:20:54:39 +0000] "HEAD / HTTP/1.1" 200 3836 "-" "jetmon/1.0 (Jetpack Site Uptime Monitor by WordPress.com)"
167.248.133.123 - - [06/Nov/2023:20:57:43 +0000] "GET / HTTP/1.1" 200 4000 "-" "Mozilla/5.0 (compatible; CensysInspect/1.1; +https://about.censys.io/)"
167.248.133.123 - - [06/Nov/2023:20:57:44 +0000] "GET /favicon.ico HTTP/1.1" 404 4097 "-" "Mozilla/5.0 (compatible; CensysInspect/1.1; +https://about.censys.io/)"
192.0.102.40 - - [06/Nov/2023:20:59:29 +0000] "HEAD / HTTP/1.1" 200 3836 "-" "jetmon/1.0 (Jetpack Site Uptime Monitor by WordPress.com)"
139.144.168.186 - - [06/Nov/2023:21:01:02 +0000] "GET /Y1Zx HTTP/1.1" 404 4145 "-" "Mozilla/5.0 (compatible; Nmap Scripting Engine; https://nmap.org/book/nse.html)"
139.144.168.186 - - [06/Nov/2023:21:01:03 +0000] "GET /iBgK HTTP/1.1" 404 4145 "-" "Mozilla/5.0 (compatible; Nmap Scripting Engine; https://nmap.org/book/nse.html)"
71.6.134.233 - - [06/Nov/2023:21:01:57 +0000] "GET / HTTP/1.0" 400 627 "-" "-"
71.6.134.233 - - [06/Nov/2023:21:02:07 +0000] "GET / HTTP/1.0" 400 627 "-" "-"
192.0.102.40 - - [06/Nov/2023:21:04:38 +0000] "HEAD / HTTP/1.1" 200 3836 "-" "jetmon/1.0 (Jetpack Site Uptime Monitor by WordPress.com)"
192.0.102.40 - - [06/Nov/2023:21:09:37 +0000] "HEAD / HTTP/1.1" 200 3836 "-" "jetmon/1.0 (Jetpack Site Uptime Monitor by WordPress.com)"
45.95.169.184 - - [06/Nov/2023:21:12:30 +0000] "POST /ajax HTTP/1.1" 404 3559 "-" "Mozilla/4.0 (compatible; MSIE 8.0; Windows NT 5.1; Trident/4.0; .NET CLR 1.1.4322; .NET CLR 2.0.50727; .NET CLR 3.0.4506.2152; .NET CLR 3.5.30729)"
192.0.102.40 - - [06/Nov/2023:21:14:29 +0000] "HEAD / HTTP/1.1" 200 3836 "-" "jetmon/1.0 (Jetpack Site Uptime Monitor by WordPress.com)"
71.6.134.233 - - [06/Nov/2023:21:19:25 +0000] "GET / HTTP/1.1" 200 4000 "-" "Mozilla/5.0 (Windows NT 10.0; Win64; x64) AppleWebKit/537.36 (KHTML, like Gecko) Chrome/102.0.0.0 Safari/537.36"
71.6.134.233 - - [06/Nov/2023:21:19:38 +0000] "GET / HTTP/1.1" 200 4000 "-" "Mozilla/5.0 (Windows NT 10.0; Win64; x64) AppleWebKit/537.36 (KHTML, like Gecko) Chrome/102.0.0.0 Safari/537.36"
192.0.102.40 - - [06/Nov/2023:21:19:38 +0000] "HEAD / HTTP/1.1" 200 3836 "-" "jetmon/1.0 (Jetpack Site Uptime Monitor by WordPress.com)"
192.0.102.40 - - [06/Nov/2023:21:24:37 +0000] "HEAD / HTTP/1.1" 200 3836 "-" "jetmon/1.0 (Jetpack Site Uptime Monitor by WordPress.com)"
192.0.102.40 - - [06/Nov/2023:21:29:30 +0000] "HEAD / HTTP/1.1" 200 3836 "-" "jetmon/1.0 (Jetpack Site Uptime Monitor by WordPress.com)"
192.0.102.40 - - [06/Nov/2023:21:34:29 +0000] "HEAD / HTTP/1.1" 200 3836 "-" "jetmon/1.0 (Jetpack Site Uptime Monitor by WordPress.com)"
192.0.102.40 - - [06/Nov/2023:21:39:37 +0000] "HEAD / HTTP/1.1" 200 3836 "-" "jetmon/1.0 (Jetpack Site Uptime Monitor by WordPress.com)"
192.0.102.40 - - [06/Nov/2023:21:44:29 +0000] "HEAD / HTTP/1.1" 200 3836 "-" "jetmon/1.0 (Jetpack Site Uptime Monitor by WordPress.com)"
192.0.102.40 - - [06/Nov/2023:21:49:30 +0000] "HEAD / HTTP/1.1" 200 3836 "-" "jetmon/1.0 (Jetpack Site Uptime Monitor by WordPress.com)"
192.0.102.40 - - [06/Nov/2023:21:54:37 +0000] "HEAD / HTTP/1.1" 200 3836 "-" "jetmon/1.0 (Jetpack Site Uptime Monitor by WordPress.com)"
192.0.102.40 - - [06/Nov/2023:21:59:29 +0000] "HEAD / HTTP/1.1" 200 3836 "-" "jetmon/1.0 (Jetpack Site Uptime Monitor by WordPress.com)"
192.0.102.40 - - [06/Nov/2023:22:04:38 +0000] "HEAD / HTTP/1.1" 200 3836 "-" "jetmon/1.0 (Jetpack Site Uptime Monitor by WordPress.com)"
192.0.102.40 - - [06/Nov/2023:22:09:37 +0000] "HEAD / HTTP/1.1" 200 3836 "-" "jetmon/1.0 (Jetpack Site Uptime Monitor by WordPress.com)"
192.0.102.40 - - [06/Nov/2023:22:14:29 +0000] "HEAD / HTTP/1.1" 200 3836 "-" "jetmon/1.0 (Jetpack Site Uptime Monitor by WordPress.com)"
192.0.102.40 - - [06/Nov/2023:22:19:41 +0000] "HEAD / HTTP/1.1" 200 3836 "-" "jetmon/1.0 (Jetpack Site Uptime Monitor by WordPress.com)"
83.97.73.87 - - [06/Nov/2023:22:23:43 +0000] "GET /actuator/gateway/routes HTTP/1.1" 404 4097 "http://46.101.144.32:80/actuator/gateway/routes" "Mozilla/5.0 (Windows NT 10.0; Win64; x64) AppleWebKit/537.36 (KHTML, like Gecko) Chrome/78.0.3904.108 Safari/537.36"
192.0.102.40 - - [06/Nov/2023:22:24:37 +0000] "HEAD / HTTP/1.1" 200 3836 "-" "jetmon/1.0 (Jetpack Site Uptime Monitor by WordPress.com)"
192.0.102.40 - - [06/Nov/2023:22:29:29 +0000] "HEAD / HTTP/1.1" 200 3836 "-" "jetmon/1.0 (Jetpack Site Uptime Monitor by WordPress.com)"
66.240.236.116 - - [06/Nov/2023:22:30:19 +0000] "GET / HTTP/1.1" 200 3462 "-" "Mozilla/5.0 zgrab/0.x"
20.55.53.144 - - [06/Nov/2023:22:33:22 +0000] "GET / HTTP/1.1" 200 4048 "-" "Mozilla/5.0 (Windows NT 10.0; Win64; x64) AppleWebKit/537.36 (KHTML, like Gecko) Chrome/79.0.3945.117 Safari/537.36"
20.55.53.144 - - [06/Nov/2023:22:33:32 +0000] "GET / HTTP/1.0" 400 627 "-" "-"
192.0.102.40 - - [06/Nov/2023:22:34:37 +0000] "HEAD / HTTP/1.1" 200 3836 "-" "jetmon/1.0 (Jetpack Site Uptime Monitor by WordPress.com)"
35.203.210.28 - - [06/Nov/2023:22:36:37 +0000] "GET / HTTP/1.1" 200 4072 "http://46.101.144.32:80/" "Expanse, a Palo Alto Networks company, searches across the global IPv4 space multiple times per day to identify customers&#39; presences on the Internet. If you would like to be excluded from our scans, please send IP addresses/domains to: scaninfo@paloaltonetworks.com"
192.0.102.40 - - [06/Nov/2023:22:39:36 +0000] "HEAD / HTTP/1.1" 200 3836 "-" "jetmon/1.0 (Jetpack Site Uptime Monitor by WordPress.com)"
198.235.24.78 - - [06/Nov/2023:22:39:37 +0000] "GET / HTTP/1.1" 200 4072 "-" "Expanse, a Palo Alto Networks company, searches across the global IPv4 space multiple times per day to identify customers&#39; presences on the Internet. If you would like to be excluded from our scans, please send IP addresses/domains to: scaninfo@paloaltonetworks.com"
192.0.102.40 - - [06/Nov/2023:22:44:29 +0000] "HEAD / HTTP/1.1" 200 3836 "-" "jetmon/1.0 (Jetpack Site Uptime Monitor by WordPress.com)"
192.0.102.40 - - [06/Nov/2023:22:49:37 +0000] "HEAD / HTTP/1.1" 200 3836 "-" "jetmon/1.0 (Jetpack Site Uptime Monitor by WordPress.com)"
103.99.0.154 - - [06/Nov/2023:22:53:19 +0000] "GET /.env HTTP/1.1" 404 3746 "-" "Mozilla/5.0 (X11; Linux x86_64) AppleWebKit/537.36 (KHTML, like Gecko) Chrome/81.0.4044.129 Safari/537.36"
103.99.0.154 - - [06/Nov/2023:22:53:21 +0000] "POST / HTTP/1.1" 200 3668 "-" "Mozilla/5.0 (X11; Linux x86_64) AppleWebKit/537.36 (KHTML, like Gecko) Chrome/81.0.4044.129 Safari/537.36"
192.0.102.40 - - [06/Nov/2023:22:54:37 +0000] "HEAD / HTTP/1.1" 200 3836 "-" "jetmon/1.0 (Jetpack Site Uptime Monitor by WordPress.com)"
192.0.102.40 - - [06/Nov/2023:22:59:30 +0000] "HEAD / HTTP/1.1" 200 3836 "-" "jetmon/1.0 (Jetpack Site Uptime Monitor by WordPress.com)"
192.0.102.40 - - [06/Nov/2023:23:04:38 +0000] "HEAD / HTTP/1.1" 200 3836 "-" "jetmon/1.0 (Jetpack Site Uptime Monitor by WordPress.com)"
192.0.102.40 - - [06/Nov/2023:23:09:37 +0000] "HEAD / HTTP/1.1" 200 3836 "-" "jetmon/1.0 (Jetpack Site Uptime Monitor by WordPress.com)"
192.0.102.40 - - [06/Nov/2023:23:14:30 +0000] "HEAD / HTTP/1.1" 200 3836 "-" "jetmon/1.0 (Jetpack Site Uptime Monitor by WordPress.com)"
192.0.102.40 - - [06/Nov/2023:23:19:38 +0000] "HEAD / HTTP/1.1" 200 3836 "-" "jetmon/1.0 (Jetpack Site Uptime Monitor by WordPress.com)"
192.0.102.40 - - [06/Nov/2023:23:24:37 +0000] "HEAD / HTTP/1.1" 200 3836 "-" "jetmon/1.0 (Jetpack Site Uptime Monitor by WordPress.com)"
192.0.102.40 - - [06/Nov/2023:23:29:29 +0000] "HEAD / HTTP/1.1" 200 3836 "-" "jetmon/1.0 (Jetpack Site Uptime Monitor by WordPress.com)"
192.0.102.40 - - [06/Nov/2023:23:34:38 +0000] "HEAD / HTTP/1.1" 200 3836 "-" "jetmon/1.0 (Jetpack Site Uptime Monitor by WordPress.com)"
192.0.102.40 - - [06/Nov/2023:23:39:38 +0000] "HEAD / HTTP/1.1" 200 3836 "-" "jetmon/1.0 (Jetpack Site Uptime Monitor by WordPress.com)"
35.195.93.98 - - [06/Nov/2023:23:43:24 +0000] "GET / HTTP/1.1" 200 3533 "-" "python-requests/2.31.0"
192.0.102.40 - - [06/Nov/2023:23:44:29 +0000] "HEAD / HTTP/1.1" 200 3836 "-" "jetmon/1.0 (Jetpack Site Uptime Monitor by WordPress.com)"
91.92.246.193 - - [06/Nov/2023:23:45:12 +0000] "GET /wp-content/themes/themify-ultra/style.css HTTP/1.1" 404 3610 "-" "Mozilla/5.0 (Windows NT 10.0; Win64; x64) AppleWebKit/537.36 (KHTML, like Gecko) Chrome/90.0.4430.85 Safari/537.36"
192.0.102.40 - - [06/Nov/2023:23:49:38 +0000] "HEAD / HTTP/1.1" 200 3836 "-" "jetmon/1.0 (Jetpack Site Uptime Monitor by WordPress.com)"
192.0.102.40 - - [06/Nov/2023:23:54:37 +0000] "HEAD / HTTP/1.1" 200 3836 "-" "jetmon/1.0 (Jetpack Site Uptime Monitor by WordPress.com)"
192.0.102.40 - - [06/Nov/2023:23:59:30 +0000] "HEAD / HTTP/1.1" 200 3836 "-" "jetmon/1.0 (Jetpack Site Uptime Monitor by WordPress.com)"
