89.37.175.96 - - [04/Nov/2023:12:16:07 +0000] "GET /include/ HTTP/1.1" 404 459 "-" "Mozilla/5.0 (Windows NT 10.0; Win64; x64) AppleWebKit/537.36 (KHTML, like Gecko) Chrome/94.0.4606.81 Safari/537.36"
89.37.175.96 - - [04/Nov/2023:12:16:07 +0000] "GET /include HTTP/1.1" 404 459 "-" "Mozilla/5.0 (Windows NT 10.0; Win64; x64) AppleWebKit/537.36 (KHTML, like Gecko) Chrome/94.0.4606.81 Safari/537.36"
89.37.175.96 - - [04/Nov/2023:12:16:07 +0000] "GET /includes/ HTTP/1.1" 404 459 "-" "Mozilla/5.0 (Windows NT 10.0; Win64; x64) AppleWebKit/537.36 (KHTML, like Gecko) Chrome/94.0.4606.81 Safari/537.36"
89.37.175.96 - - [04/Nov/2023:12:16:07 +0000] "GET /includes HTTP/1.1" 404 459 "-" "Mozilla/5.0 (Windows NT 10.0; Win64; x64) AppleWebKit/537.36 (KHTML, like Gecko) Chrome/94.0.4606.81 Safari/537.36"
89.37.175.96 - - [04/Nov/2023:12:16:07 +0000] "GET /upload/ HTTP/1.1" 404 459 "-" "Mozilla/5.0 (Windows NT 10.0; Win64; x64) AppleWebKit/537.36 (KHTML, like Gecko) Chrome/94.0.4606.81 Safari/537.36"
89.37.175.96 - - [04/Nov/2023:12:16:07 +0000] "GET /upload HTTP/1.1" 404 459 "-" "Mozilla/5.0 (Windows NT 10.0; Win64; x64) AppleWebKit/537.36 (KHTML, like Gecko) Chrome/94.0.4606.81 Safari/537.36"
89.37.175.96 - - [04/Nov/2023:12:16:07 +0000] "GET /uploads/ HTTP/1.1" 404 459 "-" "Mozilla/5.0 (Windows NT 10.0; Win64; x64) AppleWebKit/537.36 (KHTML, like Gecko) Chrome/94.0.4606.81 Safari/537.36"
89.37.175.96 - - [04/Nov/2023:12:16:07 +0000] "GET /uploads HTTP/1.1" 404 459 "-" "Mozilla/5.0 (Windows NT 10.0; Win64; x64) AppleWebKit/537.36 (KHTML, like Gecko) Chrome/94.0.4606.81 Safari/537.36"
89.37.175.96 - - [04/Nov/2023:12:16:07 +0000] "GET /download/ HTTP/1.1" 404 459 "-" "Mozilla/5.0 (Windows NT 10.0; Win64; x64) AppleWebKit/537.36 (KHTML, like Gecko) Chrome/94.0.4606.81 Safari/537.36"
89.37.175.96 - - [04/Nov/2023:12:16:07 +0000] "GET /download HTTP/1.1" 404 459 "-" "Mozilla/5.0 (Windows NT 10.0; Win64; x64) AppleWebKit/537.36 (KHTML, like Gecko) Chrome/94.0.4606.81 Safari/537.36"
89.37.175.96 - - [04/Nov/2023:12:16:07 +0000] "GET /downloads/ HTTP/1.1" 404 459 "-" "Mozilla/5.0 (Windows NT 10.0; Win64; x64) AppleWebKit/537.36 (KHTML, like Gecko) Chrome/94.0.4606.81 Safari/537.36"
89.37.175.96 - - [04/Nov/2023:12:16:07 +0000] "GET /downloads HTTP/1.1" 404 459 "-" "Mozilla/5.0 (Windows NT 10.0; Win64; x64) AppleWebKit/537.36 (KHTML, like Gecko) Chrome/94.0.4606.81 Safari/537.36"
89.37.175.96 - - [04/Nov/2023:12:16:07 +0000] "GET /files/ HTTP/1.1" 404 459 "-" "Mozilla/5.0 (Windows NT 10.0; Win64; x64) AppleWebKit/537.36 (KHTML, like Gecko) Chrome/94.0.4606.81 Safari/537.36"
89.37.175.96 - - [04/Nov/2023:12:16:07 +0000] "GET /files HTTP/1.1" 404 459 "-" "Mozilla/5.0 (Windows NT 10.0; Win64; x64) AppleWebKit/537.36 (KHTML, like Gecko) Chrome/94.0.4606.81 Safari/537.36"
89.37.175.96 - - [04/Nov/2023:12:16:07 +0000] "GET /log/ HTTP/1.1" 404 459 "-" "Mozilla/5.0 (Windows NT 10.0; Win64; x64) AppleWebKit/537.36 (KHTML, like Gecko) Chrome/94.0.4606.81 Safari/537.36"
89.37.175.96 - - [04/Nov/2023:12:16:07 +0000] "GET /log HTTP/1.1" 404 459 "-" "Mozilla/5.0 (Windows NT 10.0; Win64; x64) AppleWebKit/537.36 (KHTML, like Gecko) Chrome/94.0.4606.81 Safari/537.36"
89.37.175.96 - - [04/Nov/2023:12:16:07 +0000] "GET /logs/ HTTP/1.1" 404 459 "-" "Mozilla/5.0 (Windows NT 10.0; Win64; x64) AppleWebKit/537.36 (KHTML, like Gecko) Chrome/94.0.4606.81 Safari/537.36"
89.37.175.96 - - [04/Nov/2023:12:16:07 +0000] "GET /logs HTTP/1.1" 404 459 "-" "Mozilla/5.0 (Windows NT 10.0; Win64; x64) AppleWebKit/537.36 (KHTML, like Gecko) Chrome/94.0.4606.81 Safari/537.36"
89.37.175.96 - - [04/Nov/2023:12:16:07 +0000] "GET /cron/ HTTP/1.1" 404 459 "-" "Mozilla/5.0 (Windows NT 10.0; Win64; x64) AppleWebKit/537.36 (KHTML, like Gecko) Chrome/94.0.4606.81 Safari/537.36"
89.37.175.96 - - [04/Nov/2023:12:16:07 +0000] "GET /cron HTTP/1.1" 404 459 "-" "Mozilla/5.0 (Windows NT 10.0; Win64; x64) AppleWebKit/537.36 (KHTML, like Gecko) Chrome/94.0.4606.81 Safari/537.36"
89.37.175.96 - - [04/Nov/2023:12:16:07 +0000] "GET /wallet/ HTTP/1.1" 404 459 "-" "Mozilla/5.0 (Windows NT 10.0; Win64; x64) AppleWebKit/537.36 (KHTML, like Gecko) Chrome/94.0.4606.81 Safari/537.36"
89.37.175.96 - - [04/Nov/2023:12:16:07 +0000] "GET /wallet HTTP/1.1" 404 459 "-" "Mozilla/5.0 (Windows NT 10.0; Win64; x64) AppleWebKit/537.36 (KHTML, like Gecko) Chrome/94.0.4606.81 Safari/537.36"
89.37.175.96 - - [04/Nov/2023:12:16:08 +0000] "GET /wallets/ HTTP/1.1" 404 459 "-" "Mozilla/5.0 (Windows NT 10.0; Win64; x64) AppleWebKit/537.36 (KHTML, like Gecko) Chrome/94.0.4606.81 Safari/537.36"
89.37.175.96 - - [04/Nov/2023:12:16:08 +0000] "GET /wallets HTTP/1.1" 404 459 "-" "Mozilla/5.0 (Windows NT 10.0; Win64; x64) AppleWebKit/537.36 (KHTML, like Gecko) Chrome/94.0.4606.81 Safari/537.36"
89.37.175.96 - - [04/Nov/2023:12:16:08 +0000] "GET /.git/config HTTP/1.1" 404 459 "-" "Mozilla/5.0 (Windows NT 10.0; Win64; x64) AppleWebKit/537.36 (KHTML, like Gecko) Chrome/94.0.4606.81 Safari/537.36"
89.37.175.96 - - [04/Nov/2023:12:16:08 +0000] "GET /config HTTP/1.1" 404 459 "-" "Mozilla/5.0 (Windows NT 10.0; Win64; x64) AppleWebKit/537.36 (KHTML, like Gecko) Chrome/94.0.4606.81 Safari/537.36"
89.37.175.96 - - [04/Nov/2023:12:16:08 +0000] "GET /git/.git/config HTTP/1.1" 404 459 "-" "Mozilla/5.0 (Windows NT 10.0; Win64; x64) AppleWebKit/537.36 (KHTML, like Gecko) Chrome/94.0.4606.81 Safari/537.36"
89.37.175.96 - - [04/Nov/2023:12:16:08 +0000] "GET /git/config HTTP/1.1" 404 459 "-" "Mozilla/5.0 (Windows NT 10.0; Win64; x64) AppleWebKit/537.36 (KHTML, like Gecko) Chrome/94.0.4606.81 Safari/537.36"
89.37.175.96 - - [04/Nov/2023:12:16:08 +0000] "GET /src/.git/config HTTP/1.1" 404 459 "-" "Mozilla/5.0 (Windows NT 10.0; Win64; x64) AppleWebKit/537.36 (KHTML, like Gecko) Chrome/94.0.4606.81 Safari/537.36"
89.37.175.96 - - [04/Nov/2023:12:16:08 +0000] "GET /src/config HTTP/1.1" 404 459 "-" "Mozilla/5.0 (Windows NT 10.0; Win64; x64) AppleWebKit/537.36 (KHTML, like Gecko) Chrome/94.0.4606.81 Safari/537.36"
89.37.175.96 - - [04/Nov/2023:12:16:08 +0000] "GET /source/.git/config HTTP/1.1" 404 459 "-" "Mozilla/5.0 (Windows NT 10.0; Win64; x64) AppleWebKit/537.36 (KHTML, like Gecko) Chrome/94.0.4606.81 Safari/537.36"
89.37.175.96 - - [04/Nov/2023:12:16:08 +0000] "GET /source/config HTTP/1.1" 404 459 "-" "Mozilla/5.0 (Windows NT 10.0; Win64; x64) AppleWebKit/537.36 (KHTML, like Gecko) Chrome/94.0.4606.81 Safari/537.36"
89.37.175.96 - - [04/Nov/2023:12:16:08 +0000] "GET /sources/.git/config HTTP/1.1" 404 459 "-" "Mozilla/5.0 (Windows NT 10.0; Win64; x64) AppleWebKit/537.36 (KHTML, like Gecko) Chrome/94.0.4606.81 Safari/537.36"
89.37.175.96 - - [04/Nov/2023:12:16:08 +0000] "GET /sources/config HTTP/1.1" 404 459 "-" "Mozilla/5.0 (Windows NT 10.0; Win64; x64) AppleWebKit/537.36 (KHTML, like Gecko) Chrome/94.0.4606.81 Safari/537.36"
89.37.175.96 - - [04/Nov/2023:12:16:08 +0000] "GET /admin/.git/config HTTP/1.1" 404 459 "-" "Mozilla/5.0 (Windows NT 10.0; Win64; x64) AppleWebKit/537.36 (KHTML, like Gecko) Chrome/94.0.4606.81 Safari/537.36"
89.37.175.96 - - [04/Nov/2023:12:16:08 +0000] "GET /admin/config HTTP/1.1" 404 459 "-" "Mozilla/5.0 (Windows NT 10.0; Win64; x64) AppleWebKit/537.36 (KHTML, like Gecko) Chrome/94.0.4606.81 Safari/537.36"
89.37.175.96 - - [04/Nov/2023:12:16:08 +0000] "GET /api/.git/config HTTP/1.1" 404 459 "-" "Mozilla/5.0 (Windows NT 10.0; Win64; x64) AppleWebKit/537.36 (KHTML, like Gecko) Chrome/94.0.4606.81 Safari/537.36"
89.37.175.96 - - [04/Nov/2023:12:16:08 +0000] "GET /api/config HTTP/1.1" 404 459 "-" "Mozilla/5.0 (Windows NT 10.0; Win64; x64) AppleWebKit/537.36 (KHTML, like Gecko) Chrome/94.0.4606.81 Safari/537.36"
89.37.175.96 - - [04/Nov/2023:12:16:08 +0000] "GET /rest/.git/config HTTP/1.1" 404 459 "-" "Mozilla/5.0 (Windows NT 10.0; Win64; x64) AppleWebKit/537.36 (KHTML, like Gecko) Chrome/94.0.4606.81 Safari/537.36"
89.37.175.96 - - [04/Nov/2023:12:16:08 +0000] "GET /rest/config HTTP/1.1" 404 459 "-" "Mozilla/5.0 (Windows NT 10.0; Win64; x64) AppleWebKit/537.36 (KHTML, like Gecko) Chrome/94.0.4606.81 Safari/537.36"
89.37.175.96 - - [04/Nov/2023:12:16:08 +0000] "GET /backend/.git/config HTTP/1.1" 404 459 "-" "Mozilla/5.0 (Windows NT 10.0; Win64; x64) AppleWebKit/537.36 (KHTML, like Gecko) Chrome/94.0.4606.81 Safari/537.36"
89.37.175.96 - - [04/Nov/2023:12:16:08 +0000] "GET /backend/config HTTP/1.1" 404 459 "-" "Mozilla/5.0 (Windows NT 10.0; Win64; x64) AppleWebKit/537.36 (KHTML, like Gecko) Chrome/94.0.4606.81 Safari/537.36"
89.37.175.96 - - [04/Nov/2023:12:16:08 +0000] "GET /svc/.git/config HTTP/1.1" 404 459 "-" "Mozilla/5.0 (Windows NT 10.0; Win64; x64) AppleWebKit/537.36 (KHTML, like Gecko) Chrome/94.0.4606.81 Safari/537.36"
89.37.175.96 - - [04/Nov/2023:12:16:08 +0000] "GET /svc/config HTTP/1.1" 404 459 "-" "Mozilla/5.0 (Windows NT 10.0; Win64; x64) AppleWebKit/537.36 (KHTML, like Gecko) Chrome/94.0.4606.81 Safari/537.36"
89.37.175.96 - - [04/Nov/2023:12:16:08 +0000] "GET /service/.git/config HTTP/1.1" 404 459 "-" "Mozilla/5.0 (Windows NT 10.0; Win64; x64) AppleWebKit/537.36 (KHTML, like Gecko) Chrome/94.0.4606.81 Safari/537.36"
89.37.175.96 - - [04/Nov/2023:12:16:08 +0000] "GET /service/config HTTP/1.1" 404 459 "-" "Mozilla/5.0 (Windows NT 10.0; Win64; x64) AppleWebKit/537.36 (KHTML, like Gecko) Chrome/94.0.4606.81 Safari/537.36"
89.37.175.96 - - [04/Nov/2023:12:16:08 +0000] "GET /services/.git/config HTTP/1.1" 404 459 "-" "Mozilla/5.0 (Windows NT 10.0; Win64; x64) AppleWebKit/537.36 (KHTML, like Gecko) Chrome/94.0.4606.81 Safari/537.36"
89.37.175.96 - - [04/Nov/2023:12:16:08 +0000] "GET /services/config HTTP/1.1" 404 459 "-" "Mozilla/5.0 (Windows NT 10.0; Win64; x64) AppleWebKit/537.36 (KHTML, like Gecko) Chrome/94.0.4606.81 Safari/537.36"
89.37.175.96 - - [04/Nov/2023:12:16:08 +0000] "GET /app/.git/config HTTP/1.1" 404 459 "-" "Mozilla/5.0 (Windows NT 10.0; Win64; x64) AppleWebKit/537.36 (KHTML, like Gecko) Chrome/94.0.4606.81 Safari/537.36"
89.37.175.96 - - [04/Nov/2023:12:16:08 +0000] "GET /app/config HTTP/1.1" 404 459 "-" "Mozilla/5.0 (Windows NT 10.0; Win64; x64) AppleWebKit/537.36 (KHTML, like Gecko) Chrome/94.0.4606.81 Safari/537.36"
89.37.175.96 - - [04/Nov/2023:12:16:08 +0000] "GET /data/.git/config HTTP/1.1" 404 478 "-" "Mozilla/5.0 (Windows NT 10.0; Win64; x64) AppleWebKit/537.36 (KHTML, like Gecko) Chrome/94.0.4606.81 Safari/537.36"
89.37.175.96 - - [04/Nov/2023:12:16:16 +0000] "GET /data/config HTTP/1.1" 404 4173 "-" "Mozilla/5.0 (Windows NT 10.0; Win64; x64) AppleWebKit/537.36 (KHTML, like Gecko) Chrome/94.0.4606.81 Safari/537.36"
89.37.175.96 - - [04/Nov/2023:12:16:16 +0000] "GET /bak/.git/config HTTP/1.1" 404 459 "-" "Mozilla/5.0 (Windows NT 10.0; Win64; x64) AppleWebKit/537.36 (KHTML, like Gecko) Chrome/94.0.4606.81 Safari/537.36"
89.37.175.96 - - [04/Nov/2023:12:16:16 +0000] "GET /bak/config HTTP/1.1" 404 459 "-" "Mozilla/5.0 (Windows NT 10.0; Win64; x64) AppleWebKit/537.36 (KHTML, like Gecko) Chrome/94.0.4606.81 Safari/537.36"
89.37.175.96 - - [04/Nov/2023:12:16:16 +0000] "GET /backup/.git/config HTTP/1.1" 404 459 "-" "Mozilla/5.0 (Windows NT 10.0; Win64; x64) AppleWebKit/537.36 (KHTML, like Gecko) Chrome/94.0.4606.81 Safari/537.36"
89.37.175.96 - - [04/Nov/2023:12:16:16 +0000] "GET /backup/config HTTP/1.1" 404 459 "-" "Mozilla/5.0 (Windows NT 10.0; Win64; x64) AppleWebKit/537.36 (KHTML, like Gecko) Chrome/94.0.4606.81 Safari/537.36"
89.37.175.96 - - [04/Nov/2023:12:16:16 +0000] "GET /test/.git/config HTTP/1.1" 404 459 "-" "Mozilla/5.0 (Windows NT 10.0; Win64; x64) AppleWebKit/537.36 (KHTML, like Gecko) Chrome/94.0.4606.81 Safari/537.36"
89.37.175.96 - - [04/Nov/2023:12:16:16 +0000] "GET /test/config HTTP/1.1" 404 459 "-" "Mozilla/5.0 (Windows NT 10.0; Win64; x64) AppleWebKit/537.36 (KHTML, like Gecko) Chrome/94.0.4606.81 Safari/537.36"
89.37.175.96 - - [04/Nov/2023:12:16:16 +0000] "GET /temp/.git/config HTTP/1.1" 404 459 "-" "Mozilla/5.0 (Windows NT 10.0; Win64; x64) AppleWebKit/537.36 (KHTML, like Gecko) Chrome/94.0.4606.81 Safari/537.36"
89.37.175.96 - - [04/Nov/2023:12:16:16 +0000] "GET /temp/config HTTP/1.1" 404 459 "-" "Mozilla/5.0 (Windows NT 10.0; Win64; x64) AppleWebKit/537.36 (KHTML, like Gecko) Chrome/94.0.4606.81 Safari/537.36"
89.37.175.96 - - [04/Nov/2023:12:16:16 +0000] "GET /tmp/.git/config HTTP/1.1" 404 459 "-" "Mozilla/5.0 (Windows NT 10.0; Win64; x64) AppleWebKit/537.36 (KHTML, like Gecko) Chrome/94.0.4606.81 Safari/537.36"
89.37.175.96 - - [04/Nov/2023:12:16:16 +0000] "GET /tmp/config HTTP/1.1" 404 459 "-" "Mozilla/5.0 (Windows NT 10.0; Win64; x64) AppleWebKit/537.36 (KHTML, like Gecko) Chrome/94.0.4606.81 Safari/537.36"
89.37.175.96 - - [04/Nov/2023:12:16:16 +0000] "GET /lib/.git/config HTTP/1.1" 404 459 "-" "Mozilla/5.0 (Windows NT 10.0; Win64; x64) AppleWebKit/537.36 (KHTML, like Gecko) Chrome/94.0.4606.81 Safari/537.36"
89.37.175.96 - - [04/Nov/2023:12:16:16 +0000] "GET /lib/config HTTP/1.1" 404 459 "-" "Mozilla/5.0 (Windows NT 10.0; Win64; x64) AppleWebKit/537.36 (KHTML, like Gecko) Chrome/94.0.4606.81 Safari/537.36"
89.37.175.96 - - [04/Nov/2023:12:16:16 +0000] "GET /libs/.git/config HTTP/1.1" 404 459 "-" "Mozilla/5.0 (Windows NT 10.0; Win64; x64) AppleWebKit/537.36 (KHTML, like Gecko) Chrome/94.0.4606.81 Safari/537.36"
89.37.175.96 - - [04/Nov/2023:12:16:16 +0000] "GET /libs/config HTTP/1.1" 404 459 "-" "Mozilla/5.0 (Windows NT 10.0; Win64; x64) AppleWebKit/537.36 (KHTML, like Gecko) Chrome/94.0.4606.81 Safari/537.36"
89.37.175.96 - - [04/Nov/2023:12:16:16 +0000] "GET /cfg/.git/config HTTP/1.1" 404 459 "-" "Mozilla/5.0 (Windows NT 10.0; Win64; x64) AppleWebKit/537.36 (KHTML, like Gecko) Chrome/94.0.4606.81 Safari/537.36"
89.37.175.96 - - [04/Nov/2023:12:16:16 +0000] "GET /cfg/config HTTP/1.1" 404 459 "-" "Mozilla/5.0 (Windows NT 10.0; Win64; x64) AppleWebKit/537.36 (KHTML, like Gecko) Chrome/94.0.4606.81 Safari/537.36"
89.37.175.96 - - [04/Nov/2023:12:16:16 +0000] "GET /conf/.git/config HTTP/1.1" 404 459 "-" "Mozilla/5.0 (Windows NT 10.0; Win64; x64) AppleWebKit/537.36 (KHTML, like Gecko) Chrome/94.0.4606.81 Safari/537.36"
89.37.175.96 - - [04/Nov/2023:12:16:16 +0000] "GET /conf/config HTTP/1.1" 404 459 "-" "Mozilla/5.0 (Windows NT 10.0; Win64; x64) AppleWebKit/537.36 (KHTML, like Gecko) Chrome/94.0.4606.81 Safari/537.36"
89.37.175.96 - - [04/Nov/2023:12:16:16 +0000] "GET /config/.git/config HTTP/1.1" 404 459 "-" "Mozilla/5.0 (Windows NT 10.0; Win64; x64) AppleWebKit/537.36 (KHTML, like Gecko) Chrome/94.0.4606.81 Safari/537.36"
89.37.175.96 - - [04/Nov/2023:12:16:16 +0000] "GET /config/config HTTP/1.1" 404 459 "-" "Mozilla/5.0 (Windows NT 10.0; Win64; x64) AppleWebKit/537.36 (KHTML, like Gecko) Chrome/94.0.4606.81 Safari/537.36"
89.37.175.96 - - [04/Nov/2023:12:16:16 +0000] "GET /inc/.git/config HTTP/1.1" 404 459 "-" "Mozilla/5.0 (Windows NT 10.0; Win64; x64) AppleWebKit/537.36 (KHTML, like Gecko) Chrome/94.0.4606.81 Safari/537.36"
89.37.175.96 - - [04/Nov/2023:12:16:16 +0000] "GET /inc/config HTTP/1.1" 404 459 "-" "Mozilla/5.0 (Windows NT 10.0; Win64; x64) AppleWebKit/537.36 (KHTML, like Gecko) Chrome/94.0.4606.81 Safari/537.36"
89.37.175.96 - - [04/Nov/2023:12:16:16 +0000] "GET /include/.git/config HTTP/1.1" 404 459 "-" "Mozilla/5.0 (Windows NT 10.0; Win64; x64) AppleWebKit/537.36 (KHTML, like Gecko) Chrome/94.0.4606.81 Safari/537.36"
89.37.175.96 - - [04/Nov/2023:12:16:16 +0000] "GET /include/config HTTP/1.1" 404 459 "-" "Mozilla/5.0 (Windows NT 10.0; Win64; x64) AppleWebKit/537.36 (KHTML, like Gecko) Chrome/94.0.4606.81 Safari/537.36"
89.37.175.96 - - [04/Nov/2023:12:16:16 +0000] "GET /includes/.git/config HTTP/1.1" 404 459 "-" "Mozilla/5.0 (Windows NT 10.0; Win64; x64) AppleWebKit/537.36 (KHTML, like Gecko) Chrome/94.0.4606.81 Safari/537.36"
89.37.175.96 - - [04/Nov/2023:12:16:16 +0000] "GET /includes/config HTTP/1.1" 404 459 "-" "Mozilla/5.0 (Windows NT 10.0; Win64; x64) AppleWebKit/537.36 (KHTML, like Gecko) Chrome/94.0.4606.81 Safari/537.36"
192.0.102.40 - - [04/Nov/2023:12:19:31 +0000] "HEAD / HTTP/1.1" 200 3836 "-" "jetmon/1.0 (Jetpack Site Uptime Monitor by WordPress.com)"
110.145.40.65 - - [04/Nov/2023:12:20:56 +0000] "GET //wp-config.phpc HTTP/1.1" 404 4096 "-" "Mozilla/5.0 (X11; Ubuntu; Linux x86_64; rv:62.0) Gecko/20100101 Firefox/62.0"
192.0.102.40 - - [04/Nov/2023:12:24:31 +0000] "HEAD / HTTP/1.1" 200 3836 "-" "jetmon/1.0 (Jetpack Site Uptime Monitor by WordPress.com)"
193.202.110.29 - - [04/Nov/2023:12:25:17 +0000] "GET /wp-content/plugins/Update/wp-blog.php HTTP/1.1" 404 4172 "http://talmedos.com/wp-content/plugins/Update/wp-blog.php" "Mozilla/5.0 (Windows; U; Windows NT 5.1; en-US) AppleWebKit/533.4 (KHTML, like Gecko) Chrome/5.0.375.99 Safari/533.4"
91.238.164.172 - - [04/Nov/2023:12:27:43 +0000] "POST /wp-login.php HTTP/1.1" 404 4096 "-" "Mozilla/5.0 (Windows NT 10.0; Win64; x64) AppleWebKit/537.36 (KHTML, like Gecko) Chrome/73.0.3683.75 Safari/537.36"
192.0.102.40 - - [04/Nov/2023:12:29:31 +0000] "HEAD / HTTP/1.1" 200 3836 "-" "jetmon/1.0 (Jetpack Site Uptime Monitor by WordPress.com)"
192.0.102.40 - - [04/Nov/2023:12:34:31 +0000] "HEAD / HTTP/1.1" 200 3836 "-" "jetmon/1.0 (Jetpack Site Uptime Monitor by WordPress.com)"
50.225.173.26 - - [04/Nov/2023:12:34:51 +0000] "GET //wp-config.phpd HTTP/1.1" 404 4096 "-" "Mozilla/5.0 (X11; Ubuntu; Linux x86_64; rv:62.0) Gecko/20100101 Firefox/62.0"
192.0.102.40 - - [04/Nov/2023:12:39:30 +0000] "HEAD / HTTP/1.1" 200 3836 "-" "jetmon/1.0 (Jetpack Site Uptime Monitor by WordPress.com)"
192.0.102.40 - - [04/Nov/2023:12:44:31 +0000] "HEAD / HTTP/1.1" 200 3836 "-" "jetmon/1.0 (Jetpack Site Uptime Monitor by WordPress.com)"
192.0.102.40 - - [04/Nov/2023:12:49:31 +0000] "HEAD / HTTP/1.1" 200 3836 "-" "jetmon/1.0 (Jetpack Site Uptime Monitor by WordPress.com)"
99.226.143.59 - - [04/Nov/2023:12:49:52 +0000] "GET //wp-config.phpn HTTP/1.1" 404 4096 "-" "Mozilla/5.0 (X11; Ubuntu; Linux x86_64; rv:62.0) Gecko/20100101 Firefox/62.0"
192.0.102.40 - - [04/Nov/2023:12:54:31 +0000] "HEAD / HTTP/1.1" 200 3836 "-" "jetmon/1.0 (Jetpack Site Uptime Monitor by WordPress.com)"
192.0.102.40 - - [04/Nov/2023:12:59:31 +0000] "HEAD / HTTP/1.1" 200 3836 "-" "jetmon/1.0 (Jetpack Site Uptime Monitor by WordPress.com)"
83.85.122.63 - - [04/Nov/2023:13:03:04 +0000] "GET //wp-config.phpnew HTTP/1.1" 404 4096 "-" "Mozilla/5.0 (X11; Ubuntu; Linux x86_64; rv:62.0) Gecko/20100101 Firefox/62.0"
192.0.102.40 - - [04/Nov/2023:13:04:30 +0000] "HEAD / HTTP/1.1" 200 3836 "-" "jetmon/1.0 (Jetpack Site Uptime Monitor by WordPress.com)"
192.0.102.40 - - [04/Nov/2023:13:09:31 +0000] "HEAD / HTTP/1.1" 200 3836 "-" "jetmon/1.0 (Jetpack Site Uptime Monitor by WordPress.com)"
192.0.102.40 - - [04/Nov/2023:13:14:31 +0000] "HEAD / HTTP/1.1" 200 3836 "-" "jetmon/1.0 (Jetpack Site Uptime Monitor by WordPress.com)"
60.50.228.209 - - [04/Nov/2023:13:17:02 +0000] "GET //wp-config.phpold HTTP/1.1" 404 4096 "-" "Mozilla/5.0 (X11; Ubuntu; Linux x86_64; rv:62.0) Gecko/20100101 Firefox/62.0"
192.0.102.40 - - [04/Nov/2023:13:19:31 +0000] "HEAD / HTTP/1.1" 200 3836 "-" "jetmon/1.0 (Jetpack Site Uptime Monitor by WordPress.com)"
192.0.102.40 - - [04/Nov/2023:13:24:31 +0000] "HEAD / HTTP/1.1" 200 3836 "-" "jetmon/1.0 (Jetpack Site Uptime Monitor by WordPress.com)"
64.62.197.150 - - [04/Nov/2023:13:26:08 +0000] "GET / HTTP/1.1" 200 3469 "http://46.101.144.32/" "Mozilla/5.0 (Windows NT 10.0; rv:110.0) Gecko/20100101 Firefox/110.0"
192.0.102.40 - - [04/Nov/2023:13:29:31 +0000] "HEAD / HTTP/1.1" 200 3836 "-" "jetmon/1.0 (Jetpack Site Uptime Monitor by WordPress.com)"
217.76.158.19 - - [04/Nov/2023:13:30:52 +0000] "GET / HTTP/1.1" 200 4007 "-" "Mozilla/5.0 (Windows NT 10.0; Win64; x64) AppleWebKit/537.36 (KHTML, like Gecko) Chrome/117.0.0.0 Safari/537.36"
217.76.158.19 - - [04/Nov/2023:13:30:52 +0000] "GET / HTTP/1.1" 200 4007 "-" "Mozilla/5.0 (Windows NT 10.0; Win64; x64) AppleWebKit/537.36 (KHTML, like Gecko) Chrome/116.0.0.0 Safari/537.36"
217.76.158.19 - - [04/Nov/2023:13:30:52 +0000] "GET /wp-json HTTP/1.1" 404 4077 "-" "Mozilla/5.0 (Windows NT 10.0; Win64; x64) AppleWebKit/537.36 (KHTML, like Gecko) Chrome/117.0.0.0 Safari/537.36"
217.76.158.19 - - [04/Nov/2023:13:30:52 +0000] "GET /wp-json/ HTTP/1.1" 404 4077 "-" "Mozilla/5.0 (Windows NT 10.0; Win64; x64) AppleWebKit/537.36 (KHTML, like Gecko) Chrome/116.0.0.0 Safari/537.36"
217.76.158.19 - - [04/Nov/2023:13:30:52 +0000] "GET / HTTP/1.1" 200 4007 "-" "Mozilla/5.0 (Windows NT 10.0; Win64; x64) AppleWebKit/537.36 (KHTML, like Gecko) Chrome/116.0.0.0 Safari/537.36 OPR/102.0.0.0"
217.76.158.19 - - [04/Nov/2023:13:30:53 +0000] "GET /wp-content/plugins/drag-and-drop-multiple-file-upload-contact-form-7/assets/css/dnd-upload-cf7.css HTTP/1.1" 404 4077 "-" "Mozilla/5.0 (X11; Linux x86_64; rv:109.0) Gecko/20100101 Firefox/117.0"
217.76.158.19 - - [04/Nov/2023:13:30:53 +0000] "GET /wp-content/plugins/wp-meta-and-date-remover/assets/js/inspector.js HTTP/1.1" 404 4077 "-" "Mozilla/5.0 (X11; Linux x86_64) AppleWebKit/537.36 (KHTML, like Gecko) Chrome/117.0.0.0 Safari/537.36"
93.46.119.105 - - [04/Nov/2023:13:31:40 +0000] "GET //wp-config.phporiginal HTTP/1.1" 404 4096 "-" "Mozilla/5.0 (X11; Ubuntu; Linux x86_64; rv:62.0) Gecko/20100101 Firefox/62.0"
192.0.102.40 - - [04/Nov/2023:13:34:31 +0000] "HEAD / HTTP/1.1" 200 3836 "-" "jetmon/1.0 (Jetpack Site Uptime Monitor by WordPress.com)"
192.0.102.40 - - [04/Nov/2023:13:39:31 +0000] "HEAD / HTTP/1.1" 200 3836 "-" "jetmon/1.0 (Jetpack Site Uptime Monitor by WordPress.com)"
178.128.217.97 - - [04/Nov/2023:13:40:37 +0000] "GET /ab2g HTTP/1.1" 404 3540 "-" "Mozilla/5.0 zgrab/0.x"
178.128.217.97 - - [04/Nov/2023:13:40:38 +0000] "GET /ab2h HTTP/1.1" 404 3540 "-" "Mozilla/5.0 zgrab/0.x"
178.128.217.97 - - [04/Nov/2023:13:40:43 +0000] "GET / HTTP/1.1" 200 3469 "-" "Mozilla/5.0 (Windows NT 10.0; Win64; x64) AppleWebKit/537.36 (KHTML, like Gecko) Chrome/108.0.0.0 Safari/537.36"
178.128.217.97 - - [04/Nov/2023:13:40:44 +0000] "GET / HTTP/1.0" 400 627 "-" "-"
178.128.217.97 - - [04/Nov/2023:13:40:44 +0000] "GET / HTTP/1.0" 400 627 "-" "-"
178.128.217.97 - - [04/Nov/2023:13:40:45 +0000] "GET /t4 HTTP/1.1" 404 3540 "-" "Mozilla/5.0"
178.128.217.97 - - [04/Nov/2023:13:40:47 +0000] "GET /favicon.ico HTTP/1.1" 404 3540 "-" "Mozilla/5.0 (Windows NT 10.0; Win64; x64) AppleWebKit/537.36 (KHTML, like Gecko) Chrome/108.0.0.0 Safari/537.36"
178.128.217.97 - - [04/Nov/2023:13:40:48 +0000] "GET / HTTP/1.1" 200 3469 "-" "Mozilla/4.0 (compatible; MSIE 9.0; Windows NT 10.0; .NET4.0C; .NET4.0E; .NET CLR 2.0.50727; .NET CLR 3.0.30729; .NET CLR 3.5.30729)"
192.0.102.40 - - [04/Nov/2023:13:44:31 +0000] "HEAD / HTTP/1.1" 200 3836 "-" "jetmon/1.0 (Jetpack Site Uptime Monitor by WordPress.com)"
213.230.35.9 - - [04/Nov/2023:13:47:35 +0000] "GET //wp-config.phps HTTP/1.1" 403 4099 "-" "Mozilla/5.0 (X11; Ubuntu; Linux x86_64; rv:62.0) Gecko/20100101 Firefox/62.0"
192.0.102.40 - - [04/Nov/2023:13:49:31 +0000] "HEAD / HTTP/1.1" 200 3836 "-" "jetmon/1.0 (Jetpack Site Uptime Monitor by WordPress.com)"
192.0.102.40 - - [04/Nov/2023:13:54:31 +0000] "HEAD / HTTP/1.1" 200 3836 "-" "jetmon/1.0 (Jetpack Site Uptime Monitor by WordPress.com)"
93.56.5.240 - - [04/Nov/2023:13:58:54 +0000] "GET //wp-config.phptmp HTTP/1.1" 404 4096 "-" "Mozilla/5.0 (X11; Ubuntu; Linux x86_64; rv:62.0) Gecko/20100101 Firefox/62.0"
192.0.102.40 - - [04/Nov/2023:13:59:31 +0000] "HEAD / HTTP/1.1" 200 3836 "-" "jetmon/1.0 (Jetpack Site Uptime Monitor by WordPress.com)"
192.0.102.40 - - [04/Nov/2023:14:04:30 +0000] "HEAD / HTTP/1.1" 200 3836 "-" "jetmon/1.0 (Jetpack Site Uptime Monitor by WordPress.com)"
192.0.102.40 - - [04/Nov/2023:14:09:31 +0000] "HEAD / HTTP/1.1" 200 3836 "-" "jetmon/1.0 (Jetpack Site Uptime Monitor by WordPress.com)"
192.0.102.40 - - [04/Nov/2023:14:14:31 +0000] "HEAD / HTTP/1.1" 200 3836 "-" "jetmon/1.0 (Jetpack Site Uptime Monitor by WordPress.com)"
47.187.196.61 - - [04/Nov/2023:14:15:33 +0000] "GET //wp-config.php~ HTTP/1.1" 404 4096 "-" "Mozilla/5.0 (X11; Ubuntu; Linux x86_64; rv:62.0) Gecko/20100101 Firefox/62.0"
192.0.102.40 - - [04/Nov/2023:14:19:30 +0000] "HEAD / HTTP/1.1" 200 3836 "-" "jetmon/1.0 (Jetpack Site Uptime Monitor by WordPress.com)"
192.0.102.40 - - [04/Nov/2023:14:24:31 +0000] "HEAD / HTTP/1.1" 200 3836 "-" "jetmon/1.0 (Jetpack Site Uptime Monitor by WordPress.com)"
219.76.92.225 - - [04/Nov/2023:14:26:57 +0000] "GET //wp-config.php~1 HTTP/1.1" 404 4096 "-" "Mozilla/5.0 (X11; Ubuntu; Linux x86_64; rv:62.0) Gecko/20100101 Firefox/62.0"
192.0.102.40 - - [04/Nov/2023:14:29:31 +0000] "HEAD / HTTP/1.1" 200 3836 "-" "jetmon/1.0 (Jetpack Site Uptime Monitor by WordPress.com)"
221.120.103.135 - - [04/Nov/2023:14:30:26 +0000] "POST /wp-login.php HTTP/1.1" 404 4096 "-" "Mozilla/5.0 (Windows NT 10.0; Win64; x64) AppleWebKit/537.36 (KHTML, like Gecko) Chrome/64.0.3282.167 Safari/537.36"
192.0.102.40 - - [04/Nov/2023:14:34:30 +0000] "HEAD / HTTP/1.1" 200 3836 "-" "jetmon/1.0 (Jetpack Site Uptime Monitor by WordPress.com)"
192.0.102.40 - - [04/Nov/2023:14:39:31 +0000] "HEAD / HTTP/1.1" 200 3836 "-" "jetmon/1.0 (Jetpack Site Uptime Monitor by WordPress.com)"
192.0.102.40 - - [04/Nov/2023:14:44:31 +0000] "HEAD / HTTP/1.1" 200 3836 "-" "jetmon/1.0 (Jetpack Site Uptime Monitor by WordPress.com)"
192.0.102.40 - - [04/Nov/2023:14:49:32 +0000] "HEAD / HTTP/1.1" 200 3836 "-" "jetmon/1.0 (Jetpack Site Uptime Monitor by WordPress.com)"
192.0.102.40 - - [04/Nov/2023:14:54:31 +0000] "HEAD / HTTP/1.1" 200 3836 "-" "jetmon/1.0 (Jetpack Site Uptime Monitor by WordPress.com)"
94.224.131.36 - - [04/Nov/2023:14:55:35 +0000] "GET //wp-config.php~~~ HTTP/1.1" 404 4096 "-" "Mozilla/5.0 (X11; Ubuntu; Linux x86_64; rv:62.0) Gecko/20100101 Firefox/62.0"
192.0.102.40 - - [04/Nov/2023:14:59:31 +0000] "HEAD / HTTP/1.1" 200 3836 "-" "jetmon/1.0 (Jetpack Site Uptime Monitor by WordPress.com)"
83.97.73.87 - - [04/Nov/2023:15:00:01 +0000] "GET /?XDEBUG_SESSION_START=phpstorm HTTP/1.1" 200 4026 "http://46.101.144.32:80/?XDEBUG_SESSION_START=phpstorm" "Mozilla/5.0 (Windows NT 10.0; Win64; x64) AppleWebKit/537.36 (KHTML, like Gecko) Chrome/78.0.3904.108 Safari/537.36"
192.0.102.40 - - [04/Nov/2023:15:04:31 +0000] "HEAD / HTTP/1.1" 200 3836 "-" "jetmon/1.0 (Jetpack Site Uptime Monitor by WordPress.com)"
67.220.86.160 - - [04/Nov/2023:15:04:34 +0000] "GET / HTTP/1.1" 200 4026 "-" "MOT-V177/0.1.75 UP.Browser/6.2.3.9.c.12 (GUI) MMP/2.0 UP.Link/6.3.1.13.0"
112.227.38.208 - - [04/Nov/2023:15:08:09 +0000] "GET //wp-config.prod HTTP/1.1" 404 4096 "-" "Mozilla/5.0 (X11; Ubuntu; Linux x86_64; rv:62.0) Gecko/20100101 Firefox/62.0"
192.0.102.40 - - [04/Nov/2023:15:09:31 +0000] "HEAD / HTTP/1.1" 200 3836 "-" "jetmon/1.0 (Jetpack Site Uptime Monitor by WordPress.com)"
192.241.207.46 - - [04/Nov/2023:15:10:34 +0000] "GET /actuator/health HTTP/1.1" 404 3540 "-" "Mozilla/5.0 zgrab/0.x"
192.0.102.40 - - [04/Nov/2023:15:14:31 +0000] "HEAD / HTTP/1.1" 200 3836 "-" "jetmon/1.0 (Jetpack Site Uptime Monitor by WordPress.com)"
192.0.102.40 - - [04/Nov/2023:15:19:31 +0000] "HEAD / HTTP/1.1" 200 3836 "-" "jetmon/1.0 (Jetpack Site Uptime Monitor by WordPress.com)"
182.139.79.16 - - [04/Nov/2023:15:23:50 +0000] "GET //wp-config.prod.php.txt HTTP/1.1" 404 4096 "-" "Mozilla/5.0 (X11; Ubuntu; Linux x86_64; rv:62.0) Gecko/20100101 Firefox/62.0"
192.0.102.40 - - [04/Nov/2023:15:24:31 +0000] "HEAD / HTTP/1.1" 200 3836 "-" "jetmon/1.0 (Jetpack Site Uptime Monitor by WordPress.com)"
192.0.102.40 - - [04/Nov/2023:15:29:30 +0000] "HEAD / HTTP/1.1" 200 3836 "-" "jetmon/1.0 (Jetpack Site Uptime Monitor by WordPress.com)"
192.0.102.40 - - [04/Nov/2023:15:34:30 +0000] "HEAD / HTTP/1.1" 200 3836 "-" "jetmon/1.0 (Jetpack Site Uptime Monitor by WordPress.com)"
93.89.146.59 - - [04/Nov/2023:15:38:13 +0000] "GET //wp-config.prod.txt HTTP/1.1" 404 4096 "-" "Mozilla/5.0 (X11; Ubuntu; Linux x86_64; rv:62.0) Gecko/20100101 Firefox/62.0"
192.0.102.40 - - [04/Nov/2023:15:39:29 +0000] "HEAD / HTTP/1.1" 200 3836 "-" "jetmon/1.0 (Jetpack Site Uptime Monitor by WordPress.com)"
192.0.102.40 - - [04/Nov/2023:15:44:31 +0000] "HEAD / HTTP/1.1" 200 3836 "-" "jetmon/1.0 (Jetpack Site Uptime Monitor by WordPress.com)"
192.0.102.40 - - [04/Nov/2023:15:49:30 +0000] "HEAD / HTTP/1.1" 200 3836 "-" "jetmon/1.0 (Jetpack Site Uptime Monitor by WordPress.com)"
192.0.102.40 - - [04/Nov/2023:15:54:29 +0000] "HEAD / HTTP/1.1" 200 3836 "-" "jetmon/1.0 (Jetpack Site Uptime Monitor by WordPress.com)"
152.32.149.206 - - [04/Nov/2023:15:55:34 +0000] "GET / HTTP/1.1" 200 4007 "http://46.101.144.32/" "Mozilla/5.0 (Macintosh; Intel Mac OS X 10_7_0) AppleWebKit/535.11 (KHTML, like Gecko) Chrome/17.0.963.56 Safari/535.11"
152.32.149.206 - - [04/Nov/2023:15:55:41 +0000] "GET /favicon.ico HTTP/1.1" 404 4078 "http://46.101.144.32/favicon.ico" "Mozilla/5.0 (Macintosh; Intel Mac OS X 10_7_0) AppleWebKit/535.11 (KHTML, like Gecko) Chrome/17.0.963.56 Safari/535.11"
152.32.149.206 - - [04/Nov/2023:15:55:49 +0000] "GET /robots.txt HTTP/1.1" 404 4078 "http://46.101.144.32/robots.txt" "Mozilla/5.0 (Macintosh; Intel Mac OS X 10_7_0) AppleWebKit/535.11 (KHTML, like Gecko) Chrome/17.0.963.56 Safari/535.11"
152.32.149.206 - - [04/Nov/2023:15:55:55 +0000] "GET /sitemap.xml HTTP/1.1" 404 4078 "http://46.101.144.32/sitemap.xml" "Mozilla/5.0 (Macintosh; Intel Mac OS X 10_7_0) AppleWebKit/535.11 (KHTML, like Gecko) Chrome/17.0.963.56 Safari/535.11"
185.38.146.149 - - [04/Nov/2023:15:56:55 +0000] "GET //wp-config.production HTTP/1.1" 404 4096 "-" "Mozilla/5.0 (X11; Ubuntu; Linux x86_64; rv:62.0) Gecko/20100101 Firefox/62.0"
192.0.102.40 - - [04/Nov/2023:15:59:31 +0000] "HEAD / HTTP/1.1" 200 3836 "-" "jetmon/1.0 (Jetpack Site Uptime Monitor by WordPress.com)"
192.0.102.40 - - [04/Nov/2023:16:04:30 +0000] "HEAD / HTTP/1.1" 200 3836 "-" "jetmon/1.0 (Jetpack Site Uptime Monitor by WordPress.com)"
45.56.86.210 - - [04/Nov/2023:16:05:31 +0000] "GET / HTTP/1.1" 200 4026 "-" "Mozilla/5.0 (Windows NT 6.2; ARM; Trident/7.0; Touch; rv:11.0; WPDesktop; NOKIA; Lumia 920) like Geckoo"
45.56.86.210 - - [04/Nov/2023:16:05:32 +0000] "GET / HTTP/1.1" 200 4026 "http://46.101.144.32:80" "Microsoft URL Control - 6.00.8862"
194.38.22.71 - - [04/Nov/2023:16:07:08 +0000] "GET /admin/plugins/plupload/examples/upload.php HTTP/1.1" 404 4181 "-" "ALittle Client"
192.0.102.40 - - [04/Nov/2023:16:09:29 +0000] "HEAD / HTTP/1.1" 200 3836 "-" "jetmon/1.0 (Jetpack Site Uptime Monitor by WordPress.com)"
221.125.255.13 - - [04/Nov/2023:16:09:39 +0000] "GET //wp-config.rej HTTP/1.1" 404 4096 "-" "Mozilla/5.0 (X11; Ubuntu; Linux x86_64; rv:62.0) Gecko/20100101 Firefox/62.0"
192.0.102.40 - - [04/Nov/2023:16:14:31 +0000] "HEAD / HTTP/1.1" 200 3836 "-" "jetmon/1.0 (Jetpack Site Uptime Monitor by WordPress.com)"
192.0.102.40 - - [04/Nov/2023:16:19:30 +0000] "HEAD / HTTP/1.1" 200 3836 "-" "jetmon/1.0 (Jetpack Site Uptime Monitor by WordPress.com)"
192.0.102.40 - - [04/Nov/2023:16:24:29 +0000] "HEAD / HTTP/1.1" 200 3836 "-" "jetmon/1.0 (Jetpack Site Uptime Monitor by WordPress.com)"
185.252.232.181 - - [04/Nov/2023:16:26:59 +0000] "GET / HTTP/1.1" 200 4062 "-" "fasthttp"
35.187.58.136 - - [04/Nov/2023:16:27:32 +0000] "POST /wp-login.php HTTP/1.1" 404 4096 "-" "Mozilla/5.0 (Windows NT 10.0; WOW64) AppleWebKit/537.36 (KHTML, like Gecko) Chrome/55.0.2883.87 Safari/537.36"
51.19.189.108 - - [04/Nov/2023:16:27:49 +0000] "GET //wp-config.sample HTTP/1.1" 404 4096 "-" "Mozilla/5.0 (X11; Ubuntu; Linux x86_64; rv:62.0) Gecko/20100101 Firefox/62.0"
152.32.207.21 - - [04/Nov/2023:16:28:03 +0000] "GET / HTTP/1.1" 200 4062 "-" "-"
152.32.207.21 - - [04/Nov/2023:16:28:13 +0000] "GET /favicon.ico HTTP/1.1" 404 4078 "-" "Mozilla/5.0 (Macintosh; Intel Mac OS X 10_7_0) AppleWebKit/535.11 (KHTML, like Gecko) Chrome/17.0.963.56 Safari/535.11"
152.32.207.21 - - [04/Nov/2023:16:28:20 +0000] "GET /robots.txt HTTP/1.1" 404 4078 "-" "Mozilla/5.0 (Macintosh; Intel Mac OS X 10_7_0) AppleWebKit/535.11 (KHTML, like Gecko) Chrome/17.0.963.56 Safari/535.11"
152.32.207.21 - - [04/Nov/2023:16:28:25 +0000] "GET /sitemap.xml HTTP/1.1" 404 4078 "-" "Mozilla/5.0 (Macintosh; Intel Mac OS X 10_7_0) AppleWebKit/535.11 (KHTML, like Gecko) Chrome/17.0.963.56 Safari/535.11"
192.0.102.40 - - [04/Nov/2023:16:29:31 +0000] "HEAD / HTTP/1.1" 200 3836 "-" "jetmon/1.0 (Jetpack Site Uptime Monitor by WordPress.com)"
192.0.102.40 - - [04/Nov/2023:16:34:31 +0000] "HEAD / HTTP/1.1" 200 3836 "-" "jetmon/1.0 (Jetpack Site Uptime Monitor by WordPress.com)"
192.0.102.40 - - [04/Nov/2023:16:39:29 +0000] "HEAD / HTTP/1.1" 200 3836 "-" "jetmon/1.0 (Jetpack Site Uptime Monitor by WordPress.com)"
91.134.248.249 - - [04/Nov/2023:16:41:21 +0000] "GET /wp-content/uploads/2023/02/index.php HTTP/1.1" 404 4172 "http://talmedos.com/wp-content/uploads/2023/02/index.php" "Mozilla/5.0 (Windows; U; Windows NT 5.1; en-US) AppleWebKit/533.4 (KHTML, like Gecko) Chrome/5.0.375.99 Safari/533.4"
91.38.26.179 - - [04/Nov/2023:16:44:05 +0000] "GET //wp-config.sass-cache HTTP/1.1" 404 4096 "-" "Mozilla/5.0 (X11; Ubuntu; Linux x86_64; rv:62.0) Gecko/20100101 Firefox/62.0"
192.0.102.40 - - [04/Nov/2023:16:44:31 +0000] "HEAD / HTTP/1.1" 200 3836 "-" "jetmon/1.0 (Jetpack Site Uptime Monitor by WordPress.com)"
192.0.102.40 - - [04/Nov/2023:16:49:30 +0000] "HEAD / HTTP/1.1" 200 3836 "-" "jetmon/1.0 (Jetpack Site Uptime Monitor by WordPress.com)"
192.0.102.40 - - [04/Nov/2023:16:54:29 +0000] "HEAD / HTTP/1.1" 200 3836 "-" "jetmon/1.0 (Jetpack Site Uptime Monitor by WordPress.com)"
118.40.156.39 - - [04/Nov/2023:16:57:09 +0000] "GET //wp-config.sav HTTP/1.1" 404 4096 "-" "Mozilla/5.0 (X11; Ubuntu; Linux x86_64; rv:62.0) Gecko/20100101 Firefox/62.0"
192.0.102.40 - - [04/Nov/2023:16:59:31 +0000] "HEAD / HTTP/1.1" 200 3836 "-" "jetmon/1.0 (Jetpack Site Uptime Monitor by WordPress.com)"
192.0.102.40 - - [04/Nov/2023:17:04:30 +0000] "HEAD / HTTP/1.1" 200 3836 "-" "jetmon/1.0 (Jetpack Site Uptime Monitor by WordPress.com)"
192.0.102.40 - - [04/Nov/2023:17:09:29 +0000] "HEAD / HTTP/1.1" 200 3836 "-" "jetmon/1.0 (Jetpack Site Uptime Monitor by WordPress.com)"
52.59.218.63 - - [04/Nov/2023:17:11:10 +0000] "GET / HTTP/1.1" 200 4026 "-" "Mozilla/5.0 (Macintosh; Intel Mac OS X x.y; rv:42.0) Gecko/20100101 Firefox/42.0"
220.123.214.68 - - [04/Nov/2023:17:12:37 +0000] "GET //wp-config.save HTTP/1.1" 404 4096 "-" "Mozilla/5.0 (X11; Ubuntu; Linux x86_64; rv:62.0) Gecko/20100101 Firefox/62.0"
192.0.102.40 - - [04/Nov/2023:17:14:31 +0000] "HEAD / HTTP/1.1" 200 3836 "-" "jetmon/1.0 (Jetpack Site Uptime Monitor by WordPress.com)"
3.70.131.13 - - [04/Nov/2023:17:14:55 +0000] "GET /.git/ HTTP/1.1" 404 4097 "-" "Mozilla/5.0 (Macintosh; Intel Mac OS X x.y; rv:42.0) Gecko/20100101 Firefox/42.0"
52.59.218.63 - - [04/Nov/2023:17:16:23 +0000] "GET / HTTP/1.1" 200 4026 "-" "Mozilla/5.0 (Macintosh; Intel Mac OS X x.y; rv:42.0) Gecko/20100101 Firefox/42.0"
52.59.218.63 - - [04/Nov/2023:17:17:31 +0000] "GET / HTTP/1.1" 200 4026 "-" "Mozilla/5.0 (Macintosh; Intel Mac OS X x.y; rv:42.0) Gecko/20100101 Firefox/42.0"
52.59.218.63 - - [04/Nov/2023:17:17:32 +0000] "GET /hopfully404 HTTP/1.1" 404 4097 "-" "Mozilla/5.0 (Macintosh; Intel Mac OS X x.y; rv:42.0) Gecko/20100101 Firefox/42.0"
192.0.102.40 - - [04/Nov/2023:17:19:30 +0000] "HEAD / HTTP/1.1" 200 3836 "-" "jetmon/1.0 (Jetpack Site Uptime Monitor by WordPress.com)"
192.0.102.40 - - [04/Nov/2023:17:24:29 +0000] "HEAD / HTTP/1.1" 200 3836 "-" "jetmon/1.0 (Jetpack Site Uptime Monitor by WordPress.com)"
192.0.102.40 - - [04/Nov/2023:17:29:31 +0000] "HEAD / HTTP/1.1" 200 3836 "-" "jetmon/1.0 (Jetpack Site Uptime Monitor by WordPress.com)"
176.136.92.103 - - [04/Nov/2023:17:30:54 +0000] "GET //wp-config.save.1 HTTP/1.1" 404 4096 "-" "Mozilla/5.0 (X11; Ubuntu; Linux x86_64; rv:62.0) Gecko/20100101 Firefox/62.0"
35.216.208.121 - - [04/Nov/2023:17:32:57 +0000] "GET / HTTP/1.1" 200 3469 "-" "Mozilla/5.0"
192.0.102.40 - - [04/Nov/2023:17:34:31 +0000] "HEAD / HTTP/1.1" 200 3836 "-" "jetmon/1.0 (Jetpack Site Uptime Monitor by WordPress.com)"
192.0.102.40 - - [04/Nov/2023:17:39:29 +0000] "HEAD / HTTP/1.1" 200 3836 "-" "jetmon/1.0 (Jetpack Site Uptime Monitor by WordPress.com)"
83.97.73.87 - - [04/Nov/2023:17:40:00 +0000] "GET /actuator/gateway/routes HTTP/1.1" 404 4097 "http://46.101.144.32:80/actuator/gateway/routes" "Mozilla/5.0 (Windows NT 10.0; Win64; x64) AppleWebKit/537.36 (KHTML, like Gecko) Chrome/78.0.3904.108 Safari/537.36"
106.244.151.66 - - [04/Nov/2023:17:42:11 +0000] "GET //wp-config.save.2 HTTP/1.1" 404 4096 "-" "Mozilla/5.0 (X11; Ubuntu; Linux x86_64; rv:62.0) Gecko/20100101 Firefox/62.0"
192.0.102.40 - - [04/Nov/2023:17:44:31 +0000] "HEAD / HTTP/1.1" 200 3836 "-" "jetmon/1.0 (Jetpack Site Uptime Monitor by WordPress.com)"
192.0.102.40 - - [04/Nov/2023:17:49:30 +0000] "HEAD / HTTP/1.1" 200 3836 "-" "jetmon/1.0 (Jetpack Site Uptime Monitor by WordPress.com)"
192.0.102.40 - - [04/Nov/2023:17:54:29 +0000] "HEAD / HTTP/1.1" 200 3836 "-" "jetmon/1.0 (Jetpack Site Uptime Monitor by WordPress.com)"
192.0.102.40 - - [04/Nov/2023:17:59:31 +0000] "HEAD / HTTP/1.1" 200 3836 "-" "jetmon/1.0 (Jetpack Site Uptime Monitor by WordPress.com)"
92.204.139.118 - - [04/Nov/2023:18:03:47 +0000] "GET /wp-login.php HTTP/1.1" 404 3525 "http://talmedos.com/wp-login.php" "Mozilla/5.0 (X11; Fedora; Linux x86_64; rv:94.0) Gecko/20100101 Firefox/95.0"
192.0.102.40 - - [04/Nov/2023:18:04:30 +0000] "HEAD / HTTP/1.1" 200 3836 "-" "jetmon/1.0 (Jetpack Site Uptime Monitor by WordPress.com)"
192.0.102.40 - - [04/Nov/2023:18:09:29 +0000] "HEAD / HTTP/1.1" 200 3836 "-" "jetmon/1.0 (Jetpack Site Uptime Monitor by WordPress.com)"
87.104.24.134 - - [04/Nov/2023:18:11:57 +0000] "GET //wp-config.stage HTTP/1.1" 404 4096 "-" "Mozilla/5.0 (X11; Ubuntu; Linux x86_64; rv:62.0) Gecko/20100101 Firefox/62.0"
192.0.102.40 - - [04/Nov/2023:18:14:31 +0000] "HEAD / HTTP/1.1" 200 3836 "-" "jetmon/1.0 (Jetpack Site Uptime Monitor by WordPress.com)"
192.0.102.40 - - [04/Nov/2023:18:19:30 +0000] "HEAD / HTTP/1.1" 200 3836 "-" "jetmon/1.0 (Jetpack Site Uptime Monitor by WordPress.com)"
167.248.133.49 - - [04/Nov/2023:18:22:04 +0000] "GET / HTTP/1.1" 200 4062 "-" "-"
167.248.133.49 - - [04/Nov/2023:18:22:04 +0000] "GET / HTTP/1.1" 200 4007 "-" "Mozilla/5.0 (compatible; CensysInspect/1.1; +https://about.censys.io/)"
167.248.133.49 - - [04/Nov/2023:18:22:04 +0000] "GET /favicon.ico HTTP/1.1" 404 4097 "-" "Mozilla/5.0 (compatible; CensysInspect/1.1; +https://about.censys.io/)"
192.0.102.40 - - [04/Nov/2023:18:24:29 +0000] "HEAD / HTTP/1.1" 200 3836 "-" "jetmon/1.0 (Jetpack Site Uptime Monitor by WordPress.com)"
91.110.94.232 - - [04/Nov/2023:18:27:12 +0000] "GET //wp-config.staging HTTP/1.1" 404 4096 "-" "Mozilla/5.0 (X11; Ubuntu; Linux x86_64; rv:62.0) Gecko/20100101 Firefox/62.0"
192.0.102.40 - - [04/Nov/2023:18:29:30 +0000] "HEAD / HTTP/1.1" 200 3836 "-" "jetmon/1.0 (Jetpack Site Uptime Monitor by WordPress.com)"
192.0.102.40 - - [04/Nov/2023:18:34:30 +0000] "HEAD / HTTP/1.1" 200 3836 "-" "jetmon/1.0 (Jetpack Site Uptime Monitor by WordPress.com)"
192.0.102.40 - - [04/Nov/2023:18:39:30 +0000] "HEAD / HTTP/1.1" 200 3836 "-" "jetmon/1.0 (Jetpack Site Uptime Monitor by WordPress.com)"
2.25.184.185 - - [04/Nov/2023:18:43:21 +0000] "GET //wp-config.sublime-project HTTP/1.1" 404 4096 "-" "Mozilla/5.0 (X11; Ubuntu; Linux x86_64; rv:62.0) Gecko/20100101 Firefox/62.0"
192.0.102.40 - - [04/Nov/2023:18:44:31 +0000] "HEAD / HTTP/1.1" 200 3836 "-" "jetmon/1.0 (Jetpack Site Uptime Monitor by WordPress.com)"
209.145.59.56 - - [04/Nov/2023:18:45:43 +0000] "GET /wp-content/uploads/2023/06/index.php HTTP/1.1" 404 4172 "http://talmedos.com/wp-content/uploads/2023/06/index.php" "Mozilla/5.0 (Windows; U; Windows NT 5.1; en-US) AppleWebKit/533.4 (KHTML, like Gecko) Chrome/5.0.375.99 Safari/533.4"
192.0.102.40 - - [04/Nov/2023:18:49:30 +0000] "HEAD / HTTP/1.1" 200 3836 "-" "jetmon/1.0 (Jetpack Site Uptime Monitor by WordPress.com)"
192.0.102.40 - - [04/Nov/2023:18:54:30 +0000] "HEAD / HTTP/1.1" 200 3836 "-" "jetmon/1.0 (Jetpack Site Uptime Monitor by WordPress.com)"
118.142.120.242 - - [04/Nov/2023:18:57:52 +0000] "GET //wp-config.sublime-workspace HTTP/1.1" 404 4096 "-" "Mozilla/5.0 (X11; Ubuntu; Linux x86_64; rv:62.0) Gecko/20100101 Firefox/62.0"
192.0.102.40 - - [04/Nov/2023:18:59:31 +0000] "HEAD / HTTP/1.1" 200 3836 "-" "jetmon/1.0 (Jetpack Site Uptime Monitor by WordPress.com)"
192.0.102.40 - - [04/Nov/2023:19:04:30 +0000] "HEAD / HTTP/1.1" 200 3836 "-" "jetmon/1.0 (Jetpack Site Uptime Monitor by WordPress.com)"
192.0.102.40 - - [04/Nov/2023:19:09:29 +0000] "HEAD / HTTP/1.1" 200 3836 "-" "jetmon/1.0 (Jetpack Site Uptime Monitor by WordPress.com)"
120.149.40.64 - - [04/Nov/2023:19:12:29 +0000] "GET //wp-config.swn HTTP/1.1" 404 4096 "-" "Mozilla/5.0 (X11; Ubuntu; Linux x86_64; rv:62.0) Gecko/20100101 Firefox/62.0"
192.0.102.40 - - [04/Nov/2023:19:14:30 +0000] "HEAD / HTTP/1.1" 200 3836 "-" "jetmon/1.0 (Jetpack Site Uptime Monitor by WordPress.com)"
192.0.102.40 - - [04/Nov/2023:19:19:30 +0000] "HEAD / HTTP/1.1" 200 3836 "-" "jetmon/1.0 (Jetpack Site Uptime Monitor by WordPress.com)"
192.0.102.40 - - [04/Nov/2023:19:24:29 +0000] "HEAD / HTTP/1.1" 200 3836 "-" "jetmon/1.0 (Jetpack Site Uptime Monitor by WordPress.com)"
210.179.213.184 - - [04/Nov/2023:19:26:47 +0000] "GET //wp-config.swo HTTP/1.1" 404 4096 "-" "Mozilla/5.0 (X11; Ubuntu; Linux x86_64; rv:62.0) Gecko/20100101 Firefox/62.0"
192.0.102.40 - - [04/Nov/2023:19:29:30 +0000] "HEAD / HTTP/1.1" 200 3836 "-" "jetmon/1.0 (Jetpack Site Uptime Monitor by WordPress.com)"
192.0.102.40 - - [04/Nov/2023:19:34:29 +0000] "HEAD / HTTP/1.1" 200 3836 "-" "jetmon/1.0 (Jetpack Site Uptime Monitor by WordPress.com)"
192.0.102.40 - - [04/Nov/2023:19:39:29 +0000] "HEAD / HTTP/1.1" 200 3836 "-" "jetmon/1.0 (Jetpack Site Uptime Monitor by WordPress.com)"
89.133.40.171 - - [04/Nov/2023:19:40:48 +0000] "GET //wp-config.swp HTTP/1.1" 404 4096 "-" "Mozilla/5.0 (X11; Ubuntu; Linux x86_64; rv:62.0) Gecko/20100101 Firefox/62.0"
192.0.102.40 - - [04/Nov/2023:19:44:30 +0000] "HEAD / HTTP/1.1" 200 3836 "-" "jetmon/1.0 (Jetpack Site Uptime Monitor by WordPress.com)"
192.0.102.40 - - [04/Nov/2023:19:49:29 +0000] "HEAD / HTTP/1.1" 200 3836 "-" "jetmon/1.0 (Jetpack Site Uptime Monitor by WordPress.com)"
192.0.102.40 - - [04/Nov/2023:19:54:29 +0000] "HEAD / HTTP/1.1" 200 3836 "-" "jetmon/1.0 (Jetpack Site Uptime Monitor by WordPress.com)"
78.192.157.20 - - [04/Nov/2023:19:55:06 +0000] "GET //wp-config.tar HTTP/1.1" 404 4096 "-" "Mozilla/5.0 (X11; Ubuntu; Linux x86_64; rv:62.0) Gecko/20100101 Firefox/62.0"
78.153.140.221 - - [04/Nov/2023:19:56:54 +0000] "GET / HTTP/1.0" 400 627 "-" "-"
78.153.140.221 - - [04/Nov/2023:19:56:56 +0000] "GET /.env HTTP/1.1" 404 4182 "-" "Mozilla/5.0 (X11; Linux x86_64) AppleWebKit/537.36 (KHTML, like Gecko) Chrome/81.0.4044.129 Safari/537.36"
192.0.102.40 - - [04/Nov/2023:19:59:30 +0000] "HEAD / HTTP/1.1" 200 3836 "-" "jetmon/1.0 (Jetpack Site Uptime Monitor by WordPress.com)"
192.0.102.40 - - [04/Nov/2023:20:04:29 +0000] "HEAD / HTTP/1.1" 200 3836 "-" "jetmon/1.0 (Jetpack Site Uptime Monitor by WordPress.com)"
192.0.102.40 - - [04/Nov/2023:20:09:29 +0000] "HEAD / HTTP/1.1" 200 3836 "-" "jetmon/1.0 (Jetpack Site Uptime Monitor by WordPress.com)"
121.164.82.32 - - [04/Nov/2023:20:12:03 +0000] "GET / HTTP/1.0" 400 627 "-" "-"
162.156.94.5 - - [04/Nov/2023:20:12:32 +0000] "GET //wp-config.temp HTTP/1.1" 404 4096 "-" "Mozilla/5.0 (X11; Ubuntu; Linux x86_64; rv:62.0) Gecko/20100101 Firefox/62.0"
192.0.102.40 - - [04/Nov/2023:20:14:31 +0000] "HEAD / HTTP/1.1" 200 3836 "-" "jetmon/1.0 (Jetpack Site Uptime Monitor by WordPress.com)"
192.0.102.40 - - [04/Nov/2023:20:19:29 +0000] "HEAD / HTTP/1.1" 200 3836 "-" "jetmon/1.0 (Jetpack Site Uptime Monitor by WordPress.com)"
192.0.102.40 - - [04/Nov/2023:20:24:29 +0000] "HEAD / HTTP/1.1" 200 3836 "-" "jetmon/1.0 (Jetpack Site Uptime Monitor by WordPress.com)"
101.161.209.122 - - [04/Nov/2023:20:26:44 +0000] "GET //wp-config.templ HTTP/1.1" 404 4096 "-" "Mozilla/5.0 (X11; Ubuntu; Linux x86_64; rv:62.0) Gecko/20100101 Firefox/62.0"
192.0.102.40 - - [04/Nov/2023:20:29:31 +0000] "HEAD / HTTP/1.1" 200 3836 "-" "jetmon/1.0 (Jetpack Site Uptime Monitor by WordPress.com)"
192.0.102.40 - - [04/Nov/2023:20:34:29 +0000] "HEAD / HTTP/1.1" 200 3836 "-" "jetmon/1.0 (Jetpack Site Uptime Monitor by WordPress.com)"
192.0.102.40 - - [04/Nov/2023:20:39:29 +0000] "HEAD / HTTP/1.1" 200 3836 "-" "jetmon/1.0 (Jetpack Site Uptime Monitor by WordPress.com)"
85.58.87.75 - - [04/Nov/2023:20:39:40 +0000] "GET //wp-config.tmp HTTP/1.1" 404 4096 "-" "Mozilla/5.0 (X11; Ubuntu; Linux x86_64; rv:62.0) Gecko/20100101 Firefox/62.0"
192.0.102.40 - - [04/Nov/2023:20:44:30 +0000] "HEAD / HTTP/1.1" 200 3836 "-" "jetmon/1.0 (Jetpack Site Uptime Monitor by WordPress.com)"
192.0.102.40 - - [04/Nov/2023:20:49:29 +0000] "HEAD / HTTP/1.1" 200 3836 "-" "jetmon/1.0 (Jetpack Site Uptime Monitor by WordPress.com)"
34.140.248.32 - - [04/Nov/2023:20:51:55 +0000] "GET / HTTP/1.1" 200 3540 "-" "python-requests/2.31.0"
192.53.171.56 - - [04/Nov/2023:20:53:10 +0000] "GET /LXHp HTTP/1.1" 404 4145 "-" "Mozilla/5.0 (compatible; Nmap Scripting Engine; https://nmap.org/book/nse.html)"
192.53.171.56 - - [04/Nov/2023:20:53:11 +0000] "GET /DAqg HTTP/1.1" 404 4145 "-" "Mozilla/5.0 (compatible; Nmap Scripting Engine; https://nmap.org/book/nse.html)"
192.0.102.40 - - [04/Nov/2023:20:54:29 +0000] "HEAD / HTTP/1.1" 200 3836 "-" "jetmon/1.0 (Jetpack Site Uptime Monitor by WordPress.com)"
153.201.210.208 - - [04/Nov/2023:20:55:01 +0000] "GET //wp-config.txt HTTP/1.1" 404 4096 "-" "Mozilla/5.0 (X11; Ubuntu; Linux x86_64; rv:62.0) Gecko/20100101 Firefox/62.0"
192.0.102.40 - - [04/Nov/2023:20:59:30 +0000] "HEAD / HTTP/1.1" 200 3836 "-" "jetmon/1.0 (Jetpack Site Uptime Monitor by WordPress.com)"
192.0.102.40 - - [04/Nov/2023:21:04:29 +0000] "HEAD / HTTP/1.1" 200 3836 "-" "jetmon/1.0 (Jetpack Site Uptime Monitor by WordPress.com)"
192.0.102.40 - - [04/Nov/2023:21:09:29 +0000] "HEAD / HTTP/1.1" 200 3836 "-" "jetmon/1.0 (Jetpack Site Uptime Monitor by WordPress.com)"
113.254.182.204 - - [04/Nov/2023:21:09:30 +0000] "GET //wp-config.uk HTTP/1.1" 404 4096 "-" "Mozilla/5.0 (X11; Ubuntu; Linux x86_64; rv:62.0) Gecko/20100101 Firefox/62.0"
192.0.102.40 - - [04/Nov/2023:21:14:30 +0000] "HEAD / HTTP/1.1" 200 3836 "-" "jetmon/1.0 (Jetpack Site Uptime Monitor by WordPress.com)"
205.210.31.17 - - [04/Nov/2023:21:14:47 +0000] "GET / HTTP/1.1" 200 4062 "-" "-"
192.0.102.40 - - [04/Nov/2023:21:19:29 +0000] "HEAD / HTTP/1.1" 200 3836 "-" "jetmon/1.0 (Jetpack Site Uptime Monitor by WordPress.com)"
99.245.109.184 - - [04/Nov/2023:21:24:19 +0000] "GET //wp-config.un~ HTTP/1.1" 404 4096 "-" "Mozilla/5.0 (X11; Ubuntu; Linux x86_64; rv:62.0) Gecko/20100101 Firefox/62.0"
192.0.102.40 - - [04/Nov/2023:21:24:29 +0000] "HEAD / HTTP/1.1" 200 3836 "-" "jetmon/1.0 (Jetpack Site Uptime Monitor by WordPress.com)"
80.82.77.202 - - [04/Nov/2023:21:26:37 +0000] "GET / HTTP/1.1" 400 4133 "-" "-"
192.0.102.40 - - [04/Nov/2023:21:29:30 +0000] "HEAD / HTTP/1.1" 200 3836 "-" "jetmon/1.0 (Jetpack Site Uptime Monitor by WordPress.com)"
192.0.102.40 - - [04/Nov/2023:21:34:29 +0000] "HEAD / HTTP/1.1" 200 3836 "-" "jetmon/1.0 (Jetpack Site Uptime Monitor by WordPress.com)"
35.159.15.192 - - [04/Nov/2023:21:38:04 +0000] "GET /.git/ HTTP/1.1" 404 4097 "http://46.101.144.32:80/.git/" "Mozilla/5.0 (Macintosh; Intel Mac OS X x.y; rv:42.0) Gecko/20100101 Firefox/42.0"
184.100.81.43 - - [04/Nov/2023:21:39:11 +0000] "GET //wp-config.us HTTP/1.1" 404 4096 "-" "Mozilla/5.0 (X11; Ubuntu; Linux x86_64; rv:62.0) Gecko/20100101 Firefox/62.0"
192.0.102.40 - - [04/Nov/2023:21:39:29 +0000] "HEAD / HTTP/1.1" 200 3836 "-" "jetmon/1.0 (Jetpack Site Uptime Monitor by WordPress.com)"
207.90.244.3 - - [04/Nov/2023:21:43:17 +0000] "GET / HTTP/1.1" 200 3703 "-" "Mozilla/5.0 (X11; Linux x86_64) AppleWebKit/537.36 (KHTML, like Gecko) Chrome/98.0.4758.102 Safari/537.36"
207.90.244.3 - - [04/Nov/2023:21:43:22 +0000] "\n" 400 3745 "-" "-"
207.90.244.3 - - [04/Nov/2023:21:43:22 +0000] "\n" 400 4181 "-" "-"
207.90.244.3 - - [04/Nov/2023:21:43:23 +0000] "\n" 400 4181 "-" "-"
207.90.244.3 - - [04/Nov/2023:21:43:23 +0000] "\n" 400 4181 "-" "-"
207.90.244.3 - - [04/Nov/2023:21:43:27 +0000] "GET /robots.txt HTTP/1.1" 404 3719 "-" "-"
207.90.244.3 - - [04/Nov/2023:21:43:27 +0000] "GET /sitemap.xml HTTP/1.1" 404 3719 "-" "-"
207.90.244.3 - - [04/Nov/2023:21:43:28 +0000] "GET /.well-known/security.txt HTTP/1.1" 404 3719 "-" "-"
207.90.244.3 - - [04/Nov/2023:21:43:28 +0000] "GET /favicon.ico HTTP/1.1" 404 4182 "-" "Mozilla/5.0 (Windows NT 10.0; Win64; x64) AppleWebKit/537.36 (KHTML, like Gecko) Chrome/102.0.5005.63 Safari/537.36"
207.90.244.3 - - [04/Nov/2023:21:43:29 +0000] "\n" 400 4216 "-" "-"
91.92.254.89 - - [04/Nov/2023:21:44:19 +0000] "GET /wp-content/themes/sketch/404.php HTTP/1.1" 404 3610 "-" "Mozlila/5.0 (Linux; Android 7.0; SM-G892A Bulid/NRD90M; wv) AppleWebKit/537.36 (KHTML, like Gecko) Version/4.0 Chrome/60.0.3112.107 Moblie Safari/537.36"
192.0.102.40 - - [04/Nov/2023:21:44:30 +0000] "HEAD / HTTP/1.1" 200 3836 "-" "jetmon/1.0 (Jetpack Site Uptime Monitor by WordPress.com)"
91.92.254.89 - - [04/Nov/2023:21:44:51 +0000] "GET /wp-content/themes/include.php HTTP/1.1" 404 3610 "-" "Mozlila/5.0 (Linux; Android 7.0; SM-G892A Bulid/NRD90M; wv) AppleWebKit/537.36 (KHTML, like Gecko) Version/4.0 Chrome/60.0.3112.107 Moblie Safari/537.36"
91.92.254.89 - - [04/Nov/2023:21:45:38 +0000] "GET /wp-content/plugins/WordPressCore/include.php HTTP/1.1" 404 3610 "-" "Mozlila/5.0 (Linux; Android 7.0; SM-G892A Bulid/NRD90M; wv) AppleWebKit/537.36 (KHTML, like Gecko) Version/4.0 Chrome/60.0.3112.107 Moblie Safari/537.36"
91.92.254.89 - - [04/Nov/2023:21:46:03 +0000] "GET /wp-includes/widgets/include.php HTTP/1.1" 404 3610 "-" "Mozlila/5.0 (Linux; Android 7.0; SM-G892A Bulid/NRD90M; wv) AppleWebKit/537.36 (KHTML, like Gecko) Version/4.0 Chrome/60.0.3112.107 Moblie Safari/537.36"
