192.0.102.40 - - [31/Oct/2023:07:19:27 +0000] "HEAD / HTTP/1.1" 200 3915 "-" "jetmon/1.0 (Jetpack Site Uptime Monitor by WordPress.com)"
46.101.144.32 - - [31/Oct/2023:07:24:28 +0000] "POST /wp-cron.php?doing_wp_cron=1698737068.2726130485534667968750 HTTP/1.1" 200 3995 "-" "WordPress/6.3.2; https://talmedos.com"
192.0.102.40 - - [31/Oct/2023:07:24:28 +0000] "HEAD / HTTP/1.1" 200 3915 "-" "jetmon/1.0 (Jetpack Site Uptime Monitor by WordPress.com)"
46.101.144.32 - - [31/Oct/2023:07:29:28 +0000] "POST /wp-cron.php?doing_wp_cron=1698737368.6759409904479980468750 HTTP/1.1" 200 3995 "-" "WordPress/6.3.2; https://talmedos.com"
192.0.102.40 - - [31/Oct/2023:07:29:28 +0000] "HEAD / HTTP/1.1" 200 3915 "-" "jetmon/1.0 (Jetpack Site Uptime Monitor by WordPress.com)"
46.101.144.32 - - [31/Oct/2023:07:34:28 +0000] "POST /wp-cron.php?doing_wp_cron=1698737668.1766560077667236328125 HTTP/1.1" 200 3995 "-" "WordPress/6.3.2; https://talmedos.com"
192.0.102.40 - - [31/Oct/2023:07:34:28 +0000] "HEAD / HTTP/1.1" 200 3915 "-" "jetmon/1.0 (Jetpack Site Uptime Monitor by WordPress.com)"
46.101.144.32 - - [31/Oct/2023:07:39:28 +0000] "POST /wp-cron.php?doing_wp_cron=1698737968.5206239223480224609375 HTTP/1.1" 200 3995 "-" "WordPress/6.3.2; https://talmedos.com"
192.0.102.40 - - [31/Oct/2023:07:39:28 +0000] "HEAD / HTTP/1.1" 200 3915 "-" "jetmon/1.0 (Jetpack Site Uptime Monitor by WordPress.com)"
135.125.1.9 - - [31/Oct/2023:07:39:40 +0000] "POST /wp-login.php HTTP/1.1" 200 8354 "-" "Mozilla/5.0 (Windows NT 6.1; Win64; x64) AppleWebKit/537.36 (KHTML, like Gecko) Chrome/78.0.3904.97 Safari/537.36"
170.64.220.120 - - [31/Oct/2023:07:39:46 +0000] "GET /.git/config HTTP/1.1" 404 4229 "-" "Mozilla/5.0 (X11; Linux x86_64) AppleWebKit/537.36 (KHTML, like Gecko) Chrome/81.0.4044.129 Safari/537.36"
46.101.144.32 - - [31/Oct/2023:07:44:28 +0000] "POST /wp-cron.php?doing_wp_cron=1698738268.8381550312042236328125 HTTP/1.1" 200 3995 "-" "WordPress/6.3.2; https://talmedos.com"
192.0.102.40 - - [31/Oct/2023:07:44:28 +0000] "HEAD / HTTP/1.1" 200 3915 "-" "jetmon/1.0 (Jetpack Site Uptime Monitor by WordPress.com)"
46.101.144.32 - - [31/Oct/2023:07:49:28 +0000] "POST /wp-cron.php?doing_wp_cron=1698738568.0481541156768798828125 HTTP/1.1" 200 3995 "-" "WordPress/6.3.2; https://talmedos.com"
192.0.102.40 - - [31/Oct/2023:07:49:27 +0000] "HEAD / HTTP/1.1" 200 3915 "-" "jetmon/1.0 (Jetpack Site Uptime Monitor by WordPress.com)"
46.101.144.32 - - [31/Oct/2023:07:50:38 +0000] "POST /wp-cron.php?doing_wp_cron=1698738638.9162139892578125000000 HTTP/1.1" 200 3995 "-" "WordPress/6.3.2; https://talmedos.com"
196.189.119.84 - - [31/Oct/2023:07:50:38 +0000] "POST /xmlrpc.php HTTP/1.1" 200 4420 "-" "Mozilla/5.0 (Windows NT 10.0; Win64; x64; rv:58.0) Gecko/20100101 Firefox/58.0"
107.180.121.71 - - [31/Oct/2023:07:50:39 +0000] "POST /xmlrpc.php HTTP/1.1" 200 3984 "-" "Mozilla/5.0 (Windows NT 10.0; Win64; x64) AppleWebKit/537.36 (KHTML, like Gecko) Chrome/84.0.4147.135 Safari/537.36"
188.40.94.109 - - [31/Oct/2023:07:50:45 +0000] "POST /xmlrpc.php HTTP/1.1" 200 4012 "-" "Mozilla/5.0 (Windows NT 5.1; rv:52.0) Gecko/20100101 Firefox/52.0"
63.247.143.209 - - [31/Oct/2023:07:50:45 +0000] "POST /xmlrpc.php HTTP/1.1" 200 4013 "-" "Mozilla/5.0 (Macintosh; Intel Mac OS X 11_4) AppleWebKit/537.36 (KHTML, like Gecko) Chrome/91.0.4472.114 Safari/537.36"
185.132.176.144 - - [31/Oct/2023:07:50:46 +0000] "POST /xmlrpc.php HTTP/1.1" 200 4421 "-" "Mozilla/5.0 (Windows NT 10.0; Win64; x64) AppleWebKit/537.36 (KHTML, like Gecko) Chrome/84.0.4147.135 Safari/537.36"
109.234.162.234 - - [31/Oct/2023:07:50:55 +0000] "POST /xmlrpc.php HTTP/1.1" 200 4421 "-" "Mozilla/5.0 (Windows NT 6.1; Win64; x64) AppleWebKit/537.36 (KHTML, like Gecko) Chrome/60.0.3112.90 Safari/537.36"
46.101.144.32 - - [31/Oct/2023:07:51:02 +0000] "POST /wp-cron.php?doing_wp_cron=1698738662.2019510269165039062500 HTTP/1.1" 200 3995 "-" "WordPress/6.3.2; https://talmedos.com"
103.139.75.124 - - [31/Oct/2023:07:51:01 +0000] "POST /xmlrpc.php HTTP/1.1" 200 4420 "-" "Mozilla/5.0 (Windows NT 6.1; WOW64; rv:18.0) Gecko/20100101 Firefox/18.0"
46.101.144.32 - - [31/Oct/2023:07:54:27 +0000] "POST /wp-cron.php?doing_wp_cron=1698738867.7375349998474121093750 HTTP/1.1" 200 3995 "-" "WordPress/6.3.2; https://talmedos.com"
192.0.102.40 - - [31/Oct/2023:07:54:27 +0000] "HEAD / HTTP/1.1" 200 3915 "-" "jetmon/1.0 (Jetpack Site Uptime Monitor by WordPress.com)"
192.0.102.40 - - [31/Oct/2023:07:59:28 +0000] "HEAD / HTTP/1.1" 200 3915 "-" "jetmon/1.0 (Jetpack Site Uptime Monitor by WordPress.com)"
46.101.144.32 - - [31/Oct/2023:07:59:29 +0000] "GET /index.php?rest_route=%2Fjetpack%2Fv4%2Fsync%2Fspawn-sync&time=1698739169&request_lock_id=1698739169.4253 HTTP/1.1" 200 4013 "-" "WordPress/6.3.2; https://talmedos.com"
46.101.144.32 - - [31/Oct/2023:07:59:31 +0000] "GET /index.php?rest_route=%2Fjetpack%2Fv4%2Fsync%2Fspawn-sync&time=1698739171&request_lock_id=1698739171.3189 HTTP/1.1" 200 4013 "-" "WordPress/6.3.2; https://talmedos.com"
46.101.144.32 - - [31/Oct/2023:07:59:28 +0000] "POST /wp-cron.php?doing_wp_cron=1698739168.4013209342956542968750 HTTP/1.1" 200 3995 "-" "WordPress/6.3.2; https://talmedos.com"
46.101.144.32 - - [31/Oct/2023:08:04:28 +0000] "POST /wp-cron.php?doing_wp_cron=1698739468.0176041126251220703125 HTTP/1.1" 200 3995 "-" "WordPress/6.3.2; https://talmedos.com"
192.0.102.40 - - [31/Oct/2023:08:04:27 +0000] "HEAD / HTTP/1.1" 200 3915 "-" "jetmon/1.0 (Jetpack Site Uptime Monitor by WordPress.com)"
46.101.144.32 - - [31/Oct/2023:08:09:28 +0000] "POST /wp-cron.php?doing_wp_cron=1698739768.0065579414367675781250 HTTP/1.1" 200 3995 "-" "WordPress/6.3.2; https://talmedos.com"
192.0.102.40 - - [31/Oct/2023:08:09:27 +0000] "HEAD / HTTP/1.1" 200 3915 "-" "jetmon/1.0 (Jetpack Site Uptime Monitor by WordPress.com)"
46.101.144.32 - - [31/Oct/2023:08:14:28 +0000] "POST /wp-cron.php?doing_wp_cron=1698740068.5357971191406250000000 HTTP/1.1" 200 3995 "-" "WordPress/6.3.2; https://talmedos.com"
192.0.102.40 - - [31/Oct/2023:08:14:28 +0000] "HEAD / HTTP/1.1" 200 3915 "-" "jetmon/1.0 (Jetpack Site Uptime Monitor by WordPress.com)"
46.101.144.32 - - [31/Oct/2023:08:19:29 +0000] "POST /wp-cron.php?doing_wp_cron=1698740369.1858499050140380859375 HTTP/1.1" 200 3995 "-" "WordPress/6.3.2; https://talmedos.com"
192.0.102.40 - - [31/Oct/2023:08:19:29 +0000] "HEAD / HTTP/1.1" 200 3915 "-" "jetmon/1.0 (Jetpack Site Uptime Monitor by WordPress.com)"
46.101.144.32 - - [31/Oct/2023:08:24:27 +0000] "POST /wp-cron.php?doing_wp_cron=1698740667.9285550117492675781250 HTTP/1.1" 200 3995 "-" "WordPress/6.3.2; https://talmedos.com"
192.0.102.40 - - [31/Oct/2023:08:24:27 +0000] "HEAD / HTTP/1.1" 200 3915 "-" "jetmon/1.0 (Jetpack Site Uptime Monitor by WordPress.com)"
46.101.144.32 - - [31/Oct/2023:08:25:16 +0000] "POST /wp-cron.php?doing_wp_cron=1698740716.1325778961181640625000 HTTP/1.1" 200 3995 "-" "WordPress/6.3.2; https://talmedos.com"
159.65.219.164 - - [31/Oct/2023:08:25:15 +0000] "GET / HTTP/1.1" 200 15274 "-" "Mozilla/5.0 (X11; Linux x86_64) AppleWebKit/537.36 (KHTML, like Gecko) Chrome/108.0.0.0 Safari/537.36"
46.101.144.32 - - [31/Oct/2023:08:29:28 +0000] "POST /wp-cron.php?doing_wp_cron=1698740968.3032500743865966796875 HTTP/1.1" 200 3995 "-" "WordPress/6.3.2; https://talmedos.com"
192.0.102.40 - - [31/Oct/2023:08:29:28 +0000] "HEAD / HTTP/1.1" 200 3915 "-" "jetmon/1.0 (Jetpack Site Uptime Monitor by WordPress.com)"
46.101.144.32 - - [31/Oct/2023:08:34:28 +0000] "POST /wp-cron.php?doing_wp_cron=1698741268.3750429153442382812500 HTTP/1.1" 200 3995 "-" "WordPress/6.3.2; https://talmedos.com"
192.0.102.40 - - [31/Oct/2023:08:34:28 +0000] "HEAD / HTTP/1.1" 200 3915 "-" "jetmon/1.0 (Jetpack Site Uptime Monitor by WordPress.com)"
181.43.100.7 - - [31/Oct/2023:08:38:57 +0000] "POST /wp-login.php HTTP/1.1" 200 8354 "-" "Mozilla/5.0 (Windows NT 6.0) AppleWebKit/537.36 (KHTML, like Gecko) Chrome/49.0.2623.112 Safari/537.36"
192.0.102.40 - - [31/Oct/2023:08:39:28 +0000] "HEAD / HTTP/1.1" 200 3915 "-" "jetmon/1.0 (Jetpack Site Uptime Monitor by WordPress.com)"
46.101.144.32 - - [31/Oct/2023:08:39:29 +0000] "GET / HTTP/1.1" 200 56901 "-" "-"
46.101.144.32 - - [31/Oct/2023:08:39:31 +0000] "POST /wp-cron.php HTTP/1.1" 200 3995 "-" "WordPress/6.3.2; https://talmedos.com"
46.101.144.32 - - [31/Oct/2023:08:39:31 +0000] "GET / HTTP/1.1" 200 15340 "-" "WordPress/6.3.2; https://talmedos.com"
46.101.144.32 - - [31/Oct/2023:08:39:32 +0000] "GET / HTTP/1.1" 200 15340 "-" "WordPress/6.3.2; https://talmedos.com"
46.101.144.32 - - [31/Oct/2023:08:39:32 +0000] "GET / HTTP/1.1" 200 15340 "-" "WordPress/6.3.2; https://talmedos.com"
46.101.144.32 - - [31/Oct/2023:08:39:32 +0000] "GET / HTTP/1.1" 200 15340 "-" "WordPress/6.3.2; https://talmedos.com"
46.101.144.32 - - [31/Oct/2023:08:39:28 +0000] "POST /wp-cron.php?doing_wp_cron=1698741568.3571929931640625000000 HTTP/1.1" 200 3995 "-" "WordPress/6.3.2; https://talmedos.com"
46.101.144.32 - - [31/Oct/2023:08:44:28 +0000] "POST /wp-cron.php?doing_wp_cron=1698741867.9917309284210205078125 HTTP/1.1" 200 3995 "-" "WordPress/6.3.2; https://talmedos.com"
192.0.102.40 - - [31/Oct/2023:08:44:27 +0000] "HEAD / HTTP/1.1" 200 3915 "-" "jetmon/1.0 (Jetpack Site Uptime Monitor by WordPress.com)"
46.101.144.32 - - [31/Oct/2023:08:49:29 +0000] "POST /wp-cron.php?doing_wp_cron=1698742169.4939169883728027343750 HTTP/1.1" 200 3995 "-" "WordPress/6.3.2; https://talmedos.com"
192.0.102.40 - - [31/Oct/2023:08:49:29 +0000] "HEAD / HTTP/1.1" 200 3915 "-" "jetmon/1.0 (Jetpack Site Uptime Monitor by WordPress.com)"
46.101.144.32 - - [31/Oct/2023:08:54:29 +0000] "POST /wp-cron.php?doing_wp_cron=1698742469.7206330299377441406250 HTTP/1.1" 200 3995 "-" "WordPress/6.3.2; https://talmedos.com"
192.0.102.40 - - [31/Oct/2023:08:54:29 +0000] "HEAD / HTTP/1.1" 200 3915 "-" "jetmon/1.0 (Jetpack Site Uptime Monitor by WordPress.com)"
46.101.144.32 - - [31/Oct/2023:08:57:13 +0000] "POST /wp-cron.php?doing_wp_cron=1698742633.7992820739746093750000 HTTP/1.1" 200 3995 "-" "WordPress/6.3.2; https://talmedos.com"
71.6.232.26 - - [31/Oct/2023:08:57:13 +0000] "GET / HTTP/1.1" 200 14711 "-" "Mozilla/5.0 (Windows NT 10.0; Win64; x64) AppleWebKit/537.36 (KHTML, like Gecko) Chrome/74.0.3729.131 Safari/537.36"
46.101.144.32 - - [31/Oct/2023:08:59:29 +0000] "POST /wp-cron.php?doing_wp_cron=1698742769.9162180423736572265625 HTTP/1.1" 200 3995 "-" "WordPress/6.3.2; https://talmedos.com"
192.0.102.40 - - [31/Oct/2023:08:59:29 +0000] "HEAD / HTTP/1.1" 200 3915 "-" "jetmon/1.0 (Jetpack Site Uptime Monitor by WordPress.com)"
46.101.144.32 - - [31/Oct/2023:09:04:28 +0000] "POST /wp-cron.php?doing_wp_cron=1698743068.2084090709686279296875 HTTP/1.1" 200 3995 "-" "WordPress/6.3.2; https://talmedos.com"
192.0.102.40 - - [31/Oct/2023:09:04:28 +0000] "HEAD / HTTP/1.1" 200 3915 "-" "jetmon/1.0 (Jetpack Site Uptime Monitor by WordPress.com)"
95.214.27.191 - - [31/Oct/2023:09:09:24 +0000] "GET / HTTP/1.0" 400 627 "-" "-"
46.101.144.32 - - [31/Oct/2023:09:09:26 +0000] "POST /wp-cron.php?doing_wp_cron=1698743366.5846030712127685546875 HTTP/1.1" 200 3995 "-" "WordPress/6.3.2; https://talmedos.com"
95.214.27.191 - - [31/Oct/2023:09:09:26 +0000] "HEAD / HTTP/1.1" 200 3896 "-" "Mozilla/5.0 (Linux; U; Android 4.4.2; en-US; HM NOTE 1W Build/KOT49H) AppleWebKit/534.30 (KHTML, like Gecko) Version/4.0 UCBrowser/11.0.5.850 U3/0.8.0 Mobile Safari/534.30"
192.0.102.40 - - [31/Oct/2023:09:09:29 +0000] "HEAD / HTTP/1.1" 200 3915 "-" "jetmon/1.0 (Jetpack Site Uptime Monitor by WordPress.com)"
46.101.144.32 - - [31/Oct/2023:09:14:30 +0000] "POST /wp-cron.php?doing_wp_cron=1698743670.4661769866943359375000 HTTP/1.1" 200 3995 "-" "WordPress/6.3.2; https://talmedos.com"
192.0.102.40 - - [31/Oct/2023:09:14:30 +0000] "HEAD / HTTP/1.1" 200 3915 "-" "jetmon/1.0 (Jetpack Site Uptime Monitor by WordPress.com)"
46.101.144.32 - - [31/Oct/2023:09:19:28 +0000] "POST /wp-cron.php?doing_wp_cron=1698743968.7650880813598632812500 HTTP/1.1" 200 3995 "-" "WordPress/6.3.2; https://talmedos.com"
192.0.102.40 - - [31/Oct/2023:09:19:28 +0000] "HEAD / HTTP/1.1" 200 3915 "-" "jetmon/1.0 (Jetpack Site Uptime Monitor by WordPress.com)"
46.101.144.32 - - [31/Oct/2023:09:24:29 +0000] "POST /wp-cron.php?doing_wp_cron=1698744269.5255050659179687500000 HTTP/1.1" 200 3995 "-" "WordPress/6.3.2; https://talmedos.com"
192.0.102.40 - - [31/Oct/2023:09:24:29 +0000] "HEAD / HTTP/1.1" 200 3915 "-" "jetmon/1.0 (Jetpack Site Uptime Monitor by WordPress.com)"
46.101.144.32 - - [31/Oct/2023:09:29:28 +0000] "POST /wp-cron.php?doing_wp_cron=1698744568.5018789768218994140625 HTTP/1.1" 200 3995 "-" "WordPress/6.3.2; https://talmedos.com"
192.0.102.40 - - [31/Oct/2023:09:29:28 +0000] "HEAD / HTTP/1.1" 200 3915 "-" "jetmon/1.0 (Jetpack Site Uptime Monitor by WordPress.com)"
5.179.80.205 - - [31/Oct/2023:09:33:04 +0000] "GET /wp-content/plugins/woocommerce/packages/woocommerce-blocks/build/product-query.css?ver=10.9.3 HTTP/1.1" 200 4371 "https://talmedos.com/?post_type=product" "Mozilla/5.0 (Macintosh; Intel Mac OS X 10_15_7) AppleWebKit/537.36 (KHTML, like Gecko) Chrome/118.0.0.0 Safari/537.36"
5.179.80.205 - - [31/Oct/2023:09:33:04 +0000] "GET /wp-content/plugins/woocommerce/assets/css/woocommerce-layout.css?ver=8.1.1 HTTP/1.1" 200 6612 "https://talmedos.com/?post_type=product" "Mozilla/5.0 (Macintosh; Intel Mac OS X 10_15_7) AppleWebKit/537.36 (KHTML, like Gecko) Chrome/118.0.0.0 Safari/537.36"
5.179.80.205 - - [31/Oct/2023:09:33:04 +0000] "GET /wp-content/plugins/woocommerce/packages/woocommerce-blocks/build/product-button.css?ver=10.9.3 HTTP/1.1" 200 5147 "https://talmedos.com/?post_type=product" "Mozilla/5.0 (Macintosh; Intel Mac OS X 10_15_7) AppleWebKit/537.36 (KHTML, like Gecko) Chrome/118.0.0.0 Safari/537.36"
5.179.80.205 - - [31/Oct/2023:09:33:04 +0000] "GET /wp-content/plugins/woocommerce/assets/css/twenty-twenty-two.css?ver=8.1.1 HTTP/1.1" 200 9383 "https://talmedos.com/?post_type=product" "Mozilla/5.0 (Macintosh; Intel Mac OS X 10_15_7) AppleWebKit/537.36 (KHTML, like Gecko) Chrome/118.0.0.0 Safari/537.36"
5.179.80.205 - - [31/Oct/2023:09:33:04 +0000] "GET /wp-content/plugins/woocommerce/assets/css/woocommerce-blocktheme.css?ver=8.1.1 HTTP/1.1" 200 6013 "https://talmedos.com/?post_type=product" "Mozilla/5.0 (Macintosh; Intel Mac OS X 10_15_7) AppleWebKit/537.36 (KHTML, like Gecko) Chrome/118.0.0.0 Safari/537.36"
5.179.80.205 - - [31/Oct/2023:09:33:04 +0000] "GET /wp-content/plugins/jetpack/css/jetpack.css?ver=12.6.2 HTTP/1.1" 200 22430 "https://talmedos.com/?post_type=product" "Mozilla/5.0 (Macintosh; Intel Mac OS X 10_15_7) AppleWebKit/537.36 (KHTML, like Gecko) Chrome/118.0.0.0 Safari/537.36"
5.179.80.205 - - [31/Oct/2023:09:33:04 +0000] "GET /wp-content/plugins/woocommerce/packages/woocommerce-blocks/build/wc-blocks.css?ver=10.9.3 HTTP/1.1" 200 2884 "https://talmedos.com/?post_type=product" "Mozilla/5.0 (Macintosh; Intel Mac OS X 10_15_7) AppleWebKit/537.36 (KHTML, like Gecko) Chrome/118.0.0.0 Safari/537.36"
5.179.80.205 - - [31/Oct/2023:09:33:04 +0000] "GET /wp-content/plugins/woocommerce/packages/woocommerce-blocks/build/breadcrumbs.css?ver=10.9.3 HTTP/1.1" 200 589 "https://talmedos.com/?post_type=product" "Mozilla/5.0 (Macintosh; Intel Mac OS X 10_15_7) AppleWebKit/537.36 (KHTML, like Gecko) Chrome/118.0.0.0 Safari/537.36"
5.179.80.205 - - [31/Oct/2023:09:33:04 +0000] "GET /wp-content/plugins/woocommerce/packages/woocommerce-blocks/build/product-results-count.css?ver=10.9.3 HTTP/1.1" 200 585 "https://talmedos.com/?post_type=product" "Mozilla/5.0 (Macintosh; Intel Mac OS X 10_15_7) AppleWebKit/537.36 (KHTML, like Gecko) Chrome/118.0.0.0 Safari/537.36"
5.179.80.205 - - [31/Oct/2023:09:33:04 +0000] "GET /wp-content/plugins/woocommerce/packages/woocommerce-blocks/build/product-image.css?ver=10.9.3 HTTP/1.1" 200 1286 "https://talmedos.com/?post_type=product" "Mozilla/5.0 (Macintosh; Intel Mac OS X 10_15_7) AppleWebKit/537.36 (KHTML, like Gecko) Chrome/118.0.0.0 Safari/537.36"
5.179.80.205 - - [31/Oct/2023:09:33:04 +0000] "GET /wp-content/plugins/woocommerce/packages/woocommerce-blocks/build/catalog-sorting.css?ver=10.9.3 HTTP/1.1" 200 613 "https://talmedos.com/?post_type=product" "Mozilla/5.0 (Macintosh; Intel Mac OS X 10_15_7) AppleWebKit/537.36 (KHTML, like Gecko) Chrome/118.0.0.0 Safari/537.36"
5.179.80.205 - - [31/Oct/2023:09:33:04 +0000] "GET /wp-content/plugins/woocommerce/packages/woocommerce-blocks/build/wc-blocks-registry.js?ver=09ae8c121349ea5f3acd15746edad682 HTTP/1.1" 200 3606 "https://talmedos.com/?post_type=product" "Mozilla/5.0 (Macintosh; Intel Mac OS X 10_15_7) AppleWebKit/537.36 (KHTML, like Gecko) Chrome/118.0.0.0 Safari/537.36"
5.179.80.205 - - [31/Oct/2023:09:33:04 +0000] "GET /wp-content/plugins/woocommerce/packages/woocommerce-blocks/build/wc-settings.js?ver=7d912171822c17b4bb85d80ce0bc520c HTTP/1.1" 200 3075 "https://talmedos.com/?post_type=product" "Mozilla/5.0 (Macintosh; Intel Mac OS X 10_15_7) AppleWebKit/537.36 (KHTML, like Gecko) Chrome/118.0.0.0 Safari/537.36"
5.179.80.205 - - [31/Oct/2023:09:33:04 +0000] "GET /wp-includes/js/dist/data.min.js?ver=1504e29349b8a9d1ae51 HTTP/1.1" 200 9009 "https://talmedos.com/?post_type=product" "Mozilla/5.0 (Macintosh; Intel Mac OS X 10_15_7) AppleWebKit/537.36 (KHTML, like Gecko) Chrome/118.0.0.0 Safari/537.36"
5.179.80.205 - - [31/Oct/2023:09:33:04 +0000] "GET /wp-content/plugins/woocommerce/packages/woocommerce-blocks/build/wc-blocks-middleware.js?ver=e45a2e2d334273a29b584555b987607f HTTP/1.1" 200 1305 "https://talmedos.com/?post_type=product" "Mozilla/5.0 (Macintosh; Intel Mac OS X 10_15_7) AppleWebKit/537.36 (KHTML, like Gecko) Chrome/118.0.0.0 Safari/537.36"
5.179.80.205 - - [31/Oct/2023:09:33:04 +0000] "GET /wp-content/plugins/woocommerce/packages/woocommerce-blocks/build/wc-blocks-data.js?ver=05857221cfbf0e18ce5b82d64731206b HTTP/1.1" 200 22388 "https://talmedos.com/?post_type=product" "Mozilla/5.0 (Macintosh; Intel Mac OS X 10_15_7) AppleWebKit/537.36 (KHTML, like Gecko) Chrome/118.0.0.0 Safari/537.36"
5.179.80.205 - - [31/Oct/2023:09:33:04 +0000] "GET /wp-content/plugins/woocommerce/packages/woocommerce-blocks/build/wc-interactivity.js?ver=10.9.3 HTTP/1.1" 200 11199 "https://talmedos.com/?post_type=product" "Mozilla/5.0 (Macintosh; Intel Mac OS X 10_15_7) AppleWebKit/537.36 (KHTML, like Gecko) Chrome/118.0.0.0 Safari/537.36"
5.179.80.205 - - [31/Oct/2023:09:33:04 +0000] "GET /wp-content/plugins/woocommerce/packages/woocommerce-blocks/build/product-button-interactivity-frontend.js?ver=4fda0d3340a67f775370a9898aca341f HTTP/1.1" 200 9948 "https://talmedos.com/?post_type=product" "Mozilla/5.0 (Macintosh; Intel Mac OS X 10_15_7) AppleWebKit/537.36 (KHTML, like Gecko) Chrome/118.0.0.0 Safari/537.36"
5.179.80.205 - - [31/Oct/2023:09:33:04 +0000] "GET /wp-content/plugins/woocommerce/assets/js/jquery-blockui/jquery.blockUI.min.js?ver=2.7.0-wc.8.1.1 HTTP/1.1" 200 3954 "https://talmedos.com/?post_type=product" "Mozilla/5.0 (Macintosh; Intel Mac OS X 10_15_7) AppleWebKit/537.36 (KHTML, like Gecko) Chrome/118.0.0.0 Safari/537.36"
5.179.80.205 - - [31/Oct/2023:09:33:04 +0000] "GET /wp-content/plugins/woocommerce/assets/js/frontend/woocommerce.min.js?ver=8.1.1 HTTP/1.1" 200 1170 "https://talmedos.com/?post_type=product" "Mozilla/5.0 (Macintosh; Intel Mac OS X 10_15_7) AppleWebKit/537.36 (KHTML, like Gecko) Chrome/118.0.0.0 Safari/537.36"
5.179.80.205 - - [31/Oct/2023:09:33:04 +0000] "GET /wp-content/plugins/woocommerce/assets/js/js-cookie/js.cookie.min.js?ver=2.1.4-wc.8.1.1 HTTP/1.1" 200 1351 "https://talmedos.com/?post_type=product" "Mozilla/5.0 (Macintosh; Intel Mac OS X 10_15_7) AppleWebKit/537.36 (KHTML, like Gecko) Chrome/118.0.0.0 Safari/537.36"
5.179.80.205 - - [31/Oct/2023:09:33:04 +0000] "GET /wp-content/uploads/2023/10/beanie-2.jpg HTTP/1.1" 304 203 "https://talmedos.com/?post_type=product" "Mozilla/5.0 (Macintosh; Intel Mac OS X 10_15_7) AppleWebKit/537.36 (KHTML, like Gecko) Chrome/118.0.0.0 Safari/537.36"
5.179.80.205 - - [31/Oct/2023:09:33:04 +0000] "GET /wp-content/uploads/2023/10/beanie-with-logo-1.jpg HTTP/1.1" 304 203 "https://talmedos.com/?post_type=product" "Mozilla/5.0 (Macintosh; Intel Mac OS X 10_15_7) AppleWebKit/537.36 (KHTML, like Gecko) Chrome/118.0.0.0 Safari/537.36"
5.179.80.205 - - [31/Oct/2023:09:33:04 +0000] "GET /wp-content/uploads/2023/10/cap-2.jpg HTTP/1.1" 304 203 "https://talmedos.com/?post_type=product" "Mozilla/5.0 (Macintosh; Intel Mac OS X 10_15_7) AppleWebKit/537.36 (KHTML, like Gecko) Chrome/118.0.0.0 Safari/537.36"
5.179.80.205 - - [31/Oct/2023:09:33:04 +0000] "GET /wp-content/uploads/2023/10/belt-2.jpg HTTP/1.1" 304 203 "https://talmedos.com/?post_type=product" "Mozilla/5.0 (Macintosh; Intel Mac OS X 10_15_7) AppleWebKit/537.36 (KHTML, like Gecko) Chrome/118.0.0.0 Safari/537.36"
5.179.80.205 - - [31/Oct/2023:09:33:04 +0000] "GET /wp-content/uploads/2023/10/album-1.jpg HTTP/1.1" 200 120498 "https://talmedos.com/?post_type=product" "Mozilla/5.0 (Macintosh; Intel Mac OS X 10_15_7) AppleWebKit/537.36 (KHTML, like Gecko) Chrome/118.0.0.0 Safari/537.36"
5.179.80.205 - - [31/Oct/2023:09:33:04 +0000] "GET /wp-content/uploads/2023/10/hoodie-2.jpg HTTP/1.1" 304 203 "https://talmedos.com/?post_type=product" "Mozilla/5.0 (Macintosh; Intel Mac OS X 10_15_7) AppleWebKit/537.36 (KHTML, like Gecko) Chrome/118.0.0.0 Safari/537.36"
5.179.80.205 - - [31/Oct/2023:09:33:04 +0000] "GET /wp-content/uploads/2023/10/hoodie-with-zipper-2.jpg HTTP/1.1" 304 203 "https://talmedos.com/?post_type=product" "Mozilla/5.0 (Macintosh; Intel Mac OS X 10_15_7) AppleWebKit/537.36 (KHTML, like Gecko) Chrome/118.0.0.0 Safari/537.36"
5.179.80.205 - - [31/Oct/2023:09:33:04 +0000] "GET /wp-content/uploads/2023/10/hoodie-with-logo-2.jpg HTTP/1.1" 304 203 "https://talmedos.com/?post_type=product" "Mozilla/5.0 (Macintosh; Intel Mac OS X 10_15_7) AppleWebKit/537.36 (KHTML, like Gecko) Chrome/118.0.0.0 Safari/537.36"
5.179.80.205 - - [31/Oct/2023:09:33:04 +0000] "GET /wp-content/uploads/2023/10/long-sleeve-tee-2.jpg HTTP/1.1" 304 203 "https://talmedos.com/?post_type=product" "Mozilla/5.0 (Macintosh; Intel Mac OS X 10_15_7) AppleWebKit/537.36 (KHTML, like Gecko) Chrome/118.0.0.0 Safari/537.36"
5.179.80.205 - - [31/Oct/2023:09:33:04 +0000] "GET /wp-content/uploads/2023/10/polo-2.jpg HTTP/1.1" 304 203 "https://talmedos.com/?post_type=product" "Mozilla/5.0 (Macintosh; Intel Mac OS X 10_15_7) AppleWebKit/537.36 (KHTML, like Gecko) Chrome/118.0.0.0 Safari/537.36"
5.179.80.205 - - [31/Oct/2023:09:33:04 +0000] "GET /wp-content/themes/twentytwentytwo/assets/fonts/source-serif-pro/SourceSerif4Variable-Roman.ttf.woff2 HTTP/1.1" 200 429354 "https://talmedos.com/?post_type=product" "Mozilla/5.0 (Macintosh; Intel Mac OS X 10_15_7) AppleWebKit/537.36 (KHTML, like Gecko) Chrome/118.0.0.0 Safari/537.36"
5.179.80.205 - - [31/Oct/2023:09:33:04 +0000] "GET /wp-content/uploads/2023/10/single-1.jpg HTTP/1.1" 200 125208 "https://talmedos.com/?post_type=product" "Mozilla/5.0 (Macintosh; Intel Mac OS X 10_15_7) AppleWebKit/537.36 (KHTML, like Gecko) Chrome/118.0.0.0 Safari/537.36"
5.179.80.205 - - [31/Oct/2023:09:33:04 +0000] "GET /wp-content/plugins/woocommerce/assets/css/woocommerce-smallscreen.css?ver=8.1.1 HTTP/1.1" 200 1540 "https://talmedos.com/?post_type=product" "Mozilla/5.0 (Macintosh; Intel Mac OS X 10_15_7) AppleWebKit/537.36 (KHTML, like Gecko) Chrome/118.0.0.0 Safari/537.36"
5.179.80.205 - - [31/Oct/2023:09:33:04 +0000] "GET /wp-content/uploads/2023/10/logo-1.jpg HTTP/1.1" 200 140417 "https://talmedos.com/?post_type=product" "Mozilla/5.0 (Macintosh; Intel Mac OS X 10_15_7) AppleWebKit/537.36 (KHTML, like Gecko) Chrome/118.0.0.0 Safari/537.36"
5.179.80.205 - - [31/Oct/2023:09:33:04 +0000] "GET /favicon.ico HTTP/1.1" 404 513 "https://talmedos.com/?post_type=product" "Mozilla/5.0 (Macintosh; Intel Mac OS X 10_15_7) AppleWebKit/537.36 (KHTML, like Gecko) Chrome/118.0.0.0 Safari/537.36"
46.101.144.32 - - [31/Oct/2023:09:33:04 +0000] "POST /wp-cron.php?doing_wp_cron=1698744784.6357250213623046875000 HTTP/1.1" 200 3995 "-" "WordPress/6.3.2; https://talmedos.com"
5.179.80.205 - - [31/Oct/2023:09:33:04 +0000] "GET /index.php?rest_route=%2Fwc%2Fstore%2Fv1%2Fcart&_locale=user HTTP/1.1" 200 2050 "https://talmedos.com/?post_type=product" "Mozilla/5.0 (Macintosh; Intel Mac OS X 10_15_7) AppleWebKit/537.36 (KHTML, like Gecko) Chrome/118.0.0.0 Safari/537.36"
46.101.144.32 - - [31/Oct/2023:09:34:27 +0000] "POST /wp-cron.php?doing_wp_cron=1698744867.8420579433441162109375 HTTP/1.1" 200 3995 "-" "WordPress/6.3.2; https://talmedos.com"
192.0.102.40 - - [31/Oct/2023:09:34:27 +0000] "HEAD / HTTP/1.1" 200 3915 "-" "jetmon/1.0 (Jetpack Site Uptime Monitor by WordPress.com)"
86.107.198.192 - - [31/Oct/2023:09:38:25 +0000] "POST /wp-login.php HTTP/1.1" 200 8356 "-" "Mozilla/5.0 (Windows NT 6.1; Win64; x64) AppleWebKit/537.36 (KHTML, like Gecko) Chrome/67.0.3396.87 Safari/537.36"
46.101.144.32 - - [31/Oct/2023:09:39:27 +0000] "POST /wp-cron.php?doing_wp_cron=1698745167.9675540924072265625000 HTTP/1.1" 200 3995 "-" "WordPress/6.3.2; https://talmedos.com"
192.0.102.40 - - [31/Oct/2023:09:39:27 +0000] "HEAD / HTTP/1.1" 200 3915 "-" "jetmon/1.0 (Jetpack Site Uptime Monitor by WordPress.com)"
46.101.144.32 - - [31/Oct/2023:09:44:28 +0000] "POST /wp-cron.php?doing_wp_cron=1698745468.8853759765625000000000 HTTP/1.1" 200 3995 "-" "WordPress/6.3.2; https://talmedos.com"
192.0.102.40 - - [31/Oct/2023:09:44:28 +0000] "HEAD / HTTP/1.1" 200 3915 "-" "jetmon/1.0 (Jetpack Site Uptime Monitor by WordPress.com)"
46.101.144.32 - - [31/Oct/2023:09:49:28 +0000] "POST /wp-cron.php?doing_wp_cron=1698745768.1886439323425292968750 HTTP/1.1" 200 3995 "-" "WordPress/6.3.2; https://talmedos.com"
192.0.102.40 - - [31/Oct/2023:09:49:28 +0000] "HEAD / HTTP/1.1" 200 3915 "-" "jetmon/1.0 (Jetpack Site Uptime Monitor by WordPress.com)"
46.101.144.32 - - [31/Oct/2023:09:54:28 +0000] "POST /wp-cron.php?doing_wp_cron=1698746068.0907111167907714843750 HTTP/1.1" 200 3995 "-" "WordPress/6.3.2; https://talmedos.com"
192.0.102.40 - - [31/Oct/2023:09:54:27 +0000] "HEAD / HTTP/1.1" 200 3915 "-" "jetmon/1.0 (Jetpack Site Uptime Monitor by WordPress.com)"
46.101.144.32 - - [31/Oct/2023:09:59:29 +0000] "POST /wp-cron.php?doing_wp_cron=1698746369.2127530574798583984375 HTTP/1.1" 200 3995 "-" "WordPress/6.3.2; https://talmedos.com"
192.0.102.40 - - [31/Oct/2023:09:59:29 +0000] "HEAD / HTTP/1.1" 200 3915 "-" "jetmon/1.0 (Jetpack Site Uptime Monitor by WordPress.com)"
46.101.144.32 - - [31/Oct/2023:10:04:28 +0000] "POST /wp-cron.php?doing_wp_cron=1698746668.2953739166259765625000 HTTP/1.1" 200 3995 "-" "WordPress/6.3.2; https://talmedos.com"
192.0.102.40 - - [31/Oct/2023:10:04:28 +0000] "HEAD / HTTP/1.1" 200 3915 "-" "jetmon/1.0 (Jetpack Site Uptime Monitor by WordPress.com)"
46.101.144.32 - - [31/Oct/2023:10:09:29 +0000] "POST /wp-cron.php?doing_wp_cron=1698746969.3030219078063964843750 HTTP/1.1" 200 3995 "-" "WordPress/6.3.2; https://talmedos.com"
192.0.102.40 - - [31/Oct/2023:10:09:29 +0000] "HEAD / HTTP/1.1" 200 3915 "-" "jetmon/1.0 (Jetpack Site Uptime Monitor by WordPress.com)"
46.101.144.32 - - [31/Oct/2023:10:14:28 +0000] "POST /wp-cron.php?doing_wp_cron=1698747268.7272911071777343750000 HTTP/1.1" 200 3995 "-" "WordPress/6.3.2; https://talmedos.com"
192.0.102.40 - - [31/Oct/2023:10:14:28 +0000] "HEAD / HTTP/1.1" 200 3915 "-" "jetmon/1.0 (Jetpack Site Uptime Monitor by WordPress.com)"
46.101.144.32 - - [31/Oct/2023:10:19:28 +0000] "POST /wp-cron.php?doing_wp_cron=1698747568.3279149532318115234375 HTTP/1.1" 200 3995 "-" "WordPress/6.3.2; https://talmedos.com"
192.0.102.40 - - [31/Oct/2023:10:19:28 +0000] "HEAD / HTTP/1.1" 200 3915 "-" "jetmon/1.0 (Jetpack Site Uptime Monitor by WordPress.com)"
51.222.158.14 - - [31/Oct/2023:10:23:54 +0000] "GET /wp-content/plugins/WordPressCore/include.php HTTP/1.1" 404 3610 "-" "Mozlila/5.0 (Linux; Android 7.0; SM-G892A Bulid/NRD90M; wv) AppleWebKit/537.36 (KHTML, like Gecko) Version/4.0 Chrome/60.0.3112.107 Moblie Safari/537.36"
46.101.144.32 - - [31/Oct/2023:10:24:28 +0000] "POST /wp-cron.php?doing_wp_cron=1698747868.1410880088806152343750 HTTP/1.1" 200 3995 "-" "WordPress/6.3.2; https://talmedos.com"
192.0.102.40 - - [31/Oct/2023:10:24:27 +0000] "HEAD / HTTP/1.1" 200 3915 "-" "jetmon/1.0 (Jetpack Site Uptime Monitor by WordPress.com)"
46.101.144.32 - - [31/Oct/2023:10:29:29 +0000] "POST /wp-cron.php?doing_wp_cron=1698748169.0860478878021240234375 HTTP/1.1" 200 3995 "-" "WordPress/6.3.2; https://talmedos.com"
192.0.102.40 - - [31/Oct/2023:10:29:28 +0000] "HEAD / HTTP/1.1" 200 3915 "-" "jetmon/1.0 (Jetpack Site Uptime Monitor by WordPress.com)"
46.101.144.32 - - [31/Oct/2023:10:34:28 +0000] "POST /wp-cron.php?doing_wp_cron=1698748468.2155449390411376953125 HTTP/1.1" 200 3995 "-" "WordPress/6.3.2; https://talmedos.com"
192.0.102.40 - - [31/Oct/2023:10:34:28 +0000] "HEAD / HTTP/1.1" 200 3915 "-" "jetmon/1.0 (Jetpack Site Uptime Monitor by WordPress.com)"
61.219.11.155 - - [31/Oct/2023:10:38:06 +0000] "GET / HTTP/1.0" 400 627 "-" "-"
46.101.144.32 - - [31/Oct/2023:10:39:29 +0000] "POST /wp-cron.php?doing_wp_cron=1698748769.0848400592803955078125 HTTP/1.1" 200 3995 "-" "WordPress/6.3.2; https://talmedos.com"
192.0.102.40 - - [31/Oct/2023:10:39:28 +0000] "HEAD / HTTP/1.1" 200 3915 "-" "jetmon/1.0 (Jetpack Site Uptime Monitor by WordPress.com)"
46.101.144.32 - - [31/Oct/2023:10:44:29 +0000] "POST /wp-cron.php?doing_wp_cron=1698749069.5858640670776367187500 HTTP/1.1" 200 3995 "-" "WordPress/6.3.2; https://talmedos.com"
192.0.102.40 - - [31/Oct/2023:10:44:29 +0000] "HEAD / HTTP/1.1" 200 3915 "-" "jetmon/1.0 (Jetpack Site Uptime Monitor by WordPress.com)"
46.101.144.32 - - [31/Oct/2023:10:49:29 +0000] "POST /wp-cron.php?doing_wp_cron=1698749369.0502328872680664062500 HTTP/1.1" 200 3995 "-" "WordPress/6.3.2; https://talmedos.com"
192.0.102.40 - - [31/Oct/2023:10:49:28 +0000] "HEAD / HTTP/1.1" 200 3915 "-" "jetmon/1.0 (Jetpack Site Uptime Monitor by WordPress.com)"
46.101.144.32 - - [31/Oct/2023:10:53:08 +0000] "POST /wp-cron.php?doing_wp_cron=1698749588.1078970432281494140625 HTTP/1.1" 200 3995 "-" "WordPress/6.3.2; https://talmedos.com"
83.172.99.177 - - [31/Oct/2023:10:53:07 +0000] "GET / HTTP/1.0" 200 33333 "-" "-"
46.101.144.32 - - [31/Oct/2023:10:54:29 +0000] "POST /wp-cron.php?doing_wp_cron=1698749669.1124989986419677734375 HTTP/1.1" 200 3995 "-" "WordPress/6.3.2; https://talmedos.com"
192.0.102.40 - - [31/Oct/2023:10:54:28 +0000] "HEAD / HTTP/1.1" 200 3915 "-" "jetmon/1.0 (Jetpack Site Uptime Monitor by WordPress.com)"
46.101.144.32 - - [31/Oct/2023:10:59:29 +0000] "POST /wp-cron.php?doing_wp_cron=1698749969.3900420665740966796875 HTTP/1.1" 200 3995 "-" "WordPress/6.3.2; https://talmedos.com"
192.0.102.40 - - [31/Oct/2023:10:59:29 +0000] "HEAD / HTTP/1.1" 200 3915 "-" "jetmon/1.0 (Jetpack Site Uptime Monitor by WordPress.com)"
46.101.144.32 - - [31/Oct/2023:11:01:11 +0000] "POST /wp-cron.php?doing_wp_cron=1698750071.9570889472961425781250 HTTP/1.1" 200 3995 "-" "WordPress/6.3.2; https://talmedos.com"
198.199.119.73 - - [31/Oct/2023:11:01:11 +0000] "GET / HTTP/1.1" 200 14711 "-" "Mozilla/5.0 zgrab/0.x"
46.101.144.32 - - [31/Oct/2023:11:04:29 +0000] "POST /wp-cron.php?doing_wp_cron=1698750269.7240169048309326171875 HTTP/1.1" 200 3995 "-" "WordPress/6.3.2; https://talmedos.com"
192.0.102.40 - - [31/Oct/2023:11:04:29 +0000] "HEAD / HTTP/1.1" 200 3915 "-" "jetmon/1.0 (Jetpack Site Uptime Monitor by WordPress.com)"
46.101.144.32 - - [31/Oct/2023:11:09:29 +0000] "POST /wp-cron.php?doing_wp_cron=1698750569.2442300319671630859375 HTTP/1.1" 200 3995 "-" "WordPress/6.3.2; https://talmedos.com"
192.0.102.40 - - [31/Oct/2023:11:09:29 +0000] "HEAD / HTTP/1.1" 200 3915 "-" "jetmon/1.0 (Jetpack Site Uptime Monitor by WordPress.com)"
46.101.144.32 - - [31/Oct/2023:11:14:29 +0000] "POST /wp-cron.php?doing_wp_cron=1698750869.6290330886840820312500 HTTP/1.1" 200 3995 "-" "WordPress/6.3.2; https://talmedos.com"
192.0.102.40 - - [31/Oct/2023:11:14:29 +0000] "HEAD / HTTP/1.1" 200 3915 "-" "jetmon/1.0 (Jetpack Site Uptime Monitor by WordPress.com)"
46.101.144.32 - - [31/Oct/2023:11:19:29 +0000] "POST /wp-cron.php?doing_wp_cron=1698751169.5933101177215576171875 HTTP/1.1" 200 3995 "-" "WordPress/6.3.2; https://talmedos.com"
192.0.102.40 - - [31/Oct/2023:11:19:29 +0000] "HEAD / HTTP/1.1" 200 3915 "-" "jetmon/1.0 (Jetpack Site Uptime Monitor by WordPress.com)"
46.101.144.32 - - [31/Oct/2023:11:24:28 +0000] "POST /wp-cron.php?doing_wp_cron=1698751468.9662630558013916015625 HTTP/1.1" 200 3995 "-" "WordPress/6.3.2; https://talmedos.com"
192.0.102.40 - - [31/Oct/2023:11:24:28 +0000] "HEAD / HTTP/1.1" 200 3915 "-" "jetmon/1.0 (Jetpack Site Uptime Monitor by WordPress.com)"
46.101.144.32 - - [31/Oct/2023:11:26:28 +0000] "POST /wp-cron.php?doing_wp_cron=1698751588.6431529521942138671875 HTTP/1.1" 200 3995 "-" "WordPress/6.3.2; https://talmedos.com"
46.101.144.32 - - [31/Oct/2023:11:29:29 +0000] "POST /wp-cron.php?doing_wp_cron=1698751769.5293118953704833984375 HTTP/1.1" 200 3995 "-" "WordPress/6.3.2; https://talmedos.com"
192.0.102.40 - - [31/Oct/2023:11:29:29 +0000] "HEAD / HTTP/1.1" 200 3915 "-" "jetmon/1.0 (Jetpack Site Uptime Monitor by WordPress.com)"
188.6.194.248 - - [31/Oct/2023:11:26:28 +0000] "GET / HTTP/1.0" 200 22613 "-" "-"
46.101.144.32 - - [31/Oct/2023:11:34:29 +0000] "POST /wp-cron.php?doing_wp_cron=1698752069.5565190315246582031250 HTTP/1.1" 200 3995 "-" "WordPress/6.3.2; https://talmedos.com"
192.0.102.40 - - [31/Oct/2023:11:34:29 +0000] "HEAD / HTTP/1.1" 200 3915 "-" "jetmon/1.0 (Jetpack Site Uptime Monitor by WordPress.com)"
159.223.45.212 - - [31/Oct/2023:11:38:22 +0000] "POST /wp-login.php HTTP/1.1" 200 8357 "-" "Mozilla/5.0 (Windows NT 10.0; Win64; x64) AppleWebKit/537.36 (KHTML, like Gecko) Chrome/62.0.3202.89 Safari/537.36"
46.101.144.32 - - [31/Oct/2023:11:39:29 +0000] "POST /wp-cron.php?doing_wp_cron=1698752369.1002008914947509765625 HTTP/1.1" 200 3995 "-" "WordPress/6.3.2; https://talmedos.com"
192.0.102.40 - - [31/Oct/2023:11:39:28 +0000] "HEAD / HTTP/1.1" 200 3915 "-" "jetmon/1.0 (Jetpack Site Uptime Monitor by WordPress.com)"
165.227.147.215 - - [31/Oct/2023:11:41:12 +0000] "GET / HTTP/1.0" 400 627 "-" "-"
165.227.147.215 - - [31/Oct/2023:11:41:14 +0000] "GET / HTTP/1.0" 400 627 "-" "-"
165.227.147.215 - - [31/Oct/2023:11:41:16 +0000] "GET / HTTP/1.0" 400 627 "-" "-"
46.101.144.32 - - [31/Oct/2023:11:44:30 +0000] "POST /wp-cron.php?doing_wp_cron=1698752670.0528149604797363281250 HTTP/1.1" 200 3995 "-" "WordPress/6.3.2; https://talmedos.com"
192.0.102.40 - - [31/Oct/2023:11:44:29 +0000] "HEAD / HTTP/1.1" 200 3915 "-" "jetmon/1.0 (Jetpack Site Uptime Monitor by WordPress.com)"
46.101.144.32 - - [31/Oct/2023:11:49:29 +0000] "POST /wp-cron.php?doing_wp_cron=1698752969.6885240077972412109375 HTTP/1.1" 200 3995 "-" "WordPress/6.3.2; https://talmedos.com"
192.0.102.40 - - [31/Oct/2023:11:49:29 +0000] "HEAD / HTTP/1.1" 200 3915 "-" "jetmon/1.0 (Jetpack Site Uptime Monitor by WordPress.com)"
46.101.144.32 - - [31/Oct/2023:11:54:29 +0000] "POST /wp-cron.php?doing_wp_cron=1698753269.4406299591064453125000 HTTP/1.1" 200 3995 "-" "WordPress/6.3.2; https://talmedos.com"
192.0.102.40 - - [31/Oct/2023:11:54:29 +0000] "HEAD / HTTP/1.1" 200 3915 "-" "jetmon/1.0 (Jetpack Site Uptime Monitor by WordPress.com)"
46.101.144.32 - - [31/Oct/2023:11:59:29 +0000] "POST /wp-cron.php?doing_wp_cron=1698753569.2873361110687255859375 HTTP/1.1" 200 3995 "-" "WordPress/6.3.2; https://talmedos.com"
192.0.102.40 - - [31/Oct/2023:11:59:29 +0000] "HEAD / HTTP/1.1" 200 3915 "-" "jetmon/1.0 (Jetpack Site Uptime Monitor by WordPress.com)"
192.241.197.42 - - [31/Oct/2023:12:02:15 +0000] "GET /autodiscover/autodiscover.json?@zdi/Powershell HTTP/1.1" 404 3540 "-" "Mozilla/5.0 zgrab/0.x"
46.101.144.32 - - [31/Oct/2023:12:04:29 +0000] "POST /wp-cron.php?doing_wp_cron=1698753869.6564331054687500000000 HTTP/1.1" 200 3995 "-" "WordPress/6.3.2; https://talmedos.com"
192.0.102.40 - - [31/Oct/2023:12:04:29 +0000] "HEAD / HTTP/1.1" 200 3915 "-" "jetmon/1.0 (Jetpack Site Uptime Monitor by WordPress.com)"
46.101.144.32 - - [31/Oct/2023:12:09:29 +0000] "POST /wp-cron.php?doing_wp_cron=1698754169.1375360488891601562500 HTTP/1.1" 200 3995 "-" "WordPress/6.3.2; https://talmedos.com"
192.0.102.40 - - [31/Oct/2023:12:09:28 +0000] "HEAD / HTTP/1.1" 200 3915 "-" "jetmon/1.0 (Jetpack Site Uptime Monitor by WordPress.com)"
46.101.144.32 - - [31/Oct/2023:12:14:28 +0000] "POST /wp-cron.php?doing_wp_cron=1698754468.4037449359893798828125 HTTP/1.1" 200 3995 "-" "WordPress/6.3.2; https://talmedos.com"
192.0.102.40 - - [31/Oct/2023:12:14:28 +0000] "HEAD / HTTP/1.1" 200 3915 "-" "jetmon/1.0 (Jetpack Site Uptime Monitor by WordPress.com)"
46.101.144.32 - - [31/Oct/2023:12:17:18 +0000] "POST /wp-cron.php?doing_wp_cron=1698754638.4552860260009765625000 HTTP/1.1" 200 3995 "-" "WordPress/6.3.2; https://talmedos.com"
211.237.0.181 - - [31/Oct/2023:12:17:18 +0000] "POST /xmlrpc.php HTTP/1.1" 200 4419 "-" "Mozilla/5.0 (Windows NT 10.0; Win64; x64) AppleWebKit/537.36 (KHTML, like Gecko) Chrome/78.0.3904.108 Safari/537.36"
109.234.162.234 - - [31/Oct/2023:12:17:20 +0000] "POST /xmlrpc.php HTTP/1.1" 200 4421 "-" "Mozilla/5.0 (X11; Linux x86_64) AppleWebKit/537.36 (KHTML, like Gecko) Chrome/91.0.4472.114 Safari/537.36"
63.247.143.209 - - [31/Oct/2023:12:17:20 +0000] "POST /xmlrpc.php HTTP/1.1" 200 4013 "-" "Mozilla/5.0 (Windows NT 10.0; Win64; x64) AppleWebKit/537.36 (KHTML, like Gecko) Chrome/91.0.4472.114 Safari/537.36"
20.67.208.94 - - [31/Oct/2023:12:17:21 +0000] "POST /xmlrpc.php HTTP/1.1" 200 4418 "-" "Mozilla/5.0 (Windows NT 6.0; rv:34.0) Gecko/20100101 Firefox/34.0"
68.178.230.66 - - [31/Oct/2023:12:17:25 +0000] "POST /xmlrpc.php HTTP/1.1" 200 4419 "-" "Mozilla/5.0 (Linux; Android 10; SM-A205U) AppleWebKit/537.36 (KHTML, like Gecko) Chrome/91.0.4472.114 Mobile Safari/537.36"
66.175.56.107 - - [31/Oct/2023:12:17:25 +0000] "POST /xmlrpc.php HTTP/1.1" 200 4419 "-" "Mozilla/5.0 (Windows NT 10.0; Win64; x64; rv:65.0) Gecko/20100101 Firefox/65.0"
66.175.56.107 - - [31/Oct/2023:12:17:31 +0000] "POST /xmlrpc.php HTTP/1.1" 200 4419 "-" "Mozilla/5.0 (Windows NT 6.1; WOW64; rv:45.0) Gecko/20100101 Firefox/45.0"
195.74.38.171 - - [31/Oct/2023:12:17:33 +0000] "POST /xmlrpc.php HTTP/1.1" 200 4012 "-" "Mozilla/5.0 (Linux; Android 10; SM-N960U) AppleWebKit/537.36 (KHTML, like Gecko) Chrome/91.0.4472.114 Mobile Safari/537.36"
46.101.144.32 - - [31/Oct/2023:12:19:29 +0000] "POST /wp-cron.php?doing_wp_cron=1698754769.0395069122314453125000 HTTP/1.1" 200 3995 "-" "WordPress/6.3.2; https://talmedos.com"
192.0.102.40 - - [31/Oct/2023:12:19:28 +0000] "HEAD / HTTP/1.1" 200 3915 "-" "jetmon/1.0 (Jetpack Site Uptime Monitor by WordPress.com)"
46.101.144.32 - - [31/Oct/2023:12:24:28 +0000] "POST /wp-cron.php?doing_wp_cron=1698755068.7834820747375488281250 HTTP/1.1" 200 3995 "-" "WordPress/6.3.2; https://talmedos.com"
192.0.102.40 - - [31/Oct/2023:12:24:28 +0000] "HEAD / HTTP/1.1" 200 3915 "-" "jetmon/1.0 (Jetpack Site Uptime Monitor by WordPress.com)"
170.64.220.120 - - [31/Oct/2023:12:27:12 +0000] "GET /.git/config HTTP/1.1" 404 4229 "-" "Mozilla/5.0 (X11; Linux x86_64) AppleWebKit/537.36 (KHTML, like Gecko) Chrome/81.0.4044.129 Safari/537.36"
46.101.144.32 - - [31/Oct/2023:12:29:28 +0000] "POST /wp-cron.php?doing_wp_cron=1698755368.7408640384674072265625 HTTP/1.1" 200 3995 "-" "WordPress/6.3.2; https://talmedos.com"
192.0.102.40 - - [31/Oct/2023:12:29:28 +0000] "HEAD / HTTP/1.1" 200 3915 "-" "jetmon/1.0 (Jetpack Site Uptime Monitor by WordPress.com)"
46.101.144.32 - - [31/Oct/2023:12:30:40 +0000] "POST /wp-cron.php?doing_wp_cron=1698755440.2659249305725097656250 HTTP/1.1" 200 3995 "-" "WordPress/6.3.2; https://talmedos.com"
65.154.226.171 - - [31/Oct/2023:12:30:40 +0000] "GET / HTTP/1.1" 200 15329 "-" "Mozilla/5.0 (X11; Linux x86_64) AppleWebKit/537.36 (KHTML, like Gecko) HeadlessChrome/117.0.5938.88 Safari/537.36"
65.154.226.171 - - [31/Oct/2023:12:30:41 +0000] "GET /wp-includes/blocks/navigation/style.min.css?ver=6.3.2 HTTP/1.1" 200 2644 "https://talmedos.com/" "Mozilla/5.0 (X11; Linux x86_64) AppleWebKit/537.36 (KHTML, like Gecko) HeadlessChrome/117.0.5938.88 Safari/537.36"
65.154.226.171 - - [31/Oct/2023:12:30:41 +0000] "GET /wp-content/plugins/woocommerce/assets/css/woocommerce-layout.css?ver=8.1.1 HTTP/1.1" 200 6612 "https://talmedos.com/" "Mozilla/5.0 (X11; Linux x86_64) AppleWebKit/537.36 (KHTML, like Gecko) HeadlessChrome/117.0.5938.88 Safari/537.36"
65.154.226.171 - - [31/Oct/2023:12:30:41 +0000] "GET /wp-content/plugins/woocommerce/assets/css/woocommerce-blocktheme.css?ver=8.1.1 HTTP/1.1" 200 2346 "https://talmedos.com/" "Mozilla/5.0 (X11; Linux x86_64) AppleWebKit/537.36 (KHTML, like Gecko) HeadlessChrome/117.0.5938.88 Safari/537.36"
65.154.226.171 - - [31/Oct/2023:12:30:41 +0000] "GET /wp-content/plugins/woocommerce/assets/css/twenty-twenty-two.css?ver=8.1.1 HTTP/1.1" 200 5716 "https://talmedos.com/" "Mozilla/5.0 (X11; Linux x86_64) AppleWebKit/537.36 (KHTML, like Gecko) HeadlessChrome/117.0.5938.88 Safari/537.36"
65.154.226.171 - - [31/Oct/2023:12:30:41 +0000] "GET /wp-content/themes/twentytwentytwo/style.css?ver=1.5 HTTP/1.1" 200 2541 "https://talmedos.com/" "Mozilla/5.0 (X11; Linux x86_64) AppleWebKit/537.36 (KHTML, like Gecko) HeadlessChrome/117.0.5938.88 Safari/537.36"
65.154.226.171 - - [31/Oct/2023:12:30:41 +0000] "GET /wp-includes/blocks/navigation/view.min.js?ver=886680af40b7521d60fc HTTP/1.1" 200 1291 "https://talmedos.com/" "Mozilla/5.0 (X11; Linux x86_64) AppleWebKit/537.36 (KHTML, like Gecko) HeadlessChrome/117.0.5938.88 Safari/537.36"
65.154.226.171 - - [31/Oct/2023:12:30:41 +0000] "GET /wp-includes/blocks/navigation/view-modal.min.js?ver=b478fa3cd1475dec97d3 HTTP/1.1" 200 6839 "https://talmedos.com/" "Mozilla/5.0 (X11; Linux x86_64) AppleWebKit/537.36 (KHTML, like Gecko) HeadlessChrome/117.0.5938.88 Safari/537.36"
65.154.226.171 - - [31/Oct/2023:12:30:41 +0000] "GET /wp-content/plugins/jetpack/css/jetpack.css?ver=12.6.2 HTTP/1.1" 200 19275 "https://talmedos.com/" "Mozilla/5.0 (X11; Linux x86_64) AppleWebKit/537.36 (KHTML, like Gecko) HeadlessChrome/117.0.5938.88 Safari/537.36"
65.154.226.171 - - [31/Oct/2023:12:30:41 +0000] "GET /wp-includes/js/jquery/jquery.min.js?ver=3.7.0 HTTP/1.1" 200 34495 "https://talmedos.com/" "Mozilla/5.0 (X11; Linux x86_64) AppleWebKit/537.36 (KHTML, like Gecko) HeadlessChrome/117.0.5938.88 Safari/537.36"
65.154.226.171 - - [31/Oct/2023:12:30:41 +0000] "GET /wp-includes/js/jquery/jquery-migrate.min.js?ver=3.4.1 HTTP/1.1" 200 5289 "https://talmedos.com/" "Mozilla/5.0 (X11; Linux x86_64) AppleWebKit/537.36 (KHTML, like Gecko) HeadlessChrome/117.0.5938.88 Safari/537.36"
65.154.226.171 - - [31/Oct/2023:12:30:41 +0000] "GET /wp-content/plugins/woocommerce/assets/js/jquery-blockui/jquery.blockUI.min.js?ver=2.7.0-wc.8.1.1 HTTP/1.1" 200 3954 "https://talmedos.com/" "Mozilla/5.0 (X11; Linux x86_64) AppleWebKit/537.36 (KHTML, like Gecko) HeadlessChrome/117.0.5938.88 Safari/537.36"
65.154.226.171 - - [31/Oct/2023:12:30:41 +0000] "GET /wp-content/plugins/woocommerce/assets/js/frontend/add-to-cart.min.js?ver=8.1.1 HTTP/1.1" 200 1463 "https://talmedos.com/" "Mozilla/5.0 (X11; Linux x86_64) AppleWebKit/537.36 (KHTML, like Gecko) HeadlessChrome/117.0.5938.88 Safari/537.36"
65.154.226.171 - - [31/Oct/2023:12:30:41 +0000] "GET /wp-content/plugins/woocommerce/assets/css/woocommerce-smallscreen.css?ver=8.1.1 HTTP/1.1" 200 1540 "https://talmedos.com/" "Mozilla/5.0 (X11; Linux x86_64) AppleWebKit/537.36 (KHTML, like Gecko) HeadlessChrome/117.0.5938.88 Safari/537.36"
65.154.226.171 - - [31/Oct/2023:12:30:41 +0000] "GET /wp-content/plugins/woocommerce/assets/js/js-cookie/js.cookie.min.js?ver=2.1.4-wc.8.1.1 HTTP/1.1" 200 1351 "https://talmedos.com/" "Mozilla/5.0 (X11; Linux x86_64) AppleWebKit/537.36 (KHTML, like Gecko) HeadlessChrome/117.0.5938.88 Safari/537.36"
65.154.226.171 - - [31/Oct/2023:12:30:41 +0000] "GET /wp-content/plugins/woocommerce/assets/js/frontend/woocommerce.min.js?ver=8.1.1 HTTP/1.1" 200 1170 "https://talmedos.com/" "Mozilla/5.0 (X11; Linux x86_64) AppleWebKit/537.36 (KHTML, like Gecko) HeadlessChrome/117.0.5938.88 Safari/537.36"
65.154.226.171 - - [31/Oct/2023:12:30:41 +0000] "GET /wp-content/themes/twentytwentytwo/assets/images/flight-path-on-transparent-d.png HTTP/1.1" 200 104104 "https://talmedos.com/" "Mozilla/5.0 (X11; Linux x86_64) AppleWebKit/537.36 (KHTML, like Gecko) HeadlessChrome/117.0.5938.88 Safari/537.36"
65.154.226.171 - - [31/Oct/2023:12:30:42 +0000] "GET /wp-content/themes/twentytwentytwo/assets/fonts/source-serif-pro/SourceSerif4Variable-Roman.ttf.woff2 HTTP/1.1" 200 429354 "https://talmedos.com/" "Mozilla/5.0 (X11; Linux x86_64) AppleWebKit/537.36 (KHTML, like Gecko) HeadlessChrome/117.0.5938.88 Safari/537.36"
65.154.226.171 - - [31/Oct/2023:12:30:42 +0000] "GET /wp-includes/js/wp-emoji-release.min.js?ver=6.3.2 HTTP/1.1" 200 5456 "https://talmedos.com/" "Mozilla/5.0 (X11; Linux x86_64) AppleWebKit/537.36 (KHTML, like Gecko) HeadlessChrome/117.0.5938.88 Safari/537.36"
46.101.144.32 - - [31/Oct/2023:12:34:29 +0000] "POST /wp-cron.php?doing_wp_cron=1698755669.3311719894409179687500 HTTP/1.1" 200 3995 "-" "WordPress/6.3.2; https://talmedos.com"
192.0.102.40 - - [31/Oct/2023:12:34:29 +0000] "HEAD / HTTP/1.1" 200 3915 "-" "jetmon/1.0 (Jetpack Site Uptime Monitor by WordPress.com)"
20.55.53.144 - - [31/Oct/2023:12:34:33 +0000] "GET /pOcF4lnj5wu2EW67SX0RPLCQ98R HTTP/1.1" 404 4126 "-" "Mozilla/5.0 (Windows NT 10.0; Win64; x64) AppleWebKit/537.36 (KHTML, like Gecko) Chrome/79.0.3945.117 Safari/537.36"
46.101.144.32 - - [31/Oct/2023:12:39:29 +0000] "POST /wp-cron.php?doing_wp_cron=1698755969.8500349521636962890625 HTTP/1.1" 200 3995 "-" "WordPress/6.3.2; https://talmedos.com"
192.0.102.40 - - [31/Oct/2023:12:39:29 +0000] "HEAD / HTTP/1.1" 200 3915 "-" "jetmon/1.0 (Jetpack Site Uptime Monitor by WordPress.com)"
46.101.144.32 - - [31/Oct/2023:12:44:29 +0000] "POST /wp-cron.php?doing_wp_cron=1698756269.7207169532775878906250 HTTP/1.1" 200 3995 "-" "WordPress/6.3.2; https://talmedos.com"
192.0.102.40 - - [31/Oct/2023:12:44:29 +0000] "HEAD / HTTP/1.1" 200 3915 "-" "jetmon/1.0 (Jetpack Site Uptime Monitor by WordPress.com)"
46.101.144.32 - - [31/Oct/2023:12:49:29 +0000] "POST /wp-cron.php?doing_wp_cron=1698756569.3585739135742187500000 HTTP/1.1" 200 3995 "-" "WordPress/6.3.2; https://talmedos.com"
192.0.102.40 - - [31/Oct/2023:12:49:29 +0000] "HEAD / HTTP/1.1" 200 3915 "-" "jetmon/1.0 (Jetpack Site Uptime Monitor by WordPress.com)"
46.101.144.32 - - [31/Oct/2023:12:54:29 +0000] "POST /wp-cron.php?doing_wp_cron=1698756869.5614991188049316406250 HTTP/1.1" 200 3995 "-" "WordPress/6.3.2; https://talmedos.com"
192.0.102.40 - - [31/Oct/2023:12:54:29 +0000] "HEAD / HTTP/1.1" 200 3915 "-" "jetmon/1.0 (Jetpack Site Uptime Monitor by WordPress.com)"
46.101.144.32 - - [31/Oct/2023:12:59:29 +0000] "POST /wp-cron.php?doing_wp_cron=1698757169.5154700279235839843750 HTTP/1.1" 200 3995 "-" "WordPress/6.3.2; https://talmedos.com"
192.0.102.40 - - [31/Oct/2023:12:59:29 +0000] "HEAD / HTTP/1.1" 200 3915 "-" "jetmon/1.0 (Jetpack Site Uptime Monitor by WordPress.com)"
46.101.144.32 - - [31/Oct/2023:13:04:28 +0000] "POST /wp-cron.php?doing_wp_cron=1698757468.3769059181213378906250 HTTP/1.1" 200 3995 "-" "WordPress/6.3.2; https://talmedos.com"
192.0.102.40 - - [31/Oct/2023:13:04:28 +0000] "HEAD / HTTP/1.1" 200 3915 "-" "jetmon/1.0 (Jetpack Site Uptime Monitor by WordPress.com)"
178.128.160.8 - - [31/Oct/2023:13:05:16 +0000] "POST /wp-login.php HTTP/1.1" 200 8355 "-" "Mozilla/5.0 (Windows NT 10.0; Win64; x64) AppleWebKit/537.36 (KHTML, like Gecko) Chrome/86.0.4240.193 Safari/537.36"
46.101.144.32 - - [31/Oct/2023:13:09:28 +0000] "POST /wp-cron.php?doing_wp_cron=1698757768.6126999855041503906250 HTTP/1.1" 200 3995 "-" "WordPress/6.3.2; https://talmedos.com"
192.0.102.40 - - [31/Oct/2023:13:09:28 +0000] "HEAD / HTTP/1.1" 200 3915 "-" "jetmon/1.0 (Jetpack Site Uptime Monitor by WordPress.com)"
46.101.144.32 - - [31/Oct/2023:13:14:28 +0000] "POST /wp-cron.php?doing_wp_cron=1698758068.3241400718688964843750 HTTP/1.1" 200 3995 "-" "WordPress/6.3.2; https://talmedos.com"
192.0.102.40 - - [31/Oct/2023:13:14:28 +0000] "HEAD / HTTP/1.1" 200 3915 "-" "jetmon/1.0 (Jetpack Site Uptime Monitor by WordPress.com)"
46.101.144.32 - - [31/Oct/2023:13:18:43 +0000] "POST /wp-cron.php?doing_wp_cron=1698758323.2134130001068115234375 HTTP/1.1" 200 3995 "-" "WordPress/6.3.2; https://talmedos.com"
157.245.40.165 - - [31/Oct/2023:13:18:43 +0000] "POST /xmlrpc.php HTTP/1.1" 200 4420 "-" "Mozilla/5.0 (Windows NT 10.0; Win64; x64; rv:66.0) Gecko/20100101 Firefox/66.0"
157.245.40.165 - - [31/Oct/2023:13:18:43 +0000] "POST /xmlrpc.php HTTP/1.1" 200 4420 "-" "Mozilla/5.0 (Windows NT 10.0; Win64; x64) AppleWebKit/537.36 (KHTML, like Gecko) Chrome/69.0.3497.100 Safari/537.36"
173.212.232.6 - - [31/Oct/2023:13:18:49 +0000] "POST /xmlrpc.php HTTP/1.1" 200 4419 "-" "Mozilla/5.0 (Windows NT 10.0; Win64; x64; rv:85.0) Gecko/20100101 Firefox/85.0"
134.122.59.215 - - [31/Oct/2023:13:18:50 +0000] "POST /xmlrpc.php HTTP/1.1" 200 4420 "-" "Mozilla/5.0 (Windows NT 10.0; Win64; x64) AppleWebKit/537.36 (KHTML, like Gecko) Chrome/79.0.3945.117 Safari/537.36"
34.230.15.103 - - [31/Oct/2023:13:18:52 +0000] "POST /xmlrpc.php HTTP/1.1" 200 3983 "-" "Mozilla/5.0 (Windows NT 10.0; Win64; x64) AppleWebKit/537.36 (KHTML, like Gecko) Chrome/74.0.3729.131 Safari/537.36"
157.245.40.165 - - [31/Oct/2023:13:18:55 +0000] "POST /xmlrpc.php HTTP/1.1" 200 4420 "-" "Mozilla/5.0 (X11; Ubuntu; Linux i686; rv:24.0) Gecko/20100101 Firefox/24.0"
136.144.222.252 - - [31/Oct/2023:13:18:58 +0000] "POST /xmlrpc.php HTTP/1.1" 200 4014 "-" "Mozilla/5.0 (Windows NT 10.0; Win64; x64) AppleWebKit/537.36 (KHTML, like Gecko) Chrome/79.0.3945.117 Safari/537.36"
67.222.134.13 - - [31/Oct/2023:13:18:59 +0000] "POST /xmlrpc.php HTTP/1.1" 200 4012 "-" "Mozilla/5.0 (Windows NT 10.0; WOW64; rv:50.0) Gecko/20100101 Firefox/50.0"
