192.0.102.40 - - [09/Nov/2023:00:04:38 +0000] "HEAD / HTTP/1.1" 200 3836 "-" "jetmon/1.0 (Jetpack Site Uptime Monitor by WordPress.com)"
192.0.102.40 - - [09/Nov/2023:00:09:38 +0000] "HEAD / HTTP/1.1" 200 3836 "-" "jetmon/1.0 (Jetpack Site Uptime Monitor by WordPress.com)"
192.0.102.40 - - [09/Nov/2023:00:14:39 +0000] "HEAD / HTTP/1.1" 200 3836 "-" "jetmon/1.0 (Jetpack Site Uptime Monitor by WordPress.com)"
192.0.102.40 - - [09/Nov/2023:00:19:38 +0000] "HEAD / HTTP/1.1" 200 3836 "-" "jetmon/1.0 (Jetpack Site Uptime Monitor by WordPress.com)"
192.0.102.40 - - [09/Nov/2023:00:24:38 +0000] "HEAD / HTTP/1.1" 200 3836 "-" "jetmon/1.0 (Jetpack Site Uptime Monitor by WordPress.com)"
192.0.102.40 - - [09/Nov/2023:00:29:38 +0000] "HEAD / HTTP/1.1" 200 3836 "-" "jetmon/1.0 (Jetpack Site Uptime Monitor by WordPress.com)"
192.0.102.40 - - [09/Nov/2023:00:34:38 +0000] "HEAD / HTTP/1.1" 200 3836 "-" "jetmon/1.0 (Jetpack Site Uptime Monitor by WordPress.com)"
192.0.102.40 - - [09/Nov/2023:00:39:38 +0000] "HEAD / HTTP/1.1" 200 3836 "-" "jetmon/1.0 (Jetpack Site Uptime Monitor by WordPress.com)"
192.0.102.40 - - [09/Nov/2023:00:44:38 +0000] "HEAD / HTTP/1.1" 200 3836 "-" "jetmon/1.0 (Jetpack Site Uptime Monitor by WordPress.com)"
192.0.102.40 - - [09/Nov/2023:00:49:38 +0000] "HEAD / HTTP/1.1" 200 3836 "-" "jetmon/1.0 (Jetpack Site Uptime Monitor by WordPress.com)"
192.0.102.40 - - [09/Nov/2023:00:54:37 +0000] "HEAD / HTTP/1.1" 200 3836 "-" "jetmon/1.0 (Jetpack Site Uptime Monitor by WordPress.com)"
192.0.102.40 - - [09/Nov/2023:00:59:38 +0000] "HEAD / HTTP/1.1" 200 3836 "-" "jetmon/1.0 (Jetpack Site Uptime Monitor by WordPress.com)"
192.0.102.40 - - [09/Nov/2023:01:04:38 +0000] "HEAD / HTTP/1.1" 200 3836 "-" "jetmon/1.0 (Jetpack Site Uptime Monitor by WordPress.com)"
35.195.93.98 - - [09/Nov/2023:01:06:33 +0000] "GET / HTTP/1.1" 200 3540 "-" "python-requests/2.31.0"
192.0.102.40 - - [09/Nov/2023:01:09:37 +0000] "HEAD / HTTP/1.1" 200 3836 "-" "jetmon/1.0 (Jetpack Site Uptime Monitor by WordPress.com)"
192.0.102.40 - - [09/Nov/2023:01:14:38 +0000] "HEAD / HTTP/1.1" 200 3836 "-" "jetmon/1.0 (Jetpack Site Uptime Monitor by WordPress.com)"
192.0.102.40 - - [09/Nov/2023:01:19:38 +0000] "HEAD / HTTP/1.1" 200 3836 "-" "jetmon/1.0 (Jetpack Site Uptime Monitor by WordPress.com)"
192.0.102.40 - - [09/Nov/2023:01:24:38 +0000] "HEAD / HTTP/1.1" 200 3836 "-" "jetmon/1.0 (Jetpack Site Uptime Monitor by WordPress.com)"
192.0.102.40 - - [09/Nov/2023:01:29:39 +0000] "HEAD / HTTP/1.1" 200 3836 "-" "jetmon/1.0 (Jetpack Site Uptime Monitor by WordPress.com)"
192.0.102.40 - - [09/Nov/2023:01:34:36 +0000] "HEAD / HTTP/1.1" 200 3836 "-" "jetmon/1.0 (Jetpack Site Uptime Monitor by WordPress.com)"
192.0.102.40 - - [09/Nov/2023:01:39:37 +0000] "HEAD / HTTP/1.1" 200 3836 "-" "jetmon/1.0 (Jetpack Site Uptime Monitor by WordPress.com)"
192.0.102.40 - - [09/Nov/2023:01:44:38 +0000] "HEAD / HTTP/1.1" 200 3836 "-" "jetmon/1.0 (Jetpack Site Uptime Monitor by WordPress.com)"
192.0.102.40 - - [09/Nov/2023:01:49:37 +0000] "HEAD / HTTP/1.1" 200 3836 "-" "jetmon/1.0 (Jetpack Site Uptime Monitor by WordPress.com)"
192.0.102.40 - - [09/Nov/2023:01:54:37 +0000] "HEAD / HTTP/1.1" 200 3836 "-" "jetmon/1.0 (Jetpack Site Uptime Monitor by WordPress.com)"
162.216.149.90 - - [09/Nov/2023:01:56:03 +0000] "GET / HTTP/1.1" 200 4115 "-" "Expanse, a Palo Alto Networks company, searches across the global IPv4 space multiple times per day to identify customers&#39; presences on the Internet. If you would like to be excluded from our scans, please send IP addresses/domains to: scaninfo@paloaltonetworks.com"
192.0.102.40 - - [09/Nov/2023:01:59:38 +0000] "HEAD / HTTP/1.1" 200 3836 "-" "jetmon/1.0 (Jetpack Site Uptime Monitor by WordPress.com)"
192.0.102.40 - - [09/Nov/2023:02:04:38 +0000] "HEAD / HTTP/1.1" 200 3836 "-" "jetmon/1.0 (Jetpack Site Uptime Monitor by WordPress.com)"
192.0.102.40 - - [09/Nov/2023:02:09:37 +0000] "HEAD / HTTP/1.1" 200 3836 "-" "jetmon/1.0 (Jetpack Site Uptime Monitor by WordPress.com)"
78.153.140.219 - - [09/Nov/2023:02:13:35 +0000] "GET / HTTP/1.0" 400 627 "-" "-"
78.153.140.219 - - [09/Nov/2023:02:13:35 +0000] "GET /.env HTTP/1.1" 404 4182 "-" "Mozilla/5.0 (X11; Linux x86_64) AppleWebKit/537.36 (KHTML, like Gecko) Chrome/81.0.4044.129 Safari/537.36"
192.0.102.40 - - [09/Nov/2023:02:14:38 +0000] "HEAD / HTTP/1.1" 200 3836 "-" "jetmon/1.0 (Jetpack Site Uptime Monitor by WordPress.com)"
192.0.102.40 - - [09/Nov/2023:02:19:38 +0000] "HEAD / HTTP/1.1" 200 3836 "-" "jetmon/1.0 (Jetpack Site Uptime Monitor by WordPress.com)"
192.0.102.40 - - [09/Nov/2023:02:24:37 +0000] "HEAD / HTTP/1.1" 200 3836 "-" "jetmon/1.0 (Jetpack Site Uptime Monitor by WordPress.com)"
188.166.158.186 - - [09/Nov/2023:02:28:48 +0000] "GET / HTTP/1.1" 200 4110 "-" "Mozilla/5.0 (Macintosh; Intel Mac OS X 10_15_7) AppleWebKit/537.36 (KHTML, like Gecko) Chrome/114.0.0.0 Safari/537.36"
192.0.102.40 - - [09/Nov/2023:02:29:38 +0000] "HEAD / HTTP/1.1" 200 3836 "-" "jetmon/1.0 (Jetpack Site Uptime Monitor by WordPress.com)"
161.35.185.225 - - [09/Nov/2023:02:32:25 +0000] "GET /robots.txt HTTP/1.1" 404 4096 "-" "Mozilla/5.0 (Macintosh; Intel Mac OS X 10_12_3) AppleWebKit/602.4.8 (KHTML, like Gecko) Version/10.0.3 Safari/602.4.8"
146.190.152.167 - - [09/Nov/2023:02:32:28 +0000] "GET / HTTP/1.1" 200 4073 "-" "Mozilla/5.0 AppleWebKit/537.36 (KHTML, like Gecko; compatible; GPTBot/1.0; +https://openai.com/gptbot)"
192.0.102.40 - - [09/Nov/2023:02:34:38 +0000] "HEAD / HTTP/1.1" 200 3836 "-" "jetmon/1.0 (Jetpack Site Uptime Monitor by WordPress.com)"
184.105.139.69 - - [09/Nov/2023:02:36:08 +0000] "GET / HTTP/1.1" 200 3469 "http://46.101.144.32/" "Mozilla/5.0 (Macintosh; Intel Mac OS X 10_15_7) AppleWebKit/537.36 (KHTML, like Gecko) Chrome/107.0.0.0 Safari/537.36"
192.0.102.40 - - [09/Nov/2023:02:39:37 +0000] "HEAD / HTTP/1.1" 200 3836 "-" "jetmon/1.0 (Jetpack Site Uptime Monitor by WordPress.com)"
167.71.185.99 - - [09/Nov/2023:02:42:02 +0000] "GET / HTTP/1.1" 200 4073 "-" "Mozilla/5.0 (compatible; AhrefsBot/7.0; +http://ahrefs.com/robot/)"
192.0.102.40 - - [09/Nov/2023:02:44:39 +0000] "HEAD / HTTP/1.1" 200 3836 "-" "jetmon/1.0 (Jetpack Site Uptime Monitor by WordPress.com)"
188.166.150.46 - - [09/Nov/2023:02:45:04 +0000] "GET / HTTP/1.1" 200 4073 "-" "Mozilla/5.0 (compatible; SemrushBot/7~bl; +http://www.semrush.com/bot.html)"
180.149.125.168 - - [09/Nov/2023:02:49:17 +0000] "GET /c/ HTTP/1.1" 404 3540 "http://46.101.144.32/c/" "Mozilla/5.0 (Windows NT 5.1; Win64; x64) AppleWebKit/537.36 (KHTML, like Gecko) Chrome/60.0.3112.90 Safari/537.36"
192.0.102.40 - - [09/Nov/2023:02:49:36 +0000] "HEAD / HTTP/1.1" 200 3836 "-" "jetmon/1.0 (Jetpack Site Uptime Monitor by WordPress.com)"
192.0.102.40 - - [09/Nov/2023:02:54:38 +0000] "HEAD / HTTP/1.1" 200 3836 "-" "jetmon/1.0 (Jetpack Site Uptime Monitor by WordPress.com)"
31.202.81.212 - - [09/Nov/2023:02:55:15 +0000] "GET / HTTP/1.0" 200 3831 "-" "-"
51.159.103.17 - - [09/Nov/2023:02:55:50 +0000] "GET / HTTP/1.1" 200 4158 "-" "Mozilla/5.0 (Windows NT 10.0; Win64; x64) AppleWebKit/537.36 (KHTML, like Gecko) Chrome/112.0.0.0 Safari/537.36"
83.97.73.87 - - [09/Nov/2023:02:58:23 +0000] "GET /?XDEBUG_SESSION_START=phpstorm HTTP/1.1" 200 4026 "http://46.101.144.32:80/?XDEBUG_SESSION_START=phpstorm" "Mozilla/5.0 (Windows NT 10.0; Win64; x64) AppleWebKit/537.36 (KHTML, like Gecko) Chrome/78.0.3904.108 Safari/537.36"
192.0.102.40 - - [09/Nov/2023:02:59:38 +0000] "HEAD / HTTP/1.1" 200 3836 "-" "jetmon/1.0 (Jetpack Site Uptime Monitor by WordPress.com)"
192.0.102.40 - - [09/Nov/2023:03:04:37 +0000] "HEAD / HTTP/1.1" 200 3836 "-" "jetmon/1.0 (Jetpack Site Uptime Monitor by WordPress.com)"
192.0.102.40 - - [09/Nov/2023:03:09:37 +0000] "HEAD / HTTP/1.1" 200 3836 "-" "jetmon/1.0 (Jetpack Site Uptime Monitor by WordPress.com)"
20.208.132.63 - - [09/Nov/2023:03:12:41 +0000] "GET /wp-content/plugins/WordPressCore/include.php HTTP/1.1" 404 3610 "-" "python-requests/2.27.1"
192.0.102.40 - - [09/Nov/2023:03:14:37 +0000] "HEAD / HTTP/1.1" 200 3836 "-" "jetmon/1.0 (Jetpack Site Uptime Monitor by WordPress.com)"
192.0.102.40 - - [09/Nov/2023:03:19:38 +0000] "HEAD / HTTP/1.1" 200 3836 "-" "jetmon/1.0 (Jetpack Site Uptime Monitor by WordPress.com)"
192.0.102.40 - - [09/Nov/2023:03:24:36 +0000] "HEAD / HTTP/1.1" 200 3836 "-" "jetmon/1.0 (Jetpack Site Uptime Monitor by WordPress.com)"
192.0.102.40 - - [09/Nov/2023:03:29:38 +0000] "HEAD / HTTP/1.1" 200 3836 "-" "jetmon/1.0 (Jetpack Site Uptime Monitor by WordPress.com)"
78.43.199.216 - - [09/Nov/2023:03:30:24 +0000] "GET / HTTP/1.0" 200 3831 "-" "-"
192.0.102.40 - - [09/Nov/2023:03:34:37 +0000] "HEAD / HTTP/1.1" 200 3836 "-" "jetmon/1.0 (Jetpack Site Uptime Monitor by WordPress.com)"
192.0.102.40 - - [09/Nov/2023:03:39:37 +0000] "HEAD / HTTP/1.1" 200 3836 "-" "jetmon/1.0 (Jetpack Site Uptime Monitor by WordPress.com)"
103.149.192.207 - - [09/Nov/2023:03:43:03 +0000] "GET / HTTP/1.1" 200 3469 "-" "Mozilla/5.0 (Windows NT 10.0; Win64; x64) AppleWebKit/537.36 (KHTML, like Gecko) Chrome/79.0.3945.130 Safari/537.36"
192.0.102.40 - - [09/Nov/2023:03:44:38 +0000] "HEAD / HTTP/1.1" 200 3836 "-" "jetmon/1.0 (Jetpack Site Uptime Monitor by WordPress.com)"
192.0.102.40 - - [09/Nov/2023:03:49:37 +0000] "HEAD / HTTP/1.1" 200 3836 "-" "jetmon/1.0 (Jetpack Site Uptime Monitor by WordPress.com)"
83.249.83.10 - - [09/Nov/2023:03:50:02 +0000] "GET / HTTP/1.0" 200 3831 "-" "-"
192.0.102.40 - - [09/Nov/2023:03:54:36 +0000] "HEAD / HTTP/1.1" 200 3836 "-" "jetmon/1.0 (Jetpack Site Uptime Monitor by WordPress.com)"
83.97.73.87 - - [09/Nov/2023:03:59:18 +0000] "GET /actuator/gateway/routes HTTP/1.1" 404 4097 "http://46.101.144.32:80/actuator/gateway/routes" "Mozilla/5.0 (Windows NT 10.0; Win64; x64) AppleWebKit/537.36 (KHTML, like Gecko) Chrome/78.0.3904.108 Safari/537.36"
192.0.102.40 - - [09/Nov/2023:03:59:37 +0000] "HEAD / HTTP/1.1" 200 3836 "-" "jetmon/1.0 (Jetpack Site Uptime Monitor by WordPress.com)"
192.0.102.40 - - [09/Nov/2023:04:04:37 +0000] "HEAD / HTTP/1.1" 200 3836 "-" "jetmon/1.0 (Jetpack Site Uptime Monitor by WordPress.com)"
192.0.102.40 - - [09/Nov/2023:04:09:37 +0000] "HEAD / HTTP/1.1" 200 3836 "-" "jetmon/1.0 (Jetpack Site Uptime Monitor by WordPress.com)"
74.82.47.3 - - [09/Nov/2023:04:13:52 +0000] "GET / HTTP/1.1" 200 3469 "-" "Mozilla/5.0 (X11; Linux x86_64; rv:107.0) Gecko/20100101 Firefox/107.0"
192.0.102.40 - - [09/Nov/2023:04:14:37 +0000] "HEAD / HTTP/1.1" 200 3836 "-" "jetmon/1.0 (Jetpack Site Uptime Monitor by WordPress.com)"
192.0.102.40 - - [09/Nov/2023:04:19:36 +0000] "HEAD / HTTP/1.1" 200 3836 "-" "jetmon/1.0 (Jetpack Site Uptime Monitor by WordPress.com)"
74.82.47.3 - - [09/Nov/2023:04:22:31 +0000] "GET /favicon.ico HTTP/1.1" 404 3540 "-" "Mozilla/5.0 (Windows NT 10.0; Win64; x64) AppleWebKit/537.36 (KHTML, like Gecko) Chrome/103.0.0.0 Safari/537.36"
192.0.102.40 - - [09/Nov/2023:04:24:36 +0000] "HEAD / HTTP/1.1" 200 3836 "-" "jetmon/1.0 (Jetpack Site Uptime Monitor by WordPress.com)"
74.82.47.3 - - [09/Nov/2023:04:25:37 +0000] "GET / HTTP/1.1" 200 4007 "-" "Mozilla/5.0 (X11; Linux x86_64; rv:107.0) Gecko/20100101 Firefox/107.0"
74.82.47.3 - - [09/Nov/2023:04:29:20 +0000] "GET /geoserver/web/ HTTP/1.1" 404 3540 "-" "Mozilla/5.0 (X11; Linux x86_64; rv:102.0) Gecko/20100101 Firefox/102.0"
192.0.102.40 - - [09/Nov/2023:04:29:37 +0000] "HEAD / HTTP/1.1" 200 3836 "-" "jetmon/1.0 (Jetpack Site Uptime Monitor by WordPress.com)"
74.82.47.3 - - [09/Nov/2023:04:30:15 +0000] "GET /.git/config HTTP/1.1" 404 3540 "-" "Mozilla/5.0 (Macintosh; Intel Mac OS X 10_15_7) AppleWebKit/537.36 (KHTML, like Gecko) Chrome/107.0.0.0 Safari/537.36"
203.33.203.148 - - [09/Nov/2023:04:31:50 +0000] "GET / HTTP/1.1" 200 4026 "http://46.101.144.32" "Mozilla/5.0 (iPhone; CPU iPhone OS 13_2_3 like Mac OS X) AppleWebKit/605.1.15 (KHTML, like Gecko) Version/13.0.3 Mobile/15E148 Safari/604.1"
192.0.102.40 - - [09/Nov/2023:04:34:36 +0000] "HEAD / HTTP/1.1" 200 3836 "-" "jetmon/1.0 (Jetpack Site Uptime Monitor by WordPress.com)"
192.0.102.40 - - [09/Nov/2023:04:39:36 +0000] "HEAD / HTTP/1.1" 200 3836 "-" "jetmon/1.0 (Jetpack Site Uptime Monitor by WordPress.com)"
192.0.102.40 - - [09/Nov/2023:04:44:36 +0000] "HEAD / HTTP/1.1" 200 3836 "-" "jetmon/1.0 (Jetpack Site Uptime Monitor by WordPress.com)"
192.0.102.40 - - [09/Nov/2023:04:49:37 +0000] "HEAD / HTTP/1.1" 200 3836 "-" "jetmon/1.0 (Jetpack Site Uptime Monitor by WordPress.com)"
192.0.102.40 - - [09/Nov/2023:04:54:37 +0000] "HEAD / HTTP/1.1" 200 3836 "-" "jetmon/1.0 (Jetpack Site Uptime Monitor by WordPress.com)"
192.0.102.40 - - [09/Nov/2023:04:59:38 +0000] "HEAD / HTTP/1.1" 200 3836 "-" "jetmon/1.0 (Jetpack Site Uptime Monitor by WordPress.com)"
192.0.102.40 - - [09/Nov/2023:05:04:36 +0000] "HEAD / HTTP/1.1" 200 3836 "-" "jetmon/1.0 (Jetpack Site Uptime Monitor by WordPress.com)"
192.0.102.40 - - [09/Nov/2023:05:09:36 +0000] "HEAD / HTTP/1.1" 200 3836 "-" "jetmon/1.0 (Jetpack Site Uptime Monitor by WordPress.com)"
192.0.102.40 - - [09/Nov/2023:05:14:37 +0000] "HEAD / HTTP/1.1" 200 3836 "-" "jetmon/1.0 (Jetpack Site Uptime Monitor by WordPress.com)"
192.0.102.40 - - [09/Nov/2023:05:19:36 +0000] "HEAD / HTTP/1.1" 200 3836 "-" "jetmon/1.0 (Jetpack Site Uptime Monitor by WordPress.com)"
192.0.102.40 - - [09/Nov/2023:05:24:35 +0000] "HEAD / HTTP/1.1" 200 3836 "-" "jetmon/1.0 (Jetpack Site Uptime Monitor by WordPress.com)"
192.0.102.40 - - [09/Nov/2023:05:29:37 +0000] "HEAD / HTTP/1.1" 200 3836 "-" "jetmon/1.0 (Jetpack Site Uptime Monitor by WordPress.com)"
192.0.102.40 - - [09/Nov/2023:05:34:36 +0000] "HEAD / HTTP/1.1" 200 3836 "-" "jetmon/1.0 (Jetpack Site Uptime Monitor by WordPress.com)"
192.0.102.40 - - [09/Nov/2023:05:39:36 +0000] "HEAD / HTTP/1.1" 200 3836 "-" "jetmon/1.0 (Jetpack Site Uptime Monitor by WordPress.com)"
192.0.102.40 - - [09/Nov/2023:05:44:37 +0000] "HEAD / HTTP/1.1" 200 3836 "-" "jetmon/1.0 (Jetpack Site Uptime Monitor by WordPress.com)"
192.0.102.40 - - [09/Nov/2023:05:49:37 +0000] "HEAD / HTTP/1.1" 200 3836 "-" "jetmon/1.0 (Jetpack Site Uptime Monitor by WordPress.com)"
192.0.102.40 - - [09/Nov/2023:05:54:35 +0000] "HEAD / HTTP/1.1" 200 3836 "-" "jetmon/1.0 (Jetpack Site Uptime Monitor by WordPress.com)"
167.94.138.125 - - [09/Nov/2023:05:55:57 +0000] "GET / HTTP/1.1" 200 4115 "-" "-"
167.94.138.125 - - [09/Nov/2023:05:55:59 +0000] "GET / HTTP/1.1" 200 4007 "-" "Mozilla/5.0 (compatible; CensysInspect/1.1; +https://about.censys.io/)"
167.94.138.125 - - [09/Nov/2023:05:55:59 +0000] "GET /favicon.ico HTTP/1.1" 404 4097 "-" "Mozilla/5.0 (compatible; CensysInspect/1.1; +https://about.censys.io/)"
192.0.102.40 - - [09/Nov/2023:05:59:37 +0000] "HEAD / HTTP/1.1" 200 3836 "-" "jetmon/1.0 (Jetpack Site Uptime Monitor by WordPress.com)"
192.0.102.40 - - [09/Nov/2023:06:04:35 +0000] "HEAD / HTTP/1.1" 200 3836 "-" "jetmon/1.0 (Jetpack Site Uptime Monitor by WordPress.com)"
192.0.102.40 - - [09/Nov/2023:06:09:37 +0000] "HEAD / HTTP/1.1" 200 3836 "-" "jetmon/1.0 (Jetpack Site Uptime Monitor by WordPress.com)"
185.180.143.136 - - [09/Nov/2023:06:11:22 +0000] "GET / HTTP/1.1" 200 3519 "-" "Mozilla/5.0 (Windows NT 10.0; Win64; x64) AppleWebKit/537.36 (KHTML, like Gecko) Chrome/60.0.3112.113 Safari/537.36"
192.0.102.40 - - [09/Nov/2023:06:14:37 +0000] "HEAD / HTTP/1.1" 200 3836 "-" "jetmon/1.0 (Jetpack Site Uptime Monitor by WordPress.com)"
192.0.102.40 - - [09/Nov/2023:06:19:36 +0000] "HEAD / HTTP/1.1" 200 3836 "-" "jetmon/1.0 (Jetpack Site Uptime Monitor by WordPress.com)"
192.0.102.40 - - [09/Nov/2023:06:24:36 +0000] "HEAD / HTTP/1.1" 200 3836 "-" "jetmon/1.0 (Jetpack Site Uptime Monitor by WordPress.com)"
192.0.102.40 - - [09/Nov/2023:06:29:37 +0000] "HEAD / HTTP/1.1" 200 3836 "-" "jetmon/1.0 (Jetpack Site Uptime Monitor by WordPress.com)"
192.0.102.40 - - [09/Nov/2023:06:34:37 +0000] "HEAD / HTTP/1.1" 200 3836 "-" "jetmon/1.0 (Jetpack Site Uptime Monitor by WordPress.com)"
192.0.102.40 - - [09/Nov/2023:06:39:36 +0000] "HEAD / HTTP/1.1" 200 3836 "-" "jetmon/1.0 (Jetpack Site Uptime Monitor by WordPress.com)"
167.248.133.35 - - [09/Nov/2023:06:40:48 +0000] "GET / HTTP/1.1" 200 4115 "-" "-"
167.248.133.35 - - [09/Nov/2023:06:40:48 +0000] "GET / HTTP/1.1" 200 4007 "-" "Mozilla/5.0 (compatible; CensysInspect/1.1; +https://about.censys.io/)"
167.248.133.35 - - [09/Nov/2023:06:40:49 +0000] "GET /favicon.ico HTTP/1.1" 404 4097 "-" "Mozilla/5.0 (compatible; CensysInspect/1.1; +https://about.censys.io/)"
192.0.102.40 - - [09/Nov/2023:06:44:37 +0000] "HEAD / HTTP/1.1" 200 3836 "-" "jetmon/1.0 (Jetpack Site Uptime Monitor by WordPress.com)"
192.0.102.40 - - [09/Nov/2023:06:49:38 +0000] "HEAD / HTTP/1.1" 200 3836 "-" "jetmon/1.0 (Jetpack Site Uptime Monitor by WordPress.com)"
35.203.210.34 - - [09/Nov/2023:06:51:55 +0000] "GET / HTTP/1.1" 200 4115 "http://46.101.144.32:80/" "Expanse, a Palo Alto Networks company, searches across the global IPv4 space multiple times per day to identify customers&#39; presences on the Internet. If you would like to be excluded from our scans, please send IP addresses/domains to: scaninfo@paloaltonetworks.com"
192.0.102.40 - - [09/Nov/2023:06:54:36 +0000] "HEAD / HTTP/1.1" 200 3836 "-" "jetmon/1.0 (Jetpack Site Uptime Monitor by WordPress.com)"
192.0.102.40 - - [09/Nov/2023:06:59:37 +0000] "HEAD / HTTP/1.1" 200 3836 "-" "jetmon/1.0 (Jetpack Site Uptime Monitor by WordPress.com)"
192.0.102.40 - - [09/Nov/2023:07:04:36 +0000] "HEAD / HTTP/1.1" 200 3836 "-" "jetmon/1.0 (Jetpack Site Uptime Monitor by WordPress.com)"
104.250.237.24 - - [09/Nov/2023:07:05:33 +0000] "GET /wp-content/plugins/fix/up.php HTTP/1.1" 404 4228 "-" "Mozilla/5.0 (Windows NT 10.0; Win64; x64) AppleWebKit/537.36 (KHTML, like Gecko) Chrome/85.0.4183.102 Safari/537.36"
161.35.161.94 - - [09/Nov/2023:07:08:08 +0000] "GET /dindex.html HTTP/1.1" 200 4433 "-" "Mozilla/5.0 (Macintosh; Intel Mac OS X 10_15_7) AppleWebKit/537.36 (KHTML, like Gecko) Chrome/114.0.0.0 Safari/537.36"
192.0.102.40 - - [09/Nov/2023:07:09:36 +0000] "HEAD / HTTP/1.1" 200 3836 "-" "jetmon/1.0 (Jetpack Site Uptime Monitor by WordPress.com)"
192.0.102.40 - - [09/Nov/2023:07:14:36 +0000] "HEAD / HTTP/1.1" 200 3836 "-" "jetmon/1.0 (Jetpack Site Uptime Monitor by WordPress.com)"
192.0.102.40 - - [09/Nov/2023:07:19:36 +0000] "HEAD / HTTP/1.1" 200 3836 "-" "jetmon/1.0 (Jetpack Site Uptime Monitor by WordPress.com)"
192.0.102.40 - - [09/Nov/2023:07:24:36 +0000] "HEAD / HTTP/1.1" 200 3836 "-" "jetmon/1.0 (Jetpack Site Uptime Monitor by WordPress.com)"
185.220.100.242 - - [09/Nov/2023:07:26:58 +0000] "GET / HTTP/1.1" 200 4031 "http://talmedos.com" "Mozilla/4.0 (compatible; MSIE 6.0; Windows NT 5.0)"
192.0.102.40 - - [09/Nov/2023:07:29:37 +0000] "HEAD / HTTP/1.1" 200 3836 "-" "jetmon/1.0 (Jetpack Site Uptime Monitor by WordPress.com)"
192.0.102.40 - - [09/Nov/2023:07:34:36 +0000] "HEAD / HTTP/1.1" 200 3836 "-" "jetmon/1.0 (Jetpack Site Uptime Monitor by WordPress.com)"
192.241.236.85 - - [09/Nov/2023:07:37:54 +0000] "GET / HTTP/1.1" 200 3469 "-" "Mozilla/5.0 zgrab/0.x"
192.0.102.40 - - [09/Nov/2023:07:39:36 +0000] "HEAD / HTTP/1.1" 200 3836 "-" "jetmon/1.0 (Jetpack Site Uptime Monitor by WordPress.com)"
192.0.102.40 - - [09/Nov/2023:07:44:36 +0000] "HEAD / HTTP/1.1" 200 3836 "-" "jetmon/1.0 (Jetpack Site Uptime Monitor by WordPress.com)"
192.0.102.40 - - [09/Nov/2023:07:49:35 +0000] "HEAD / HTTP/1.1" 200 3836 "-" "jetmon/1.0 (Jetpack Site Uptime Monitor by WordPress.com)"
192.0.102.40 - - [09/Nov/2023:07:54:35 +0000] "HEAD / HTTP/1.1" 200 3836 "-" "jetmon/1.0 (Jetpack Site Uptime Monitor by WordPress.com)"
192.0.102.40 - - [09/Nov/2023:07:59:35 +0000] "HEAD / HTTP/1.1" 200 3836 "-" "jetmon/1.0 (Jetpack Site Uptime Monitor by WordPress.com)"
192.0.102.40 - - [09/Nov/2023:08:04:35 +0000] "HEAD / HTTP/1.1" 200 3836 "-" "jetmon/1.0 (Jetpack Site Uptime Monitor by WordPress.com)"
13.40.2.76 - - [09/Nov/2023:08:05:23 +0000] "GET /favicon.ico HTTP/1.1" 404 3540 "-" "'Cloud mapping experiment. Contact research@pdrlabs.net'"
13.40.2.76 - - [09/Nov/2023:08:08:26 +0000] "GET /favicon.ico HTTP/1.1" 404 3540 "-" "'Cloud mapping experiment. Contact research@pdrlabs.net'"
192.0.102.40 - - [09/Nov/2023:08:09:35 +0000] "HEAD / HTTP/1.1" 200 3836 "-" "jetmon/1.0 (Jetpack Site Uptime Monitor by WordPress.com)"
13.40.2.76 - - [09/Nov/2023:08:10:51 +0000] "GET /api/v1/charts HTTP/1.1" 404 3540 "-" "'Cloud mapping experiment. Contact research@pdrlabs.net'"
185.100.87.136 - - [09/Nov/2023:08:10:54 +0000] "GET / HTTP/1.1" 200 3469 "-" "Mozilla/5.0 (Windows NT 10.0; Win64; x64; rv:104.71.6212.24) Gecko/25.2.4212.671 Firefox/2.0"
192.0.102.40 - - [09/Nov/2023:08:14:35 +0000] "HEAD / HTTP/1.1" 200 3836 "-" "jetmon/1.0 (Jetpack Site Uptime Monitor by WordPress.com)"
13.40.2.76 - - [09/Nov/2023:08:15:16 +0000] "GET /api/v1/charts HTTP/1.1" 404 3540 "-" "'Cloud mapping experiment. Contact research@pdrlabs.net'"
13.40.2.76 - - [09/Nov/2023:08:19:02 +0000] "GET /cgi-bin/login.cgi HTTP/1.1" 404 3540 "-" "'Cloud mapping experiment. Contact research@pdrlabs.net'"
192.0.102.40 - - [09/Nov/2023:08:19:36 +0000] "HEAD / HTTP/1.1" 200 3836 "-" "jetmon/1.0 (Jetpack Site Uptime Monitor by WordPress.com)"
139.59.115.93 - - [09/Nov/2023:08:20:14 +0000] "GET / HTTP/1.1" 200 4210 "-" "curl/7.88.1"
139.59.115.93 - - [09/Nov/2023:08:20:15 +0000] "GET /_ignition/execute-solution HTTP/1.1" 404 4176 "-" "Mozilla/5.0 (Windows NT 10.0; Win64; x64) AppleWebKit/537.36 (KHTML, like Gecko) Chrome/99.0.4859.172 Safari/537.36"
13.40.2.76 - - [09/Nov/2023:08:23:00 +0000] "GET /cgi-bin/login.cgi HTTP/1.1" 404 3540 "-" "'Cloud mapping experiment. Contact research@pdrlabs.net'"
192.0.102.40 - - [09/Nov/2023:08:24:35 +0000] "HEAD / HTTP/1.1" 200 3836 "-" "jetmon/1.0 (Jetpack Site Uptime Monitor by WordPress.com)"
13.40.2.76 - - [09/Nov/2023:08:26:14 +0000] "GET /+CSCOE+/logon.html HTTP/1.1" 404 3540 "-" "'Cloud mapping experiment. Contact research@pdrlabs.net'"
192.0.102.40 - - [09/Nov/2023:08:29:35 +0000] "HEAD / HTTP/1.1" 200 3836 "-" "jetmon/1.0 (Jetpack Site Uptime Monitor by WordPress.com)"
13.40.2.76 - - [09/Nov/2023:08:30:20 +0000] "GET /+CSCOE+/logon.html HTTP/1.1" 404 3540 "-" "'Cloud mapping experiment. Contact research@pdrlabs.net'"
13.40.2.76 - - [09/Nov/2023:08:33:33 +0000] "GET /doc/page/login.asp HTTP/1.1" 404 3540 "-" "'Cloud mapping experiment. Contact research@pdrlabs.net'"
192.0.102.40 - - [09/Nov/2023:08:34:35 +0000] "HEAD / HTTP/1.1" 200 3836 "-" "jetmon/1.0 (Jetpack Site Uptime Monitor by WordPress.com)"
13.40.2.76 - - [09/Nov/2023:08:37:36 +0000] "GET /doc/page/login.asp HTTP/1.1" 404 3540 "-" "'Cloud mapping experiment. Contact research@pdrlabs.net'"
192.0.102.40 - - [09/Nov/2023:08:39:35 +0000] "HEAD / HTTP/1.1" 200 3836 "-" "jetmon/1.0 (Jetpack Site Uptime Monitor by WordPress.com)"
13.40.2.76 - - [09/Nov/2023:08:40:52 +0000] "GET /users/sign_in HTTP/1.1" 404 3540 "-" "'Cloud mapping experiment. Contact research@pdrlabs.net'"
192.0.102.40 - - [09/Nov/2023:08:44:35 +0000] "HEAD / HTTP/1.1" 200 3836 "-" "jetmon/1.0 (Jetpack Site Uptime Monitor by WordPress.com)"
13.40.2.76 - - [09/Nov/2023:08:48:23 +0000] "GET /webconsole/webpages/login.jsp HTTP/1.1" 404 3540 "-" "'Cloud mapping experiment. Contact research@pdrlabs.net'"
192.0.102.40 - - [09/Nov/2023:08:49:34 +0000] "HEAD / HTTP/1.1" 200 3836 "-" "jetmon/1.0 (Jetpack Site Uptime Monitor by WordPress.com)"
13.40.2.76 - - [09/Nov/2023:08:52:28 +0000] "GET /webconsole/webpages/login.jsp HTTP/1.1" 404 3540 "-" "'Cloud mapping experiment. Contact research@pdrlabs.net'"
192.0.102.40 - - [09/Nov/2023:08:54:34 +0000] "HEAD / HTTP/1.1" 200 3836 "-" "jetmon/1.0 (Jetpack Site Uptime Monitor by WordPress.com)"
13.40.2.76 - - [09/Nov/2023:08:55:50 +0000] "GET /login/?next=/ HTTP/1.1" 404 3540 "-" "'Cloud mapping experiment. Contact research@pdrlabs.net'"
192.0.102.40 - - [09/Nov/2023:08:59:34 +0000] "HEAD / HTTP/1.1" 200 3836 "-" "jetmon/1.0 (Jetpack Site Uptime Monitor by WordPress.com)"
13.40.2.76 - - [09/Nov/2023:09:03:20 +0000] "GET /admin/index.html HTTP/1.1" 404 3540 "-" "'Cloud mapping experiment. Contact research@pdrlabs.net'"
192.0.102.40 - - [09/Nov/2023:09:04:33 +0000] "HEAD / HTTP/1.1" 200 3836 "-" "jetmon/1.0 (Jetpack Site Uptime Monitor by WordPress.com)"
13.40.2.76 - - [09/Nov/2023:09:07:35 +0000] "GET /admin/index.html HTTP/1.1" 404 3540 "-" "'Cloud mapping experiment. Contact research@pdrlabs.net'"
192.0.102.40 - - [09/Nov/2023:09:09:33 +0000] "HEAD / HTTP/1.1" 200 3836 "-" "jetmon/1.0 (Jetpack Site Uptime Monitor by WordPress.com)"
13.40.2.76 - - [09/Nov/2023:09:11:00 +0000] "GET /global-protect/login.esp HTTP/1.1" 404 3540 "-" "'Cloud mapping experiment. Contact research@pdrlabs.net'"
192.0.102.40 - - [09/Nov/2023:09:14:34 +0000] "HEAD / HTTP/1.1" 200 3836 "-" "jetmon/1.0 (Jetpack Site Uptime Monitor by WordPress.com)"
13.40.2.76 - - [09/Nov/2023:09:15:15 +0000] "GET /global-protect/login.esp HTTP/1.1" 404 3540 "-" "'Cloud mapping experiment. Contact research@pdrlabs.net'"
77.214.110.248 - - [09/Nov/2023:09:16:24 +0000] "GET / HTTP/1.1" 200 4110 "-" "Mozilla/5.0 (Macintosh; Intel Mac OS X 10_15_7) AppleWebKit/537.36 (KHTML, like Gecko) Chrome/119.0.0.0 Safari/537.36"
77.214.110.248 - - [09/Nov/2023:09:16:25 +0000] "GET /styles.css HTTP/1.1" 404 513 "https://talmedos.com/" "Mozilla/5.0 (Macintosh; Intel Mac OS X 10_15_7) AppleWebKit/537.36 (KHTML, like Gecko) Chrome/119.0.0.0 Safari/537.36"
77.214.110.248 - - [09/Nov/2023:09:16:30 +0000] "GET /yindex.html HTTP/1.1" 200 1938 "https://talmedos.com/" "Mozilla/5.0 (Macintosh; Intel Mac OS X 10_15_7) AppleWebKit/537.36 (KHTML, like Gecko) Chrome/119.0.0.0 Safari/537.36"
77.214.110.248 - - [09/Nov/2023:09:16:30 +0000] "GET /image/KMS1509.jpg HTTP/1.1" 404 513 "https://talmedos.com/yindex.html" "Mozilla/5.0 (Macintosh; Intel Mac OS X 10_15_7) AppleWebKit/537.36 (KHTML, like Gecko) Chrome/119.0.0.0 Safari/537.36"
77.214.110.248 - - [09/Nov/2023:09:16:51 +0000] "GET /aindex.html HTTP/1.1" 200 1960 "https://talmedos.com/" "Mozilla/5.0 (Macintosh; Intel Mac OS X 10_15_7) AppleWebKit/537.36 (KHTML, like Gecko) Chrome/119.0.0.0 Safari/537.36"
185.107.13.29 - - [09/Nov/2023:09:17:12 +0000] "GET / HTTP/1.1" 200 4110 "-" "Mozilla/5.0 (Windows NT 10.0; Win64; x64) AppleWebKit/537.36 (KHTML, like Gecko) Chrome/119.0.0.0 Safari/537.36 Edg/119.0.0.0"
185.107.13.29 - - [09/Nov/2023:09:17:12 +0000] "GET /styles.css HTTP/1.1" 404 513 "https://talmedos.com/" "Mozilla/5.0 (Windows NT 10.0; Win64; x64) AppleWebKit/537.36 (KHTML, like Gecko) Chrome/119.0.0.0 Safari/537.36 Edg/119.0.0.0"
185.107.13.29 - - [09/Nov/2023:09:17:12 +0000] "GET /favicon.ico HTTP/1.1" 404 513 "https://talmedos.com/" "Mozilla/5.0 (Windows NT 10.0; Win64; x64) AppleWebKit/537.36 (KHTML, like Gecko) Chrome/119.0.0.0 Safari/537.36 Edg/119.0.0.0"
185.107.13.29 - - [09/Nov/2023:09:17:14 +0000] "GET /yindex.html HTTP/1.1" 200 1426 "https://talmedos.com/" "Mozilla/5.0 (Windows NT 10.0; Win64; x64) AppleWebKit/537.36 (KHTML, like Gecko) Chrome/119.0.0.0 Safari/537.36 Edg/119.0.0.0"
77.33.147.61 - - [09/Nov/2023:09:17:14 +0000] "GET / HTTP/1.1" 200 4110 "-" "Mozilla/5.0 (Windows NT 10.0; Win64; x64) AppleWebKit/537.36 (KHTML, like Gecko) Chrome/119.0.0.0 Safari/537.36"
77.33.147.61 - - [09/Nov/2023:09:17:14 +0000] "GET /styles.css HTTP/1.1" 404 513 "https://talmedos.com/" "Mozilla/5.0 (Windows NT 10.0; Win64; x64) AppleWebKit/537.36 (KHTML, like Gecko) Chrome/119.0.0.0 Safari/537.36"
185.107.13.29 - - [09/Nov/2023:09:17:14 +0000] "GET /image/KMS1509.jpg HTTP/1.1" 404 513 "https://talmedos.com/yindex.html" "Mozilla/5.0 (Windows NT 10.0; Win64; x64) AppleWebKit/537.36 (KHTML, like Gecko) Chrome/119.0.0.0 Safari/537.36 Edg/119.0.0.0"
77.33.147.61 - - [09/Nov/2023:09:17:14 +0000] "GET /favicon.ico HTTP/1.1" 404 513 "https://talmedos.com/" "Mozilla/5.0 (Windows NT 10.0; Win64; x64) AppleWebKit/537.36 (KHTML, like Gecko) Chrome/119.0.0.0 Safari/537.36"
77.33.147.61 - - [09/Nov/2023:09:17:16 +0000] "GET /findex.html HTTP/1.1" 200 779 "https://talmedos.com/" "Mozilla/5.0 (Windows NT 10.0; Win64; x64) AppleWebKit/537.36 (KHTML, like Gecko) Chrome/119.0.0.0 Safari/537.36"
77.33.147.61 - - [09/Nov/2023:09:17:16 +0000] "GET /images/KMS120.jpeg HTTP/1.1" 200 107391 "https://talmedos.com/findex.html" "Mozilla/5.0 (Windows NT 10.0; Win64; x64) AppleWebKit/537.36 (KHTML, like Gecko) Chrome/119.0.0.0 Safari/537.36"
77.33.147.61 - - [09/Nov/2023:09:17:16 +0000] "GET /images/KKSgb6844.jpeg HTTP/1.1" 200 1212067 "https://talmedos.com/findex.html" "Mozilla/5.0 (Windows NT 10.0; Win64; x64) AppleWebKit/537.36 (KHTML, like Gecko) Chrome/119.0.0.0 Safari/537.36"
77.33.147.61 - - [09/Nov/2023:09:17:16 +0000] "GET /images/KMS8760.jpeg HTTP/1.1" 200 805429 "https://talmedos.com/findex.html" "Mozilla/5.0 (Windows NT 10.0; Win64; x64) AppleWebKit/537.36 (KHTML, like Gecko) Chrome/119.0.0.0 Safari/537.36"
77.33.147.61 - - [09/Nov/2023:09:17:22 +0000] "GET /dindex.html HTTP/1.1" 200 1278 "https://talmedos.com/" "Mozilla/5.0 (Windows NT 10.0; Win64; x64) AppleWebKit/537.36 (KHTML, like Gecko) Chrome/119.0.0.0 Safari/537.36"
77.33.147.61 - - [09/Nov/2023:09:17:22 +0000] "GET /images/Middelalderen.jpg HTTP/1.1" 200 102885 "https://talmedos.com/dindex.html" "Mozilla/5.0 (Windows NT 10.0; Win64; x64) AppleWebKit/537.36 (KHTML, like Gecko) Chrome/119.0.0.0 Safari/537.36"
77.33.147.61 - - [09/Nov/2023:09:17:22 +0000] "GET /images/Guld.jpg HTTP/1.1" 200 9954283 "https://talmedos.com/dindex.html" "Mozilla/5.0 (Windows NT 10.0; Win64; x64) AppleWebKit/537.36 (KHTML, like Gecko) Chrome/119.0.0.0 Safari/537.36"
77.33.147.61 - - [09/Nov/2023:09:17:22 +0000] "GET /images/1900.jpg HTTP/1.1" 200 7223193 "https://talmedos.com/dindex.html" "Mozilla/5.0 (Windows NT 10.0; Win64; x64) AppleWebKit/537.36 (KHTML, like Gecko) Chrome/119.0.0.0 Safari/537.36"
185.107.13.29 - - [09/Nov/2023:09:17:27 +0000] "GET /styles.css HTTP/1.1" 404 1025 "https://talmedos.com/" "Mozilla/5.0 (Windows NT 10.0; Win64; x64) AppleWebKit/537.36 (KHTML, like Gecko) Chrome/119.0.0.0 Safari/537.36 Edg/119.0.0.0"
77.33.147.61 - - [09/Nov/2023:09:17:27 +0000] "GET /aindex.html HTTP/1.1" 200 1448 "https://talmedos.com/" "Mozilla/5.0 (Windows NT 10.0; Win64; x64) AppleWebKit/537.36 (KHTML, like Gecko) Chrome/119.0.0.0 Safari/537.36"
77.33.147.61 - - [09/Nov/2023:09:17:30 +0000] "GET /yindex.html HTTP/1.1" 200 1426 "https://talmedos.com/" "Mozilla/5.0 (Windows NT 10.0; Win64; x64) AppleWebKit/537.36 (KHTML, like Gecko) Chrome/119.0.0.0 Safari/537.36"
77.33.147.61 - - [09/Nov/2023:09:17:30 +0000] "GET /image/KMS1509.jpg HTTP/1.1" 404 513 "https://talmedos.com/yindex.html" "Mozilla/5.0 (Windows NT 10.0; Win64; x64) AppleWebKit/537.36 (KHTML, like Gecko) Chrome/119.0.0.0 Safari/537.36"
77.33.147.61 - - [09/Nov/2023:09:17:33 +0000] "GET /favicon.ico HTTP/1.1" 404 4180 "https://www.youtube.com/" "Mozilla/5.0 (Windows NT 10.0; Win64; x64) AppleWebKit/537.36 (KHTML, like Gecko) Chrome/119.0.0.0 Safari/537.36"
77.33.147.61 - - [09/Nov/2023:09:17:50 +0000] "-" 408 511 "-" "-"
77.214.110.248 - - [09/Nov/2023:09:17:59 +0000] "GET /findex.html HTTP/1.1" 200 1291 "https://talmedos.com/" "Mozilla/5.0 (Macintosh; Intel Mac OS X 10_15_7) AppleWebKit/537.36 (KHTML, like Gecko) Chrome/119.0.0.0 Safari/537.36"
77.214.110.248 - - [09/Nov/2023:09:17:59 +0000] "GET /images/KMS120.jpeg HTTP/1.1" 200 104236 "https://talmedos.com/findex.html" "Mozilla/5.0 (Macintosh; Intel Mac OS X 10_15_7) AppleWebKit/537.36 (KHTML, like Gecko) Chrome/119.0.0.0 Safari/537.36"
77.214.110.248 - - [09/Nov/2023:09:17:59 +0000] "GET /images/KMS8760.jpeg HTTP/1.1" 200 805429 "https://talmedos.com/findex.html" "Mozilla/5.0 (Macintosh; Intel Mac OS X 10_15_7) AppleWebKit/537.36 (KHTML, like Gecko) Chrome/119.0.0.0 Safari/537.36"
77.214.110.248 - - [09/Nov/2023:09:17:59 +0000] "GET /images/KKSgb6844.jpeg HTTP/1.1" 200 1212067 "https://talmedos.com/findex.html" "Mozilla/5.0 (Macintosh; Intel Mac OS X 10_15_7) AppleWebKit/537.36 (KHTML, like Gecko) Chrome/119.0.0.0 Safari/537.36"
77.214.110.248 - - [09/Nov/2023:09:18:25 +0000] "GET /image/KMS1509.jpg HTTP/1.1" 404 1025 "https://talmedos.com/yindex.html" "Mozilla/5.0 (Macintosh; Intel Mac OS X 10_15_7) AppleWebKit/537.36 (KHTML, like Gecko) Chrome/119.0.0.0 Safari/537.36"
13.40.2.76 - - [09/Nov/2023:09:18:43 +0000] "GET /doc/script/lib/seajs/config/sea-config.js HTTP/1.1" 404 3540 "-" "'Cloud mapping experiment. Contact research@pdrlabs.net'"
192.0.102.40 - - [09/Nov/2023:09:19:34 +0000] "HEAD / HTTP/1.1" 200 3836 "-" "jetmon/1.0 (Jetpack Site Uptime Monitor by WordPress.com)"
