5.179.80.205 - - [31/Oct/2023:13:31:42 +0000] "GET /wp-content/plugins/jetpack/_inc/build/contact-form/js/editor-view.min.js?ver=12.6.2 HTTP/1.1" 200 2064 "https://talmedos.com/wp-admin/post-new.php?post_type=page" "Mozilla/5.0 (Macintosh; Intel Mac OS X 10_15_7) AppleWebKit/537.36 (KHTML, like Gecko) Chrome/118.0.0.0 Safari/537.36"
5.179.80.205 - - [31/Oct/2023:13:31:42 +0000] "GET /wp-includes/js/tinymce/plugins/compat3x/plugin.min.js?ver=49110-20201110 HTTP/1.1" 200 2156 "https://talmedos.com/wp-admin/post-new.php?post_type=page" "Mozilla/5.0 (Macintosh; Intel Mac OS X 10_15_7) AppleWebKit/537.36 (KHTML, like Gecko) Chrome/118.0.0.0 Safari/537.36"
5.179.80.205 - - [31/Oct/2023:13:31:42 +0000] "GET /wp-includes/js/tinymce/tinymce.min.js?ver=49110-20201110 HTTP/1.1" 200 125844 "https://talmedos.com/wp-admin/post-new.php?post_type=page" "Mozilla/5.0 (Macintosh; Intel Mac OS X 10_15_7) AppleWebKit/537.36 (KHTML, like Gecko) Chrome/118.0.0.0 Safari/537.36"
5.179.80.205 - - [31/Oct/2023:13:31:41 +0000] "GET /index.php?rest_route=%2Fwpcom%2Fv2%2Fexternal-media%2Flist%2Fgoogle_photos&search=mountain&number=10&path=recent&_locale=user HTTP/1.1" 500 776 "https://talmedos.com/wp-admin/post-new.php?post_type=page" "Mozilla/5.0 (Macintosh; Intel Mac OS X 10_15_7) AppleWebKit/537.36 (KHTML, like Gecko) Chrome/118.0.0.0 Safari/537.36"
5.179.80.205 - - [31/Oct/2023:13:31:43 +0000] "GET /index.php?rest_route=%2Fjetpack%2Fv4%2Fmodule%2Fall&_locale=user HTTP/1.1" 200 77744 "https://talmedos.com/wp-admin/post-new.php?post_type=page" "Mozilla/5.0 (Macintosh; Intel Mac OS X 10_15_7) AppleWebKit/537.36 (KHTML, like Gecko) Chrome/118.0.0.0 Safari/537.36"
5.179.80.205 - - [31/Oct/2023:13:31:43 +0000] "GET /index.php?rest_route=%2Fwpcom%2Fv2%2Fjetpack-ai%2Fai-assistant-feature&_locale=user HTTP/1.1" 200 884 "https://talmedos.com/wp-admin/post-new.php?post_type=page" "Mozilla/5.0 (Macintosh; Intel Mac OS X 10_15_7) AppleWebKit/537.36 (KHTML, like Gecko) Chrome/118.0.0.0 Safari/537.36"
5.179.80.205 - - [31/Oct/2023:13:31:43 +0000] "GET /index.php?rest_route=/wp/v2/blocks&context=edit&per_page=100&_locale=user HTTP/1.1" 200 728 "https://talmedos.com/wp-admin/post-new.php?post_type=page" "Mozilla/5.0 (Macintosh; Intel Mac OS X 10_15_7) AppleWebKit/537.36 (KHTML, like Gecko) Chrome/118.0.0.0 Safari/537.36"
5.179.80.205 - - [31/Oct/2023:13:31:43 +0000] "GET /index.php?rest_route=%2Fwp%2Fv2%2Fblock-patterns%2Fcategories&_locale=user HTTP/1.1" 200 2737 "https://talmedos.com/wp-admin/post-new.php?post_type=page" "Mozilla/5.0 (Macintosh; Intel Mac OS X 10_15_7) AppleWebKit/537.36 (KHTML, like Gecko) Chrome/118.0.0.0 Safari/537.36"
5.179.80.205 - - [31/Oct/2023:13:31:43 +0000] "GET /index.php?rest_route=%2F&_fields=description%2Cgmt_offset%2Chome%2Cname%2Csite_icon%2Csite_icon_url%2Csite_logo%2Ctimezone_string%2Curl&_locale=user HTTP/1.1" 200 1687 "https://talmedos.com/wp-admin/post-new.php?post_type=page" "Mozilla/5.0 (Macintosh; Intel Mac OS X 10_15_7) AppleWebKit/537.36 (KHTML, like Gecko) Chrome/118.0.0.0 Safari/537.36"
5.179.80.205 - - [31/Oct/2023:13:31:44 +0000] "GET /index.php?rest_route=%2Fwp%2Fv2%2Fusers&context=view&who=authors&per_page=50&_fields=id%2Cname&_locale=user HTTP/1.1" 200 877 "https://talmedos.com/wp-admin/post-new.php?post_type=page" "Mozilla/5.0 (Macintosh; Intel Mac OS X 10_15_7) AppleWebKit/537.36 (KHTML, like Gecko) Chrome/118.0.0.0 Safari/537.36"
5.179.80.205 - - [31/Oct/2023:13:31:44 +0000] "GET /index.php?rest_route=/wp/v2/taxonomies&context=edit&per_page=100&_locale=user HTTP/1.1" 200 11251 "https://talmedos.com/wp-admin/post-new.php?post_type=page" "Mozilla/5.0 (Macintosh; Intel Mac OS X 10_15_7) AppleWebKit/537.36 (KHTML, like Gecko) Chrome/118.0.0.0 Safari/537.36"
5.179.80.205 - - [31/Oct/2023:13:31:45 +0000] "GET /?page_id=88&_wp-find-template=true&_locale=user HTTP/1.1" 200 2522 "https://talmedos.com/wp-admin/post-new.php?post_type=page" "Mozilla/5.0 (Macintosh; Intel Mac OS X 10_15_7) AppleWebKit/537.36 (KHTML, like Gecko) Chrome/118.0.0.0 Safari/537.36"
5.179.80.205 - - [31/Oct/2023:13:31:43 +0000] "GET /index.php?rest_route=%2Fwp%2Fv2%2Fblock-patterns%2Fpatterns&_locale=user HTTP/1.1" 200 525868 "https://talmedos.com/wp-admin/post-new.php?post_type=page" "Mozilla/5.0 (Macintosh; Intel Mac OS X 10_15_7) AppleWebKit/537.36 (KHTML, like Gecko) Chrome/118.0.0.0 Safari/537.36"
5.179.80.205 - - [31/Oct/2023:13:31:45 +0000] "OPTIONS /index.php?rest_route=%2Fwp%2Fv2%2Fpages%2F88&_locale=user HTTP/1.1" 200 11229 "https://talmedos.com/wp-admin/post-new.php?post_type=page" "Mozilla/5.0 (Macintosh; Intel Mac OS X 10_15_7) AppleWebKit/537.36 (KHTML, like Gecko) Chrome/118.0.0.0 Safari/537.36"
5.179.80.205 - - [31/Oct/2023:13:31:45 +0000] "GET /index.php?rest_route=%2Fwp%2Fv2%2Fpages&context=edit&per_page=100&exclude=88&parent_exclude=88&orderby=menu_order&order=asc&_fields=id%2Ctitle%2Cparent&_locale=user HTTP/1.1" 200 989 "https://talmedos.com/wp-admin/post-new.php?post_type=page" "Mozilla/5.0 (Macintosh; Intel Mac OS X 10_15_7) AppleWebKit/537.36 (KHTML, like Gecko) Chrome/118.0.0.0 Safari/537.36"
5.179.80.205 - - [31/Oct/2023:13:31:46 +0000] "GET /index.php?rest_route=%2Fwp%2Fv2%2Fthemes&context=edit&status=active&_locale=user HTTP/1.1" 200 5015 "https://talmedos.com/wp-admin/post-new.php?post_type=page" "Mozilla/5.0 (Macintosh; Intel Mac OS X 10_15_7) AppleWebKit/537.36 (KHTML, like Gecko) Chrome/118.0.0.0 Safari/537.36"
5.179.80.205 - - [31/Oct/2023:13:31:46 +0000] "GET /index.php?rest_route=%2Fwp%2Fv2%2Ftemplates%2Ftwentytwentytwo%2F%2Fpage&context=edit&_locale=user HTTP/1.1" 200 3158 "https://talmedos.com/wp-admin/post-new.php?post_type=page" "Mozilla/5.0 (Macintosh; Intel Mac OS X 10_15_7) AppleWebKit/537.36 (KHTML, like Gecko) Chrome/118.0.0.0 Safari/537.36"
5.179.80.205 - - [31/Oct/2023:13:31:46 +0000] "GET /index.php?rest_route=%2Fjetpack%2Fv4%2Fmodule%2Fall&_locale=user HTTP/1.1" 200 77744 "https://talmedos.com/wp-admin/post-new.php?post_type=page" "Mozilla/5.0 (Macintosh; Intel Mac OS X 10_15_7) AppleWebKit/537.36 (KHTML, like Gecko) Chrome/118.0.0.0 Safari/537.36"
46.101.144.32 - - [31/Oct/2023:13:32:43 +0000] "POST /wp-cron.php?doing_wp_cron=1698759163.0273089408874511718750 HTTP/1.1" 200 3995 "-" "WordPress/6.3.2; https://talmedos.com"
5.179.80.205 - - [31/Oct/2023:13:32:42 +0000] "POST /wp-admin/admin-ajax.php HTTP/1.1" 200 1180 "https://talmedos.com/wp-admin/post-new.php?post_type=page" "Mozilla/5.0 (Macintosh; Intel Mac OS X 10_15_7) AppleWebKit/537.36 (KHTML, like Gecko) Chrome/118.0.0.0 Safari/537.36"
46.101.144.32 - - [31/Oct/2023:13:34:26 +0000] "POST /wp-cron.php?doing_wp_cron=1698759266.2501680850982666015625 HTTP/1.1" 200 3995 "-" "WordPress/6.3.2; https://talmedos.com"
5.179.80.205 - - [31/Oct/2023:13:34:26 +0000] "POST /wp-admin/admin-ajax.php HTTP/1.1" 200 1180 "https://talmedos.com/wp-admin/post-new.php?post_type=page" "Mozilla/5.0 (Macintosh; Intel Mac OS X 10_15_7) AppleWebKit/537.36 (KHTML, like Gecko) Chrome/118.0.0.0 Safari/537.36"
192.0.102.40 - - [31/Oct/2023:13:34:28 +0000] "HEAD / HTTP/1.1" 200 3915 "-" "jetmon/1.0 (Jetpack Site Uptime Monitor by WordPress.com)"
46.101.144.32 - - [31/Oct/2023:13:35:07 +0000] "POST /wp-cron.php?doing_wp_cron=1698759307.8137810230255126953125 HTTP/1.1" 200 3995 "-" "WordPress/6.3.2; https://talmedos.com"
46.101.144.32 - - [31/Oct/2023:13:35:07 +0000] "POST /wp-cron.php?doing_wp_cron=1698759307.8122329711914062500000 HTTP/1.1" 200 3995 "-" "WordPress/6.3.2; https://talmedos.com"
46.101.144.32 - - [31/Oct/2023:13:35:07 +0000] "POST /wp-cron.php?doing_wp_cron=1698759307.8151879310607910156250 HTTP/1.1" 200 3995 "-" "WordPress/6.3.2; https://talmedos.com"
5.179.80.205 - - [31/Oct/2023:13:35:07 +0000] "GET /index.php?rest_route=%2Fwp%2Fv2%2Fmedia&context=edit&per_page=1&media_type=video&orderBy=date&_locale=user HTTP/1.1" 200 1240 "https://talmedos.com/wp-admin/post-new.php?post_type=page" "Mozilla/5.0 (Macintosh; Intel Mac OS X 10_15_7) AppleWebKit/537.36 (KHTML, like Gecko) Chrome/118.0.0.0 Safari/537.36"
5.179.80.205 - - [31/Oct/2023:13:35:07 +0000] "GET /index.php?rest_route=%2Fwp%2Fv2%2Fmedia&context=edit&per_page=1&media_type=audio&orderBy=date&_locale=user HTTP/1.1" 200 4395 "https://talmedos.com/wp-admin/post-new.php?post_type=page" "Mozilla/5.0 (Macintosh; Intel Mac OS X 10_15_7) AppleWebKit/537.36 (KHTML, like Gecko) Chrome/118.0.0.0 Safari/537.36"
5.179.80.205 - - [31/Oct/2023:13:35:07 +0000] "GET /index.php?rest_route=%2Fwp%2Fv2%2Fmedia&context=edit&per_page=1&media_type=image&orderBy=date&_locale=user HTTP/1.1" 200 5745 "https://talmedos.com/wp-admin/post-new.php?post_type=page" "Mozilla/5.0 (Macintosh; Intel Mac OS X 10_15_7) AppleWebKit/537.36 (KHTML, like Gecko) Chrome/118.0.0.0 Safari/537.36"
5.179.80.205 - - [31/Oct/2023:13:35:09 +0000] "GET /wp-includes/css/dist/block-editor/style.min.css?ver=6.3.2 HTTP/1.1" 200 15581 "-" "Mozilla/5.0 (Macintosh; Intel Mac OS X 10_15_7) AppleWebKit/537.36 (KHTML, like Gecko) Chrome/118.0.0.0 Safari/537.36"
5.179.80.205 - - [31/Oct/2023:13:35:09 +0000] "GET /wp-includes/css/dist/components/style.min.css?ver=6.3.2 HTTP/1.1" 200 12344 "-" "Mozilla/5.0 (Macintosh; Intel Mac OS X 10_15_7) AppleWebKit/537.36 (KHTML, like Gecko) Chrome/118.0.0.0 Safari/537.36"
5.179.80.205 - - [31/Oct/2023:13:35:09 +0000] "GET /wp-includes/css/dist/reusable-blocks/style.min.css?ver=6.3.2 HTTP/1.1" 200 600 "-" "Mozilla/5.0 (Macintosh; Intel Mac OS X 10_15_7) AppleWebKit/537.36 (KHTML, like Gecko) Chrome/118.0.0.0 Safari/537.36"
5.179.80.205 - - [31/Oct/2023:13:35:09 +0000] "GET /wp-includes/css/dist/editor/style.min.css?ver=6.3.2 HTTP/1.1" 200 4550 "-" "Mozilla/5.0 (Macintosh; Intel Mac OS X 10_15_7) AppleWebKit/537.36 (KHTML, like Gecko) Chrome/118.0.0.0 Safari/537.36"
5.179.80.205 - - [31/Oct/2023:13:35:09 +0000] "GET /wp-includes/css/dist/block-editor/content.min.css?ver=6.3.2 HTTP/1.1" 200 8363 "-" "Mozilla/5.0 (Macintosh; Intel Mac OS X 10_15_7) AppleWebKit/537.36 (KHTML, like Gecko) Chrome/118.0.0.0 Safari/537.36"
5.179.80.205 - - [31/Oct/2023:13:35:09 +0000] "GET /wp-includes/css/dist/block-library/style.min.css?ver=6.3.2 HTTP/1.1" 200 14780 "-" "Mozilla/5.0 (Macintosh; Intel Mac OS X 10_15_7) AppleWebKit/537.36 (KHTML, like Gecko) Chrome/118.0.0.0 Safari/537.36"
5.179.80.205 - - [31/Oct/2023:13:35:09 +0000] "GET /wp-includes/css/dist/block-library/theme.min.css?ver=6.3.2 HTTP/1.1" 200 1063 "-" "Mozilla/5.0 (Macintosh; Intel Mac OS X 10_15_7) AppleWebKit/537.36 (KHTML, like Gecko) Chrome/118.0.0.0 Safari/537.36"
5.179.80.205 - - [31/Oct/2023:13:35:09 +0000] "GET /wp-includes/css/dist/block-library/editor.min.css?ver=6.3.2 HTTP/1.1" 200 12640 "-" "Mozilla/5.0 (Macintosh; Intel Mac OS X 10_15_7) AppleWebKit/537.36 (KHTML, like Gecko) Chrome/118.0.0.0 Safari/537.36"
5.179.80.205 - - [31/Oct/2023:13:35:09 +0000] "GET /wp-admin/load-scripts.php?c=0&load%5Bchunk_0%5D=wp-polyfill-inert,regenerator-runtime,wp-polyfill&ver=6.3.2 HTTP/1.1" 200 10834 "-" "Mozilla/5.0 (Macintosh; Intel Mac OS X 10_15_7) AppleWebKit/537.36 (KHTML, like Gecko) Chrome/118.0.0.0 Safari/537.36"
5.179.80.205 - - [31/Oct/2023:13:35:09 +0000] "GET /wp-includes/js/utils.min.js?ver=6.3.2 HTTP/1.1" 200 1190 "-" "Mozilla/5.0 (Macintosh; Intel Mac OS X 10_15_7) AppleWebKit/537.36 (KHTML, like Gecko) Chrome/118.0.0.0 Safari/537.36"
5.179.80.205 - - [31/Oct/2023:13:35:10 +0000] "GET /wp-content/plugins/jetpack/_inc/blocks/swiper.css?minify=false&ver=250f2a70eef2093db46f HTTP/1.1" 200 4322 "https://talmedos.com/wp-admin/post-new.php?post_type=page" "Mozilla/5.0 (Macintosh; Intel Mac OS X 10_15_7) AppleWebKit/537.36 (KHTML, like Gecko) Chrome/118.0.0.0 Safari/537.36"
5.179.80.205 - - [31/Oct/2023:13:35:10 +0000] "GET /wp-content/plugins/jetpack/_inc/blocks/images/slideshow_example-2-2ee401e47066229bdac5.jpg HTTP/1.1" 200 12397 "-" "Mozilla/5.0 (Macintosh; Intel Mac OS X 10_15_7) AppleWebKit/537.36 (KHTML, like Gecko) Chrome/118.0.0.0 Safari/537.36"
5.179.80.205 - - [31/Oct/2023:13:35:10 +0000] "GET /wp-content/plugins/jetpack/_inc/blocks/images/slideshow_example-3-0682afca66c485f17ff6.jpg HTTP/1.1" 200 39450 "-" "Mozilla/5.0 (Macintosh; Intel Mac OS X 10_15_7) AppleWebKit/537.36 (KHTML, like Gecko) Chrome/118.0.0.0 Safari/537.36"
5.179.80.205 - - [31/Oct/2023:13:35:10 +0000] "GET /wp-content/plugins/jetpack/_inc/blocks/images/slideshow_example-1-07a3f164621235df0419.jpg HTTP/1.1" 200 25642 "-" "Mozilla/5.0 (Macintosh; Intel Mac OS X 10_15_7) AppleWebKit/537.36 (KHTML, like Gecko) Chrome/118.0.0.0 Safari/537.36"
5.179.80.205 - - [31/Oct/2023:13:35:10 +0000] "GET /wp-content/plugins/jetpack/_inc/blocks/147.js?minify=false&ver=1b3db0665a1f096964ac HTTP/1.1" 200 39365 "https://talmedos.com/wp-admin/post-new.php?post_type=page" "Mozilla/5.0 (Macintosh; Intel Mac OS X 10_15_7) AppleWebKit/537.36 (KHTML, like Gecko) Chrome/118.0.0.0 Safari/537.36"
5.179.80.205 - - [31/Oct/2023:13:35:10 +0000] "GET /index.php?rest_route=%2Fwpcom%2Fv2%2Fexternal-media%2Flist%2Fgoogle_photos&search=mountain&number=10&path=recent&_locale=user HTTP/1.1" 500 776 "-" "Mozilla/5.0 (Macintosh; Intel Mac OS X 10_15_7) AppleWebKit/537.36 (KHTML, like Gecko) Chrome/118.0.0.0 Safari/537.36"
5.179.80.205 - - [31/Oct/2023:13:35:10 +0000] "GET /index.php?rest_route=%2Fwp%2Fv2%2Fmedia%2F22&context=edit&_locale=user HTTP/1.1" 404 772 "https://talmedos.com/wp-admin/post-new.php?post_type=page" "Mozilla/5.0 (Macintosh; Intel Mac OS X 10_15_7) AppleWebKit/537.36 (KHTML, like Gecko) Chrome/118.0.0.0 Safari/537.36"
5.179.80.205 - - [31/Oct/2023:13:35:10 +0000] "GET /index.php?rest_route=%2Fwp%2Fv2%2Fmedia%2F23&context=edit&_locale=user HTTP/1.1" 200 4525 "https://talmedos.com/wp-admin/post-new.php?post_type=page" "Mozilla/5.0 (Macintosh; Intel Mac OS X 10_15_7) AppleWebKit/537.36 (KHTML, like Gecko) Chrome/118.0.0.0 Safari/537.36"
5.179.80.205 - - [31/Oct/2023:13:35:11 +0000] "GET /index.php?rest_route=/wp/v2/menus&context=view&per_page=100&_locale=user HTTP/1.1" 200 728 "https://talmedos.com/wp-admin/post-new.php?post_type=page" "Mozilla/5.0 (Macintosh; Intel Mac OS X 10_15_7) AppleWebKit/537.36 (KHTML, like Gecko) Chrome/118.0.0.0 Safari/537.36"
5.179.80.205 - - [31/Oct/2023:13:35:11 +0000] "GET /index.php?rest_route=%2Fwp%2Fv2%2Fnavigation&context=edit&per_page=100&status%5B0%5D=publish&status%5B1%5D=draft&order=desc&orderby=date&_locale=user HTTP/1.1" 200 1240 "https://talmedos.com/wp-admin/post-new.php?post_type=page" "Mozilla/5.0 (Macintosh; Intel Mac OS X 10_15_7) AppleWebKit/537.36 (KHTML, like Gecko) Chrome/118.0.0.0 Safari/537.36"
5.179.80.205 - - [31/Oct/2023:13:35:11 +0000] "GET /index.php?rest_route=/wp/v2/pages&context=view&parent=0&order=asc&orderby=id&per_page=100&_locale=user HTTP/1.1" 200 8732 "https://talmedos.com/wp-admin/post-new.php?post_type=page" "Mozilla/5.0 (Macintosh; Intel Mac OS X 10_15_7) AppleWebKit/537.36 (KHTML, like Gecko) Chrome/118.0.0.0 Safari/537.36"
5.179.80.205 - - [31/Oct/2023:13:35:11 +0000] "OPTIONS /index.php?rest_route=%2Fwp%2Fv2%2Fnavigation&_locale=user HTTP/1.1" 200 10012 "https://talmedos.com/wp-admin/post-new.php?post_type=page" "Mozilla/5.0 (Macintosh; Intel Mac OS X 10_15_7) AppleWebKit/537.36 (KHTML, like Gecko) Chrome/118.0.0.0 Safari/537.36"
5.179.80.205 - - [31/Oct/2023:13:35:25 +0000] "POST /wp-admin/admin-ajax.php HTTP/1.1" 200 1180 "https://talmedos.com/wp-admin/post-new.php?post_type=page" "Mozilla/5.0 (Macintosh; Intel Mac OS X 10_15_7) AppleWebKit/537.36 (KHTML, like Gecko) Chrome/118.0.0.0 Safari/537.36"
5.179.80.205 - - [31/Oct/2023:13:35:26 +0000] "POST /wp-admin/admin-ajax.php HTTP/1.1" 200 1075 "https://talmedos.com/wp-admin/post-new.php?post_type=page" "Mozilla/5.0 (Macintosh; Intel Mac OS X 10_15_7) AppleWebKit/537.36 (KHTML, like Gecko) Chrome/118.0.0.0 Safari/537.36"
5.179.80.205 - - [31/Oct/2023:13:35:26 +0000] "GET /wp-admin/edit.php?post_type=page HTTP/1.1" 200 19598 "https://talmedos.com/wp-admin/post-new.php?post_type=page" "Mozilla/5.0 (Macintosh; Intel Mac OS X 10_15_7) AppleWebKit/537.36 (KHTML, like Gecko) Chrome/118.0.0.0 Safari/537.36"
5.179.80.205 - - [31/Oct/2023:13:35:27 +0000] "GET /wp-admin/load-scripts.php?c=0&load%5Bchunk_0%5D=jquery-core,jquery-migrate,utils&ver=6.3.2 HTTP/1.1" 200 35563 "https://talmedos.com/wp-admin/edit.php?post_type=page" "Mozilla/5.0 (Macintosh; Intel Mac OS X 10_15_7) AppleWebKit/537.36 (KHTML, like Gecko) Chrome/118.0.0.0 Safari/537.36"
5.179.80.205 - - [31/Oct/2023:13:35:27 +0000] "GET /wp-admin/load-styles.php?c=0&dir=ltr&load%5Bchunk_0%5D=dashicons,admin-bar,common,forms,admin-menu,dashboard,list-tables,edit,revisions,media,themes,about,nav-menus,wp-pointer,widgets&load%5Bchunk_1%5D=,site-icon,l10n,buttons,wp-auth-check&ver=6.3.2 HTTP/1.1" 200 100585 "https://talmedos.com/wp-admin/edit.php?post_type=page" "Mozilla/5.0 (Macintosh; Intel Mac OS X 10_15_7) AppleWebKit/537.36 (KHTML, like Gecko) Chrome/118.0.0.0 Safari/537.36"
5.179.80.205 - - [31/Oct/2023:13:35:27 +0000] "GET /wp-admin/js/tags-suggest.min.js?ver=6.3.2 HTTP/1.1" 200 1445 "https://talmedos.com/wp-admin/edit.php?post_type=page" "Mozilla/5.0 (Macintosh; Intel Mac OS X 10_15_7) AppleWebKit/537.36 (KHTML, like Gecko) Chrome/118.0.0.0 Safari/537.36"
5.179.80.205 - - [31/Oct/2023:13:35:27 +0000] "GET /wp-admin/js/inline-edit-post.min.js?ver=6.3.2 HTTP/1.1" 200 3482 "https://talmedos.com/wp-admin/edit.php?post_type=page" "Mozilla/5.0 (Macintosh; Intel Mac OS X 10_15_7) AppleWebKit/537.36 (KHTML, like Gecko) Chrome/118.0.0.0 Safari/537.36"
5.179.80.205 - - [31/Oct/2023:13:35:27 +0000] "POST /wp-admin/admin-ajax.php HTTP/1.1" 200 617 "https://talmedos.com/wp-admin/edit.php?post_type=page" "Mozilla/5.0 (Macintosh; Intel Mac OS X 10_15_7) AppleWebKit/537.36 (KHTML, like Gecko) Chrome/118.0.0.0 Safari/537.36"
5.179.80.205 - - [31/Oct/2023:13:35:27 +0000] "GET /index.php?rest_route=/jetpack/v4/jitm&message_path=wp%3Aedit-page%3Aadmin_notices&query=post_type%253Dpage&full_jp_logo_exists=false&_wpnonce=afaa5a6283 HTTP/1.1" 200 1985 "https://talmedos.com/wp-admin/edit.php?post_type=page" "Mozilla/5.0 (Macintosh; Intel Mac OS X 10_15_7) AppleWebKit/537.36 (KHTML, like Gecko) Chrome/118.0.0.0 Safari/537.36"
5.179.80.205 - - [31/Oct/2023:13:35:31 +0000] "GET /wp-admin/post-new.php?post_type=page HTTP/1.1" 200 273235 "https://talmedos.com/wp-admin/edit.php?post_type=page" "Mozilla/5.0 (Macintosh; Intel Mac OS X 10_15_7) AppleWebKit/537.36 (KHTML, like Gecko) Chrome/118.0.0.0 Safari/537.36"
5.179.80.205 - - [31/Oct/2023:13:35:33 +0000] "GET /index.php?rest_route=%2Fwpcom%2Fv2%2Fexternal-media%2Flist%2Fgoogle_photos&search=mountain&number=10&path=recent&_locale=user HTTP/1.1" 500 1287 "https://talmedos.com/wp-admin/post-new.php?post_type=page" "Mozilla/5.0 (Macintosh; Intel Mac OS X 10_15_7) AppleWebKit/537.36 (KHTML, like Gecko) Chrome/118.0.0.0 Safari/537.36"
46.101.144.32 - - [31/Oct/2023:13:35:33 +0000] "GET /index.php?rest_route=%2Fjetpack%2Fv4%2Fsync%2Fspawn-sync&time=1698759333&request_lock_id=1698759333.2501 HTTP/1.1" 200 4032 "-" "WordPress/6.3.2; https://talmedos.com"
5.179.80.205 - - [31/Oct/2023:13:35:35 +0000] "GET /index.php?rest_route=%2Fjetpack%2Fv4%2Fmodule%2Fall&_locale=user HTTP/1.1" 200 78256 "https://talmedos.com/wp-admin/post-new.php?post_type=page" "Mozilla/5.0 (Macintosh; Intel Mac OS X 10_15_7) AppleWebKit/537.36 (KHTML, like Gecko) Chrome/118.0.0.0 Safari/537.36"
5.179.80.205 - - [31/Oct/2023:13:35:35 +0000] "GET /index.php?rest_route=%2Fwpcom%2Fv2%2Fjetpack-ai%2Fai-assistant-feature&_locale=user HTTP/1.1" 200 884 "https://talmedos.com/wp-admin/post-new.php?post_type=page" "Mozilla/5.0 (Macintosh; Intel Mac OS X 10_15_7) AppleWebKit/537.36 (KHTML, like Gecko) Chrome/118.0.0.0 Safari/537.36"
5.179.80.205 - - [31/Oct/2023:13:35:35 +0000] "GET /index.php?rest_route=/wp/v2/blocks&context=edit&per_page=100&_locale=user HTTP/1.1" 200 1240 "https://talmedos.com/wp-admin/post-new.php?post_type=page" "Mozilla/5.0 (Macintosh; Intel Mac OS X 10_15_7) AppleWebKit/537.36 (KHTML, like Gecko) Chrome/118.0.0.0 Safari/537.36"
5.179.80.205 - - [31/Oct/2023:13:35:35 +0000] "GET /index.php?rest_route=%2Fwp%2Fv2%2Fblock-patterns%2Fcategories&_locale=user HTTP/1.1" 200 6404 "https://talmedos.com/wp-admin/post-new.php?post_type=page" "Mozilla/5.0 (Macintosh; Intel Mac OS X 10_15_7) AppleWebKit/537.36 (KHTML, like Gecko) Chrome/118.0.0.0 Safari/537.36"
5.179.80.205 - - [31/Oct/2023:13:35:35 +0000] "GET /index.php?rest_route=%2F&_fields=description%2Cgmt_offset%2Chome%2Cname%2Csite_icon%2Csite_icon_url%2Csite_logo%2Ctimezone_string%2Curl&_locale=user HTTP/1.1" 200 1687 "https://talmedos.com/wp-admin/post-new.php?post_type=page" "Mozilla/5.0 (Macintosh; Intel Mac OS X 10_15_7) AppleWebKit/537.36 (KHTML, like Gecko) Chrome/118.0.0.0 Safari/537.36"
5.179.80.205 - - [31/Oct/2023:13:35:35 +0000] "GET /index.php?rest_route=%2Fwp%2Fv2%2Fblock-patterns%2Fpatterns&_locale=user HTTP/1.1" 200 526380 "https://talmedos.com/wp-admin/post-new.php?post_type=page" "Mozilla/5.0 (Macintosh; Intel Mac OS X 10_15_7) AppleWebKit/537.36 (KHTML, like Gecko) Chrome/118.0.0.0 Safari/537.36"
5.179.80.205 - - [31/Oct/2023:13:35:37 +0000] "GET /?page_id=89&_wp-find-template=true&_locale=user HTTP/1.1" 200 2522 "https://talmedos.com/wp-admin/post-new.php?post_type=page" "Mozilla/5.0 (Macintosh; Intel Mac OS X 10_15_7) AppleWebKit/537.36 (KHTML, like Gecko) Chrome/118.0.0.0 Safari/537.36"
5.179.80.205 - - [31/Oct/2023:13:35:36 +0000] "GET /index.php?rest_route=%2Fwp%2Fv2%2Fusers&context=view&who=authors&per_page=50&_fields=id%2Cname&_locale=user HTTP/1.1" 200 877 "https://talmedos.com/wp-admin/post-new.php?post_type=page" "Mozilla/5.0 (Macintosh; Intel Mac OS X 10_15_7) AppleWebKit/537.36 (KHTML, like Gecko) Chrome/118.0.0.0 Safari/537.36"
5.179.80.205 - - [31/Oct/2023:13:35:36 +0000] "GET /index.php?rest_route=/wp/v2/taxonomies&context=edit&per_page=100&_locale=user HTTP/1.1" 200 11251 "https://talmedos.com/wp-admin/post-new.php?post_type=page" "Mozilla/5.0 (Macintosh; Intel Mac OS X 10_15_7) AppleWebKit/537.36 (KHTML, like Gecko) Chrome/118.0.0.0 Safari/537.36"
5.179.80.205 - - [31/Oct/2023:13:35:37 +0000] "OPTIONS /index.php?rest_route=%2Fwp%2Fv2%2Fpages%2F89&_locale=user HTTP/1.1" 200 11229 "https://talmedos.com/wp-admin/post-new.php?post_type=page" "Mozilla/5.0 (Macintosh; Intel Mac OS X 10_15_7) AppleWebKit/537.36 (KHTML, like Gecko) Chrome/118.0.0.0 Safari/537.36"
5.179.80.205 - - [31/Oct/2023:13:35:37 +0000] "GET /index.php?rest_route=%2Fwp%2Fv2%2Fpages&context=edit&per_page=100&exclude=89&parent_exclude=89&orderby=menu_order&order=asc&_fields=id%2Ctitle%2Cparent&_locale=user HTTP/1.1" 200 989 "https://talmedos.com/wp-admin/post-new.php?post_type=page" "Mozilla/5.0 (Macintosh; Intel Mac OS X 10_15_7) AppleWebKit/537.36 (KHTML, like Gecko) Chrome/118.0.0.0 Safari/537.36"
5.179.80.205 - - [31/Oct/2023:13:35:37 +0000] "GET /index.php?rest_route=%2Fwp%2Fv2%2Fthemes&context=edit&status=active&_locale=user HTTP/1.1" 200 5015 "https://talmedos.com/wp-admin/post-new.php?post_type=page" "Mozilla/5.0 (Macintosh; Intel Mac OS X 10_15_7) AppleWebKit/537.36 (KHTML, like Gecko) Chrome/118.0.0.0 Safari/537.36"
5.179.80.205 - - [31/Oct/2023:13:35:38 +0000] "GET /index.php?rest_route=%2Fjetpack%2Fv4%2Fmodule%2Fall&_locale=user HTTP/1.1" 200 77744 "https://talmedos.com/wp-admin/post-new.php?post_type=page" "Mozilla/5.0 (Macintosh; Intel Mac OS X 10_15_7) AppleWebKit/537.36 (KHTML, like Gecko) Chrome/118.0.0.0 Safari/537.36"
5.179.80.205 - - [31/Oct/2023:13:35:38 +0000] "GET /index.php?rest_route=%2Fwp%2Fv2%2Ftemplates%2Ftwentytwentytwo%2F%2Fpage&context=edit&_locale=user HTTP/1.1" 200 3158 "https://talmedos.com/wp-admin/post-new.php?post_type=page" "Mozilla/5.0 (Macintosh; Intel Mac OS X 10_15_7) AppleWebKit/537.36 (KHTML, like Gecko) Chrome/118.0.0.0 Safari/537.36"
5.179.80.205 - - [31/Oct/2023:13:35:43 +0000] "POST /index.php?rest_route=%2Fwp%2Fv2%2Fusers%2Fme&_locale=user HTTP/1.1" 200 5945 "https://talmedos.com/wp-admin/post-new.php?post_type=page" "Mozilla/5.0 (Macintosh; Intel Mac OS X 10_15_7) AppleWebKit/537.36 (KHTML, like Gecko) Chrome/118.0.0.0 Safari/537.36"
46.101.144.32 - - [31/Oct/2023:13:35:44 +0000] "GET /index.php?rest_route=%2Fjetpack%2Fv4%2Fsync%2Fspawn-sync&time=1698759344&request_lock_id=1698759344.2669 HTTP/1.1" 200 4032 "-" "WordPress/6.3.2; https://talmedos.com"
46.101.144.32 - - [31/Oct/2023:13:35:48 +0000] "GET /index.php?rest_route=%2Fjetpack%2Fv4%2Fsync%2Fspawn-sync&time=1698759348&request_lock_id=1698759348.4802 HTTP/1.1" 200 4032 "-" "WordPress/6.3.2; https://talmedos.com"
5.179.80.205 - - [31/Oct/2023:13:35:48 +0000] "POST /index.php?rest_route=%2Fwp%2Fv2%2Fusers%2Fme&_locale=user HTTP/1.1" 200 5944 "https://talmedos.com/wp-admin/post-new.php?post_type=page" "Mozilla/5.0 (Macintosh; Intel Mac OS X 10_15_7) AppleWebKit/537.36 (KHTML, like Gecko) Chrome/118.0.0.0 Safari/537.36"
46.101.144.32 - - [31/Oct/2023:13:35:49 +0000] "GET /index.php?rest_route=%2Fjetpack%2Fv4%2Fsync%2Fspawn-sync&time=1698759349&request_lock_id=1698759349.77 HTTP/1.1" 200 4032 "-" "WordPress/6.3.2; https://talmedos.com"
5.179.80.205 - - [31/Oct/2023:13:35:49 +0000] "POST /index.php?rest_route=%2Fwp%2Fv2%2Fusers%2Fme&_locale=user HTTP/1.1" 200 5945 "https://talmedos.com/wp-admin/post-new.php?post_type=page" "Mozilla/5.0 (Macintosh; Intel Mac OS X 10_15_7) AppleWebKit/537.36 (KHTML, like Gecko) Chrome/118.0.0.0 Safari/537.36"
5.179.80.205 - - [31/Oct/2023:13:35:57 +0000] "GET /index.php?rest_route=%2Fwp%2Fv2%2Fmedia&context=edit&per_page=1&media_type=audio&orderBy=date&_locale=user HTTP/1.1" 200 4395 "https://talmedos.com/wp-admin/post-new.php?post_type=page" "Mozilla/5.0 (Macintosh; Intel Mac OS X 10_15_7) AppleWebKit/537.36 (KHTML, like Gecko) Chrome/118.0.0.0 Safari/537.36"
5.179.80.205 - - [31/Oct/2023:13:35:57 +0000] "GET /index.php?rest_route=%2Fwp%2Fv2%2Fmedia&context=edit&per_page=1&media_type=video&orderBy=date&_locale=user HTTP/1.1" 200 1240 "https://talmedos.com/wp-admin/post-new.php?post_type=page" "Mozilla/5.0 (Macintosh; Intel Mac OS X 10_15_7) AppleWebKit/537.36 (KHTML, like Gecko) Chrome/118.0.0.0 Safari/537.36"
5.179.80.205 - - [31/Oct/2023:13:35:57 +0000] "GET /index.php?rest_route=%2Fwp%2Fv2%2Fmedia&context=edit&per_page=1&media_type=image&orderBy=date&_locale=user HTTP/1.1" 200 5745 "https://talmedos.com/wp-admin/post-new.php?post_type=page" "Mozilla/5.0 (Macintosh; Intel Mac OS X 10_15_7) AppleWebKit/537.36 (KHTML, like Gecko) Chrome/118.0.0.0 Safari/537.36"
46.101.144.32 - - [31/Oct/2023:13:35:59 +0000] "POST /wp-cron.php?doing_wp_cron=1698759359.4176979064941406250000 HTTP/1.1" 200 3995 "-" "WordPress/6.3.2; https://talmedos.com"
5.179.80.205 - - [31/Oct/2023:13:35:59 +0000] "GET /index.php?rest_route=%2Fwpcom%2Fv2%2Fexternal-media%2Flist%2Fgoogle_photos&search=mountain&number=10&path=recent&_locale=user HTTP/1.1" 500 776 "-" "Mozilla/5.0 (Macintosh; Intel Mac OS X 10_15_7) AppleWebKit/537.36 (KHTML, like Gecko) Chrome/118.0.0.0 Safari/537.36"
46.101.144.32 - - [31/Oct/2023:13:36:09 +0000] "POST /wp-cron.php?doing_wp_cron=1698759369.4146649837493896484375 HTTP/1.1" 200 3995 "-" "WordPress/6.3.2; https://talmedos.com"
5.179.80.205 - - [31/Oct/2023:13:36:09 +0000] "POST /wp-admin/admin-ajax.php HTTP/1.1" 200 1075 "https://talmedos.com/wp-admin/post-new.php?post_type=page" "Mozilla/5.0 (Macintosh; Intel Mac OS X 10_15_7) AppleWebKit/537.36 (KHTML, like Gecko) Chrome/118.0.0.0 Safari/537.36"
5.179.80.205 - - [31/Oct/2023:13:36:10 +0000] "GET /wp-admin/edit.php?post_type=page HTTP/1.1" 200 19599 "https://talmedos.com/wp-admin/post-new.php?post_type=page" "Mozilla/5.0 (Macintosh; Intel Mac OS X 10_15_7) AppleWebKit/537.36 (KHTML, like Gecko) Chrome/118.0.0.0 Safari/537.36"
5.179.80.205 - - [31/Oct/2023:13:36:11 +0000] "POST /wp-admin/admin-ajax.php HTTP/1.1" 200 617 "https://talmedos.com/wp-admin/edit.php?post_type=page" "Mozilla/5.0 (Macintosh; Intel Mac OS X 10_15_7) AppleWebKit/537.36 (KHTML, like Gecko) Chrome/118.0.0.0 Safari/537.36"
5.179.80.205 - - [31/Oct/2023:13:36:11 +0000] "GET /index.php?rest_route=/jetpack/v4/jitm&message_path=wp%3Aedit-page%3Aadmin_notices&query=post_type%253Dpage&full_jp_logo_exists=false&_wpnonce=afaa5a6283 HTTP/1.1" 200 1205 "https://talmedos.com/wp-admin/edit.php?post_type=page" "Mozilla/5.0 (Macintosh; Intel Mac OS X 10_15_7) AppleWebKit/537.36 (KHTML, like Gecko) Chrome/118.0.0.0 Safari/537.36"
5.179.80.205 - - [31/Oct/2023:13:36:16 +0000] "GET /index.php?rest_route=%2Fwpcom%2Fv2%2Fexternal-media%2Flist%2Fgoogle_photos&search=mountain&number=10&path=recent&_locale=user HTTP/1.1" 500 776 "https://talmedos.com/wp-admin/post-new.php?post_type=page" "Mozilla/5.0 (Macintosh; Intel Mac OS X 10_15_7) AppleWebKit/537.36 (KHTML, like Gecko) Chrome/118.0.0.0 Safari/537.36"
5.179.80.205 - - [31/Oct/2023:13:36:14 +0000] "GET /wp-admin/post-new.php?post_type=page HTTP/1.1" 200 273176 "https://talmedos.com/wp-admin/edit.php?post_type=page" "Mozilla/5.0 (Macintosh; Intel Mac OS X 10_15_7) AppleWebKit/537.36 (KHTML, like Gecko) Chrome/118.0.0.0 Safari/537.36"
46.101.144.32 - - [31/Oct/2023:13:36:16 +0000] "GET /index.php?rest_route=%2Fjetpack%2Fv4%2Fsync%2Fspawn-sync&time=1698759376&request_lock_id=1698759376.1475 HTTP/1.1" 200 4032 "-" "WordPress/6.3.2; https://talmedos.com"
5.179.80.205 - - [31/Oct/2023:13:36:17 +0000] "GET /index.php?rest_route=%2Fwpcom%2Fv2%2Fjetpack-ai%2Fai-assistant-feature&_locale=user HTTP/1.1" 200 884 "https://talmedos.com/wp-admin/post-new.php?post_type=page" "Mozilla/5.0 (Macintosh; Intel Mac OS X 10_15_7) AppleWebKit/537.36 (KHTML, like Gecko) Chrome/118.0.0.0 Safari/537.36"
5.179.80.205 - - [31/Oct/2023:13:36:17 +0000] "GET /index.php?rest_route=%2Fjetpack%2Fv4%2Fmodule%2Fall&_locale=user HTTP/1.1" 200 78256 "https://talmedos.com/wp-admin/post-new.php?post_type=page" "Mozilla/5.0 (Macintosh; Intel Mac OS X 10_15_7) AppleWebKit/537.36 (KHTML, like Gecko) Chrome/118.0.0.0 Safari/537.36"
5.179.80.205 - - [31/Oct/2023:13:36:18 +0000] "GET /index.php?rest_route=/wp/v2/blocks&context=edit&per_page=100&_locale=user HTTP/1.1" 200 1240 "https://talmedos.com/wp-admin/post-new.php?post_type=page" "Mozilla/5.0 (Macintosh; Intel Mac OS X 10_15_7) AppleWebKit/537.36 (KHTML, like Gecko) Chrome/118.0.0.0 Safari/537.36"
5.179.80.205 - - [31/Oct/2023:13:36:18 +0000] "GET /index.php?rest_route=%2Fwp%2Fv2%2Fblock-patterns%2Fcategories&_locale=user HTTP/1.1" 200 6404 "https://talmedos.com/wp-admin/post-new.php?post_type=page" "Mozilla/5.0 (Macintosh; Intel Mac OS X 10_15_7) AppleWebKit/537.36 (KHTML, like Gecko) Chrome/118.0.0.0 Safari/537.36"
5.179.80.205 - - [31/Oct/2023:13:36:18 +0000] "GET /index.php?rest_route=%2F&_fields=description%2Cgmt_offset%2Chome%2Cname%2Csite_icon%2Csite_icon_url%2Csite_logo%2Ctimezone_string%2Curl&_locale=user HTTP/1.1" 200 1687 "https://talmedos.com/wp-admin/post-new.php?post_type=page" "Mozilla/5.0 (Macintosh; Intel Mac OS X 10_15_7) AppleWebKit/537.36 (KHTML, like Gecko) Chrome/118.0.0.0 Safari/537.36"
5.179.80.205 - - [31/Oct/2023:13:36:19 +0000] "GET /?page_id=90&_wp-find-template=true&_locale=user HTTP/1.1" 200 2522 "https://talmedos.com/wp-admin/post-new.php?post_type=page" "Mozilla/5.0 (Macintosh; Intel Mac OS X 10_15_7) AppleWebKit/537.36 (KHTML, like Gecko) Chrome/118.0.0.0 Safari/537.36"
5.179.80.205 - - [31/Oct/2023:13:36:18 +0000] "GET /index.php?rest_route=%2Fwp%2Fv2%2Fblock-patterns%2Fpatterns&_locale=user HTTP/1.1" 200 526380 "https://talmedos.com/wp-admin/post-new.php?post_type=page" "Mozilla/5.0 (Macintosh; Intel Mac OS X 10_15_7) AppleWebKit/537.36 (KHTML, like Gecko) Chrome/118.0.0.0 Safari/537.36"
5.179.80.205 - - [31/Oct/2023:13:36:19 +0000] "GET /index.php?rest_route=%2Fjetpack%2Fv4%2Fmodule%2Fall&_locale=user HTTP/1.1" 200 77744 "https://talmedos.com/wp-admin/post-new.php?post_type=page" "Mozilla/5.0 (Macintosh; Intel Mac OS X 10_15_7) AppleWebKit/537.36 (KHTML, like Gecko) Chrome/118.0.0.0 Safari/537.36"
5.179.80.205 - - [31/Oct/2023:13:36:20 +0000] "GET /index.php?rest_route=%2Fwp%2Fv2%2Ftemplates%2Ftwentytwentytwo%2F%2Fpage&context=edit&_locale=user HTTP/1.1" 200 3158 "https://talmedos.com/wp-admin/post-new.php?post_type=page" "Mozilla/5.0 (Macintosh; Intel Mac OS X 10_15_7) AppleWebKit/537.36 (KHTML, like Gecko) Chrome/118.0.0.0 Safari/537.36"
5.179.80.205 - - [31/Oct/2023:13:36:37 +0000] "GET /index.php?rest_route=%2Fwp%2Fv2%2Fmedia&context=edit&per_page=1&media_type=audio&orderBy=date&_locale=user HTTP/1.1" 200 4395 "https://talmedos.com/wp-admin/post-new.php?post_type=page" "Mozilla/5.0 (Macintosh; Intel Mac OS X 10_15_7) AppleWebKit/537.36 (KHTML, like Gecko) Chrome/118.0.0.0 Safari/537.36"
46.101.144.32 - - [31/Oct/2023:13:36:37 +0000] "POST /wp-cron.php?doing_wp_cron=1698759397.7827870845794677734375 HTTP/1.1" 200 3995 "-" "WordPress/6.3.2; https://talmedos.com"
46.101.144.32 - - [31/Oct/2023:13:36:37 +0000] "POST /wp-cron.php?doing_wp_cron=1698759397.7841069698333740234375 HTTP/1.1" 200 3995 "-" "WordPress/6.3.2; https://talmedos.com"
5.179.80.205 - - [31/Oct/2023:13:36:37 +0000] "GET /index.php?rest_route=%2Fwp%2Fv2%2Fmedia&context=edit&per_page=1&media_type=video&orderBy=date&_locale=user HTTP/1.1" 200 1240 "https://talmedos.com/wp-admin/post-new.php?post_type=page" "Mozilla/5.0 (Macintosh; Intel Mac OS X 10_15_7) AppleWebKit/537.36 (KHTML, like Gecko) Chrome/118.0.0.0 Safari/537.36"
5.179.80.205 - - [31/Oct/2023:13:36:37 +0000] "GET /index.php?rest_route=%2Fwp%2Fv2%2Fmedia&context=edit&per_page=1&media_type=image&orderBy=date&_locale=user HTTP/1.1" 200 5745 "https://talmedos.com/wp-admin/post-new.php?post_type=page" "Mozilla/5.0 (Macintosh; Intel Mac OS X 10_15_7) AppleWebKit/537.36 (KHTML, like Gecko) Chrome/118.0.0.0 Safari/537.36"
5.179.80.205 - - [31/Oct/2023:13:36:39 +0000] "POST /wp-admin/admin-ajax.php HTTP/1.1" 200 563 "https://talmedos.com/wp-admin/post-new.php?post_type=page" "Mozilla/5.0 (Macintosh; Intel Mac OS X 10_15_7) AppleWebKit/537.36 (KHTML, like Gecko) Chrome/118.0.0.0 Safari/537.36"
5.179.80.205 - - [31/Oct/2023:13:36:39 +0000] "GET /wp-admin/edit.php?post_type=page HTTP/1.1" 200 19599 "https://talmedos.com/wp-admin/post-new.php?post_type=page" "Mozilla/5.0 (Macintosh; Intel Mac OS X 10_15_7) AppleWebKit/537.36 (KHTML, like Gecko) Chrome/118.0.0.0 Safari/537.36"
5.179.80.205 - - [31/Oct/2023:13:36:40 +0000] "POST /wp-admin/admin-ajax.php HTTP/1.1" 200 617 "https://talmedos.com/wp-admin/edit.php?post_type=page" "Mozilla/5.0 (Macintosh; Intel Mac OS X 10_15_7) AppleWebKit/537.36 (KHTML, like Gecko) Chrome/118.0.0.0 Safari/537.36"
5.179.80.205 - - [31/Oct/2023:13:36:40 +0000] "GET /index.php?rest_route=/jetpack/v4/jitm&message_path=wp%3Aedit-page%3Aadmin_notices&query=post_type%253Dpage&full_jp_logo_exists=false&_wpnonce=afaa5a6283 HTTP/1.1" 200 693 "https://talmedos.com/wp-admin/edit.php?post_type=page" "Mozilla/5.0 (Macintosh; Intel Mac OS X 10_15_7) AppleWebKit/537.36 (KHTML, like Gecko) Chrome/118.0.0.0 Safari/537.36"
5.179.80.205 - - [31/Oct/2023:13:36:46 +0000] "GET /wp-admin/plugins.php HTTP/1.1" 200 36784 "https://talmedos.com/wp-admin/edit.php?post_type=page" "Mozilla/5.0 (Macintosh; Intel Mac OS X 10_15_7) AppleWebKit/537.36 (KHTML, like Gecko) Chrome/118.0.0.0 Safari/537.36"
5.179.80.205 - - [31/Oct/2023:13:36:47 +0000] "GET /wp-admin/load-styles.php?c=0&dir=ltr&load%5Bchunk_0%5D=dashicons,admin-bar,common,forms,admin-menu,dashboard,list-tables,edit,revisions,media,themes,about,nav-menus,wp-pointer,widgets&load%5Bchunk_1%5D=,site-icon,l10n,buttons,wp-auth-check,wp-components&ver=6.3.2 HTTP/1.1" 200 111824 "https://talmedos.com/wp-admin/plugins.php" "Mozilla/5.0 (Macintosh; Intel Mac OS X 10_15_7) AppleWebKit/537.36 (KHTML, like Gecko) Chrome/118.0.0.0 Safari/537.36"
5.179.80.205 - - [31/Oct/2023:13:36:47 +0000] "GET /wp-content/plugins/jetpack/_inc/build/plugins-page.css?minify=false&ver=3b69cdf07b94d472da2b HTTP/1.1" 200 3103 "https://talmedos.com/wp-admin/plugins.php" "Mozilla/5.0 (Macintosh; Intel Mac OS X 10_15_7) AppleWebKit/537.36 (KHTML, like Gecko) Chrome/118.0.0.0 Safari/537.36"
5.179.80.205 - - [31/Oct/2023:13:36:47 +0000] "GET /wp-content/plugins/wp-letsencrypt-ssl/freemius/assets/css/admin/dialog-boxes.css?ver=6.3.2 HTTP/1.1" 200 3621 "https://talmedos.com/wp-admin/plugins.php" "Mozilla/5.0 (Macintosh; Intel Mac OS X 10_15_7) AppleWebKit/537.36 (KHTML, like Gecko) Chrome/118.0.0.0 Safari/537.36"
5.179.80.205 - - [31/Oct/2023:13:36:47 +0000] "GET /wp-content/plugins/wp-letsencrypt-ssl/freemius/assets/css/admin/optout.css?ver=6.3.2 HTTP/1.1" 200 1972 "https://talmedos.com/wp-admin/plugins.php" "Mozilla/5.0 (Macintosh; Intel Mac OS X 10_15_7) AppleWebKit/537.36 (KHTML, like Gecko) Chrome/118.0.0.0 Safari/537.36"
5.179.80.205 - - [31/Oct/2023:13:36:47 +0000] "GET /wp-content/plugins/jetpack/jetpack_vendor/automattic/jetpack-connection/dist/tracks-callables.js?minify=false&ver=a96178e4d62fb695caa0 HTTP/1.1" 200 952 "https://talmedos.com/wp-admin/plugins.php" "Mozilla/5.0 (Macintosh; Intel Mac OS X 10_15_7) AppleWebKit/537.36 (KHTML, like Gecko) Chrome/118.0.0.0 Safari/537.36"
5.179.80.205 - - [31/Oct/2023:13:36:47 +0000] "GET /wp-content/plugins/wp-letsencrypt-ssl/admin/assets/1-year-ssl.png HTTP/1.1" 200 39995 "https://talmedos.com/wp-admin/plugins.php" "Mozilla/5.0 (Macintosh; Intel Mac OS X 10_15_7) AppleWebKit/537.36 (KHTML, like Gecko) Chrome/118.0.0.0 Safari/537.36"
5.179.80.205 - - [31/Oct/2023:13:36:47 +0000] "GET /wp-content/plugins/jetpack/_inc/build/plugins-page.js?minify=false&ver=3b69cdf07b94d472da2b HTTP/1.1" 200 23611 "https://talmedos.com/wp-admin/plugins.php" "Mozilla/5.0 (Macintosh; Intel Mac OS X 10_15_7) AppleWebKit/537.36 (KHTML, like Gecko) Chrome/118.0.0.0 Safari/537.36"
5.179.80.205 - - [31/Oct/2023:13:36:47 +0000] "GET /wp-admin/images/spinner-2x.gif HTTP/1.1" 200 11533 "https://talmedos.com/wp-admin/load-styles.php?c=0&dir=ltr&load%5Bchunk_0%5D=dashicons,admin-bar,common,forms,admin-menu,dashboard,list-tables,edit,revisions,media,themes,about,nav-menus,wp-pointer,widgets&load%5Bchunk_1%5D=,site-icon,l10n,buttons,wp-auth-check,wp-components&ver=6.3.2" "Mozilla/5.0 (Macintosh; Intel Mac OS X 10_15_7) AppleWebKit/537.36 (KHTML, like Gecko) Chrome/118.0.0.0 Safari/537.36"
5.179.80.205 - - [31/Oct/2023:13:36:48 +0000] "GET /index.php?rest_route=/jetpack/v4/connection/data&_cacheBuster=1698759408052 HTTP/1.1" 200 1521 "https://talmedos.com/wp-admin/plugins.php" "Mozilla/5.0 (Macintosh; Intel Mac OS X 10_15_7) AppleWebKit/537.36 (KHTML, like Gecko) Chrome/118.0.0.0 Safari/537.36"
5.179.80.205 - - [31/Oct/2023:13:36:48 +0000] "GET /index.php?rest_route=/jetpack/v4/jitm&message_path=wp%3Aplugins%3Aadmin_notices&query=&full_jp_logo_exists=false&_wpnonce=afaa5a6283 HTTP/1.1" 200 693 "https://talmedos.com/wp-admin/plugins.php" "Mozilla/5.0 (Macintosh; Intel Mac OS X 10_15_7) AppleWebKit/537.36 (KHTML, like Gecko) Chrome/118.0.0.0 Safari/537.36"
5.179.80.205 - - [31/Oct/2023:13:36:48 +0000] "GET /index.php?rest_route=/jetpack/v4/site/benefits&_cacheBuster=1698759408052 HTTP/1.1" 200 1033 "https://talmedos.com/wp-admin/plugins.php" "Mozilla/5.0 (Macintosh; Intel Mac OS X 10_15_7) AppleWebKit/537.36 (KHTML, like Gecko) Chrome/118.0.0.0 Safari/537.36"
5.179.80.205 - - [31/Oct/2023:13:36:50 +0000] "GET /wp-admin/plugin-install.php HTTP/1.1" 200 22963 "https://talmedos.com/wp-admin/plugins.php" "Mozilla/5.0 (Macintosh; Intel Mac OS X 10_15_7) AppleWebKit/537.36 (KHTML, like Gecko) Chrome/118.0.0.0 Safari/537.36"
5.179.80.205 - - [31/Oct/2023:13:36:51 +0000] "GET /wp-content/plugins/jetpack/modules/plugin-search/plugin-search.css?ver=12.6.2 HTTP/1.1" 200 1005 "https://talmedos.com/wp-admin/plugin-install.php" "Mozilla/5.0 (Macintosh; Intel Mac OS X 10_15_7) AppleWebKit/537.36 (KHTML, like Gecko) Chrome/118.0.0.0 Safari/537.36"
5.179.80.205 - - [31/Oct/2023:13:36:51 +0000] "GET /wp-content/plugins/jetpack/modules/plugin-search/plugin-search.js?ver=12.6.2 HTTP/1.1" 200 3133 "https://talmedos.com/wp-admin/plugin-install.php" "Mozilla/5.0 (Macintosh; Intel Mac OS X 10_15_7) AppleWebKit/537.36 (KHTML, like Gecko) Chrome/118.0.0.0 Safari/537.36"
5.179.80.205 - - [31/Oct/2023:13:36:52 +0000] "GET /index.php?rest_route=/jetpack/v4/jitm&message_path=wp%3Aplugin-install%3Aadmin_notices&query=&full_jp_logo_exists=false&_wpnonce=afaa5a6283 HTTP/1.1" 200 693 "https://talmedos.com/wp-admin/plugin-install.php" "Mozilla/5.0 (Macintosh; Intel Mac OS X 10_15_7) AppleWebKit/537.36 (KHTML, like Gecko) Chrome/118.0.0.0 Safari/537.36"
5.179.80.205 - - [31/Oct/2023:13:36:56 +0000] "POST /wp-admin/admin-ajax.php HTTP/1.1" 200 106967 "https://talmedos.com/wp-admin/plugin-install.php?s=editor&tab=search&type=term" "Mozilla/5.0 (Macintosh; Intel Mac OS X 10_15_7) AppleWebKit/537.36 (KHTML, like Gecko) Chrome/118.0.0.0 Safari/537.36"
46.101.144.32 - - [31/Oct/2023:13:37:52 +0000] "POST /wp-cron.php?doing_wp_cron=1698759472.6152849197387695312500 HTTP/1.1" 200 3995 "-" "WordPress/6.3.2; https://talmedos.com"
5.179.80.205 - - [31/Oct/2023:13:37:52 +0000] "POST /wp-admin/admin-ajax.php HTTP/1.1" 200 1129 "https://talmedos.com/wp-admin/plugin-install.php?s=editor&tab=search&type=term" "Mozilla/5.0 (Macintosh; Intel Mac OS X 10_15_7) AppleWebKit/537.36 (KHTML, like Gecko) Chrome/118.0.0.0 Safari/537.36"
46.101.144.32 - - [31/Oct/2023:13:38:44 +0000] "POST /wp-cron.php?doing_wp_cron=1698759524.0569379329681396484375 HTTP/1.1" 200 3995 "-" "WordPress/6.3.2; https://talmedos.com"
5.179.80.205 - - [31/Oct/2023:13:38:43 +0000] "GET /wp-admin/post-new.php?post_type=page HTTP/1.1" 200 273738 "https://talmedos.com/wp-admin/plugin-install.php?s=editor&tab=search&type=term" "Mozilla/5.0 (Macintosh; Intel Mac OS X 10_15_7) AppleWebKit/537.36 (KHTML, like Gecko) Chrome/118.0.0.0 Safari/537.36"
5.179.80.205 - - [31/Oct/2023:13:38:46 +0000] "GET /index.php?rest_route=%2Fwpcom%2Fv2%2Fexternal-media%2Flist%2Fgoogle_photos&search=mountain&number=10&path=recent&_locale=user HTTP/1.1" 500 1287 "https://talmedos.com/wp-admin/post-new.php?post_type=page" "Mozilla/5.0 (Macintosh; Intel Mac OS X 10_15_7) AppleWebKit/537.36 (KHTML, like Gecko) Chrome/118.0.0.0 Safari/537.36"
46.101.144.32 - - [31/Oct/2023:13:38:45 +0000] "GET /index.php?rest_route=%2Fjetpack%2Fv4%2Fsync%2Fspawn-sync&time=1698759525&request_lock_id=1698759525.6153 HTTP/1.1" 200 4032 "-" "WordPress/6.3.2; https://talmedos.com"
5.179.80.205 - - [31/Oct/2023:13:38:47 +0000] "GET /index.php?rest_route=%2Fwpcom%2Fv2%2Fjetpack-ai%2Fai-assistant-feature&_locale=user HTTP/1.1" 200 884 "https://talmedos.com/wp-admin/post-new.php?post_type=page" "Mozilla/5.0 (Macintosh; Intel Mac OS X 10_15_7) AppleWebKit/537.36 (KHTML, like Gecko) Chrome/118.0.0.0 Safari/537.36"
5.179.80.205 - - [31/Oct/2023:13:38:47 +0000] "GET /index.php?rest_route=%2Fjetpack%2Fv4%2Fmodule%2Fall&_locale=user HTTP/1.1" 200 78256 "https://talmedos.com/wp-admin/post-new.php?post_type=page" "Mozilla/5.0 (Macintosh; Intel Mac OS X 10_15_7) AppleWebKit/537.36 (KHTML, like Gecko) Chrome/118.0.0.0 Safari/537.36"
5.179.80.205 - - [31/Oct/2023:13:38:47 +0000] "GET /index.php?rest_route=/wp/v2/blocks&context=edit&per_page=100&_locale=user HTTP/1.1" 200 1240 "https://talmedos.com/wp-admin/post-new.php?post_type=page" "Mozilla/5.0 (Macintosh; Intel Mac OS X 10_15_7) AppleWebKit/537.36 (KHTML, like Gecko) Chrome/118.0.0.0 Safari/537.36"
5.179.80.205 - - [31/Oct/2023:13:38:47 +0000] "GET /index.php?rest_route=%2Fwp%2Fv2%2Fblock-patterns%2Fcategories&_locale=user HTTP/1.1" 200 3249 "https://talmedos.com/wp-admin/post-new.php?post_type=page" "Mozilla/5.0 (Macintosh; Intel Mac OS X 10_15_7) AppleWebKit/537.36 (KHTML, like Gecko) Chrome/118.0.0.0 Safari/537.36"
5.179.80.205 - - [31/Oct/2023:13:38:47 +0000] "GET /index.php?rest_route=%2F&_fields=description%2Cgmt_offset%2Chome%2Cname%2Csite_icon%2Csite_icon_url%2Csite_logo%2Ctimezone_string%2Curl&_locale=user HTTP/1.1" 200 4842 "https://talmedos.com/wp-admin/post-new.php?post_type=page" "Mozilla/5.0 (Macintosh; Intel Mac OS X 10_15_7) AppleWebKit/537.36 (KHTML, like Gecko) Chrome/118.0.0.0 Safari/537.36"
5.179.80.205 - - [31/Oct/2023:13:38:47 +0000] "GET /index.php?rest_route=%2Fwp%2Fv2%2Fblock-patterns%2Fpatterns&_locale=user HTTP/1.1" 200 526380 "https://talmedos.com/wp-admin/post-new.php?post_type=page" "Mozilla/5.0 (Macintosh; Intel Mac OS X 10_15_7) AppleWebKit/537.36 (KHTML, like Gecko) Chrome/118.0.0.0 Safari/537.36"
5.179.80.205 - - [31/Oct/2023:13:38:48 +0000] "GET /?page_id=91&_wp-find-template=true&_locale=user HTTP/1.1" 200 2522 "https://talmedos.com/wp-admin/post-new.php?post_type=page" "Mozilla/5.0 (Macintosh; Intel Mac OS X 10_15_7) AppleWebKit/537.36 (KHTML, like Gecko) Chrome/118.0.0.0 Safari/537.36"
5.179.80.205 - - [31/Oct/2023:13:38:49 +0000] "GET /index.php?rest_route=%2Fjetpack%2Fv4%2Fmodule%2Fall&_locale=user HTTP/1.1" 200 77744 "https://talmedos.com/wp-admin/post-new.php?post_type=page" "Mozilla/5.0 (Macintosh; Intel Mac OS X 10_15_7) AppleWebKit/537.36 (KHTML, like Gecko) Chrome/118.0.0.0 Safari/537.36"
5.179.80.205 - - [31/Oct/2023:13:38:50 +0000] "GET /index.php?rest_route=%2Fwp%2Fv2%2Ftemplates%2Ftwentytwentytwo%2F%2Fpage&context=edit&_locale=user HTTP/1.1" 200 3158 "https://talmedos.com/wp-admin/post-new.php?post_type=page" "Mozilla/5.0 (Macintosh; Intel Mac OS X 10_15_7) AppleWebKit/537.36 (KHTML, like Gecko) Chrome/118.0.0.0 Safari/537.36"
46.101.144.32 - - [31/Oct/2023:13:38:52 +0000] "GET /index.php?rest_route=%2Fjetpack%2Fv4%2Fsync%2Fspawn-sync&time=1698759532&request_lock_id=1698759532.8624 HTTP/1.1" 200 4032 "-" "WordPress/6.3.2; https://talmedos.com"
5.179.80.205 - - [31/Oct/2023:13:38:52 +0000] "POST /index.php?rest_route=%2Fwp%2Fv2%2Fusers%2Fme&_locale=user HTTP/1.1" 200 5965 "https://talmedos.com/wp-admin/post-new.php?post_type=page" "Mozilla/5.0 (Macintosh; Intel Mac OS X 10_15_7) AppleWebKit/537.36 (KHTML, like Gecko) Chrome/118.0.0.0 Safari/537.36"
5.179.80.205 - - [31/Oct/2023:13:39:13 +0000] "GET /wp-includes/js/tinymce/themes/modern/theme.min.js?wp-mce-49110-20201110 HTTP/1.1" 200 42688 "https://talmedos.com/wp-admin/post-new.php?post_type=page" "Mozilla/5.0 (Macintosh; Intel Mac OS X 10_15_7) AppleWebKit/537.36 (KHTML, like Gecko) Chrome/118.0.0.0 Safari/537.36"
5.179.80.205 - - [31/Oct/2023:13:39:14 +0000] "GET /wp-includes/js/tinymce/plugins/charmap/plugin.min.js?wp-mce-49110-20201110 HTTP/1.1" 200 3661 "https://talmedos.com/wp-admin/post-new.php?post_type=page" "Mozilla/5.0 (Macintosh; Intel Mac OS X 10_15_7) AppleWebKit/537.36 (KHTML, like Gecko) Chrome/118.0.0.0 Safari/537.36"
5.179.80.205 - - [31/Oct/2023:13:39:14 +0000] "GET /wp-includes/js/tinymce/plugins/colorpicker/plugin.min.js?wp-mce-49110-20201110 HTTP/1.1" 200 1027 "https://talmedos.com/wp-admin/post-new.php?post_type=page" "Mozilla/5.0 (Macintosh; Intel Mac OS X 10_15_7) AppleWebKit/537.36 (KHTML, like Gecko) Chrome/118.0.0.0 Safari/537.36"
5.179.80.205 - - [31/Oct/2023:13:39:14 +0000] "GET /wp-includes/js/tinymce/plugins/hr/plugin.min.js?wp-mce-49110-20201110 HTTP/1.1" 200 617 "https://talmedos.com/wp-admin/post-new.php?post_type=page" "Mozilla/5.0 (Macintosh; Intel Mac OS X 10_15_7) AppleWebKit/537.36 (KHTML, like Gecko) Chrome/118.0.0.0 Safari/537.36"
5.179.80.205 - - [31/Oct/2023:13:39:14 +0000] "GET /wp-includes/js/tinymce/plugins/media/plugin.min.js?wp-mce-49110-20201110 HTTP/1.1" 200 6843 "https://talmedos.com/wp-admin/post-new.php?post_type=page" "Mozilla/5.0 (Macintosh; Intel Mac OS X 10_15_7) AppleWebKit/537.36 (KHTML, like Gecko) Chrome/118.0.0.0 Safari/537.36"
5.179.80.205 - - [31/Oct/2023:13:39:14 +0000] "GET /wp-includes/js/tinymce/plugins/lists/plugin.min.js?wp-mce-49110-20201110 HTTP/1.1" 200 10044 "https://talmedos.com/wp-admin/post-new.php?post_type=page" "Mozilla/5.0 (Macintosh; Intel Mac OS X 10_15_7) AppleWebKit/537.36 (KHTML, like Gecko) Chrome/118.0.0.0 Safari/537.36"
5.179.80.205 - - [31/Oct/2023:13:39:14 +0000] "GET /wp-includes/js/tinymce/plugins/paste/plugin.min.js?wp-mce-49110-20201110 HTTP/1.1" 200 15455 "https://talmedos.com/wp-admin/post-new.php?post_type=page" "Mozilla/5.0 (Macintosh; Intel Mac OS X 10_15_7) AppleWebKit/537.36 (KHTML, like Gecko) Chrome/118.0.0.0 Safari/537.36"
5.179.80.205 - - [31/Oct/2023:13:39:14 +0000] "GET /wp-includes/js/tinymce/plugins/tabfocus/plugin.min.js?wp-mce-49110-20201110 HTTP/1.1" 200 4832 "https://talmedos.com/wp-admin/post-new.php?post_type=page" "Mozilla/5.0 (Macintosh; Intel Mac OS X 10_15_7) AppleWebKit/537.36 (KHTML, like Gecko) Chrome/118.0.0.0 Safari/537.36"
5.179.80.205 - - [31/Oct/2023:13:39:14 +0000] "GET /wp-includes/js/tinymce/plugins/textcolor/plugin.min.js?wp-mce-49110-20201110 HTTP/1.1" 200 2359 "https://talmedos.com/wp-admin/post-new.php?post_type=page" "Mozilla/5.0 (Macintosh; Intel Mac OS X 10_15_7) AppleWebKit/537.36 (KHTML, like Gecko) Chrome/118.0.0.0 Safari/537.36"
5.179.80.205 - - [31/Oct/2023:13:39:14 +0000] "GET /wp-includes/js/tinymce/plugins/fullscreen/plugin.min.js?wp-mce-49110-20201110 HTTP/1.1" 200 1261 "https://talmedos.com/wp-admin/post-new.php?post_type=page" "Mozilla/5.0 (Macintosh; Intel Mac OS X 10_15_7) AppleWebKit/537.36 (KHTML, like Gecko) Chrome/118.0.0.0 Safari/537.36"
5.179.80.205 - - [31/Oct/2023:13:39:14 +0000] "GET /wp-includes/js/tinymce/plugins/wordpress/plugin.min.js?wp-mce-49110-20201110 HTTP/1.1" 200 6557 "https://talmedos.com/wp-admin/post-new.php?post_type=page" "Mozilla/5.0 (Macintosh; Intel Mac OS X 10_15_7) AppleWebKit/537.36 (KHTML, like Gecko) Chrome/118.0.0.0 Safari/537.36"
5.179.80.205 - - [31/Oct/2023:13:39:14 +0000] "GET /wp-includes/js/tinymce/plugins/wpautoresize/plugin.min.js?wp-mce-49110-20201110 HTTP/1.1" 200 1267 "https://talmedos.com/wp-admin/post-new.php?post_type=page" "Mozilla/5.0 (Macintosh; Intel Mac OS X 10_15_7) AppleWebKit/537.36 (KHTML, like Gecko) Chrome/118.0.0.0 Safari/537.36"
5.179.80.205 - - [31/Oct/2023:13:39:14 +0000] "GET /wp-includes/js/tinymce/plugins/wpemoji/plugin.min.js?wp-mce-49110-20201110 HTTP/1.1" 200 1102 "https://talmedos.com/wp-admin/post-new.php?post_type=page" "Mozilla/5.0 (Macintosh; Intel Mac OS X 10_15_7) AppleWebKit/537.36 (KHTML, like Gecko) Chrome/118.0.0.0 Safari/537.36"
