52.56.146.36 - - [03/Nov/2023:06:20:06 +0000] "GET /login/?next=/ HTTP/1.1" 404 3540 "-" "'Cloud mapping experiment. Contact research@pdrlabs.net'"
52.56.146.36 - - [03/Nov/2023:06:23:39 +0000] "GET /admin/index.html HTTP/1.1" 404 3540 "-" "'Cloud mapping experiment. Contact research@pdrlabs.net'"
192.0.102.40 - - [03/Nov/2023:06:24:33 +0000] "HEAD / HTTP/1.1" 200 3836 "-" "jetmon/1.0 (Jetpack Site Uptime Monitor by WordPress.com)"
51.77.230.29 - - [03/Nov/2023:06:27:00 +0000] "POST /wp-login.php HTTP/1.1" 404 4100 "-" "Mozilla/5.0 (Windows NT 6.1; Win64; x64) AppleWebKit/537.36 (KHTML, like Gecko) Chrome/80.0.3987.163 Safari/537.36"
52.56.146.36 - - [03/Nov/2023:06:27:43 +0000] "GET /admin/index.html HTTP/1.1" 404 3540 "-" "'Cloud mapping experiment. Contact research@pdrlabs.net'"
192.0.102.40 - - [03/Nov/2023:06:29:38 +0000] "HEAD / HTTP/1.1" 200 3836 "-" "jetmon/1.0 (Jetpack Site Uptime Monitor by WordPress.com)"
52.56.146.36 - - [03/Nov/2023:06:31:03 +0000] "GET /global-protect/login.esp HTTP/1.1" 404 3540 "-" "'Cloud mapping experiment. Contact research@pdrlabs.net'"
52.56.146.36 - - [03/Nov/2023:06:34:06 +0000] "GET /global-protect/login.esp HTTP/1.1" 404 3540 "-" "'Cloud mapping experiment. Contact research@pdrlabs.net'"
192.0.102.40 - - [03/Nov/2023:06:34:34 +0000] "HEAD / HTTP/1.1" 200 3836 "-" "jetmon/1.0 (Jetpack Site Uptime Monitor by WordPress.com)"
52.56.146.36 - - [03/Nov/2023:06:36:49 +0000] "GET /doc/script/lib/seajs/config/sea-config.js HTTP/1.1" 404 3540 "-" "'Cloud mapping experiment. Contact research@pdrlabs.net'"
52.56.146.36 - - [03/Nov/2023:06:39:27 +0000] "GET /doc/script/lib/seajs/config/sea-config.js HTTP/1.1" 404 3540 "-" "'Cloud mapping experiment. Contact research@pdrlabs.net'"
192.0.102.40 - - [03/Nov/2023:06:39:34 +0000] "HEAD / HTTP/1.1" 200 3836 "-" "jetmon/1.0 (Jetpack Site Uptime Monitor by WordPress.com)"
52.56.146.36 - - [03/Nov/2023:06:41:58 +0000] "GET /manage/account/login HTTP/1.1" 404 3540 "-" "'Cloud mapping experiment. Contact research@pdrlabs.net'"
87.162.108.57 - - [03/Nov/2023:06:42:13 +0000] "GET //wp-config.php-backup HTTP/1.1" 404 4096 "-" "Mozilla/5.0 (X11; Ubuntu; Linux x86_64; rv:62.0) Gecko/20100101 Firefox/62.0"
192.0.102.40 - - [03/Nov/2023:06:44:37 +0000] "HEAD / HTTP/1.1" 200 3836 "-" "jetmon/1.0 (Jetpack Site Uptime Monitor by WordPress.com)"
52.56.146.36 - - [03/Nov/2023:06:44:55 +0000] "GET /manage/account/login HTTP/1.1" 404 3540 "-" "'Cloud mapping experiment. Contact research@pdrlabs.net'"
52.56.146.36 - - [03/Nov/2023:06:47:41 +0000] "GET /login.rsp HTTP/1.1" 404 3540 "-" "'Cloud mapping experiment. Contact research@pdrlabs.net'"
192.0.102.40 - - [03/Nov/2023:06:49:35 +0000] "HEAD / HTTP/1.1" 200 3836 "-" "jetmon/1.0 (Jetpack Site Uptime Monitor by WordPress.com)"
52.56.146.36 - - [03/Nov/2023:06:50:40 +0000] "GET /login.rsp HTTP/1.1" 404 3540 "-" "'Cloud mapping experiment. Contact research@pdrlabs.net'"
52.56.146.36 - - [03/Nov/2023:06:53:29 +0000] "GET /Login.html HTTP/1.1" 404 3540 "-" "'Cloud mapping experiment. Contact research@pdrlabs.net'"
218.145.239.217 - - [03/Nov/2023:06:54:03 +0000] "GET //wp-config.php-bak HTTP/1.1" 404 4096 "-" "Mozilla/5.0 (X11; Ubuntu; Linux x86_64; rv:62.0) Gecko/20100101 Firefox/62.0"
192.0.102.40 - - [03/Nov/2023:06:54:34 +0000] "HEAD / HTTP/1.1" 200 3836 "-" "jetmon/1.0 (Jetpack Site Uptime Monitor by WordPress.com)"
52.56.146.36 - - [03/Nov/2023:06:56:32 +0000] "GET /Login.html HTTP/1.1" 404 3540 "-" "'Cloud mapping experiment. Contact research@pdrlabs.net'"
52.56.146.36 - - [03/Nov/2023:06:59:28 +0000] "GET /login.html HTTP/1.1" 404 3540 "-" "'Cloud mapping experiment. Contact research@pdrlabs.net'"
192.0.102.40 - - [03/Nov/2023:06:59:35 +0000] "HEAD / HTTP/1.1" 200 3836 "-" "jetmon/1.0 (Jetpack Site Uptime Monitor by WordPress.com)"
52.56.146.36 - - [03/Nov/2023:07:03:35 +0000] "GET /login.html HTTP/1.1" 404 3540 "-" "'Cloud mapping experiment. Contact research@pdrlabs.net'"
192.0.102.40 - - [03/Nov/2023:07:04:34 +0000] "HEAD / HTTP/1.1" 200 3836 "-" "jetmon/1.0 (Jetpack Site Uptime Monitor by WordPress.com)"
59.29.237.5 - - [03/Nov/2023:07:06:19 +0000] "GET //wp-config.php-n HTTP/1.1" 404 4096 "-" "Mozilla/5.0 (X11; Ubuntu; Linux x86_64; rv:62.0) Gecko/20100101 Firefox/62.0"
52.56.146.36 - - [03/Nov/2023:07:06:39 +0000] "GET /npclient.html HTTP/1.1" 404 3540 "-" "'Cloud mapping experiment. Contact research@pdrlabs.net'"
192.0.102.40 - - [03/Nov/2023:07:09:35 +0000] "HEAD / HTTP/1.1" 200 3836 "-" "jetmon/1.0 (Jetpack Site Uptime Monitor by WordPress.com)"
52.56.146.36 - - [03/Nov/2023:07:09:51 +0000] "GET /npclient.html HTTP/1.1" 404 3540 "-" "'Cloud mapping experiment. Contact research@pdrlabs.net'"
52.56.146.36 - - [03/Nov/2023:07:12:51 +0000] "GET /NPClient.html HTTP/1.1" 404 3540 "-" "'Cloud mapping experiment. Contact research@pdrlabs.net'"
5.179.80.204 - - [03/Nov/2023:07:14:04 +0000] "POST /wp-admin/admin-ajax.php HTTP/1.1" 404 4180 "https://talmedos.com/wp-admin/edit.php?post_type=page" "Mozilla/5.0 (Macintosh; Intel Mac OS X 10_15_7) AppleWebKit/537.36 (KHTML, like Gecko) Chrome/118.0.0.0 Safari/537.36"
192.0.102.40 - - [03/Nov/2023:07:14:36 +0000] "HEAD / HTTP/1.1" 200 3836 "-" "jetmon/1.0 (Jetpack Site Uptime Monitor by WordPress.com)"
5.179.80.204 - - [03/Nov/2023:07:16:04 +0000] "POST /wp-admin/admin-ajax.php HTTP/1.1" 404 1025 "https://talmedos.com/wp-admin/edit.php?post_type=page" "Mozilla/5.0 (Macintosh; Intel Mac OS X 10_15_7) AppleWebKit/537.36 (KHTML, like Gecko) Chrome/118.0.0.0 Safari/537.36"
52.56.146.36 - - [03/Nov/2023:07:16:04 +0000] "GET /NPClient.html HTTP/1.1" 404 3540 "-" "'Cloud mapping experiment. Contact research@pdrlabs.net'"
5.179.80.204 - - [03/Nov/2023:07:18:04 +0000] "POST /wp-admin/admin-ajax.php HTTP/1.1" 404 1025 "https://talmedos.com/wp-admin/edit.php?post_type=page" "Mozilla/5.0 (Macintosh; Intel Mac OS X 10_15_7) AppleWebKit/537.36 (KHTML, like Gecko) Chrome/118.0.0.0 Safari/537.36"
198.235.24.170 - - [03/Nov/2023:07:18:30 +0000] "GET / HTTP/1.1" 200 4061 "-" "Expanse, a Palo Alto Networks company, searches across the global IPv4 space multiple times per day to identify customers&#39; presences on the Internet. If you would like to be excluded from our scans, please send IP addresses/domains to: scaninfo@paloaltonetworks.com"
52.56.146.36 - - [03/Nov/2023:07:19:05 +0000] "GET /apps HTTP/1.1" 404 3540 "-" "'Cloud mapping experiment. Contact research@pdrlabs.net'"
192.0.102.40 - - [03/Nov/2023:07:19:34 +0000] "HEAD / HTTP/1.1" 200 3836 "-" "jetmon/1.0 (Jetpack Site Uptime Monitor by WordPress.com)"
5.179.80.204 - - [03/Nov/2023:07:20:04 +0000] "POST /wp-admin/admin-ajax.php HTTP/1.1" 404 1025 "https://talmedos.com/wp-admin/edit.php?post_type=page" "Mozilla/5.0 (Macintosh; Intel Mac OS X 10_15_7) AppleWebKit/537.36 (KHTML, like Gecko) Chrome/118.0.0.0 Safari/537.36"
124.65.29.239 - - [03/Nov/2023:07:20:24 +0000] "GET //wp-config.php-o HTTP/1.1" 404 4096 "-" "Mozilla/5.0 (X11; Ubuntu; Linux x86_64; rv:62.0) Gecko/20100101 Firefox/62.0"
5.179.80.204 - - [03/Nov/2023:07:22:04 +0000] "POST /wp-admin/admin-ajax.php HTTP/1.1" 404 1025 "https://talmedos.com/wp-admin/edit.php?post_type=page" "Mozilla/5.0 (Macintosh; Intel Mac OS X 10_15_7) AppleWebKit/537.36 (KHTML, like Gecko) Chrome/118.0.0.0 Safari/537.36"
52.56.146.36 - - [03/Nov/2023:07:22:19 +0000] "GET /apps HTTP/1.1" 404 3540 "-" "'Cloud mapping experiment. Contact research@pdrlabs.net'"
192.0.102.40 - - [03/Nov/2023:07:24:36 +0000] "HEAD / HTTP/1.1" 200 3836 "-" "jetmon/1.0 (Jetpack Site Uptime Monitor by WordPress.com)"
52.56.146.36 - - [03/Nov/2023:07:25:21 +0000] "GET /index.html HTTP/1.1" 404 3540 "-" "'Cloud mapping experiment. Contact research@pdrlabs.net'"
61.219.11.155 - - [03/Nov/2023:07:28:41 +0000] "GET / HTTP/1.0" 400 627 "-" "-"
52.56.146.36 - - [03/Nov/2023:07:28:56 +0000] "GET /index.html HTTP/1.1" 404 3540 "-" "'Cloud mapping experiment. Contact research@pdrlabs.net'"
192.0.102.40 - - [03/Nov/2023:07:29:35 +0000] "HEAD / HTTP/1.1" 200 3836 "-" "jetmon/1.0 (Jetpack Site Uptime Monitor by WordPress.com)"
112.120.108.12 - - [03/Nov/2023:07:30:42 +0000] "GET //wp-config.php-old HTTP/1.1" 404 4096 "-" "Mozilla/5.0 (X11; Ubuntu; Linux x86_64; rv:62.0) Gecko/20100101 Firefox/62.0"
5.179.80.204 - - [03/Nov/2023:07:31:33 +0000] "POST /wp-admin/admin-ajax.php HTTP/1.1" 404 4180 "https://talmedos.com/wp-admin/edit.php?post_type=page" "Mozilla/5.0 (Macintosh; Intel Mac OS X 10_15_7) AppleWebKit/537.36 (KHTML, like Gecko) Chrome/118.0.0.0 Safari/537.36"
52.56.146.36 - - [03/Nov/2023:07:32:15 +0000] "GET /index.asp HTTP/1.1" 404 3540 "-" "'Cloud mapping experiment. Contact research@pdrlabs.net'"
5.179.80.204 - - [03/Nov/2023:07:33:34 +0000] "POST /wp-admin/admin-ajax.php HTTP/1.1" 404 1025 "https://talmedos.com/wp-admin/edit.php?post_type=page" "Mozilla/5.0 (Macintosh; Intel Mac OS X 10_15_7) AppleWebKit/537.36 (KHTML, like Gecko) Chrome/118.0.0.0 Safari/537.36"
5.179.80.205 - - [03/Nov/2023:07:33:37 +0000] "GET / HTTP/1.1" 200 4110 "-" "Mozilla/5.0 (Macintosh; Intel Mac OS X 10_15_7) AppleWebKit/537.36 (KHTML, like Gecko) Chrome/118.0.0.0 Safari/537.36"
5.179.80.205 - - [03/Nov/2023:07:33:37 +0000] "GET /img/test.jpg HTTP/1.1" 200 111053 "https://talmedos.com/" "Mozilla/5.0 (Macintosh; Intel Mac OS X 10_15_7) AppleWebKit/537.36 (KHTML, like Gecko) Chrome/118.0.0.0 Safari/537.36"
5.179.80.205 - - [03/Nov/2023:07:33:38 +0000] "GET /favicon.ico HTTP/1.1" 404 513 "https://talmedos.com/" "Mozilla/5.0 (Macintosh; Intel Mac OS X 10_15_7) AppleWebKit/537.36 (KHTML, like Gecko) Chrome/118.0.0.0 Safari/537.36"
5.179.80.205 - - [03/Nov/2023:07:33:57 +0000] "-" 408 3666 "-" "-"
192.0.102.40 - - [03/Nov/2023:07:34:34 +0000] "HEAD / HTTP/1.1" 200 3836 "-" "jetmon/1.0 (Jetpack Site Uptime Monitor by WordPress.com)"
52.56.146.36 - - [03/Nov/2023:07:35:29 +0000] "GET /index.asp HTTP/1.1" 404 3540 "-" "'Cloud mapping experiment. Contact research@pdrlabs.net'"
5.179.80.204 - - [03/Nov/2023:07:35:35 +0000] "POST /wp-admin/admin-ajax.php HTTP/1.1" 404 1025 "https://talmedos.com/wp-admin/edit.php?post_type=page" "Mozilla/5.0 (Macintosh; Intel Mac OS X 10_15_7) AppleWebKit/537.36 (KHTML, like Gecko) Chrome/118.0.0.0 Safari/537.36"
5.179.80.204 - - [03/Nov/2023:07:37:36 +0000] "POST /wp-admin/admin-ajax.php HTTP/1.1" 404 1025 "https://talmedos.com/wp-admin/edit.php?post_type=page" "Mozilla/5.0 (Macintosh; Intel Mac OS X 10_15_7) AppleWebKit/537.36 (KHTML, like Gecko) Chrome/118.0.0.0 Safari/537.36"
52.56.146.36 - - [03/Nov/2023:07:38:32 +0000] "GET /video.html HTTP/1.1" 404 3540 "-" "'Cloud mapping experiment. Contact research@pdrlabs.net'"
192.0.102.40 - - [03/Nov/2023:07:39:34 +0000] "HEAD / HTTP/1.1" 200 3836 "-" "jetmon/1.0 (Jetpack Site Uptime Monitor by WordPress.com)"
5.179.80.204 - - [03/Nov/2023:07:39:37 +0000] "POST /wp-admin/admin-ajax.php HTTP/1.1" 404 1025 "https://talmedos.com/wp-admin/edit.php?post_type=page" "Mozilla/5.0 (Macintosh; Intel Mac OS X 10_15_7) AppleWebKit/537.36 (KHTML, like Gecko) Chrome/118.0.0.0 Safari/537.36"
61.219.11.155 - - [03/Nov/2023:07:41:46 +0000] "GET / HTTP/1.0" 400 627 "-" "-"
52.56.146.36 - - [03/Nov/2023:07:41:49 +0000] "GET /video.html HTTP/1.1" 404 3540 "-" "'Cloud mapping experiment. Contact research@pdrlabs.net'"
207.180.239.114 - - [03/Nov/2023:07:44:21 +0000] "GET /wp-json/wp/v2/users HTTP/1.1" 404 4144 "-" "Mozilla/5.0 (Linux; Android 10; SM-N960U) AppleWebKit/537.36 (KHTML, like Gecko) Chrome/91.0.4472.114 Mobile Safari/537.36"
192.0.102.40 - - [03/Nov/2023:07:44:34 +0000] "HEAD / HTTP/1.1" 200 3836 "-" "jetmon/1.0 (Jetpack Site Uptime Monitor by WordPress.com)"
52.56.146.36 - - [03/Nov/2023:07:44:51 +0000] "GET /2.0/gui/ HTTP/1.1" 404 3540 "-" "'Cloud mapping experiment. Contact research@pdrlabs.net'"
5.179.80.205 - - [03/Nov/2023:07:46:33 +0000] "GET / HTTP/1.1" 200 4110 "-" "Mozilla/5.0 (Macintosh; Intel Mac OS X 10_15_7) AppleWebKit/537.36 (KHTML, like Gecko) Chrome/118.0.0.0 Safari/537.36"
5.179.80.205 - - [03/Nov/2023:07:46:33 +0000] "GET /img/test.jpg HTTP/1.1" 200 111053 "https://talmedos.com/" "Mozilla/5.0 (Macintosh; Intel Mac OS X 10_15_7) AppleWebKit/537.36 (KHTML, like Gecko) Chrome/118.0.0.0 Safari/537.36"
5.179.80.205 - - [03/Nov/2023:07:46:33 +0000] "GET /favicon.ico HTTP/1.1" 404 513 "https://talmedos.com/" "Mozilla/5.0 (Macintosh; Intel Mac OS X 10_15_7) AppleWebKit/537.36 (KHTML, like Gecko) Chrome/118.0.0.0 Safari/537.36"
5.179.80.205 - - [03/Nov/2023:07:46:53 +0000] "-" 408 3666 "-" "-"
52.56.146.36 - - [03/Nov/2023:07:47:57 +0000] "GET /2.0/gui/ HTTP/1.1" 404 3540 "-" "'Cloud mapping experiment. Contact research@pdrlabs.net'"
192.0.102.40 - - [03/Nov/2023:07:49:34 +0000] "HEAD / HTTP/1.1" 200 3836 "-" "jetmon/1.0 (Jetpack Site Uptime Monitor by WordPress.com)"
52.56.146.36 - - [03/Nov/2023:07:50:43 +0000] "GET /mm/ HTTP/1.1" 404 3540 "-" "'Cloud mapping experiment. Contact research@pdrlabs.net'"
94.102.61.7 - - [03/Nov/2023:07:51:19 +0000] "GET / HTTP/1.1" 200 3469 "-" "Mozilla/5.0 (Windows NT 10.0; Win64; x64) AppleWebKit/537.36 (KHTML, like Gecko) Chrome/88.0.4324.190 Safari/537.36"
133.130.103.36 - - [03/Nov/2023:07:53:35 +0000] "POST /wp-login.php HTTP/1.1" 404 4100 "-" "Mozilla/5.0 (Windows NT 6.1; WOW64) AppleWebKit/537.36 (KHTML, like Gecko) Chrome/51.0.2704.106 Safari/537.36"
52.56.146.36 - - [03/Nov/2023:07:53:35 +0000] "GET /mm/ HTTP/1.1" 404 3540 "-" "'Cloud mapping experiment. Contact research@pdrlabs.net'"
192.0.102.40 - - [03/Nov/2023:07:54:34 +0000] "HEAD / HTTP/1.1" 200 3836 "-" "jetmon/1.0 (Jetpack Site Uptime Monitor by WordPress.com)"
183.88.230.31 - - [03/Nov/2023:07:55:09 +0000] "GET //wp-config.php-save HTTP/1.1" 404 4096 "-" "Mozilla/5.0 (X11; Ubuntu; Linux x86_64; rv:62.0) Gecko/20100101 Firefox/62.0"
52.56.146.36 - - [03/Nov/2023:07:56:29 +0000] "GET /ui HTTP/1.1" 404 3540 "-" "'Cloud mapping experiment. Contact research@pdrlabs.net'"
5.179.80.204 - - [03/Nov/2023:07:57:33 +0000] "POST /wp-admin/admin-ajax.php HTTP/1.1" 404 4180 "https://talmedos.com/wp-admin/edit.php?post_type=page" "Mozilla/5.0 (Macintosh; Intel Mac OS X 10_15_7) AppleWebKit/537.36 (KHTML, like Gecko) Chrome/118.0.0.0 Safari/537.36"
5.179.80.204 - - [03/Nov/2023:07:57:48 +0000] "POST /wp-admin/admin-ajax.php HTTP/1.1" 404 1025 "https://talmedos.com/wp-admin/edit.php?post_type=page" "Mozilla/5.0 (Macintosh; Intel Mac OS X 10_15_7) AppleWebKit/537.36 (KHTML, like Gecko) Chrome/118.0.0.0 Safari/537.36"
5.179.80.205 - - [03/Nov/2023:07:59:39 +0000] "-" 408 3666 "-" "-"
5.179.80.205 - - [03/Nov/2023:07:59:39 +0000] "-" 408 3666 "-" "-"
192.0.102.40 - - [03/Nov/2023:07:59:41 +0000] "HEAD / HTTP/1.1" 200 3836 "-" "jetmon/1.0 (Jetpack Site Uptime Monitor by WordPress.com)"
5.179.80.204 - - [03/Nov/2023:07:59:48 +0000] "POST /wp-admin/admin-ajax.php HTTP/1.1" 404 1025 "https://talmedos.com/wp-admin/edit.php?post_type=page" "Mozilla/5.0 (Macintosh; Intel Mac OS X 10_15_7) AppleWebKit/537.36 (KHTML, like Gecko) Chrome/118.0.0.0 Safari/537.36"
186.87.69.208 - - [03/Nov/2023:08:00:15 +0000] "POST /wp-login.php HTTP/1.1" 404 4100 "-" "Mozilla/5.0 (Windows NT 10.0; Win64; x64) AppleWebKit/537.36 (KHTML, like Gecko) Chrome/87.0.4280.88 Safari/537.36"
52.56.146.36 - - [03/Nov/2023:08:01:33 +0000] "GET /ui HTTP/1.1" 404 3540 "-" "'Cloud mapping experiment. Contact research@pdrlabs.net'"
5.179.80.204 - - [03/Nov/2023:08:01:48 +0000] "POST /wp-admin/admin-ajax.php HTTP/1.1" 404 1025 "https://talmedos.com/wp-admin/edit.php?post_type=page" "Mozilla/5.0 (Macintosh; Intel Mac OS X 10_15_7) AppleWebKit/537.36 (KHTML, like Gecko) Chrome/118.0.0.0 Safari/537.36"
5.179.80.204 - - [03/Nov/2023:08:03:48 +0000] "POST /wp-admin/admin-ajax.php HTTP/1.1" 404 1025 "https://talmedos.com/wp-admin/edit.php?post_type=page" "Mozilla/5.0 (Macintosh; Intel Mac OS X 10_15_7) AppleWebKit/537.36 (KHTML, like Gecko) Chrome/118.0.0.0 Safari/537.36"
192.0.102.40 - - [03/Nov/2023:08:04:36 +0000] "HEAD / HTTP/1.1" 200 3836 "-" "jetmon/1.0 (Jetpack Site Uptime Monitor by WordPress.com)"
52.56.146.36 - - [03/Nov/2023:08:04:57 +0000] "GET /portal HTTP/1.1" 404 3540 "-" "'Cloud mapping experiment. Contact research@pdrlabs.net'"
36.99.136.137 - - [03/Nov/2023:08:05:05 +0000] "GET / HTTP/1.1" 200 4063 "http://www.talmedos.com" "Mozilla/5.0 (Macintosh; Intel Mac OS X 10_15_7) AppleWebKit/537.36 (KHTML, like Gecko) Chrome/96.0.4664.110 Safari/537.36"
36.99.136.136 - - [03/Nov/2023:08:05:10 +0000] "GET / HTTP/1.1" 200 4063 "http://talmedos.com" "Mozilla/5.0 (Macintosh; Intel Mac OS X 10_15_7) AppleWebKit/537.36 (KHTML, like Gecko) Chrome/96.0.4664.110 Safari/537.36"
36.99.136.136 - - [03/Nov/2023:08:05:14 +0000] "GET /favicon.ico HTTP/1.1" 404 513 "http://talmedos.com/favicon.ico" "Mozilla/5.0 (Macintosh; Intel Mac OS X 10_15_7) AppleWebKit/537.36 (KHTML, like Gecko) Chrome/96.0.4664.110 Safari/537.36"
154.127.54.49 - - [03/Nov/2023:08:05:15 +0000] "GET / HTTP/1.1" 200 4007 "-" "Mozilla/5.0 (Macintosh; Intel Mac OS X 11_0_0) AppleWebKit/537.36 (KHTML, like Gecko) Chrome/87.0.4280.88 Safari/537.36"
36.99.136.136 - - [03/Nov/2023:08:05:42 +0000] "GET / HTTP/1.1" 200 4063 "http://promovisor.smartcats.pro" "Mozilla/5.0 (Macintosh; Intel Mac OS X 10_15_7) AppleWebKit/537.36 (KHTML, like Gecko) Chrome/96.0.4664.110 Safari/537.36"
36.99.136.136 - - [03/Nov/2023:08:05:43 +0000] "GET /favicon.ico HTTP/1.1" 404 525 "http://promovisor.smartcats.pro/favicon.ico" "Mozilla/5.0 (Macintosh; Intel Mac OS X 10_15_7) AppleWebKit/537.36 (KHTML, like Gecko) Chrome/96.0.4664.110 Safari/537.36"
5.179.80.204 - - [03/Nov/2023:08:05:48 +0000] "POST /wp-admin/admin-ajax.php HTTP/1.1" 404 1025 "https://talmedos.com/wp-admin/edit.php?post_type=page" "Mozilla/5.0 (Macintosh; Intel Mac OS X 10_15_7) AppleWebKit/537.36 (KHTML, like Gecko) Chrome/118.0.0.0 Safari/537.36"
184.105.139.68 - - [03/Nov/2023:08:07:27 +0000] "GET / HTTP/1.1" 200 3469 "http://46.101.144.32/" "Mozilla/5.0 (Windows NT 10.0; Win64; x64) AppleWebKit/537.36 (KHTML, like Gecko) Chrome/99.0.4844.51 Safari/537.36"
14.48.28.154 - - [03/Nov/2023:08:07:29 +0000] "GET //wp-config.php-work HTTP/1.1" 404 4096 "-" "Mozilla/5.0 (X11; Ubuntu; Linux x86_64; rv:62.0) Gecko/20100101 Firefox/62.0"
5.179.80.204 - - [03/Nov/2023:08:07:48 +0000] "POST /wp-admin/admin-ajax.php HTTP/1.1" 404 1025 "https://talmedos.com/wp-admin/edit.php?post_type=page" "Mozilla/5.0 (Macintosh; Intel Mac OS X 10_15_7) AppleWebKit/537.36 (KHTML, like Gecko) Chrome/118.0.0.0 Safari/537.36"
192.0.102.40 - - [03/Nov/2023:08:09:36 +0000] "HEAD / HTTP/1.1" 200 3836 "-" "jetmon/1.0 (Jetpack Site Uptime Monitor by WordPress.com)"
52.56.146.36 - - [03/Nov/2023:08:09:39 +0000] "GET /portal HTTP/1.1" 404 3540 "-" "'Cloud mapping experiment. Contact research@pdrlabs.net'"
52.56.146.36 - - [03/Nov/2023:08:13:06 +0000] "GET /node HTTP/1.1" 404 3540 "-" "'Cloud mapping experiment. Contact research@pdrlabs.net'"
192.0.102.40 - - [03/Nov/2023:08:14:40 +0000] "HEAD / HTTP/1.1" 200 3836 "-" "jetmon/1.0 (Jetpack Site Uptime Monitor by WordPress.com)"
52.56.146.36 - - [03/Nov/2023:08:17:11 +0000] "GET /node HTTP/1.1" 404 3540 "-" "'Cloud mapping experiment. Contact research@pdrlabs.net'"
192.0.102.40 - - [03/Nov/2023:08:19:36 +0000] "HEAD / HTTP/1.1" 200 3836 "-" "jetmon/1.0 (Jetpack Site Uptime Monitor by WordPress.com)"
52.56.146.36 - - [03/Nov/2023:08:20:56 +0000] "GET /login.cs HTTP/1.1" 404 3540 "-" "'Cloud mapping experiment. Contact research@pdrlabs.net'"
192.0.102.40 - - [03/Nov/2023:08:24:36 +0000] "HEAD / HTTP/1.1" 200 3836 "-" "jetmon/1.0 (Jetpack Site Uptime Monitor by WordPress.com)"
52.56.146.36 - - [03/Nov/2023:08:25:06 +0000] "GET /login.cs HTTP/1.1" 404 3540 "-" "'Cloud mapping experiment. Contact research@pdrlabs.net'"
5.179.80.204 - - [03/Nov/2023:08:27:05 +0000] "POST /wp-admin/admin-ajax.php HTTP/1.1" 404 4180 "https://talmedos.com/wp-admin/edit.php?post_type=page" "Mozilla/5.0 (Macintosh; Intel Mac OS X 10_15_7) AppleWebKit/537.36 (KHTML, like Gecko) Chrome/118.0.0.0 Safari/537.36"
5.179.80.204 - - [03/Nov/2023:08:27:19 +0000] "POST /wp-admin/admin-ajax.php HTTP/1.1" 404 1025 "https://talmedos.com/wp-admin/edit.php?post_type=page" "Mozilla/5.0 (Macintosh; Intel Mac OS X 10_15_7) AppleWebKit/537.36 (KHTML, like Gecko) Chrome/118.0.0.0 Safari/537.36"
52.56.146.36 - - [03/Nov/2023:08:28:49 +0000] "GET /login HTTP/1.1" 404 3540 "-" "'Cloud mapping experiment. Contact research@pdrlabs.net'"
5.179.80.204 - - [03/Nov/2023:08:29:19 +0000] "POST /wp-admin/admin-ajax.php HTTP/1.1" 404 1025 "https://talmedos.com/wp-admin/edit.php?post_type=page" "Mozilla/5.0 (Macintosh; Intel Mac OS X 10_15_7) AppleWebKit/537.36 (KHTML, like Gecko) Chrome/118.0.0.0 Safari/537.36"
192.0.102.40 - - [03/Nov/2023:08:29:35 +0000] "HEAD / HTTP/1.1" 200 3836 "-" "jetmon/1.0 (Jetpack Site Uptime Monitor by WordPress.com)"
5.179.80.204 - - [03/Nov/2023:08:31:19 +0000] "POST /wp-admin/admin-ajax.php HTTP/1.1" 404 1025 "https://talmedos.com/wp-admin/edit.php?post_type=page" "Mozilla/5.0 (Macintosh; Intel Mac OS X 10_15_7) AppleWebKit/537.36 (KHTML, like Gecko) Chrome/118.0.0.0 Safari/537.36"
52.56.146.36 - - [03/Nov/2023:08:32:23 +0000] "GET /login HTTP/1.1" 404 3540 "-" "'Cloud mapping experiment. Contact research@pdrlabs.net'"
5.179.80.204 - - [03/Nov/2023:08:33:20 +0000] "POST /wp-admin/admin-ajax.php HTTP/1.1" 404 1025 "https://talmedos.com/wp-admin/edit.php?post_type=page" "Mozilla/5.0 (Macintosh; Intel Mac OS X 10_15_7) AppleWebKit/537.36 (KHTML, like Gecko) Chrome/118.0.0.0 Safari/537.36"
192.0.102.40 - - [03/Nov/2023:08:34:36 +0000] "HEAD / HTTP/1.1" 200 3836 "-" "jetmon/1.0 (Jetpack Site Uptime Monitor by WordPress.com)"
5.179.80.204 - - [03/Nov/2023:08:35:19 +0000] "POST /wp-admin/admin-ajax.php HTTP/1.1" 404 1025 "https://talmedos.com/wp-admin/edit.php?post_type=page" "Mozilla/5.0 (Macintosh; Intel Mac OS X 10_15_7) AppleWebKit/537.36 (KHTML, like Gecko) Chrome/118.0.0.0 Safari/537.36"
107.170.253.35 - - [03/Nov/2023:08:35:31 +0000] "GET /ReportServer HTTP/1.1" 404 3540 "-" "Mozilla/5.0 zgrab/0.x"
52.56.146.36 - - [03/Nov/2023:08:35:33 +0000] "GET /WebViewer.html HTTP/1.1" 404 3540 "-" "'Cloud mapping experiment. Contact research@pdrlabs.net'"
5.179.80.204 - - [03/Nov/2023:08:37:20 +0000] "POST /wp-admin/admin-ajax.php HTTP/1.1" 404 1025 "https://talmedos.com/wp-admin/edit.php?post_type=page" "Mozilla/5.0 (Macintosh; Intel Mac OS X 10_15_7) AppleWebKit/537.36 (KHTML, like Gecko) Chrome/118.0.0.0 Safari/537.36"
52.56.146.36 - - [03/Nov/2023:08:39:29 +0000] "GET /WebViewer.html HTTP/1.1" 404 3540 "-" "'Cloud mapping experiment. Contact research@pdrlabs.net'"
192.0.102.40 - - [03/Nov/2023:08:39:35 +0000] "HEAD / HTTP/1.1" 200 3836 "-" "jetmon/1.0 (Jetpack Site Uptime Monitor by WordPress.com)"
52.56.146.36 - - [03/Nov/2023:08:42:39 +0000] "GET /vpn/index.html HTTP/1.1" 404 3540 "-" "'Cloud mapping experiment. Contact research@pdrlabs.net'"
89.138.168.242 - - [03/Nov/2023:08:43:44 +0000] "GET //wp-config.php.1 HTTP/1.1" 404 4096 "-" "Mozilla/5.0 (X11; Ubuntu; Linux x86_64; rv:62.0) Gecko/20100101 Firefox/62.0"
192.0.102.40 - - [03/Nov/2023:08:44:33 +0000] "HEAD / HTTP/1.1" 200 3836 "-" "jetmon/1.0 (Jetpack Site Uptime Monitor by WordPress.com)"
52.56.146.36 - - [03/Nov/2023:08:46:35 +0000] "GET /vpn/index.html HTTP/1.1" 404 3540 "-" "'Cloud mapping experiment. Contact research@pdrlabs.net'"
5.179.80.204 - - [03/Nov/2023:08:48:29 +0000] "GET / HTTP/1.1" 200 4110 "-" "Mozilla/5.0 (Windows NT 10.0; Win64; x64) AppleWebKit/537.36 (KHTML, like Gecko) Chrome/118.0.0.0 Safari/537.36 Edg/118.0.2088.76"
5.179.80.204 - - [03/Nov/2023:08:48:30 +0000] "GET /img/test.jpg HTTP/1.1" 200 111053 "https://talmedos.com/" "Mozilla/5.0 (Windows NT 10.0; Win64; x64) AppleWebKit/537.36 (KHTML, like Gecko) Chrome/118.0.0.0 Safari/537.36 Edg/118.0.2088.76"
5.179.80.204 - - [03/Nov/2023:08:48:30 +0000] "GET /favicon.ico HTTP/1.1" 404 513 "https://talmedos.com/" "Mozilla/5.0 (Windows NT 10.0; Win64; x64) AppleWebKit/537.36 (KHTML, like Gecko) Chrome/118.0.0.0 Safari/537.36 Edg/118.0.2088.76"
5.179.80.204 - - [03/Nov/2023:08:48:49 +0000] "-" 408 3666 "-" "-"
192.0.102.40 - - [03/Nov/2023:08:49:37 +0000] "HEAD / HTTP/1.1" 200 3836 "-" "jetmon/1.0 (Jetpack Site Uptime Monitor by WordPress.com)"
52.56.146.36 - - [03/Nov/2023:08:49:47 +0000] "GET /web/index.html HTTP/1.1" 404 3540 "-" "'Cloud mapping experiment. Contact research@pdrlabs.net'"
52.56.146.36 - - [03/Nov/2023:08:54:08 +0000] "GET /web/index.html HTTP/1.1" 404 3540 "-" "'Cloud mapping experiment. Contact research@pdrlabs.net'"
192.0.102.40 - - [03/Nov/2023:08:54:34 +0000] "HEAD / HTTP/1.1" 200 3836 "-" "jetmon/1.0 (Jetpack Site Uptime Monitor by WordPress.com)"
89.138.168.242 - - [03/Nov/2023:08:56:18 +0000] "GET //wp-config.php.2 HTTP/1.1" 404 4096 "-" "Mozilla/5.0 (X11; Ubuntu; Linux x86_64; rv:62.0) Gecko/20100101 Firefox/62.0"
52.56.146.36 - - [03/Nov/2023:08:57:10 +0000] "GET /webui HTTP/1.1" 404 3540 "-" "'Cloud mapping experiment. Contact research@pdrlabs.net'"
192.0.102.40 - - [03/Nov/2023:08:59:36 +0000] "HEAD / HTTP/1.1" 200 3836 "-" "jetmon/1.0 (Jetpack Site Uptime Monitor by WordPress.com)"
52.56.146.36 - - [03/Nov/2023:09:01:14 +0000] "GET /webui HTTP/1.1" 404 3540 "-" "'Cloud mapping experiment. Contact research@pdrlabs.net'"
36.255.191.106 - - [03/Nov/2023:09:01:33 +0000] "GET / HTTP/1.1" 200 4111 "http://talmedos.com" "Mozilla/5.0 (Macintosh; Intel Mac OS X 12_5) AppleWebKit/537.36 (KHTML, like Gecko) Chrome/114.0.0.0 YaBrowser/22.7.0 Yowser/2.5 Safari/537.36"
52.56.146.36 - - [03/Nov/2023:09:04:30 +0000] "GET /NPClient.html HTTP/1.1" 404 3540 "-" "'Cloud mapping experiment. Contact research@pdrlabs.net'"
192.0.102.40 - - [03/Nov/2023:09:04:36 +0000] "HEAD / HTTP/1.1" 200 3836 "-" "jetmon/1.0 (Jetpack Site Uptime Monitor by WordPress.com)"
199.45.155.18 - - [03/Nov/2023:09:06:24 +0000] "GET / HTTP/1.1" 200 4007 "-" "Mozilla/5.0 (compatible; CensysInspect/1.1; +https://about.censys.io/)"
199.45.155.18 - - [03/Nov/2023:09:06:27 +0000] "GET /favicon.ico HTTP/1.1" 404 4100 "-" "Mozilla/5.0 (compatible; CensysInspect/1.1; +https://about.censys.io/)"
52.56.146.36 - - [03/Nov/2023:09:08:39 +0000] "GET /NPClient.html HTTP/1.1" 404 3540 "-" "'Cloud mapping experiment. Contact research@pdrlabs.net'"
192.0.102.40 - - [03/Nov/2023:09:09:33 +0000] "HEAD / HTTP/1.1" 200 3836 "-" "jetmon/1.0 (Jetpack Site Uptime Monitor by WordPress.com)"
52.56.146.36 - - [03/Nov/2023:09:12:01 +0000] "GET /tmui/login.jsp HTTP/1.1" 404 3540 "-" "'Cloud mapping experiment. Contact research@pdrlabs.net'"
192.0.102.40 - - [03/Nov/2023:09:14:36 +0000] "HEAD / HTTP/1.1" 200 3836 "-" "jetmon/1.0 (Jetpack Site Uptime Monitor by WordPress.com)"
52.56.146.36 - - [03/Nov/2023:09:16:10 +0000] "GET /tmui/login.jsp HTTP/1.1" 404 3540 "-" "'Cloud mapping experiment. Contact research@pdrlabs.net'"
182.44.2.148 - - [03/Nov/2023:09:17:23 +0000] "GET / HTTP/1.1" 200 4026 "http://46.101.144.32" "Mozilla/5.0 (iPhone; CPU iPhone OS 13_2_3 like Mac OS X) AppleWebKit/605.1.15 (KHTML, like Gecko) Version/13.0.3 Mobile/15E148 Safari/604.1"
192.0.102.40 - - [03/Nov/2023:09:19:33 +0000] "HEAD / HTTP/1.1" 200 3836 "-" "jetmon/1.0 (Jetpack Site Uptime Monitor by WordPress.com)"
52.56.146.36 - - [03/Nov/2023:09:19:54 +0000] "GET / HTTP/1.1" 200 3469 "-" "'Cloud mapping experiment. Contact research@pdrlabs.net'"
107.175.69.10 - - [03/Nov/2023:09:23:13 +0000] "GET /robots.txt HTTP/1.1" 404 4172 "" "Mozilla/5.0 (compatible; version/1.0; Windows NT 5.1"
107.175.69.10 - - [03/Nov/2023:09:23:13 +0000] "GET / HTTP/1.1" 200 4102 "" "Mozilla/5.0 (compatible; version/1.0; Windows NT 5.1"
192.0.102.40 - - [03/Nov/2023:09:24:33 +0000] "HEAD / HTTP/1.1" 200 3836 "-" "jetmon/1.0 (Jetpack Site Uptime Monitor by WordPress.com)"
52.56.146.36 - - [03/Nov/2023:09:25:38 +0000] "GET / HTTP/1.1" 200 3469 "-" "'Cloud mapping experiment. Contact research@pdrlabs.net'"
34.75.65.218 - - [03/Nov/2023:09:28:27 +0000] "POST /wp-login.php HTTP/1.1" 404 4100 "-" "Mozilla/5.0 (Windows NT 10.0; Win64; x64) AppleWebKit/537.36 (KHTML, like Gecko) Chrome/86.0.4240.193 Safari/537.36"
192.0.102.40 - - [03/Nov/2023:09:29:34 +0000] "HEAD / HTTP/1.1" 200 3836 "-" "jetmon/1.0 (Jetpack Site Uptime Monitor by WordPress.com)"
210.179.213.184 - - [03/Nov/2023:09:33:10 +0000] "GET //wp-config.php.5 HTTP/1.1" 404 4096 "-" "Mozilla/5.0 (X11; Ubuntu; Linux x86_64; rv:62.0) Gecko/20100101 Firefox/62.0"
192.0.102.40 - - [03/Nov/2023:09:34:34 +0000] "HEAD / HTTP/1.1" 200 3836 "-" "jetmon/1.0 (Jetpack Site Uptime Monitor by WordPress.com)"
94.23.61.165 - - [03/Nov/2023:09:35:47 +0000] "POST /wp-login.php HTTP/1.1" 404 4100 "-" "Mozilla/5.0 (Windows NT 6.1) AppleWebKit/537.36 (KHTML, like Gecko) Chrome/63.0.3239.84 Safari/537.36"
192.0.102.40 - - [03/Nov/2023:09:39:33 +0000] "HEAD / HTTP/1.1" 200 3836 "-" "jetmon/1.0 (Jetpack Site Uptime Monitor by WordPress.com)"
192.0.102.40 - - [03/Nov/2023:09:44:34 +0000] "HEAD / HTTP/1.1" 200 3836 "-" "jetmon/1.0 (Jetpack Site Uptime Monitor by WordPress.com)"
192.0.102.40 - - [03/Nov/2023:09:49:34 +0000] "HEAD / HTTP/1.1" 200 3836 "-" "jetmon/1.0 (Jetpack Site Uptime Monitor by WordPress.com)"
192.0.102.40 - - [03/Nov/2023:09:54:34 +0000] "HEAD / HTTP/1.1" 200 3836 "-" "jetmon/1.0 (Jetpack Site Uptime Monitor by WordPress.com)"
5.179.80.205 - - [03/Nov/2023:09:54:56 +0000] "GET / HTTP/1.1" 200 4110 "-" "Mozilla/5.0 (Windows NT 10.0; Win64; x64) AppleWebKit/537.36 (KHTML, like Gecko) Chrome/118.0.0.0 Safari/537.36"
5.179.80.205 - - [03/Nov/2023:09:54:56 +0000] "GET /img/test.jpg HTTP/1.1" 200 111053 "https://talmedos.com/" "Mozilla/5.0 (Windows NT 10.0; Win64; x64) AppleWebKit/537.36 (KHTML, like Gecko) Chrome/118.0.0.0 Safari/537.36"
5.179.80.205 - - [03/Nov/2023:09:54:56 +0000] "GET /favicon.ico HTTP/1.1" 404 513 "https://talmedos.com/" "Mozilla/5.0 (Windows NT 10.0; Win64; x64) AppleWebKit/537.36 (KHTML, like Gecko) Chrome/118.0.0.0 Safari/537.36"
5.179.80.205 - - [03/Nov/2023:09:54:56 +0000] "GET /favicon.ico HTTP/1.1" 404 513 "https://talmedos.com/" "Mozilla/5.0 (Windows NT 10.0; Win64; x64) AppleWebKit/537.36 (KHTML, like Gecko) Chrome/118.0.0.0 Safari/537.36"
5.179.80.205 - - [03/Nov/2023:09:54:57 +0000] "GET /favicon.ico HTTP/1.1" 404 3745 "-" "WinHTTP Example/1.0"
5.179.80.205 - - [03/Nov/2023:09:55:02 +0000] "GET / HTTP/1.1" 200 955 "-" "Mozilla/5.0 (Windows NT 10.0; Win64; x64) AppleWebKit/537.36 (KHTML, like Gecko) Chrome/118.0.0.0 Safari/537.36"
5.179.80.205 - - [03/Nov/2023:09:55:02 +0000] "GET /favicon.ico HTTP/1.1" 404 513 "https://talmedos.com/" "Mozilla/5.0 (Windows NT 10.0; Win64; x64) AppleWebKit/537.36 (KHTML, like Gecko) Chrome/118.0.0.0 Safari/537.36"
5.179.80.205 - - [03/Nov/2023:09:55:02 +0000] "GET /favicon.ico HTTP/1.1" 404 3745 "-" "WinHTTP Example/1.0"
1.34.61.123 - - [03/Nov/2023:09:57:41 +0000] "GET //wp-config.php.7 HTTP/1.1" 404 4096 "-" "Mozilla/5.0 (X11; Ubuntu; Linux x86_64; rv:62.0) Gecko/20100101 Firefox/62.0"
192.0.102.40 - - [03/Nov/2023:09:59:34 +0000] "HEAD / HTTP/1.1" 200 3836 "-" "jetmon/1.0 (Jetpack Site Uptime Monitor by WordPress.com)"
139.162.253.25 - - [03/Nov/2023:09:59:58 +0000] "GET / HTTP/1.1" 200 4102 "-" "Mozilla/5.0 (Windows NT 6.1; WOW64; rv:8.0) Gecko/20100101 Firefox/8.0"
192.0.102.40 - - [03/Nov/2023:10:04:33 +0000] "HEAD / HTTP/1.1" 200 3836 "-" "jetmon/1.0 (Jetpack Site Uptime Monitor by WordPress.com)"
35.203.210.225 - - [03/Nov/2023:10:06:26 +0000] "GET / HTTP/1.1" 200 4061 "http://46.101.144.32:80/" "Expanse, a Palo Alto Networks company, searches across the global IPv4 space multiple times per day to identify customers&#39; presences on the Internet. If you would like to be excluded from our scans, please send IP addresses/domains to: scaninfo@paloaltonetworks.com"
192.0.102.40 - - [03/Nov/2023:10:09:33 +0000] "HEAD / HTTP/1.1" 200 3836 "-" "jetmon/1.0 (Jetpack Site Uptime Monitor by WordPress.com)"
79.130.71.204 - - [03/Nov/2023:10:10:17 +0000] "GET //wp-config.php.8 HTTP/1.1" 404 4096 "-" "Mozilla/5.0 (X11; Ubuntu; Linux x86_64; rv:62.0) Gecko/20100101 Firefox/62.0"
192.0.102.40 - - [03/Nov/2023:10:14:34 +0000] "HEAD / HTTP/1.1" 200 3836 "-" "jetmon/1.0 (Jetpack Site Uptime Monitor by WordPress.com)"
192.0.102.40 - - [03/Nov/2023:10:19:33 +0000] "HEAD / HTTP/1.1" 200 3836 "-" "jetmon/1.0 (Jetpack Site Uptime Monitor by WordPress.com)"
211.22.131.163 - - [03/Nov/2023:10:24:23 +0000] "GET //wp-config.php.9 HTTP/1.1" 404 4096 "-" "Mozilla/5.0 (X11; Ubuntu; Linux x86_64; rv:62.0) Gecko/20100101 Firefox/62.0"
192.0.102.40 - - [03/Nov/2023:10:24:32 +0000] "HEAD / HTTP/1.1" 200 3836 "-" "jetmon/1.0 (Jetpack Site Uptime Monitor by WordPress.com)"
192.241.233.53 - - [03/Nov/2023:10:28:33 +0000] "GET / HTTP/1.0" 400 627 "-" "-"
192.0.102.40 - - [03/Nov/2023:10:29:33 +0000] "HEAD / HTTP/1.1" 200 3836 "-" "jetmon/1.0 (Jetpack Site Uptime Monitor by WordPress.com)"
199.45.155.33 - - [03/Nov/2023:10:31:54 +0000] "GET / HTTP/1.1" 200 4061 "-" "-"
199.45.155.33 - - [03/Nov/2023:10:31:55 +0000] "GET / HTTP/1.1" 200 4007 "-" "Mozilla/5.0 (compatible; CensysInspect/1.1; +https://about.censys.io/)"
199.45.155.33 - - [03/Nov/2023:10:31:56 +0000] "GET /favicon.ico HTTP/1.1" 404 4100 "-" "Mozilla/5.0 (compatible; CensysInspect/1.1; +https://about.censys.io/)"
192.0.102.40 - - [03/Nov/2023:10:34:33 +0000] "HEAD / HTTP/1.1" 200 3836 "-" "jetmon/1.0 (Jetpack Site Uptime Monitor by WordPress.com)"
87.236.176.39 - - [03/Nov/2023:10:39:28 +0000] "GET / HTTP/1.1" 200 4026 "http://46.101.144.32" "Mozilla/5.0 (compatible; InternetMeasurement/1.0; +https://internet-measurement.com/)"
87.236.176.154 - - [03/Nov/2023:10:39:29 +0000] "GET /favicon.ico HTTP/1.1" 404 4144 "-" "Mozilla/5.0 (compatible; InternetMeasurement/1.0; +https://internet-measurement.com/)"
188.166.26.88 - - [03/Nov/2023:10:39:29 +0000] "GET /favicon.ico HTTP/1.1" 404 4144 "-" "Mozilla/5.0 (compatible; InternetMeasurement/1.0; +https://internet-measurement.com/)"
192.42.116.214 - - [03/Nov/2023:10:39:29 +0000] "GET /favicon.ico HTTP/1.1" 404 4144 "-" "Mozilla/5.0 (Windows NT 10.0; Win64; x64) AppleWebKit/537.36 (KHTML, like Gecko) Chrome/95.0.4638.69 Safari/537.36"
192.0.102.40 - - [03/Nov/2023:10:39:33 +0000] "HEAD / HTTP/1.1" 200 3836 "-" "jetmon/1.0 (Jetpack Site Uptime Monitor by WordPress.com)"
192.0.102.40 - - [03/Nov/2023:10:44:36 +0000] "HEAD / HTTP/1.1" 200 3836 "-" "jetmon/1.0 (Jetpack Site Uptime Monitor by WordPress.com)"
111.227.237.37 - - [03/Nov/2023:10:47:14 +0000] "GET //wp-config.php.aws HTTP/1.1" 404 4096 "-" "Mozilla/5.0 (X11; Ubuntu; Linux x86_64; rv:62.0) Gecko/20100101 Firefox/62.0"
35.203.210.200 - - [03/Nov/2023:10:49:30 +0000] "GET / HTTP/1.1" 200 4061 "-" "Expanse, a Palo Alto Networks company, searches across the global IPv4 space multiple times per day to identify customers&#39; presences on the Internet. If you would like to be excluded from our scans, please send IP addresses/domains to: scaninfo@paloaltonetworks.com"
192.0.102.40 - - [03/Nov/2023:10:49:34 +0000] "HEAD / HTTP/1.1" 200 3836 "-" "jetmon/1.0 (Jetpack Site Uptime Monitor by WordPress.com)"
192.0.102.40 - - [03/Nov/2023:10:54:33 +0000] "HEAD / HTTP/1.1" 200 3836 "-" "jetmon/1.0 (Jetpack Site Uptime Monitor by WordPress.com)"
199.195.254.136 - - [03/Nov/2023:10:56:58 +0000] "GET //wp-login.php HTTP/1.1" 404 3614 "http://www.google.com.hk" "Mozilla/5.0 (Windows NT 6.1; WOW64) AppleWebKit/537.36 (KHTML, like Gecko) Chrome/42.0.2311.90 Safari/537.36"
172.250.1.81 - - [03/Nov/2023:10:58:55 +0000] "GET //wp-config.php.azure HTTP/1.1" 404 4096 "-" "Mozilla/5.0 (X11; Ubuntu; Linux x86_64; rv:62.0) Gecko/20100101 Firefox/62.0"
192.0.102.40 - - [03/Nov/2023:10:59:35 +0000] "HEAD / HTTP/1.1" 200 3836 "-" "jetmon/1.0 (Jetpack Site Uptime Monitor by WordPress.com)"
5.179.80.204 - - [03/Nov/2023:11:03:00 +0000] "POST /wp-admin/admin-ajax.php HTTP/1.1" 404 4180 "https://talmedos.com/wp-admin/edit.php?post_type=page" "Mozilla/5.0 (Macintosh; Intel Mac OS X 10_15_7) AppleWebKit/537.36 (KHTML, like Gecko) Chrome/118.0.0.0 Safari/537.36"
5.179.80.204 - - [03/Nov/2023:11:03:14 +0000] "POST /wp-admin/admin-ajax.php HTTP/1.1" 404 1025 "https://talmedos.com/wp-admin/edit.php?post_type=page" "Mozilla/5.0 (Macintosh; Intel Mac OS X 10_15_7) AppleWebKit/537.36 (KHTML, like Gecko) Chrome/118.0.0.0 Safari/537.36"
192.0.102.40 - - [03/Nov/2023:11:04:34 +0000] "HEAD / HTTP/1.1" 200 3836 "-" "jetmon/1.0 (Jetpack Site Uptime Monitor by WordPress.com)"
50.31.158.69 - - [03/Nov/2023:11:06:10 +0000] "GET /wp-login.php?zzz=xcWD23 HTTP/1.1" 404 4144 "talmedos.com" "Mozilla/5.0 (Windows NT 10.0; Win64; x64) AppleWebKit/537.36 (KHTML, like Gecko) colonel Chrome/196.3.1597.530 Safari/537.36"
50.31.158.69 - - [03/Nov/2023:11:06:32 +0000] "GET /wp-includes/widgets/index.php?pw=1 HTTP/1.1" 404 4144 "talmedos.com" "Mozilla/5.0 (Windows NT 10.0; Win64; x64) AppleWebKit/537.36 (KHTML, like Gecko) colonel Chrome/196.3.1597.530 Safari/537.36"
139.162.198.202 - - [03/Nov/2023:11:07:45 +0000] "GET / HTTP/1.1" 200 4102 "-" "Mozilla/5.0 (Windows NT 6.1; WOW64; rv:8.0) Gecko/20100101 Firefox/8.0"
5.179.80.204 - - [03/Nov/2023:11:08:41 +0000] "POST /wp-admin/admin-ajax.php HTTP/1.1" 404 4180 "https://talmedos.com/wp-admin/edit.php?post_type=page" "Mozilla/5.0 (Macintosh; Intel Mac OS X 10_15_7) AppleWebKit/537.36 (KHTML, like Gecko) Chrome/118.0.0.0 Safari/537.36"
192.0.102.40 - - [03/Nov/2023:11:09:33 +0000] "HEAD / HTTP/1.1" 200 3836 "-" "jetmon/1.0 (Jetpack Site Uptime Monitor by WordPress.com)"
5.179.80.204 - - [03/Nov/2023:11:09:38 +0000] "POST /wp-admin/admin-ajax.php HTTP/1.1" 404 1025 "https://talmedos.com/wp-admin/post-new.php?post_type=page" "Mozilla/5.0 (Macintosh; Intel Mac OS X 10_15_7) AppleWebKit/537.36 (KHTML, like Gecko) Chrome/118.0.0.0 Safari/537.36"
5.179.80.204 - - [03/Nov/2023:11:10:38 +0000] "POST /wp-admin/admin-ajax.php HTTP/1.1" 404 1025 "https://talmedos.com/wp-admin/post-new.php?post_type=page" "Mozilla/5.0 (Macintosh; Intel Mac OS X 10_15_7) AppleWebKit/537.36 (KHTML, like Gecko) Chrome/118.0.0.0 Safari/537.36"
5.179.80.204 - - [03/Nov/2023:11:10:42 +0000] "POST /wp-admin/admin-ajax.php HTTP/1.1" 404 513 "https://talmedos.com/wp-admin/edit.php?post_type=page" "Mozilla/5.0 (Macintosh; Intel Mac OS X 10_15_7) AppleWebKit/537.36 (KHTML, like Gecko) Chrome/118.0.0.0 Safari/537.36"
157.230.191.135 - - [03/Nov/2023:11:10:59 +0000] "POST /wp-login.php HTTP/1.1" 404 4100 "-" "Mozilla/5.0 (Windows NT 10.0; Win64; x64) AppleWebKit/537.36 (KHTML, like Gecko) Chrome/60.0.3112.101 Safari/537.36"
94.194.1.22 - - [03/Nov/2023:11:11:16 +0000] "GET //wp-config.php.b HTTP/1.1" 404 4096 "-" "Mozilla/5.0 (X11; Ubuntu; Linux x86_64; rv:62.0) Gecko/20100101 Firefox/62.0"
5.179.80.204 - - [03/Nov/2023:11:12:38 +0000] "POST /wp-admin/admin-ajax.php HTTP/1.1" 404 1025 "https://talmedos.com/wp-admin/post-new.php?post_type=page" "Mozilla/5.0 (Macintosh; Intel Mac OS X 10_15_7) AppleWebKit/537.36 (KHTML, like Gecko) Chrome/118.0.0.0 Safari/537.36"
5.179.80.204 - - [03/Nov/2023:11:12:43 +0000] "POST /wp-admin/admin-ajax.php HTTP/1.1" 404 513 "https://talmedos.com/wp-admin/edit.php?post_type=page" "Mozilla/5.0 (Macintosh; Intel Mac OS X 10_15_7) AppleWebKit/537.36 (KHTML, like Gecko) Chrome/118.0.0.0 Safari/537.36"
192.0.102.40 - - [03/Nov/2023:11:14:34 +0000] "HEAD / HTTP/1.1" 200 3836 "-" "jetmon/1.0 (Jetpack Site Uptime Monitor by WordPress.com)"
5.179.80.204 - - [03/Nov/2023:11:14:38 +0000] "POST /wp-admin/admin-ajax.php HTTP/1.1" 404 1025 "https://talmedos.com/wp-admin/post-new.php?post_type=page" "Mozilla/5.0 (Macintosh; Intel Mac OS X 10_15_7) AppleWebKit/537.36 (KHTML, like Gecko) Chrome/118.0.0.0 Safari/537.36"
5.179.80.204 - - [03/Nov/2023:11:14:44 +0000] "POST /wp-admin/admin-ajax.php HTTP/1.1" 404 1025 "https://talmedos.com/wp-admin/edit.php?post_type=page" "Mozilla/5.0 (Macintosh; Intel Mac OS X 10_15_7) AppleWebKit/537.36 (KHTML, like Gecko) Chrome/118.0.0.0 Safari/537.36"
5.179.80.204 - - [03/Nov/2023:11:16:38 +0000] "POST /wp-admin/admin-ajax.php HTTP/1.1" 404 1025 "https://talmedos.com/wp-admin/post-new.php?post_type=page" "Mozilla/5.0 (Macintosh; Intel Mac OS X 10_15_7) AppleWebKit/537.36 (KHTML, like Gecko) Chrome/118.0.0.0 Safari/537.36"
5.179.80.204 - - [03/Nov/2023:11:16:45 +0000] "POST /wp-admin/admin-ajax.php HTTP/1.1" 404 1025 "https://talmedos.com/wp-admin/edit.php?post_type=page" "Mozilla/5.0 (Macintosh; Intel Mac OS X 10_15_7) AppleWebKit/537.36 (KHTML, like Gecko) Chrome/118.0.0.0 Safari/537.36"
5.179.80.204 - - [03/Nov/2023:11:17:35 +0000] "GET / HTTP/1.1" 200 955 "-" "Mozilla/5.0 (Macintosh; Intel Mac OS X 10_15_7) AppleWebKit/537.36 (KHTML, like Gecko) Chrome/118.0.0.0 Safari/537.36"
5.179.80.204 - - [03/Nov/2023:11:17:35 +0000] "GET /img/test.jpg HTTP/1.1" 200 111053 "https://talmedos.com/" "Mozilla/5.0 (Macintosh; Intel Mac OS X 10_15_7) AppleWebKit/537.36 (KHTML, like Gecko) Chrome/118.0.0.0 Safari/537.36"
5.179.80.204 - - [03/Nov/2023:11:18:38 +0000] "POST /wp-admin/admin-ajax.php HTTP/1.1" 404 1025 "https://talmedos.com/wp-admin/post-new.php?post_type=page" "Mozilla/5.0 (Macintosh; Intel Mac OS X 10_15_7) AppleWebKit/537.36 (KHTML, like Gecko) Chrome/118.0.0.0 Safari/537.36"
5.179.80.204 - - [03/Nov/2023:11:18:46 +0000] "POST /wp-admin/admin-ajax.php HTTP/1.1" 404 1025 "https://talmedos.com/wp-admin/edit.php?post_type=page" "Mozilla/5.0 (Macintosh; Intel Mac OS X 10_15_7) AppleWebKit/537.36 (KHTML, like Gecko) Chrome/118.0.0.0 Safari/537.36"
192.0.102.40 - - [03/Nov/2023:11:19:33 +0000] "HEAD / HTTP/1.1" 200 3836 "-" "jetmon/1.0 (Jetpack Site Uptime Monitor by WordPress.com)"
198.71.50.93 - - [03/Nov/2023:11:19:45 +0000] "GET /wp-login.php HTTP/1.1" 404 3525 "http://talmedos.com/wp-login.php" "Mozilla/5.0 (X11; Ubuntu; Linux x86_64; rv:62.0) Gecko/20100101 Firefox/62.0"
83.97.73.87 - - [03/Nov/2023:11:23:14 +0000] "GET /?XDEBUG_SESSION_START=phpstorm HTTP/1.1" 200 4026 "http://46.101.144.32:80/?XDEBUG_SESSION_START=phpstorm" "Mozilla/5.0 (Windows NT 10.0; Win64; x64) AppleWebKit/537.36 (KHTML, like Gecko) Chrome/78.0.3904.108 Safari/537.36"
202.171.214.10 - - [03/Nov/2023:11:24:04 +0000] "GET //wp-config.php.bac HTTP/1.1" 404 4096 "-" "Mozilla/5.0 (X11; Ubuntu; Linux x86_64; rv:62.0) Gecko/20100101 Firefox/62.0"
192.0.102.40 - - [03/Nov/2023:11:24:33 +0000] "HEAD / HTTP/1.1" 200 3836 "-" "jetmon/1.0 (Jetpack Site Uptime Monitor by WordPress.com)"
192.0.102.40 - - [03/Nov/2023:11:29:34 +0000] "HEAD / HTTP/1.1" 200 3836 "-" "jetmon/1.0 (Jetpack Site Uptime Monitor by WordPress.com)"
5.179.80.204 - - [03/Nov/2023:11:34:07 +0000] "GET /cgi-bin/df.sh HTTP/1.1" 200 3906 "-" "Mozilla/5.0 (Macintosh; Intel Mac OS X 10_15_7) AppleWebKit/537.36 (KHTML, like Gecko) Chrome/118.0.0.0 Safari/537.36"
5.179.80.204 - - [03/Nov/2023:11:34:14 +0000] "GET /cgi-bin/df.sh?ls%20-l HTTP/1.1" 200 751 "-" "Mozilla/5.0 (Macintosh; Intel Mac OS X 10_15_7) AppleWebKit/537.36 (KHTML, like Gecko) Chrome/118.0.0.0 Safari/537.36"
192.0.102.40 - - [03/Nov/2023:11:34:33 +0000] "HEAD / HTTP/1.1" 200 3836 "-" "jetmon/1.0 (Jetpack Site Uptime Monitor by WordPress.com)"
5.179.80.204 - - [03/Nov/2023:11:35:54 +0000] "GET /cgi-bin/df.sh?test;ls%20-l HTTP/1.1" 200 751 "-" "Mozilla/5.0 (Macintosh; Intel Mac OS X 10_15_7) AppleWebKit/537.36 (KHTML, like Gecko) Chrome/118.0.0.0 Safari/537.36"
76.172.37.132 - - [03/Nov/2023:11:36:14 +0000] "GET //wp-config.php.backup HTTP/1.1" 404 4096 "-" "Mozilla/5.0 (X11; Ubuntu; Linux x86_64; rv:62.0) Gecko/20100101 Firefox/62.0"
5.179.80.204 - - [03/Nov/2023:11:37:48 +0000] "GET / HTTP/1.1" 200 955 "-" "Mozilla/5.0 (Macintosh; Intel Mac OS X 10_15_7) AppleWebKit/537.36 (KHTML, like Gecko) Chrome/118.0.0.0 Safari/537.36"
5.179.80.204 - - [03/Nov/2023:11:37:51 +0000] "GET /cgi-bin/df.sh?name=&email= HTTP/1.1" 200 249 "https://talmedos.com/" "Mozilla/5.0 (Macintosh; Intel Mac OS X 10_15_7) AppleWebKit/537.36 (KHTML, like Gecko) Chrome/118.0.0.0 Safari/537.36"
5.179.80.204 - - [03/Nov/2023:11:39:06 +0000] "GET / HTTP/1.1" 200 955 "-" "Mozilla/5.0 (Macintosh; Intel Mac OS X 10_15_7) AppleWebKit/537.36 (KHTML, like Gecko) Chrome/118.0.0.0 Safari/537.36"
5.179.80.204 - - [03/Nov/2023:11:39:13 +0000] "GET /cgi-bin/df.sh?name=sdf&email=sadf HTTP/1.1" 200 787 "https://talmedos.com/" "Mozilla/5.0 (Macintosh; Intel Mac OS X 10_15_7) AppleWebKit/537.36 (KHTML, like Gecko) Chrome/118.0.0.0 Safari/537.36"
192.0.102.40 - - [03/Nov/2023:11:39:33 +0000] "HEAD / HTTP/1.1" 200 3836 "-" "jetmon/1.0 (Jetpack Site Uptime Monitor by WordPress.com)"
5.179.80.204 - - [03/Nov/2023:11:39:48 +0000] "GET / HTTP/1.1" 200 955 "-" "Mozilla/5.0 (Macintosh; Intel Mac OS X 10_15_7) AppleWebKit/537.36 (KHTML, like Gecko) Chrome/118.0.0.0 Safari/537.36"
5.179.80.204 - - [03/Nov/2023:11:39:52 +0000] "GET /cgi-bin/df.sh?name=&email=zsd HTTP/1.1" 200 271 "https://talmedos.com/" "Mozilla/5.0 (Macintosh; Intel Mac OS X 10_15_7) AppleWebKit/537.36 (KHTML, like Gecko) Chrome/118.0.0.0 Safari/537.36"
5.179.80.204 - - [03/Nov/2023:11:40:15 +0000] "GET /cgi-bin/df.sh?name=&email=zsd;ls HTTP/1.1" 200 786 "-" "Mozilla/5.0 (Macintosh; Intel Mac OS X 10_15_7) AppleWebKit/537.36 (KHTML, like Gecko) Chrome/118.0.0.0 Safari/537.36"
5.179.80.204 - - [03/Nov/2023:11:40:24 +0000] "GET /cgi-bin/df.sh?name=&email=zsd;`ls` HTTP/1.1" 200 788 "-" "Mozilla/5.0 (Macintosh; Intel Mac OS X 10_15_7) AppleWebKit/537.36 (KHTML, like Gecko) Chrome/118.0.0.0 Safari/537.36"
5.179.80.204 - - [03/Nov/2023:11:40:26 +0000] "GET /cgi-bin/df.sh?name=&email=zsd;`ls` HTTP/1.1" 200 276 "-" "Mozilla/5.0 (Macintosh; Intel Mac OS X 10_15_7) AppleWebKit/537.36 (KHTML, like Gecko) Chrome/118.0.0.0 Safari/537.36"
5.179.80.204 - - [03/Nov/2023:11:40:34 +0000] "GET /cgi-bin/df.sh?name=&email=zsd;eval(ls) HTTP/1.1" 200 792 "-" "Mozilla/5.0 (Macintosh; Intel Mac OS X 10_15_7) AppleWebKit/537.36 (KHTML, like Gecko) Chrome/118.0.0.0 Safari/537.36"
192.0.102.40 - - [03/Nov/2023:11:44:33 +0000] "HEAD / HTTP/1.1" 200 3836 "-" "jetmon/1.0 (Jetpack Site Uptime Monitor by WordPress.com)"
50.249.108.169 - - [03/Nov/2023:11:48:17 +0000] "GET //wp-config.php.backup.txt HTTP/1.1" 404 4096 "-" "Mozilla/5.0 (X11; Ubuntu; Linux x86_64; rv:62.0) Gecko/20100101 Firefox/62.0"
192.0.102.40 - - [03/Nov/2023:11:49:33 +0000] "HEAD / HTTP/1.1" 200 3836 "-" "jetmon/1.0 (Jetpack Site Uptime Monitor by WordPress.com)"
192.0.102.40 - - [03/Nov/2023:11:54:32 +0000] "HEAD / HTTP/1.1" 200 3836 "-" "jetmon/1.0 (Jetpack Site Uptime Monitor by WordPress.com)"
192.0.102.40 - - [03/Nov/2023:11:59:33 +0000] "HEAD / HTTP/1.1" 200 3836 "-" "jetmon/1.0 (Jetpack Site Uptime Monitor by WordPress.com)"
73.73.56.130 - - [03/Nov/2023:12:01:09 +0000] "GET //wp-config.php.bak HTTP/1.1" 404 4096 "-" "Mozilla/5.0 (X11; Ubuntu; Linux x86_64; rv:62.0) Gecko/20100101 Firefox/62.0"
192.0.102.40 - - [03/Nov/2023:12:04:33 +0000] "HEAD / HTTP/1.1" 200 3836 "-" "jetmon/1.0 (Jetpack Site Uptime Monitor by WordPress.com)"
192.0.102.40 - - [03/Nov/2023:12:09:32 +0000] "HEAD / HTTP/1.1" 200 3836 "-" "jetmon/1.0 (Jetpack Site Uptime Monitor by WordPress.com)"
109.226.110.62 - - [03/Nov/2023:12:13:13 +0000] "GET / HTTP/1.1" 200 3648 "-" "Mozilla/5.0 (Windows NT 5.1; rv:9.0.1) Gecko/20100101 Firefox/9.0.1"
192.0.102.40 - - [03/Nov/2023:12:14:33 +0000] "HEAD / HTTP/1.1" 200 3836 "-" "jetmon/1.0 (Jetpack Site Uptime Monitor by WordPress.com)"
86.205.131.204 - - [03/Nov/2023:12:16:36 +0000] "GET //wp-config.php.bak1 HTTP/1.1" 404 4096 "-" "Mozilla/5.0 (X11; Ubuntu; Linux x86_64; rv:62.0) Gecko/20100101 Firefox/62.0"
192.0.102.40 - - [03/Nov/2023:12:19:32 +0000] "HEAD / HTTP/1.1" 200 3836 "-" "jetmon/1.0 (Jetpack Site Uptime Monitor by WordPress.com)"
192.0.102.40 - - [03/Nov/2023:12:24:31 +0000] "HEAD / HTTP/1.1" 200 3836 "-" "jetmon/1.0 (Jetpack Site Uptime Monitor by WordPress.com)"
5.179.80.204 - - [03/Nov/2023:12:25:15 +0000] "POST /wp-admin/admin-ajax.php HTTP/1.1" 404 4180 "https://talmedos.com/wp-admin/edit.php?post_type=page" "Mozilla/5.0 (Macintosh; Intel Mac OS X 10_15_7) AppleWebKit/537.36 (KHTML, like Gecko) Chrome/118.0.0.0 Safari/537.36"
5.179.80.204 - - [03/Nov/2023:12:25:44 +0000] "POST /wp-admin/admin-ajax.php HTTP/1.1" 404 1025 "https://talmedos.com/wp-admin/post-new.php?post_type=page" "Mozilla/5.0 (Macintosh; Intel Mac OS X 10_15_7) AppleWebKit/537.36 (KHTML, like Gecko) Chrome/118.0.0.0 Safari/537.36"
5.179.80.204 - - [03/Nov/2023:12:25:45 +0000] "POST /wp-admin/admin-ajax.php HTTP/1.1" 404 513 "https://talmedos.com/wp-admin/post-new.php?post_type=page" "Mozilla/5.0 (Macintosh; Intel Mac OS X 10_15_7) AppleWebKit/537.36 (KHTML, like Gecko) Chrome/118.0.0.0 Safari/537.36"
159.196.64.199 - - [03/Nov/2023:12:26:38 +0000] "GET //wp-config.php.bk HTTP/1.1" 404 4096 "-" "Mozilla/5.0 (X11; Ubuntu; Linux x86_64; rv:62.0) Gecko/20100101 Firefox/62.0"
192.0.102.40 - - [03/Nov/2023:12:29:33 +0000] "HEAD / HTTP/1.1" 200 3836 "-" "jetmon/1.0 (Jetpack Site Uptime Monitor by WordPress.com)"
64.62.197.123 - - [03/Nov/2023:12:29:55 +0000] "GET / HTTP/1.1" 200 3469 "-" "Mozilla/5.0 (X11; Linux x86_64; rv:107.0) Gecko/20100101 Firefox/107.0"
192.0.102.40 - - [03/Nov/2023:12:34:32 +0000] "HEAD / HTTP/1.1" 200 3836 "-" "jetmon/1.0 (Jetpack Site Uptime Monitor by WordPress.com)"
192.0.102.40 - - [03/Nov/2023:12:39:32 +0000] "HEAD / HTTP/1.1" 200 3836 "-" "jetmon/1.0 (Jetpack Site Uptime Monitor by WordPress.com)"
64.62.197.124 - - [03/Nov/2023:12:42:57 +0000] "GET /favicon.ico HTTP/1.1" 404 3540 "-" "Mozilla/5.0 (X11; Ubuntu; Linux x86_64; rv:109.0) Gecko/20100101 Firefox/110.0"
192.0.102.40 - - [03/Nov/2023:12:44:34 +0000] "HEAD / HTTP/1.1" 200 3836 "-" "jetmon/1.0 (Jetpack Site Uptime Monitor by WordPress.com)"
64.62.197.126 - - [03/Nov/2023:12:46:30 +0000] "GET / HTTP/1.1" 200 4007 "-" "Mozilla/5.0 (X11; Linux x86_64; rv:107.0) Gecko/20100101 Firefox/107.0"
192.0.102.40 - - [03/Nov/2023:12:49:32 +0000] "HEAD / HTTP/1.1" 200 3836 "-" "jetmon/1.0 (Jetpack Site Uptime Monitor by WordPress.com)"
99.233.194.91 - - [03/Nov/2023:12:52:20 +0000] "GET //wp-config.php.c HTTP/1.1" 404 4096 "-" "Mozilla/5.0 (X11; Ubuntu; Linux x86_64; rv:62.0) Gecko/20100101 Firefox/62.0"
