50.3.85.42 - - [07/Nov/2023:00:01:52 +0000] "POST / HTTP/1.1" 200 4019 "-" "Mozilla/5.0 (Windows NT 5.1) AppleWebKit/537.36 (KHTML, like Gecko) Chrome/35.0.2309.372 Safari/537.36"
192.0.102.40 - - [07/Nov/2023:00:04:37 +0000] "HEAD / HTTP/1.1" 200 3836 "-" "jetmon/1.0 (Jetpack Site Uptime Monitor by WordPress.com)"
138.68.249.116 - - [07/Nov/2023:00:07:54 +0000] "SSTP_DUPLEX_POST /sra_{BA195980-CD49-458b-9E23-C84EE0ADCD75}/ HTTP/1.1" 400 4108 "-" "-"
192.0.102.40 - - [07/Nov/2023:00:09:36 +0000] "HEAD / HTTP/1.1" 200 3836 "-" "jetmon/1.0 (Jetpack Site Uptime Monitor by WordPress.com)"
192.0.102.40 - - [07/Nov/2023:00:14:29 +0000] "HEAD / HTTP/1.1" 200 3836 "-" "jetmon/1.0 (Jetpack Site Uptime Monitor by WordPress.com)"
192.0.102.40 - - [07/Nov/2023:00:19:37 +0000] "HEAD / HTTP/1.1" 200 3836 "-" "jetmon/1.0 (Jetpack Site Uptime Monitor by WordPress.com)"
198.235.24.29 - - [07/Nov/2023:00:23:48 +0000] "GET / HTTP/1.1" 200 4072 "-" "-"
192.0.102.40 - - [07/Nov/2023:00:24:37 +0000] "HEAD / HTTP/1.1" 200 3836 "-" "jetmon/1.0 (Jetpack Site Uptime Monitor by WordPress.com)"
192.0.102.40 - - [07/Nov/2023:00:29:30 +0000] "HEAD / HTTP/1.1" 200 3836 "-" "jetmon/1.0 (Jetpack Site Uptime Monitor by WordPress.com)"
192.0.102.40 - - [07/Nov/2023:00:34:37 +0000] "HEAD / HTTP/1.1" 200 3836 "-" "jetmon/1.0 (Jetpack Site Uptime Monitor by WordPress.com)"
162.142.125.215 - - [07/Nov/2023:00:38:25 +0000] "GET / HTTP/1.1" 200 4000 "-" "Mozilla/5.0 (compatible; CensysInspect/1.1; +https://about.censys.io/)"
162.142.125.215 - - [07/Nov/2023:00:38:26 +0000] "GET /favicon.ico HTTP/1.1" 404 4097 "-" "Mozilla/5.0 (compatible; CensysInspect/1.1; +https://about.censys.io/)"
192.0.102.40 - - [07/Nov/2023:00:39:39 +0000] "HEAD / HTTP/1.1" 200 3836 "-" "jetmon/1.0 (Jetpack Site Uptime Monitor by WordPress.com)"
192.0.102.40 - - [07/Nov/2023:00:44:30 +0000] "HEAD / HTTP/1.1" 200 3836 "-" "jetmon/1.0 (Jetpack Site Uptime Monitor by WordPress.com)"
50.3.85.42 - - [07/Nov/2023:00:45:19 +0000] "POST / HTTP/1.1" 200 4019 "-" "Mozilla/5.0 (Macintosh; Intel Mac OS X 10_8_4) AppleWebKit/537.36 (KHTML, like Gecko) Chrome/49.0.2656.18 Safari/537.36"
192.0.102.40 - - [07/Nov/2023:00:49:37 +0000] "HEAD / HTTP/1.1" 200 3836 "-" "jetmon/1.0 (Jetpack Site Uptime Monitor by WordPress.com)"
91.92.246.72 - - [07/Nov/2023:00:52:13 +0000] "GET /.env HTTP/1.1" 404 4229 "-" "Mozilla/5.0 (Linux; U; Android 4.4.2; en-US; HM NOTE 1W Build/KOT49H) AppleWebKit/534.30 (KHTML, like Gecko) Version/4.0 UCBrowser/11.0.5.850 U3/0.8.0 Mobile Safari/534.30"
91.92.246.72 - - [07/Nov/2023:00:52:13 +0000] "POST / HTTP/1.1" 200 4151 "-" "Mozilla/5.0 (Linux; U; Android 4.4.2; en-US; HM NOTE 1W Build/KOT49H) AppleWebKit/534.30 (KHTML, like Gecko) Version/4.0 UCBrowser/11.0.5.850 U3/0.8.0 Mobile Safari/534.30"
91.92.246.72 - - [07/Nov/2023:00:52:15 +0000] "GET /vendor/phpunit/phpunit/src/Util/PHP/eval-stdin.php HTTP/1.1" 404 4229 "-" "python-requests/2.25.1"
192.0.102.40 - - [07/Nov/2023:00:54:37 +0000] "HEAD / HTTP/1.1" 200 3836 "-" "jetmon/1.0 (Jetpack Site Uptime Monitor by WordPress.com)"
192.0.102.40 - - [07/Nov/2023:00:59:29 +0000] "HEAD / HTTP/1.1" 200 3836 "-" "jetmon/1.0 (Jetpack Site Uptime Monitor by WordPress.com)"
192.0.102.40 - - [07/Nov/2023:01:04:39 +0000] "HEAD / HTTP/1.1" 200 3836 "-" "jetmon/1.0 (Jetpack Site Uptime Monitor by WordPress.com)"
192.0.102.40 - - [07/Nov/2023:01:09:37 +0000] "HEAD / HTTP/1.1" 200 3836 "-" "jetmon/1.0 (Jetpack Site Uptime Monitor by WordPress.com)"
192.0.102.40 - - [07/Nov/2023:01:14:30 +0000] "HEAD / HTTP/1.1" 200 3836 "-" "jetmon/1.0 (Jetpack Site Uptime Monitor by WordPress.com)"
192.0.102.40 - - [07/Nov/2023:01:19:38 +0000] "HEAD / HTTP/1.1" 200 3836 "-" "jetmon/1.0 (Jetpack Site Uptime Monitor by WordPress.com)"
94.142.138.104 - - [07/Nov/2023:01:23:32 +0000] "GET /RDWeb/Pages/en-US/login.aspx HTTP/1.1" 404 4097 "-" "Go-http-client/1.1"
192.0.102.40 - - [07/Nov/2023:01:24:36 +0000] "HEAD / HTTP/1.1" 200 3836 "-" "jetmon/1.0 (Jetpack Site Uptime Monitor by WordPress.com)"
192.0.102.40 - - [07/Nov/2023:01:29:30 +0000] "HEAD / HTTP/1.1" 200 3836 "-" "jetmon/1.0 (Jetpack Site Uptime Monitor by WordPress.com)"
192.0.102.40 - - [07/Nov/2023:01:34:37 +0000] "HEAD / HTTP/1.1" 200 3836 "-" "jetmon/1.0 (Jetpack Site Uptime Monitor by WordPress.com)"
192.0.102.40 - - [07/Nov/2023:01:39:37 +0000] "HEAD / HTTP/1.1" 200 3836 "-" "jetmon/1.0 (Jetpack Site Uptime Monitor by WordPress.com)"
192.0.102.40 - - [07/Nov/2023:01:44:30 +0000] "HEAD / HTTP/1.1" 200 3836 "-" "jetmon/1.0 (Jetpack Site Uptime Monitor by WordPress.com)"
192.0.102.40 - - [07/Nov/2023:01:49:38 +0000] "HEAD / HTTP/1.1" 200 3836 "-" "jetmon/1.0 (Jetpack Site Uptime Monitor by WordPress.com)"
167.248.133.51 - - [07/Nov/2023:01:52:06 +0000] "GET / HTTP/1.1" 200 4000 "-" "Mozilla/5.0 (compatible; CensysInspect/1.1; +https://about.censys.io/)"
167.248.133.51 - - [07/Nov/2023:01:52:07 +0000] "GET /favicon.ico HTTP/1.1" 404 4097 "-" "Mozilla/5.0 (compatible; CensysInspect/1.1; +https://about.censys.io/)"
192.0.102.40 - - [07/Nov/2023:01:54:36 +0000] "HEAD / HTTP/1.1" 200 3836 "-" "jetmon/1.0 (Jetpack Site Uptime Monitor by WordPress.com)"
192.0.102.40 - - [07/Nov/2023:01:59:30 +0000] "HEAD / HTTP/1.1" 200 3836 "-" "jetmon/1.0 (Jetpack Site Uptime Monitor by WordPress.com)"
52.18.177.61 - - [07/Nov/2023:01:59:41 +0000] "GET / HTTP/1.1" 200 4067 "-" "Mozilla/5.0 (X11; Linux x86_64) AppleWebKit/537.36 (KHTML, like Gecko) Chrome/92.0.4515.107 Safari/537.36"
192.0.102.40 - - [07/Nov/2023:02:04:37 +0000] "HEAD / HTTP/1.1" 200 3836 "-" "jetmon/1.0 (Jetpack Site Uptime Monitor by WordPress.com)"
192.0.102.40 - - [07/Nov/2023:02:09:36 +0000] "HEAD / HTTP/1.1" 200 3836 "-" "jetmon/1.0 (Jetpack Site Uptime Monitor by WordPress.com)"
192.0.102.40 - - [07/Nov/2023:02:14:30 +0000] "HEAD / HTTP/1.1" 200 3836 "-" "jetmon/1.0 (Jetpack Site Uptime Monitor by WordPress.com)"
174.138.61.44 - - [07/Nov/2023:02:19:15 +0000] "GET / HTTP/1.0" 400 627 "-" "-"
174.138.61.44 - - [07/Nov/2023:02:19:15 +0000] "GET / HTTP/1.1" 200 3462 "-" "Mozilla/5.0 (Macintosh; Intel Mac OS X 10.13; rv:61.0) Gecko/20100101 Firefox/72.0"
192.0.102.40 - - [07/Nov/2023:02:19:38 +0000] "HEAD / HTTP/1.1" 200 3836 "-" "jetmon/1.0 (Jetpack Site Uptime Monitor by WordPress.com)"
192.0.102.40 - - [07/Nov/2023:02:24:36 +0000] "HEAD / HTTP/1.1" 200 3836 "-" "jetmon/1.0 (Jetpack Site Uptime Monitor by WordPress.com)"
192.0.102.40 - - [07/Nov/2023:02:29:30 +0000] "HEAD / HTTP/1.1" 200 3836 "-" "jetmon/1.0 (Jetpack Site Uptime Monitor by WordPress.com)"
192.0.102.40 - - [07/Nov/2023:02:34:37 +0000] "HEAD / HTTP/1.1" 200 3836 "-" "jetmon/1.0 (Jetpack Site Uptime Monitor by WordPress.com)"
192.0.102.40 - - [07/Nov/2023:02:39:36 +0000] "HEAD / HTTP/1.1" 200 3836 "-" "jetmon/1.0 (Jetpack Site Uptime Monitor by WordPress.com)"
192.0.102.40 - - [07/Nov/2023:02:44:30 +0000] "HEAD / HTTP/1.1" 200 3836 "-" "jetmon/1.0 (Jetpack Site Uptime Monitor by WordPress.com)"
35.209.79.175 - - [07/Nov/2023:02:48:18 +0000] "GET / HTTP/1.1" 200 4067 "-" "Mozilla/5.0 (Windows NT 10.0; Win64; x64) AppleWebKit/537.36 (KHTML, like Gecko; compatible; BW/1.1; bit.ly/3eZNDnO; edb710451e) Chrome/84.0.4147.105 Safari/537.36"
35.209.79.175 - - [07/Nov/2023:02:48:18 +0000] "GET /robots.txt HTTP/1.1" 404 989 "-" "Mozilla/5.0 (Windows NT 10.0; Win64; x64) AppleWebKit/537.36 (KHTML, like Gecko; compatible; BW/1.1; bit.ly/3eZNDnO; edb710451e) Chrome/84.0.4147.105 Safari/537.36"
35.209.79.175 - - [07/Nov/2023:02:48:19 +0000] "\n" 400 4181 "-" "-"
192.0.102.40 - - [07/Nov/2023:02:49:37 +0000] "HEAD / HTTP/1.1" 200 3836 "-" "jetmon/1.0 (Jetpack Site Uptime Monitor by WordPress.com)"
192.0.102.40 - - [07/Nov/2023:02:54:37 +0000] "HEAD / HTTP/1.1" 200 3836 "-" "jetmon/1.0 (Jetpack Site Uptime Monitor by WordPress.com)"
192.0.102.40 - - [07/Nov/2023:02:59:30 +0000] "HEAD / HTTP/1.1" 200 3836 "-" "jetmon/1.0 (Jetpack Site Uptime Monitor by WordPress.com)"
192.0.102.40 - - [07/Nov/2023:03:04:38 +0000] "HEAD / HTTP/1.1" 200 3836 "-" "jetmon/1.0 (Jetpack Site Uptime Monitor by WordPress.com)"
192.0.102.40 - - [07/Nov/2023:03:09:39 +0000] "HEAD / HTTP/1.1" 200 3836 "-" "jetmon/1.0 (Jetpack Site Uptime Monitor by WordPress.com)"
192.0.102.40 - - [07/Nov/2023:03:14:30 +0000] "HEAD / HTTP/1.1" 200 3836 "-" "jetmon/1.0 (Jetpack Site Uptime Monitor by WordPress.com)"
192.0.102.40 - - [07/Nov/2023:03:19:38 +0000] "HEAD / HTTP/1.1" 200 3836 "-" "jetmon/1.0 (Jetpack Site Uptime Monitor by WordPress.com)"
192.0.102.40 - - [07/Nov/2023:03:24:39 +0000] "HEAD / HTTP/1.1" 200 3836 "-" "jetmon/1.0 (Jetpack Site Uptime Monitor by WordPress.com)"
192.0.102.40 - - [07/Nov/2023:03:29:30 +0000] "HEAD / HTTP/1.1" 200 3836 "-" "jetmon/1.0 (Jetpack Site Uptime Monitor by WordPress.com)"
192.0.102.40 - - [07/Nov/2023:03:34:37 +0000] "HEAD / HTTP/1.1" 200 3836 "-" "jetmon/1.0 (Jetpack Site Uptime Monitor by WordPress.com)"
192.0.102.40 - - [07/Nov/2023:03:39:37 +0000] "HEAD / HTTP/1.1" 200 3836 "-" "jetmon/1.0 (Jetpack Site Uptime Monitor by WordPress.com)"
128.14.134.134 - - [07/Nov/2023:03:40:12 +0000] "GET / HTTP/1.1" 200 3503 "-" "Mozilla/5.0 (Windows NT 10.0; Win64; x64) AppleWebKit/537.36 (KHTML, like Gecko) Chrome/60.0.3112.113 Safari/537.36"
78.153.140.221 - - [07/Nov/2023:03:41:04 +0000] "GET / HTTP/1.0" 400 627 "-" "-"
78.153.140.221 - - [07/Nov/2023:03:41:04 +0000] "GET /.env HTTP/1.1" 404 4182 "-" "Mozilla/5.0 (X11; Linux x86_64) AppleWebKit/537.36 (KHTML, like Gecko) Chrome/81.0.4044.129 Safari/537.36"
192.0.102.40 - - [07/Nov/2023:03:44:30 +0000] "HEAD / HTTP/1.1" 200 3836 "-" "jetmon/1.0 (Jetpack Site Uptime Monitor by WordPress.com)"
192.0.102.40 - - [07/Nov/2023:03:49:36 +0000] "HEAD / HTTP/1.1" 200 3836 "-" "jetmon/1.0 (Jetpack Site Uptime Monitor by WordPress.com)"
192.0.102.40 - - [07/Nov/2023:03:54:37 +0000] "HEAD / HTTP/1.1" 200 3836 "-" "jetmon/1.0 (Jetpack Site Uptime Monitor by WordPress.com)"
192.0.102.40 - - [07/Nov/2023:03:59:30 +0000] "HEAD / HTTP/1.1" 200 3836 "-" "jetmon/1.0 (Jetpack Site Uptime Monitor by WordPress.com)"
192.0.102.40 - - [07/Nov/2023:04:04:37 +0000] "HEAD / HTTP/1.1" 200 3836 "-" "jetmon/1.0 (Jetpack Site Uptime Monitor by WordPress.com)"
192.0.102.40 - - [07/Nov/2023:04:09:38 +0000] "HEAD / HTTP/1.1" 200 3836 "-" "jetmon/1.0 (Jetpack Site Uptime Monitor by WordPress.com)"
192.0.102.40 - - [07/Nov/2023:04:14:30 +0000] "HEAD / HTTP/1.1" 200 3836 "-" "jetmon/1.0 (Jetpack Site Uptime Monitor by WordPress.com)"
91.134.248.253 - - [07/Nov/2023:04:18:50 +0000] "GET /wp-admin/images/wp-login.php HTTP/1.1" 404 3607 "http://talmedos.com/wp-admin/images/wp-login.php" "Mozilla/5.0 (Windows; U; Windows NT 5.1; en-US) AppleWebKit/533.4 (KHTML, like Gecko) Chrome/5.0.375.99 Safari/533.4"
192.0.102.40 - - [07/Nov/2023:04:19:37 +0000] "HEAD / HTTP/1.1" 200 3836 "-" "jetmon/1.0 (Jetpack Site Uptime Monitor by WordPress.com)"
192.0.102.40 - - [07/Nov/2023:04:24:36 +0000] "HEAD / HTTP/1.1" 200 3836 "-" "jetmon/1.0 (Jetpack Site Uptime Monitor by WordPress.com)"
192.0.102.40 - - [07/Nov/2023:04:29:29 +0000] "HEAD / HTTP/1.1" 200 3836 "-" "jetmon/1.0 (Jetpack Site Uptime Monitor by WordPress.com)"
192.0.102.40 - - [07/Nov/2023:04:34:36 +0000] "HEAD / HTTP/1.1" 200 3836 "-" "jetmon/1.0 (Jetpack Site Uptime Monitor by WordPress.com)"
192.0.102.40 - - [07/Nov/2023:04:39:37 +0000] "HEAD / HTTP/1.1" 200 3836 "-" "jetmon/1.0 (Jetpack Site Uptime Monitor by WordPress.com)"
192.0.102.40 - - [07/Nov/2023:04:44:30 +0000] "HEAD / HTTP/1.1" 200 3836 "-" "jetmon/1.0 (Jetpack Site Uptime Monitor by WordPress.com)"
192.0.102.40 - - [07/Nov/2023:04:49:36 +0000] "HEAD / HTTP/1.1" 200 3836 "-" "jetmon/1.0 (Jetpack Site Uptime Monitor by WordPress.com)"
192.0.102.40 - - [07/Nov/2023:04:54:37 +0000] "HEAD / HTTP/1.1" 200 3836 "-" "jetmon/1.0 (Jetpack Site Uptime Monitor by WordPress.com)"
192.0.102.40 - - [07/Nov/2023:04:59:30 +0000] "HEAD / HTTP/1.1" 200 3836 "-" "jetmon/1.0 (Jetpack Site Uptime Monitor by WordPress.com)"
83.97.73.87 - - [07/Nov/2023:05:01:47 +0000] "GET /?XDEBUG_SESSION_START=phpstorm HTTP/1.1" 200 4019 "-" "Mozilla/5.0 (Windows NT 10.0; Win64; x64) AppleWebKit/537.36 (KHTML, like Gecko) Chrome/78.0.3904.108 Safari/537.36"
192.0.102.40 - - [07/Nov/2023:05:04:37 +0000] "HEAD / HTTP/1.1" 200 3836 "-" "jetmon/1.0 (Jetpack Site Uptime Monitor by WordPress.com)"
192.0.102.40 - - [07/Nov/2023:05:09:36 +0000] "HEAD / HTTP/1.1" 200 3836 "-" "jetmon/1.0 (Jetpack Site Uptime Monitor by WordPress.com)"
192.0.102.40 - - [07/Nov/2023:05:14:37 +0000] "HEAD / HTTP/1.1" 200 3836 "-" "jetmon/1.0 (Jetpack Site Uptime Monitor by WordPress.com)"
192.0.102.40 - - [07/Nov/2023:05:19:36 +0000] "HEAD / HTTP/1.1" 200 3836 "-" "jetmon/1.0 (Jetpack Site Uptime Monitor by WordPress.com)"
192.0.102.40 - - [07/Nov/2023:05:24:37 +0000] "HEAD / HTTP/1.1" 200 3836 "-" "jetmon/1.0 (Jetpack Site Uptime Monitor by WordPress.com)"
192.0.102.40 - - [07/Nov/2023:05:29:37 +0000] "HEAD / HTTP/1.1" 200 3836 "-" "jetmon/1.0 (Jetpack Site Uptime Monitor by WordPress.com)"
139.59.181.152 - - [07/Nov/2023:05:33:38 +0000] "GET / HTTP/1.1" 200 3462 "http://46.101.144.32:80/" "Mozilla/5.0 (Windows NT 10.0; Win64; x64) AppleWebKit/537.36 (KHTML, like Gecko) Chrome/68.0.3440.106 Safari/537.36"
139.59.181.152 - - [07/Nov/2023:05:33:38 +0000] "GET /favicon.ico HTTP/1.1" 404 466 "-" "Mozilla/5.0 (Windows NT 10.0; Win64; x64) AppleWebKit/537.36 (KHTML, like Gecko) Chrome/68.0.3440.106 Safari/537.36"
192.0.102.40 - - [07/Nov/2023:05:34:36 +0000] "HEAD / HTTP/1.1" 200 3836 "-" "jetmon/1.0 (Jetpack Site Uptime Monitor by WordPress.com)"
94.156.65.12 - - [07/Nov/2023:05:35:35 +0000] "GET /logon/LogonPoint/init.js HTTP/1.1" 404 4078 "-" "Mozilla/5.0 (Windows NT 10.0; rv:109.0) Gecko/20100101 Firefox/115.0"
192.0.102.40 - - [07/Nov/2023:05:39:36 +0000] "HEAD / HTTP/1.1" 200 3836 "-" "jetmon/1.0 (Jetpack Site Uptime Monitor by WordPress.com)"
192.0.102.40 - - [07/Nov/2023:05:44:36 +0000] "HEAD / HTTP/1.1" 200 3836 "-" "jetmon/1.0 (Jetpack Site Uptime Monitor by WordPress.com)"
192.0.102.40 - - [07/Nov/2023:05:49:35 +0000] "HEAD / HTTP/1.1" 200 3836 "-" "jetmon/1.0 (Jetpack Site Uptime Monitor by WordPress.com)"
192.0.102.40 - - [07/Nov/2023:05:54:35 +0000] "HEAD / HTTP/1.1" 200 3836 "-" "jetmon/1.0 (Jetpack Site Uptime Monitor by WordPress.com)"
192.0.102.40 - - [07/Nov/2023:05:59:37 +0000] "HEAD / HTTP/1.1" 200 3836 "-" "jetmon/1.0 (Jetpack Site Uptime Monitor by WordPress.com)"
192.0.102.40 - - [07/Nov/2023:06:04:36 +0000] "HEAD / HTTP/1.1" 200 3836 "-" "jetmon/1.0 (Jetpack Site Uptime Monitor by WordPress.com)"
192.0.102.40 - - [07/Nov/2023:06:09:36 +0000] "HEAD / HTTP/1.1" 200 3836 "-" "jetmon/1.0 (Jetpack Site Uptime Monitor by WordPress.com)"
192.0.102.40 - - [07/Nov/2023:06:14:36 +0000] "HEAD / HTTP/1.1" 200 3836 "-" "jetmon/1.0 (Jetpack Site Uptime Monitor by WordPress.com)"
78.153.140.221 - - [07/Nov/2023:06:16:47 +0000] "GET /.env HTTP/1.1" 404 4182 "-" "Mozilla/5.0 (X11; Linux x86_64) AppleWebKit/537.36 (KHTML, like Gecko) Chrome/81.0.4044.129 Safari/537.36"
192.0.102.40 - - [07/Nov/2023:06:19:36 +0000] "HEAD / HTTP/1.1" 200 3836 "-" "jetmon/1.0 (Jetpack Site Uptime Monitor by WordPress.com)"
192.0.102.40 - - [07/Nov/2023:06:24:36 +0000] "HEAD / HTTP/1.1" 200 3836 "-" "jetmon/1.0 (Jetpack Site Uptime Monitor by WordPress.com)"
192.0.102.40 - - [07/Nov/2023:06:29:36 +0000] "HEAD / HTTP/1.1" 200 3836 "-" "jetmon/1.0 (Jetpack Site Uptime Monitor by WordPress.com)"
192.0.102.40 - - [07/Nov/2023:06:34:36 +0000] "HEAD / HTTP/1.1" 200 3836 "-" "jetmon/1.0 (Jetpack Site Uptime Monitor by WordPress.com)"
83.97.73.87 - - [07/Nov/2023:06:36:20 +0000] "GET /actuator/gateway/routes HTTP/1.1" 404 4097 "-" "Mozilla/5.0 (Windows NT 10.0; Win64; x64) AppleWebKit/537.36 (KHTML, like Gecko) Chrome/78.0.3904.108 Safari/537.36"
192.0.102.40 - - [07/Nov/2023:06:39:36 +0000] "HEAD / HTTP/1.1" 200 3836 "-" "jetmon/1.0 (Jetpack Site Uptime Monitor by WordPress.com)"
192.0.102.40 - - [07/Nov/2023:06:44:38 +0000] "HEAD / HTTP/1.1" 200 3836 "-" "jetmon/1.0 (Jetpack Site Uptime Monitor by WordPress.com)"
192.0.102.40 - - [07/Nov/2023:06:49:36 +0000] "HEAD / HTTP/1.1" 200 3836 "-" "jetmon/1.0 (Jetpack Site Uptime Monitor by WordPress.com)"
192.0.102.40 - - [07/Nov/2023:06:54:38 +0000] "HEAD / HTTP/1.1" 200 3836 "-" "jetmon/1.0 (Jetpack Site Uptime Monitor by WordPress.com)"
192.0.102.40 - - [07/Nov/2023:06:59:37 +0000] "HEAD / HTTP/1.1" 200 3836 "-" "jetmon/1.0 (Jetpack Site Uptime Monitor by WordPress.com)"
66.249.66.5 - - [07/Nov/2023:07:03:45 +0000] "GET /robots.txt HTTP/1.1" 404 4134 "-" "Mozilla/5.0 (compatible; Googlebot/2.1; +http://www.google.com/bot.html)"
66.249.66.6 - - [07/Nov/2023:07:03:46 +0000] "GET / HTTP/1.1" 200 4056 "-" "Mozilla/5.0 (compatible; Googlebot/2.1; +http://www.google.com/bot.html)"
192.0.102.40 - - [07/Nov/2023:07:04:36 +0000] "HEAD / HTTP/1.1" 200 3836 "-" "jetmon/1.0 (Jetpack Site Uptime Monitor by WordPress.com)"
192.0.102.40 - - [07/Nov/2023:07:09:36 +0000] "HEAD / HTTP/1.1" 200 3836 "-" "jetmon/1.0 (Jetpack Site Uptime Monitor by WordPress.com)"
192.0.102.40 - - [07/Nov/2023:07:14:37 +0000] "HEAD / HTTP/1.1" 200 3836 "-" "jetmon/1.0 (Jetpack Site Uptime Monitor by WordPress.com)"
66.249.66.4 - - [07/Nov/2023:07:15:34 +0000] "GET /styles.css HTTP/1.1" 404 4134 "https://46.101.144.32/" "Mozilla/5.0 AppleWebKit/537.36 (KHTML, like Gecko; compatible; Googlebot/2.1; +http://www.google.com/bot.html) Chrome/118.0.5993.117 Safari/537.36"
192.0.102.40 - - [07/Nov/2023:07:19:36 +0000] "HEAD / HTTP/1.1" 200 3836 "-" "jetmon/1.0 (Jetpack Site Uptime Monitor by WordPress.com)"
192.0.102.40 - - [07/Nov/2023:07:24:36 +0000] "HEAD / HTTP/1.1" 200 3836 "-" "jetmon/1.0 (Jetpack Site Uptime Monitor by WordPress.com)"
192.0.102.40 - - [07/Nov/2023:07:29:37 +0000] "HEAD / HTTP/1.1" 200 3836 "-" "jetmon/1.0 (Jetpack Site Uptime Monitor by WordPress.com)"
192.0.102.40 - - [07/Nov/2023:07:34:36 +0000] "HEAD / HTTP/1.1" 200 3836 "-" "jetmon/1.0 (Jetpack Site Uptime Monitor by WordPress.com)"
192.0.102.40 - - [07/Nov/2023:07:39:36 +0000] "HEAD / HTTP/1.1" 200 3836 "-" "jetmon/1.0 (Jetpack Site Uptime Monitor by WordPress.com)"
192.0.102.40 - - [07/Nov/2023:07:44:37 +0000] "HEAD / HTTP/1.1" 200 3836 "-" "jetmon/1.0 (Jetpack Site Uptime Monitor by WordPress.com)"
45.56.86.210 - - [07/Nov/2023:07:46:51 +0000] "GET / HTTP/1.1" 200 4019 "-" "Mozilla/5.0 (X11; U; Linux; en-US) AppleWebKit/527  (KHTML, like Gecko, Safari/419.3) Arora/0.10.1"
45.56.86.210 - - [07/Nov/2023:07:46:55 +0000] "GET / HTTP/1.1" 200 4019 "http://46.101.144.32:80" "Opera/9.80 (Android; Opera Mini/9.0.1829/66.318; U; en) Presto/2.12.423 Version/12.16"
192.0.102.40 - - [07/Nov/2023:07:49:36 +0000] "HEAD / HTTP/1.1" 200 3836 "-" "jetmon/1.0 (Jetpack Site Uptime Monitor by WordPress.com)"
192.0.102.40 - - [07/Nov/2023:07:54:36 +0000] "HEAD / HTTP/1.1" 200 3836 "-" "jetmon/1.0 (Jetpack Site Uptime Monitor by WordPress.com)"
185.189.182.234 - - [07/Nov/2023:07:55:37 +0000] "GET / HTTP/1.0" 400 627 "-" "-"
192.0.102.40 - - [07/Nov/2023:07:59:37 +0000] "HEAD / HTTP/1.1" 200 3836 "-" "jetmon/1.0 (Jetpack Site Uptime Monitor by WordPress.com)"
5.179.80.205 - - [07/Nov/2023:07:59:49 +0000] "GET / HTTP/1.1" 200 4103 "-" "Mozilla/5.0 (Macintosh; Intel Mac OS X 10_15_7) AppleWebKit/537.36 (KHTML, like Gecko) Chrome/118.0.0.0 Safari/537.36"
5.179.80.205 - - [07/Nov/2023:07:59:49 +0000] "GET /styles.css HTTP/1.1" 404 513 "https://talmedos.com/" "Mozilla/5.0 (Macintosh; Intel Mac OS X 10_15_7) AppleWebKit/537.36 (KHTML, like Gecko) Chrome/118.0.0.0 Safari/537.36"
5.179.80.205 - - [07/Nov/2023:07:59:56 +0000] "GET /dindex.html HTTP/1.1" 200 1278 "https://talmedos.com/" "Mozilla/5.0 (Macintosh; Intel Mac OS X 10_15_7) AppleWebKit/537.36 (KHTML, like Gecko) Chrome/118.0.0.0 Safari/537.36"
5.179.80.205 - - [07/Nov/2023:07:59:57 +0000] "GET /images/Middelalderen.jpg HTTP/1.1" 304 716 "https://talmedos.com/dindex.html" "Mozilla/5.0 (Macintosh; Intel Mac OS X 10_15_7) AppleWebKit/537.36 (KHTML, like Gecko) Chrome/118.0.0.0 Safari/537.36"
5.179.80.205 - - [07/Nov/2023:07:59:56 +0000] "GET /images/Guld.jpg HTTP/1.1" 200 9953771 "https://talmedos.com/dindex.html" "Mozilla/5.0 (Macintosh; Intel Mac OS X 10_15_7) AppleWebKit/537.36 (KHTML, like Gecko) Chrome/118.0.0.0 Safari/537.36"
5.179.80.205 - - [07/Nov/2023:07:59:57 +0000] "GET /images/1900.jpg HTTP/1.1" 200 7222681 "https://talmedos.com/dindex.html" "Mozilla/5.0 (Macintosh; Intel Mac OS X 10_15_7) AppleWebKit/537.36 (KHTML, like Gecko) Chrome/118.0.0.0 Safari/537.36"
5.179.80.204 - - [07/Nov/2023:08:00:11 +0000] "GET / HTTP/1.1" 200 4103 "-" "Mozilla/5.0 (Macintosh; Intel Mac OS X 10_15_7) AppleWebKit/605.1.15 (KHTML, like Gecko) Version/17.0 Safari/605.1.15"
5.179.80.204 - - [07/Nov/2023:08:00:11 +0000] "GET /styles.css HTTP/1.1" 404 513 "https://talmedos.com/" "Mozilla/5.0 (Macintosh; Intel Mac OS X 10_15_7) AppleWebKit/605.1.15 (KHTML, like Gecko) Version/17.0 Safari/605.1.15"
5.179.80.204 - - [07/Nov/2023:08:00:11 +0000] "GET /favicon.ico HTTP/1.1" 404 513 "https://talmedos.com/" "Mozilla/5.0 (Macintosh; Intel Mac OS X 10_15_7) AppleWebKit/605.1.15 (KHTML, like Gecko) Version/17.0 Safari/605.1.15"
5.179.80.205 - - [07/Nov/2023:08:00:17 +0000] "-" 408 511 "-" "-"
5.179.80.204 - - [07/Nov/2023:08:00:18 +0000] "GET / HTTP/1.1" 200 4103 "-" "Mozilla/5.0 (Macintosh; Intel Mac OS X 10_15_7) AppleWebKit/605.1.15 (KHTML, like Gecko) Version/17.0 Safari/605.1.15"
5.179.80.204 - - [07/Nov/2023:08:00:18 +0000] "GET /styles.css HTTP/1.1" 404 513 "https://talmedos.com/" "Mozilla/5.0 (Macintosh; Intel Mac OS X 10_15_7) AppleWebKit/605.1.15 (KHTML, like Gecko) Version/17.0 Safari/605.1.15"
5.179.80.204 - - [07/Nov/2023:08:00:21 +0000] "GET /dindex.html HTTP/1.1" 200 766 "-" "Mozilla/5.0 (Macintosh; Intel Mac OS X 10_15_7) AppleWebKit/605.1.15 (KHTML, like Gecko) Version/17.0 Safari/605.1.15"
5.179.80.204 - - [07/Nov/2023:08:00:21 +0000] "GET /images/Middelalderen.jpg HTTP/1.1" 200 102885 "https://talmedos.com/dindex.html" "Mozilla/5.0 (Macintosh; Intel Mac OS X 10_15_7) AppleWebKit/605.1.15 (KHTML, like Gecko) Version/17.0 Safari/605.1.15"
5.179.80.204 - - [07/Nov/2023:08:00:21 +0000] "GET /images/1900.jpg HTTP/1.1" 200 7226348 "https://talmedos.com/dindex.html" "Mozilla/5.0 (Macintosh; Intel Mac OS X 10_15_7) AppleWebKit/605.1.15 (KHTML, like Gecko) Version/17.0 Safari/605.1.15"
5.179.80.204 - - [07/Nov/2023:08:00:21 +0000] "GET /images/Guld.jpg HTTP/1.1" 200 9957438 "https://talmedos.com/dindex.html" "Mozilla/5.0 (Macintosh; Intel Mac OS X 10_15_7) AppleWebKit/605.1.15 (KHTML, like Gecko) Version/17.0 Safari/605.1.15"
5.179.80.205 - - [07/Nov/2023:08:00:46 +0000] "GET /aindex.html HTTP/1.1" 200 1960 "https://talmedos.com/" "Mozilla/5.0 (Macintosh; Intel Mac OS X 10_15_7) AppleWebKit/537.36 (KHTML, like Gecko) Chrome/118.0.0.0 Safari/537.36"
5.179.80.204 - - [07/Nov/2023:08:02:13 +0000] "GET /aindex.html HTTP/1.1" 200 5115 "-" "Mozilla/5.0 (Macintosh; Intel Mac OS X 10_15_7) AppleWebKit/605.1.15 (KHTML, like Gecko) Version/17.0 Safari/605.1.15"
5.179.80.204 - - [07/Nov/2023:08:02:33 +0000] "-" 408 3666 "-" "-"
5.179.80.205 - - [07/Nov/2023:08:02:47 +0000] "GET /findex.html HTTP/1.1" 200 1291 "https://talmedos.com/" "Mozilla/5.0 (Macintosh; Intel Mac OS X 10_15_7) AppleWebKit/537.36 (KHTML, like Gecko) Chrome/118.0.0.0 Safari/537.36"
5.179.80.205 - - [07/Nov/2023:08:02:47 +0000] "GET /images/KKSgb6844.jpeg HTTP/1.1" 200 1212067 "https://talmedos.com/findex.html" "Mozilla/5.0 (Macintosh; Intel Mac OS X 10_15_7) AppleWebKit/537.36 (KHTML, like Gecko) Chrome/118.0.0.0 Safari/537.36"
5.179.80.205 - - [07/Nov/2023:08:02:47 +0000] "GET /images/KMS120.jpeg HTTP/1.1" 304 716 "https://talmedos.com/findex.html" "Mozilla/5.0 (Macintosh; Intel Mac OS X 10_15_7) AppleWebKit/537.36 (KHTML, like Gecko) Chrome/118.0.0.0 Safari/537.36"
5.179.80.205 - - [07/Nov/2023:08:02:47 +0000] "GET /images/KMS8760.jpeg HTTP/1.1" 200 805429 "https://talmedos.com/findex.html" "Mozilla/5.0 (Macintosh; Intel Mac OS X 10_15_7) AppleWebKit/537.36 (KHTML, like Gecko) Chrome/118.0.0.0 Safari/537.36"
192.0.102.40 - - [07/Nov/2023:08:04:36 +0000] "HEAD / HTTP/1.1" 200 3836 "-" "jetmon/1.0 (Jetpack Site Uptime Monitor by WordPress.com)"
35.216.204.22 - - [07/Nov/2023:08:05:29 +0000] "GET / HTTP/1.1" 400 4133 "-" "-"
35.216.204.22 - - [07/Nov/2023:08:05:29 +0000] "GET / HTTP/1.1" 200 4091 "-" "abuse.xmco.fr"
35.216.204.22 - - [07/Nov/2023:08:05:32 +0000] "GET /config.json HTTP/1.1" 404 4097 "-" "Mozilla/5.0 (Macintosh; Intel Mac OS X 10.15; rv:103.0) Gecko/20100101 Firefox/103.0 abuse.xmco.fr"
35.216.204.22 - - [07/Nov/2023:08:05:33 +0000] "GET /.env HTTP/1.1" 404 4097 "-" "Mozilla/5.0 (Macintosh; Intel Mac OS X 10.15; rv:103.0) Gecko/20100101 Firefox/103.0 abuse.xmco.fr"
35.216.204.22 - - [07/Nov/2023:08:05:33 +0000] "GET /telescope/requests HTTP/1.1" 404 4097 "-" "Mozilla/5.0 (Macintosh; Intel Mac OS X 10.15; rv:103.0) Gecko/20100101 Firefox/103.0 abuse.xmco.fr"
35.216.204.22 - - [07/Nov/2023:08:05:33 +0000] "GET /info.php HTTP/1.1" 404 4097 "-" "Mozilla/5.0 (Macintosh; Intel Mac OS X 10.15; rv:103.0) Gecko/20100101 Firefox/103.0 abuse.xmco.fr"
35.216.204.22 - - [07/Nov/2023:08:05:34 +0000] "GET /.git/config HTTP/1.1" 404 4097 "-" "Mozilla/5.0 (Macintosh; Intel Mac OS X 10.15; rv:103.0) Gecko/20100101 Firefox/103.0 abuse.xmco.fr"
35.216.204.22 - - [07/Nov/2023:08:05:34 +0000] "GET /server-status HTTP/1.1" 403 4100 "-" "Mozilla/5.0 (Macintosh; Intel Mac OS X 10.15; rv:103.0) Gecko/20100101 Firefox/103.0 abuse.xmco.fr"
192.0.102.40 - - [07/Nov/2023:08:09:36 +0000] "HEAD / HTTP/1.1" 200 3836 "-" "jetmon/1.0 (Jetpack Site Uptime Monitor by WordPress.com)"
192.0.102.40 - - [07/Nov/2023:08:14:37 +0000] "HEAD / HTTP/1.1" 200 3836 "-" "jetmon/1.0 (Jetpack Site Uptime Monitor by WordPress.com)"
74.82.47.3 - - [07/Nov/2023:08:19:17 +0000] "GET / HTTP/1.1" 200 3462 "http://46.101.144.32/" "Mozilla/5.0 (Macintosh; Intel Mac OS X 10_15_7) AppleWebKit/537.36 (KHTML, like Gecko) Chrome/109.0.0.0 Safari/537.36"
192.0.102.40 - - [07/Nov/2023:08:19:36 +0000] "HEAD / HTTP/1.1" 200 3836 "-" "jetmon/1.0 (Jetpack Site Uptime Monitor by WordPress.com)"
192.0.102.40 - - [07/Nov/2023:08:24:36 +0000] "HEAD / HTTP/1.1" 200 3836 "-" "jetmon/1.0 (Jetpack Site Uptime Monitor by WordPress.com)"
192.0.102.40 - - [07/Nov/2023:08:29:37 +0000] "HEAD / HTTP/1.1" 200 3836 "-" "jetmon/1.0 (Jetpack Site Uptime Monitor by WordPress.com)"
192.0.102.40 - - [07/Nov/2023:08:34:36 +0000] "HEAD / HTTP/1.1" 200 3836 "-" "jetmon/1.0 (Jetpack Site Uptime Monitor by WordPress.com)"
192.0.102.40 - - [07/Nov/2023:08:39:36 +0000] "HEAD / HTTP/1.1" 200 3836 "-" "jetmon/1.0 (Jetpack Site Uptime Monitor by WordPress.com)"
192.0.102.40 - - [07/Nov/2023:08:44:37 +0000] "HEAD / HTTP/1.1" 200 3836 "-" "jetmon/1.0 (Jetpack Site Uptime Monitor by WordPress.com)"
44.200.15.7 - - [07/Nov/2023:08:46:36 +0000] "GET / HTTP/1.1" 200 4019 "-" "Mozilla/5.0 (X11; Linux i686; rv:6.0a2) Gecko/20110615 Firefox/6.0a2 Iceweasel/6.0a2"
192.0.102.40 - - [07/Nov/2023:08:49:36 +0000] "HEAD / HTTP/1.1" 200 3836 "-" "jetmon/1.0 (Jetpack Site Uptime Monitor by WordPress.com)"
54.37.121.239 - - [07/Nov/2023:08:49:57 +0000] "GET /cgi-bin/edit.php HTTP/1.1" 404 4172 "http://talmedos.com/cgi-bin/edit.php" "Mozilla/5.0 (Windows; U; Windows NT 5.1; en-US) AppleWebKit/533.4 (KHTML, like Gecko) Chrome/5.0.375.99 Safari/533.4"
192.0.102.40 - - [07/Nov/2023:08:54:36 +0000] "HEAD / HTTP/1.1" 200 3836 "-" "jetmon/1.0 (Jetpack Site Uptime Monitor by WordPress.com)"
192.0.102.40 - - [07/Nov/2023:08:59:36 +0000] "HEAD / HTTP/1.1" 200 3836 "-" "jetmon/1.0 (Jetpack Site Uptime Monitor by WordPress.com)"
205.210.31.214 - - [07/Nov/2023:09:03:06 +0000] "GET / HTTP/1.1" 200 4072 "-" "Expanse, a Palo Alto Networks company, searches across the global IPv4 space multiple times per day to identify customers&#39; presences on the Internet. If you would like to be excluded from our scans, please send IP addresses/domains to: scaninfo@paloaltonetworks.com"
192.0.102.40 - - [07/Nov/2023:09:04:36 +0000] "HEAD / HTTP/1.1" 200 3836 "-" "jetmon/1.0 (Jetpack Site Uptime Monitor by WordPress.com)"
192.0.102.40 - - [07/Nov/2023:09:09:36 +0000] "HEAD / HTTP/1.1" 200 3836 "-" "jetmon/1.0 (Jetpack Site Uptime Monitor by WordPress.com)"
192.0.102.40 - - [07/Nov/2023:09:14:36 +0000] "HEAD / HTTP/1.1" 200 3836 "-" "jetmon/1.0 (Jetpack Site Uptime Monitor by WordPress.com)"
192.0.102.40 - - [07/Nov/2023:09:19:36 +0000] "HEAD / HTTP/1.1" 200 3836 "-" "jetmon/1.0 (Jetpack Site Uptime Monitor by WordPress.com)"
192.0.102.40 - - [07/Nov/2023:09:24:37 +0000] "HEAD / HTTP/1.1" 200 3836 "-" "jetmon/1.0 (Jetpack Site Uptime Monitor by WordPress.com)"
192.0.102.40 - - [07/Nov/2023:09:29:36 +0000] "HEAD / HTTP/1.1" 200 3836 "-" "jetmon/1.0 (Jetpack Site Uptime Monitor by WordPress.com)"
192.0.102.40 - - [07/Nov/2023:09:34:39 +0000] "HEAD / HTTP/1.1" 200 3836 "-" "jetmon/1.0 (Jetpack Site Uptime Monitor by WordPress.com)"
192.0.102.40 - - [07/Nov/2023:09:39:36 +0000] "HEAD / HTTP/1.1" 200 3836 "-" "jetmon/1.0 (Jetpack Site Uptime Monitor by WordPress.com)"
192.0.102.40 - - [07/Nov/2023:09:44:39 +0000] "HEAD / HTTP/1.1" 200 3836 "-" "jetmon/1.0 (Jetpack Site Uptime Monitor by WordPress.com)"
192.0.102.40 - - [07/Nov/2023:09:49:36 +0000] "HEAD / HTTP/1.1" 200 3836 "-" "jetmon/1.0 (Jetpack Site Uptime Monitor by WordPress.com)"
161.35.149.70 - - [07/Nov/2023:09:50:48 +0000] "GET / HTTP/1.1" 200 4048 "-" "Mozilla/5.0 (X11; Linux x86_64) AppleWebKit/537.36 (KHTML, like Gecko) Chrome/108.0.0.0 Safari/537.36"
66.97.45.248 - - [07/Nov/2023:09:52:27 +0000] "GET /index.php?of=1&a=1 HTTP/1.1" 200 4139 "talmedos.com" "Mozilla/5.0 (Windows NT 10.0; Win64; x64) AppleWebKit/537.36 (KHTML, like Gecko) colonel Chrome/196.3.1597.530 Safari/537.36"
192.0.102.40 - - [07/Nov/2023:09:54:35 +0000] "HEAD / HTTP/1.1" 200 3836 "-" "jetmon/1.0 (Jetpack Site Uptime Monitor by WordPress.com)"
216.218.206.66 - - [07/Nov/2023:09:55:53 +0000] "GET / HTTP/1.1" 200 3462 "-" "Mozilla/5.0 (Windows NT 10.0; Win64; x64) AppleWebKit/537.36 (KHTML, like Gecko) Chrome/110.0.0.0 Safari/537.36"
99.192.222.14 - - [07/Nov/2023:09:56:59 +0000] "GET /inputs.php HTTP/1.1" 404 4144 "talmedos.com" "Mozilla/5.1 (Windows NT 6.0; WOW64) AppleWebKit/537.37 (KHTML, like Gecko) Chrome/58.0.1145.75 Safari/537.37"
192.0.102.40 - - [07/Nov/2023:09:59:40 +0000] "HEAD / HTTP/1.1" 200 3836 "-" "jetmon/1.0 (Jetpack Site Uptime Monitor by WordPress.com)"
192.0.102.40 - - [07/Nov/2023:10:04:38 +0000] "HEAD / HTTP/1.1" 200 3836 "-" "jetmon/1.0 (Jetpack Site Uptime Monitor by WordPress.com)"
216.218.206.66 - - [07/Nov/2023:10:06:16 +0000] "GET / HTTP/1.1" 200 4000 "-" "Mozilla/5.0 (Windows NT 10.0; Win64; x64) AppleWebKit/537.36 (KHTML, like Gecko) Chrome/110.0.0.0 Safari/537.36"
192.0.102.40 - - [07/Nov/2023:10:09:36 +0000] "HEAD / HTTP/1.1" 200 3836 "-" "jetmon/1.0 (Jetpack Site Uptime Monitor by WordPress.com)"
216.218.206.66 - - [07/Nov/2023:10:09:46 +0000] "GET /geoserver/web/ HTTP/1.1" 404 3540 "-" "Mozilla/5.0 (Windows NT 10.0; Win64; x64; rv:109.0) Gecko/20100101 Firefox/111.0"
216.218.206.66 - - [07/Nov/2023:10:10:55 +0000] "GET /.git/config HTTP/1.1" 404 3540 "-" "Mozilla/5.0 (Windows NT 10.0; Win64; x64) AppleWebKit/537.36 (KHTML, like Gecko) Chrome/110.0.0.0 Safari/537.36 Edg/110.0.1587.50"
35.203.210.181 - - [07/Nov/2023:10:13:59 +0000] "GET / HTTP/1.1" 200 4072 "-" "Expanse, a Palo Alto Networks company, searches across the global IPv4 space multiple times per day to identify customers&#39; presences on the Internet. If you would like to be excluded from our scans, please send IP addresses/domains to: scaninfo@paloaltonetworks.com"
192.0.102.40 - - [07/Nov/2023:10:14:36 +0000] "HEAD / HTTP/1.1" 200 3836 "-" "jetmon/1.0 (Jetpack Site Uptime Monitor by WordPress.com)"
192.0.102.40 - - [07/Nov/2023:10:19:36 +0000] "HEAD / HTTP/1.1" 200 3836 "-" "jetmon/1.0 (Jetpack Site Uptime Monitor by WordPress.com)"
192.0.102.40 - - [07/Nov/2023:10:24:36 +0000] "HEAD / HTTP/1.1" 200 3836 "-" "jetmon/1.0 (Jetpack Site Uptime Monitor by WordPress.com)"
20.39.244.107 - - [07/Nov/2023:10:27:10 +0000] "GET /.git/config HTTP/1.1" 404 3811 "-" "Mozilla/5.0 (Windows NT 10.0; Win64; x64) AppleWebKit/537.36 (KHTML, like Gecko) Chrome/81.0.4044.138 Safari/537.36"
192.0.102.40 - - [07/Nov/2023:10:29:37 +0000] "HEAD / HTTP/1.1" 200 3836 "-" "jetmon/1.0 (Jetpack Site Uptime Monitor by WordPress.com)"
192.0.102.40 - - [07/Nov/2023:10:34:37 +0000] "HEAD / HTTP/1.1" 200 3836 "-" "jetmon/1.0 (Jetpack Site Uptime Monitor by WordPress.com)"
192.0.102.40 - - [07/Nov/2023:10:39:37 +0000] "HEAD / HTTP/1.1" 200 3836 "-" "jetmon/1.0 (Jetpack Site Uptime Monitor by WordPress.com)"
192.0.102.40 - - [07/Nov/2023:10:44:38 +0000] "HEAD / HTTP/1.1" 200 3836 "-" "jetmon/1.0 (Jetpack Site Uptime Monitor by WordPress.com)"
192.0.102.40 - - [07/Nov/2023:10:49:37 +0000] "HEAD / HTTP/1.1" 200 3836 "-" "jetmon/1.0 (Jetpack Site Uptime Monitor by WordPress.com)"
185.181.230.50 - - [07/Nov/2023:10:52:21 +0000] "GET //wp-content/plugins/royal-elementor-addons/readme.txt HTTP/1.1" 404 4228 "-" "Mozilla/5.0 (Windows NT 10.0; Win64; x64) AppleWebKit/537.36 (KHTML, like Gecko) Chrome/92.0.4515.159 Safari/537.36"
192.0.102.40 - - [07/Nov/2023:10:54:36 +0000] "HEAD / HTTP/1.1" 200 3836 "-" "jetmon/1.0 (Jetpack Site Uptime Monitor by WordPress.com)"
192.0.102.40 - - [07/Nov/2023:10:59:37 +0000] "HEAD / HTTP/1.1" 200 3836 "-" "jetmon/1.0 (Jetpack Site Uptime Monitor by WordPress.com)"
192.0.102.40 - - [07/Nov/2023:11:04:37 +0000] "HEAD / HTTP/1.1" 200 3836 "-" "jetmon/1.0 (Jetpack Site Uptime Monitor by WordPress.com)"
138.197.15.182 - - [07/Nov/2023:11:06:12 +0000] "" 400 3595 "-" "-"
192.0.102.40 - - [07/Nov/2023:11:09:37 +0000] "HEAD / HTTP/1.1" 200 3836 "-" "jetmon/1.0 (Jetpack Site Uptime Monitor by WordPress.com)"
192.0.102.40 - - [07/Nov/2023:11:14:38 +0000] "HEAD / HTTP/1.1" 200 3836 "-" "jetmon/1.0 (Jetpack Site Uptime Monitor by WordPress.com)"
192.0.102.40 - - [07/Nov/2023:11:19:37 +0000] "HEAD / HTTP/1.1" 200 3836 "-" "jetmon/1.0 (Jetpack Site Uptime Monitor by WordPress.com)"
192.0.102.40 - - [07/Nov/2023:11:24:37 +0000] "HEAD / HTTP/1.1" 200 3836 "-" "jetmon/1.0 (Jetpack Site Uptime Monitor by WordPress.com)"
192.0.102.40 - - [07/Nov/2023:11:29:38 +0000] "HEAD / HTTP/1.1" 200 3836 "-" "jetmon/1.0 (Jetpack Site Uptime Monitor by WordPress.com)"
192.0.102.40 - - [07/Nov/2023:11:34:37 +0000] "HEAD / HTTP/1.1" 200 3836 "-" "jetmon/1.0 (Jetpack Site Uptime Monitor by WordPress.com)"
156.226.20.109 - - [07/Nov/2023:11:35:35 +0000] "GET /wp-admin/images/upfile.php HTTP/1.1" 404 3554 "http://talmedos.com/wp-admin/images/upfile.php" "Mozilla/5.0 (Windows; U; Windows NT 5.1; en-US) AppleWebKit/533.4 (KHTML, like Gecko) Chrome/5.0.375.99 Safari/533.4"
192.0.102.40 - - [07/Nov/2023:11:39:37 +0000] "HEAD / HTTP/1.1" 200 3836 "-" "jetmon/1.0 (Jetpack Site Uptime Monitor by WordPress.com)"
192.0.102.40 - - [07/Nov/2023:11:44:40 +0000] "HEAD / HTTP/1.1" 200 3836 "-" "jetmon/1.0 (Jetpack Site Uptime Monitor by WordPress.com)"
192.0.102.40 - - [07/Nov/2023:11:49:37 +0000] "HEAD / HTTP/1.1" 200 3836 "-" "jetmon/1.0 (Jetpack Site Uptime Monitor by WordPress.com)"
192.0.102.40 - - [07/Nov/2023:11:54:37 +0000] "HEAD / HTTP/1.1" 200 3836 "-" "jetmon/1.0 (Jetpack Site Uptime Monitor by WordPress.com)"
54.229.219.126 - - [07/Nov/2023:11:54:43 +0000] "GET / HTTP/1.0" 200 4139 "-" "Mozilla/5.0 (compatible; NetcraftSurveyAgent/1.0; +info@netcraft.com)"
192.0.102.40 - - [07/Nov/2023:11:59:38 +0000] "HEAD / HTTP/1.1" 200 3836 "-" "jetmon/1.0 (Jetpack Site Uptime Monitor by WordPress.com)"
192.0.102.40 - - [07/Nov/2023:12:04:37 +0000] "HEAD / HTTP/1.1" 200 3836 "-" "jetmon/1.0 (Jetpack Site Uptime Monitor by WordPress.com)"
192.0.102.40 - - [07/Nov/2023:12:09:36 +0000] "HEAD / HTTP/1.1" 200 3836 "-" "jetmon/1.0 (Jetpack Site Uptime Monitor by WordPress.com)"
61.219.11.155 - - [07/Nov/2023:12:10:53 +0000] "GET / HTTP/1.0" 400 627 "-" "-"
192.0.102.40 - - [07/Nov/2023:12:14:37 +0000] "HEAD / HTTP/1.1" 200 3836 "-" "jetmon/1.0 (Jetpack Site Uptime Monitor by WordPress.com)"
192.0.102.40 - - [07/Nov/2023:12:19:36 +0000] "HEAD / HTTP/1.1" 200 3836 "-" "jetmon/1.0 (Jetpack Site Uptime Monitor by WordPress.com)"
192.0.102.40 - - [07/Nov/2023:12:24:35 +0000] "HEAD / HTTP/1.1" 200 3836 "-" "jetmon/1.0 (Jetpack Site Uptime Monitor by WordPress.com)"
61.219.11.155 - - [07/Nov/2023:12:24:53 +0000] "GET / HTTP/1.0" 400 627 "-" "-"
192.0.102.40 - - [07/Nov/2023:12:29:38 +0000] "HEAD / HTTP/1.1" 200 3836 "-" "jetmon/1.0 (Jetpack Site Uptime Monitor by WordPress.com)"
192.0.102.40 - - [07/Nov/2023:12:34:36 +0000] "HEAD / HTTP/1.1" 200 3836 "-" "jetmon/1.0 (Jetpack Site Uptime Monitor by WordPress.com)"
192.0.102.40 - - [07/Nov/2023:12:39:36 +0000] "HEAD / HTTP/1.1" 200 3836 "-" "jetmon/1.0 (Jetpack Site Uptime Monitor by WordPress.com)"
192.0.102.40 - - [07/Nov/2023:12:44:37 +0000] "HEAD / HTTP/1.1" 200 3836 "-" "jetmon/1.0 (Jetpack Site Uptime Monitor by WordPress.com)"
192.0.102.40 - - [07/Nov/2023:12:49:35 +0000] "HEAD / HTTP/1.1" 200 3836 "-" "jetmon/1.0 (Jetpack Site Uptime Monitor by WordPress.com)"
192.0.102.40 - - [07/Nov/2023:12:54:36 +0000] "HEAD / HTTP/1.1" 200 3836 "-" "jetmon/1.0 (Jetpack Site Uptime Monitor by WordPress.com)"
192.0.102.40 - - [07/Nov/2023:12:59:37 +0000] "HEAD / HTTP/1.1" 200 3836 "-" "jetmon/1.0 (Jetpack Site Uptime Monitor by WordPress.com)"
192.0.102.40 - - [07/Nov/2023:13:04:36 +0000] "HEAD / HTTP/1.1" 200 3836 "-" "jetmon/1.0 (Jetpack Site Uptime Monitor by WordPress.com)"
182.44.8.254 - - [07/Nov/2023:13:09:20 +0000] "GET / HTTP/1.1" 200 4019 "http://46.101.144.32" "Mozilla/5.0 (iPhone; CPU iPhone OS 13_2_3 like Mac OS X) AppleWebKit/605.1.15 (KHTML, like Gecko) Version/13.0.3 Mobile/15E148 Safari/604.1"
192.0.102.40 - - [07/Nov/2023:13:09:36 +0000] "HEAD / HTTP/1.1" 200 3836 "-" "jetmon/1.0 (Jetpack Site Uptime Monitor by WordPress.com)"
119.96.24.54 - - [07/Nov/2023:13:10:54 +0000] "GET / HTTP/1.1" 200 4019 "http://46.101.144.32" "Mozilla/5.0 (iPhone; CPU iPhone OS 13_2_3 like Mac OS X) AppleWebKit/605.1.15 (KHTML, like Gecko) Version/13.0.3 Mobile/15E148 Safari/604.1"
130.226.230.200 - - [07/Nov/2023:13:11:16 +0000] "GET / HTTP/1.1" 200 4186 "-" "Mozilla/5.0 (Windows NT 10.0; Win64; x64) AppleWebKit/537.36 (KHTML, like Gecko) Chrome/106.0.0.0 Safari/537.36"
192.0.102.40 - - [07/Nov/2023:13:14:37 +0000] "HEAD / HTTP/1.1" 200 3836 "-" "jetmon/1.0 (Jetpack Site Uptime Monitor by WordPress.com)"
192.0.102.40 - - [07/Nov/2023:13:19:36 +0000] "HEAD / HTTP/1.1" 200 3836 "-" "jetmon/1.0 (Jetpack Site Uptime Monitor by WordPress.com)"
20.55.53.144 - - [07/Nov/2023:13:22:46 +0000] "GET /bPeLcpzTVwA74YRmCdnvaHk9GOY HTTP/1.1" 404 4126 "-" "Mozilla/5.0 (Windows NT 10.0; Win64; x64) AppleWebKit/537.36 (KHTML, like Gecko) Chrome/79.0.3945.117 Safari/537.36"
192.0.102.40 - - [07/Nov/2023:13:24:35 +0000] "HEAD / HTTP/1.1" 200 3836 "-" "jetmon/1.0 (Jetpack Site Uptime Monitor by WordPress.com)"
192.0.102.40 - - [07/Nov/2023:13:29:37 +0000] "HEAD / HTTP/1.1" 200 3836 "-" "jetmon/1.0 (Jetpack Site Uptime Monitor by WordPress.com)"
192.0.102.40 - - [07/Nov/2023:13:34:36 +0000] "HEAD / HTTP/1.1" 200 3836 "-" "jetmon/1.0 (Jetpack Site Uptime Monitor by WordPress.com)"
192.0.102.40 - - [07/Nov/2023:13:39:36 +0000] "HEAD / HTTP/1.1" 200 3836 "-" "jetmon/1.0 (Jetpack Site Uptime Monitor by WordPress.com)"
192.0.102.40 - - [07/Nov/2023:13:44:36 +0000] "HEAD / HTTP/1.1" 200 3836 "-" "jetmon/1.0 (Jetpack Site Uptime Monitor by WordPress.com)"
180.149.125.170 - - [07/Nov/2023:13:45:25 +0000] "GET / HTTP/1.1" 200 3462 "-" "Mozilla/5.0 (Windows NT 5.1; Win64; x64) AppleWebKit/537.36 (KHTML, like Gecko) Chrome/60.0.3112.90 Safari/537.36"
192.0.102.40 - - [07/Nov/2023:13:49:37 +0000] "HEAD / HTTP/1.1" 200 3836 "-" "jetmon/1.0 (Jetpack Site Uptime Monitor by WordPress.com)"
192.0.102.40 - - [07/Nov/2023:13:54:35 +0000] "HEAD / HTTP/1.1" 200 3836 "-" "jetmon/1.0 (Jetpack Site Uptime Monitor by WordPress.com)"
192.0.102.40 - - [07/Nov/2023:13:59:37 +0000] "HEAD / HTTP/1.1" 200 3836 "-" "jetmon/1.0 (Jetpack Site Uptime Monitor by WordPress.com)"
192.0.102.40 - - [07/Nov/2023:14:04:36 +0000] "HEAD / HTTP/1.1" 200 3836 "-" "jetmon/1.0 (Jetpack Site Uptime Monitor by WordPress.com)"
192.0.102.40 - - [07/Nov/2023:14:09:36 +0000] "HEAD / HTTP/1.1" 200 3836 "-" "jetmon/1.0 (Jetpack Site Uptime Monitor by WordPress.com)"
192.0.102.40 - - [07/Nov/2023:14:14:37 +0000] "HEAD / HTTP/1.1" 200 3836 "-" "jetmon/1.0 (Jetpack Site Uptime Monitor by WordPress.com)"
192.0.102.40 - - [07/Nov/2023:14:19:35 +0000] "HEAD / HTTP/1.1" 200 3836 "-" "jetmon/1.0 (Jetpack Site Uptime Monitor by WordPress.com)"
192.0.102.40 - - [07/Nov/2023:14:24:36 +0000] "HEAD / HTTP/1.1" 200 3836 "-" "jetmon/1.0 (Jetpack Site Uptime Monitor by WordPress.com)"
66.249.79.69 - - [07/Nov/2023:14:27:03 +0000] "GET /robots.txt HTTP/1.1" 404 4133 "-" "Mozilla/5.0 (compatible; Googlebot/2.1; +http://www.google.com/bot.html)"
66.249.79.69 - - [07/Nov/2023:14:27:04 +0000] "GET /favicon.ico HTTP/1.1" 404 4133 "-" "Googlebot-Image/1.0"
192.0.102.40 - - [07/Nov/2023:14:29:36 +0000] "HEAD / HTTP/1.1" 200 3836 "-" "jetmon/1.0 (Jetpack Site Uptime Monitor by WordPress.com)"
192.0.102.40 - - [07/Nov/2023:14:34:35 +0000] "HEAD / HTTP/1.1" 200 3836 "-" "jetmon/1.0 (Jetpack Site Uptime Monitor by WordPress.com)"
192.0.102.40 - - [07/Nov/2023:14:39:35 +0000] "HEAD / HTTP/1.1" 200 3836 "-" "jetmon/1.0 (Jetpack Site Uptime Monitor by WordPress.com)"
192.0.102.40 - - [07/Nov/2023:14:44:36 +0000] "HEAD / HTTP/1.1" 200 3836 "-" "jetmon/1.0 (Jetpack Site Uptime Monitor by WordPress.com)"
192.0.102.40 - - [07/Nov/2023:14:49:35 +0000] "HEAD / HTTP/1.1" 200 3836 "-" "jetmon/1.0 (Jetpack Site Uptime Monitor by WordPress.com)"
185.217.1.117 - - [07/Nov/2023:14:51:55 +0000] "GET /ws/msw/tenant/%27%20union%20select%20%28select%20ID%20from%20SGMSDB.DOMAINS%20limit%201%29%2C%20%27%27%2C%20%27%27%2C%20%27%27%2C%20%27%27%2C%20%27%27%2C%20%28select%20concat%28id%2C%20%27%3A%27%2C%20password%29%20from%20sgmsdb.users%20where%20active%20%3D%20%271%27%20order%20by%20issuperadmin%20desc%20limit%201%20offset%200%29%2C%27%27%2C%20%27%27%2C%20%27 HTTP/1.1" 404 4097 "-" "Mozilla/5.0 (Macintosh; Intel Mac OS X 10_10_1) AppleWebKit/537.36 (KHTML, like Gecko) Chrome/41.0.2227.1 Safari/537.36"
185.217.1.117 - - [07/Nov/2023:14:51:57 +0000] "GET /appliance/login HTTP/1.1" 404 4097 "-" "Mozilla/5.0 (Windows NT 6.1) AppleWebKit/537.36 (KHTML, like Gecko) Chrome/41.0.2228.0 Safari/537.36"
192.0.102.40 - - [07/Nov/2023:14:54:35 +0000] "HEAD / HTTP/1.1" 200 3836 "-" "jetmon/1.0 (Jetpack Site Uptime Monitor by WordPress.com)"
192.0.102.40 - - [07/Nov/2023:14:59:36 +0000] "HEAD / HTTP/1.1" 200 3836 "-" "jetmon/1.0 (Jetpack Site Uptime Monitor by WordPress.com)"
192.0.102.40 - - [07/Nov/2023:15:04:37 +0000] "HEAD / HTTP/1.1" 200 3836 "-" "jetmon/1.0 (Jetpack Site Uptime Monitor by WordPress.com)"
192.0.102.40 - - [07/Nov/2023:15:09:35 +0000] "HEAD / HTTP/1.1" 200 3836 "-" "jetmon/1.0 (Jetpack Site Uptime Monitor by WordPress.com)"
192.0.102.40 - - [07/Nov/2023:15:14:37 +0000] "HEAD / HTTP/1.1" 200 3836 "-" "jetmon/1.0 (Jetpack Site Uptime Monitor by WordPress.com)"
192.0.102.40 - - [07/Nov/2023:15:19:36 +0000] "HEAD / HTTP/1.1" 200 3836 "-" "jetmon/1.0 (Jetpack Site Uptime Monitor by WordPress.com)"
152.32.197.159 - - [07/Nov/2023:15:21:09 +0000] "GET / HTTP/1.1" 200 4072 "-" "-"
152.32.197.159 - - [07/Nov/2023:15:21:18 +0000] "GET /favicon.ico HTTP/1.1" 404 4078 "-" "Mozilla/5.0 (Macintosh; Intel Mac OS X 10_7_0) AppleWebKit/535.11 (KHTML, like Gecko) Chrome/17.0.963.56 Safari/535.11"
152.32.197.159 - - [07/Nov/2023:15:21:24 +0000] "GET /robots.txt HTTP/1.1" 404 4078 "-" "Mozilla/5.0 (Macintosh; Intel Mac OS X 10_7_0) AppleWebKit/535.11 (KHTML, like Gecko) Chrome/17.0.963.56 Safari/535.11"
152.32.197.159 - - [07/Nov/2023:15:21:28 +0000] "GET /sitemap.xml HTTP/1.1" 404 4078 "-" "Mozilla/5.0 (Macintosh; Intel Mac OS X 10_7_0) AppleWebKit/535.11 (KHTML, like Gecko) Chrome/17.0.963.56 Safari/535.11"
192.0.102.40 - - [07/Nov/2023:15:24:35 +0000] "HEAD / HTTP/1.1" 200 3836 "-" "jetmon/1.0 (Jetpack Site Uptime Monitor by WordPress.com)"
192.0.102.40 - - [07/Nov/2023:15:29:36 +0000] "HEAD / HTTP/1.1" 200 3836 "-" "jetmon/1.0 (Jetpack Site Uptime Monitor by WordPress.com)"
45.84.226.6 - - [07/Nov/2023:15:31:08 +0000] "POST /wp-login.php HTTP/1.1" 404 4096 "-" "Mozilla/5.0 (Windows NT 6.1; WOW64) AppleWebKit/537.36 (KHTML, like Gecko) Chrome/63.0.3239.132 Safari/537.36"
192.0.102.40 - - [07/Nov/2023:15:34:36 +0000] "HEAD / HTTP/1.1" 200 3836 "-" "jetmon/1.0 (Jetpack Site Uptime Monitor by WordPress.com)"
192.0.102.40 - - [07/Nov/2023:15:39:35 +0000] "HEAD / HTTP/1.1" 200 3836 "-" "jetmon/1.0 (Jetpack Site Uptime Monitor by WordPress.com)"
192.0.102.40 - - [07/Nov/2023:15:44:37 +0000] "HEAD / HTTP/1.1" 200 3836 "-" "jetmon/1.0 (Jetpack Site Uptime Monitor by WordPress.com)"
192.0.102.40 - - [07/Nov/2023:15:49:36 +0000] "HEAD / HTTP/1.1" 200 3836 "-" "jetmon/1.0 (Jetpack Site Uptime Monitor by WordPress.com)"
192.0.102.40 - - [07/Nov/2023:15:54:36 +0000] "HEAD / HTTP/1.1" 200 3836 "-" "jetmon/1.0 (Jetpack Site Uptime Monitor by WordPress.com)"
192.0.102.40 - - [07/Nov/2023:15:59:36 +0000] "HEAD / HTTP/1.1" 200 3836 "-" "jetmon/1.0 (Jetpack Site Uptime Monitor by WordPress.com)"
194.38.22.71 - - [07/Nov/2023:15:59:54 +0000] "GET /admin/plugins/blueimp/server/php/index.php HTTP/1.1" 404 4181 "-" "ALittle Client"
192.0.102.40 - - [07/Nov/2023:16:04:35 +0000] "HEAD / HTTP/1.1" 200 3836 "-" "jetmon/1.0 (Jetpack Site Uptime Monitor by WordPress.com)"
192.0.102.40 - - [07/Nov/2023:16:09:35 +0000] "HEAD / HTTP/1.1" 200 3836 "-" "jetmon/1.0 (Jetpack Site Uptime Monitor by WordPress.com)"
91.134.248.211 - - [07/Nov/2023:16:12:02 +0000] "GET /wp-admin/user/user-edit.php HTTP/1.1" 404 4172 "http://talmedos.com/wp-admin/user/user-edit.php" "Mozilla/5.0 (Windows; U; Windows NT 5.1; en-US) AppleWebKit/533.4 (KHTML, like Gecko) Chrome/5.0.375.99 Safari/533.4"
192.0.102.40 - - [07/Nov/2023:16:14:37 +0000] "HEAD / HTTP/1.1" 200 3836 "-" "jetmon/1.0 (Jetpack Site Uptime Monitor by WordPress.com)"
192.0.102.40 - - [07/Nov/2023:16:19:35 +0000] "HEAD / HTTP/1.1" 200 3836 "-" "jetmon/1.0 (Jetpack Site Uptime Monitor by WordPress.com)"
184.168.115.218 - - [07/Nov/2023:16:21:21 +0000] "GET /wp-login.php HTTP/1.1" 404 3529 "http://www.talmedos.com/wp-login.php" "Mozilla/5.0 (X11; Fedora; Linux x86_64; rv:94.0) Gecko/20100101 Firefox/95.0"
192.0.102.40 - - [07/Nov/2023:16:24:34 +0000] "HEAD / HTTP/1.1" 200 3836 "-" "jetmon/1.0 (Jetpack Site Uptime Monitor by WordPress.com)"
192.0.102.40 - - [07/Nov/2023:16:29:35 +0000] "HEAD / HTTP/1.1" 200 3836 "-" "jetmon/1.0 (Jetpack Site Uptime Monitor by WordPress.com)"
65.109.193.248 - - [07/Nov/2023:16:34:30 +0000] "POST /wp-login.php HTTP/1.1" 404 4096 "-" "Mozilla/5.0 (Windows NT 6.1; Win64; x64) AppleWebKit/537.36 (KHTML, like Gecko) Chrome/78.0.3904.97 Safari/537.36"
192.0.102.40 - - [07/Nov/2023:16:34:34 +0000] "HEAD / HTTP/1.1" 200 3836 "-" "jetmon/1.0 (Jetpack Site Uptime Monitor by WordPress.com)"
192.0.102.40 - - [07/Nov/2023:16:39:34 +0000] "HEAD / HTTP/1.1" 200 3836 "-" "jetmon/1.0 (Jetpack Site Uptime Monitor by WordPress.com)"
192.0.102.40 - - [07/Nov/2023:16:44:37 +0000] "HEAD / HTTP/1.1" 200 3836 "-" "jetmon/1.0 (Jetpack Site Uptime Monitor by WordPress.com)"
192.0.102.40 - - [07/Nov/2023:16:49:35 +0000] "HEAD / HTTP/1.1" 200 3836 "-" "jetmon/1.0 (Jetpack Site Uptime Monitor by WordPress.com)"
192.0.102.40 - - [07/Nov/2023:16:54:34 +0000] "HEAD / HTTP/1.1" 200 3836 "-" "jetmon/1.0 (Jetpack Site Uptime Monitor by WordPress.com)"
192.0.102.40 - - [07/Nov/2023:16:59:36 +0000] "HEAD / HTTP/1.1" 200 3836 "-" "jetmon/1.0 (Jetpack Site Uptime Monitor by WordPress.com)"
192.0.102.40 - - [07/Nov/2023:17:04:35 +0000] "HEAD / HTTP/1.1" 200 3836 "-" "jetmon/1.0 (Jetpack Site Uptime Monitor by WordPress.com)"
46.105.29.21 - - [07/Nov/2023:17:06:10 +0000] "POST /wp-login.php HTTP/1.1" 404 4096 "-" "Mozilla/5.0 (Windows NT 6.1) AppleWebKit/537.36 (KHTML, like Gecko) Chrome/62.0.3202.94 Safari/537.36"
192.0.102.40 - - [07/Nov/2023:17:09:34 +0000] "HEAD / HTTP/1.1" 200 3836 "-" "jetmon/1.0 (Jetpack Site Uptime Monitor by WordPress.com)"
192.0.102.40 - - [07/Nov/2023:17:14:36 +0000] "HEAD / HTTP/1.1" 200 3836 "-" "jetmon/1.0 (Jetpack Site Uptime Monitor by WordPress.com)"
180.149.125.168 - - [07/Nov/2023:17:17:13 +0000] "GET / HTTP/1.1" 200 3462 "http://46.101.144.32/" "Mozilla/5.0 (Windows NT 5.1; Win64; x64) AppleWebKit/537.36 (KHTML, like Gecko) Chrome/60.0.3112.90 Safari/537.36"
192.0.102.40 - - [07/Nov/2023:17:19:35 +0000] "HEAD / HTTP/1.1" 200 3836 "-" "jetmon/1.0 (Jetpack Site Uptime Monitor by WordPress.com)"
192.0.102.40 - - [07/Nov/2023:17:24:34 +0000] "HEAD / HTTP/1.1" 200 3836 "-" "jetmon/1.0 (Jetpack Site Uptime Monitor by WordPress.com)"
192.0.102.40 - - [07/Nov/2023:17:29:36 +0000] "HEAD / HTTP/1.1" 200 3836 "-" "jetmon/1.0 (Jetpack Site Uptime Monitor by WordPress.com)"
138.246.253.24 - - [07/Nov/2023:17:29:56 +0000] "GET /robots.txt HTTP/1.1" 404 4078 "-" "Mozilla/5.0 (Windows NT 10.0; Win64; x64) AppleWebKit/537.36 (KHTML, like Gecko) Chrome/103.0.5060.134 Safari/537.36"
192.0.102.40 - - [07/Nov/2023:17:34:35 +0000] "HEAD / HTTP/1.1" 200 3836 "-" "jetmon/1.0 (Jetpack Site Uptime Monitor by WordPress.com)"
143.110.244.123 - - [07/Nov/2023:17:37:23 +0000] "POST /wp-login.php HTTP/1.1" 404 4096 "-" "Mozilla/5.0 (Windows NT 10.0; Win64; x64) AppleWebKit/537.36 (KHTML, like Gecko) Chrome/60.0.3112.101 Safari/537.36"
192.0.102.40 - - [07/Nov/2023:17:39:35 +0000] "HEAD / HTTP/1.1" 200 3836 "-" "jetmon/1.0 (Jetpack Site Uptime Monitor by WordPress.com)"
192.0.102.40 - - [07/Nov/2023:17:44:36 +0000] "HEAD / HTTP/1.1" 200 3836 "-" "jetmon/1.0 (Jetpack Site Uptime Monitor by WordPress.com)"
