46.101.144.32 - - [31/Oct/2023:00:04:30 +0000] "POST /wp-cron.php?doing_wp_cron=1698710670.7329769134521484375000 HTTP/1.1" 200 3995 "-" "WordPress/6.3.2; https://talmedos.com"
192.0.102.40 - - [31/Oct/2023:00:04:29 +0000] "HEAD / HTTP/1.1" 200 3915 "-" "jetmon/1.0 (Jetpack Site Uptime Monitor by WordPress.com)"
45.119.82.52 - - [31/Oct/2023:00:07:45 +0000] "POST /wp-login.php HTTP/1.1" 200 8354 "-" "Mozilla/5.0 (Windows NT 10.0; WOW64) AppleWebKit/537.36 (KHTML, like Gecko) Chrome/79.0.3945.130 Safari/537.36"
162.243.137.27 - - [31/Oct/2023:00:09:06 +0000] "GET / HTTP/1.0" 400 627 "-" "-"
46.101.144.32 - - [31/Oct/2023:00:09:28 +0000] "POST /wp-cron.php?doing_wp_cron=1698710968.8956749439239501953125 HTTP/1.1" 200 3995 "-" "WordPress/6.3.2; https://talmedos.com"
192.0.102.40 - - [31/Oct/2023:00:09:28 +0000] "HEAD / HTTP/1.1" 200 3915 "-" "jetmon/1.0 (Jetpack Site Uptime Monitor by WordPress.com)"
46.101.144.32 - - [31/Oct/2023:00:14:30 +0000] "POST /wp-cron.php?doing_wp_cron=1698711270.7063019275665283203125 HTTP/1.1" 200 3995 "-" "WordPress/6.3.2; https://talmedos.com"
192.0.102.40 - - [31/Oct/2023:00:14:30 +0000] "HEAD / HTTP/1.1" 200 3915 "-" "jetmon/1.0 (Jetpack Site Uptime Monitor by WordPress.com)"
46.101.144.32 - - [31/Oct/2023:00:19:30 +0000] "POST /wp-cron.php?doing_wp_cron=1698711570.0131840705871582031250 HTTP/1.1" 200 3995 "-" "WordPress/6.3.2; https://talmedos.com"
192.0.102.40 - - [31/Oct/2023:00:19:29 +0000] "HEAD / HTTP/1.1" 200 3915 "-" "jetmon/1.0 (Jetpack Site Uptime Monitor by WordPress.com)"
46.101.144.32 - - [31/Oct/2023:00:24:28 +0000] "POST /wp-cron.php?doing_wp_cron=1698711868.9596021175384521484375 HTTP/1.1" 200 3995 "-" "WordPress/6.3.2; https://talmedos.com"
192.0.102.40 - - [31/Oct/2023:00:24:28 +0000] "HEAD / HTTP/1.1" 200 3915 "-" "jetmon/1.0 (Jetpack Site Uptime Monitor by WordPress.com)"
46.101.144.32 - - [31/Oct/2023:00:29:29 +0000] "POST /wp-cron.php?doing_wp_cron=1698712169.7682700157165527343750 HTTP/1.1" 200 3995 "-" "WordPress/6.3.2; https://talmedos.com"
192.0.102.40 - - [31/Oct/2023:00:29:29 +0000] "HEAD / HTTP/1.1" 200 3915 "-" "jetmon/1.0 (Jetpack Site Uptime Monitor by WordPress.com)"
46.101.144.32 - - [31/Oct/2023:00:31:34 +0000] "POST /wp-cron.php?doing_wp_cron=1698712294.1145670413970947265625 HTTP/1.1" 200 3995 "-" "WordPress/6.3.2; https://talmedos.com"
94.102.61.10 - - [31/Oct/2023:00:31:33 +0000] "GET / HTTP/1.1" 200 14711 "http://46.101.144.32:80/" "Mozilla/5.0 (Windows NT 10.0; Win64; x64) AppleWebKit/537.36 (KHTML, like Gecko) Chrome/88.0.4324.190 Safari/537.36"
46.101.144.32 - - [31/Oct/2023:00:34:29 +0000] "POST /wp-cron.php?doing_wp_cron=1698712469.1444339752197265625000 HTTP/1.1" 200 3995 "-" "WordPress/6.3.2; https://talmedos.com"
192.0.102.40 - - [31/Oct/2023:00:34:28 +0000] "HEAD / HTTP/1.1" 200 3915 "-" "jetmon/1.0 (Jetpack Site Uptime Monitor by WordPress.com)"
46.101.144.32 - - [31/Oct/2023:00:39:29 +0000] "POST /wp-cron.php?doing_wp_cron=1698712769.1938738822937011718750 HTTP/1.1" 200 3995 "-" "WordPress/6.3.2; https://talmedos.com"
192.0.102.40 - - [31/Oct/2023:00:39:29 +0000] "HEAD / HTTP/1.1" 200 3915 "-" "jetmon/1.0 (Jetpack Site Uptime Monitor by WordPress.com)"
46.101.144.32 - - [31/Oct/2023:00:44:29 +0000] "POST /wp-cron.php?doing_wp_cron=1698713069.5338699817657470703125 HTTP/1.1" 200 3995 "-" "WordPress/6.3.2; https://talmedos.com"
192.0.102.40 - - [31/Oct/2023:00:44:29 +0000] "HEAD / HTTP/1.1" 200 3915 "-" "jetmon/1.0 (Jetpack Site Uptime Monitor by WordPress.com)"
46.101.144.32 - - [31/Oct/2023:00:49:30 +0000] "POST /wp-cron.php?doing_wp_cron=1698713370.3950560092926025390625 HTTP/1.1" 200 3995 "-" "WordPress/6.3.2; https://talmedos.com"
192.0.102.40 - - [31/Oct/2023:00:49:30 +0000] "HEAD / HTTP/1.1" 200 3915 "-" "jetmon/1.0 (Jetpack Site Uptime Monitor by WordPress.com)"
46.101.144.32 - - [31/Oct/2023:00:54:29 +0000] "POST /wp-cron.php?doing_wp_cron=1698713669.1058099269866943359375 HTTP/1.1" 200 3995 "-" "WordPress/6.3.2; https://talmedos.com"
192.0.102.40 - - [31/Oct/2023:00:54:28 +0000] "HEAD / HTTP/1.1" 200 3915 "-" "jetmon/1.0 (Jetpack Site Uptime Monitor by WordPress.com)"
46.101.144.32 - - [31/Oct/2023:00:59:30 +0000] "POST /wp-cron.php?doing_wp_cron=1698713970.7592589855194091796875 HTTP/1.1" 200 3995 "-" "WordPress/6.3.2; https://talmedos.com"
192.0.102.40 - - [31/Oct/2023:00:59:30 +0000] "HEAD / HTTP/1.1" 200 3915 "-" "jetmon/1.0 (Jetpack Site Uptime Monitor by WordPress.com)"
46.101.144.32 - - [31/Oct/2023:01:04:30 +0000] "POST /wp-cron.php?doing_wp_cron=1698714270.3284139633178710937500 HTTP/1.1" 200 3995 "-" "WordPress/6.3.2; https://talmedos.com"
192.0.102.40 - - [31/Oct/2023:01:04:30 +0000] "HEAD / HTTP/1.1" 200 3915 "-" "jetmon/1.0 (Jetpack Site Uptime Monitor by WordPress.com)"
134.122.123.193 - - [31/Oct/2023:01:06:36 +0000] "POST /wp-login.php HTTP/1.1" 200 8357 "-" "Mozilla/5.0 (Windows NT 6.1) AppleWebKit/537.36 (KHTML, like Gecko) Chrome/63.0.3239.84 Safari/537.36"
46.101.144.32 - - [31/Oct/2023:01:09:31 +0000] "POST /wp-cron.php?doing_wp_cron=1698714571.3424689769744873046875 HTTP/1.1" 200 3995 "-" "WordPress/6.3.2; https://talmedos.com"
192.0.102.40 - - [31/Oct/2023:01:09:31 +0000] "HEAD / HTTP/1.1" 200 3915 "-" "jetmon/1.0 (Jetpack Site Uptime Monitor by WordPress.com)"
46.101.144.32 - - [31/Oct/2023:01:14:32 +0000] "POST /wp-cron.php?doing_wp_cron=1698714872.0616810321807861328125 HTTP/1.1" 200 3995 "-" "WordPress/6.3.2; https://talmedos.com"
192.0.102.40 - - [31/Oct/2023:01:14:31 +0000] "HEAD / HTTP/1.1" 200 3915 "-" "jetmon/1.0 (Jetpack Site Uptime Monitor by WordPress.com)"
46.101.144.32 - - [31/Oct/2023:01:19:28 +0000] "POST /wp-cron.php?doing_wp_cron=1698715168.8748810291290283203125 HTTP/1.1" 200 3995 "-" "WordPress/6.3.2; https://talmedos.com"
192.0.102.40 - - [31/Oct/2023:01:19:28 +0000] "HEAD / HTTP/1.1" 200 3915 "-" "jetmon/1.0 (Jetpack Site Uptime Monitor by WordPress.com)"
46.101.144.32 - - [31/Oct/2023:01:24:28 +0000] "POST /wp-cron.php?doing_wp_cron=1698715468.8690910339355468750000 HTTP/1.1" 200 3995 "-" "WordPress/6.3.2; https://talmedos.com"
192.0.102.40 - - [31/Oct/2023:01:24:28 +0000] "HEAD / HTTP/1.1" 200 3915 "-" "jetmon/1.0 (Jetpack Site Uptime Monitor by WordPress.com)"
46.101.144.32 - - [31/Oct/2023:01:29:31 +0000] "POST /wp-cron.php?doing_wp_cron=1698715771.0449318885803222656250 HTTP/1.1" 200 3995 "-" "WordPress/6.3.2; https://talmedos.com"
192.0.102.40 - - [31/Oct/2023:01:29:30 +0000] "HEAD / HTTP/1.1" 200 3915 "-" "jetmon/1.0 (Jetpack Site Uptime Monitor by WordPress.com)"
46.101.144.32 - - [31/Oct/2023:01:34:29 +0000] "POST /wp-cron.php?doing_wp_cron=1698716069.1868379116058349609375 HTTP/1.1" 200 3995 "-" "WordPress/6.3.2; https://talmedos.com"
192.0.102.40 - - [31/Oct/2023:01:34:29 +0000] "HEAD / HTTP/1.1" 200 3915 "-" "jetmon/1.0 (Jetpack Site Uptime Monitor by WordPress.com)"
46.101.144.32 - - [31/Oct/2023:01:39:29 +0000] "POST /wp-cron.php?doing_wp_cron=1698716369.4709219932556152343750 HTTP/1.1" 200 3995 "-" "WordPress/6.3.2; https://talmedos.com"
192.0.102.40 - - [31/Oct/2023:01:39:29 +0000] "HEAD / HTTP/1.1" 200 3915 "-" "jetmon/1.0 (Jetpack Site Uptime Monitor by WordPress.com)"
46.101.144.32 - - [31/Oct/2023:01:44:31 +0000] "POST /wp-cron.php?doing_wp_cron=1698716671.7701740264892578125000 HTTP/1.1" 200 3995 "-" "WordPress/6.3.2; https://talmedos.com"
192.0.102.40 - - [31/Oct/2023:01:44:31 +0000] "HEAD / HTTP/1.1" 200 3915 "-" "jetmon/1.0 (Jetpack Site Uptime Monitor by WordPress.com)"
46.101.144.32 - - [31/Oct/2023:01:49:29 +0000] "POST /wp-cron.php?doing_wp_cron=1698716969.0949220657348632812500 HTTP/1.1" 200 3995 "-" "WordPress/6.3.2; https://talmedos.com"
192.0.102.40 - - [31/Oct/2023:01:49:28 +0000] "HEAD / HTTP/1.1" 200 3915 "-" "jetmon/1.0 (Jetpack Site Uptime Monitor by WordPress.com)"
46.101.144.32 - - [31/Oct/2023:01:54:29 +0000] "POST /wp-cron.php?doing_wp_cron=1698717269.0919849872589111328125 HTTP/1.1" 200 3995 "-" "WordPress/6.3.2; https://talmedos.com"
192.0.102.40 - - [31/Oct/2023:01:54:28 +0000] "HEAD / HTTP/1.1" 200 3915 "-" "jetmon/1.0 (Jetpack Site Uptime Monitor by WordPress.com)"
46.101.144.32 - - [31/Oct/2023:01:56:34 +0000] "POST /wp-cron.php?doing_wp_cron=1698717394.3861949443817138671875 HTTP/1.1" 200 3995 "-" "WordPress/6.3.2; https://talmedos.com"
88.99.106.172 - - [31/Oct/2023:01:56:34 +0000] "POST /xmlrpc.php HTTP/1.1" 200 4419 "-" "Mozilla/5.0 (Windows NT 10.0; Win64; x64) AppleWebKit/537.36 (KHTML, like Gecko) Chrome/90.0.4430.93 Safari/537.36"
157.245.40.165 - - [31/Oct/2023:01:56:34 +0000] "POST /xmlrpc.php HTTP/1.1" 200 4420 "-" "Mozilla/5.0 (Windows NT 6.1; WOW64; rv:17.0) Gecko/20100101 Firefox/17.0"
178.62.63.209 - - [31/Oct/2023:01:56:35 +0000] "POST /xmlrpc.php HTTP/1.1" 200 4419 "-" "Mozilla/5.0 (Macintosh; Intel Mac OS X 10_10; rv:33.0) Gecko/20100101 Firefox/33.0"
51.38.134.68 - - [31/Oct/2023:01:56:38 +0000] "POST /xmlrpc.php HTTP/1.1" 200 4418 "-" "Mozilla/5.0 (Windows NT 6.1; WOW64; rv:44.0) Gecko/20100101 Firefox/44.0"
162.246.17.12 - - [31/Oct/2023:01:56:43 +0000] "POST /xmlrpc.php HTTP/1.1" 200 4419 "-" "Mozilla/5.0 (Windows NT 10.0; Win64; x64) AppleWebKit/537.36 (KHTML, like Gecko) Chrome/89.0.4389.90 Safari/537.36"
107.180.121.71 - - [31/Oct/2023:01:56:48 +0000] "POST /xmlrpc.php HTTP/1.1" 200 3984 "-" "Mozilla/5.0 (Windows NT 6.1; Win64; x64) AppleWebKit/537.36 (KHTML, like Gecko) Chrome/60.0.3112.90 Safari/537.36"
157.245.40.165 - - [31/Oct/2023:01:56:50 +0000] "POST /xmlrpc.php HTTP/1.1" 200 4420 "-" "Mozilla/5.0 (Linux; Android 10; SM-A205U) AppleWebKit/537.36 (KHTML, like Gecko) Chrome/91.0.4472.114 Mobile Safari/537.36"
46.101.144.32 - - [31/Oct/2023:01:57:03 +0000] "POST /wp-cron.php?doing_wp_cron=1698717423.0768640041351318359375 HTTP/1.1" 200 3995 "-" "WordPress/6.3.2; https://talmedos.com"
123.207.11.95 - - [31/Oct/2023:01:57:02 +0000] "POST /xmlrpc.php HTTP/1.1" 200 4012 "-" "Mozilla/5.0 (Linux; Android 10; LM-Q710(FGN)) AppleWebKit/537.36 (KHTML, like Gecko) Chrome/91.0.4472.114 Mobile Safari/537.36"
178.210.91.239 - - [31/Oct/2023:01:57:03 +0000] "POST /xmlrpc.php HTTP/1.1" 200 4420 "-" "Mozilla/5.0 (Windows NT 5.1; Win64; x64) AppleWebKit/537.36 (KHTML, like Gecko) Chrome/60.0.3112.90 Safari/537.36"
51.68.11.199 - - [31/Oct/2023:01:57:04 +0000] "POST /xmlrpc.php HTTP/1.1" 200 4418 "-" "Mozilla/5.0 (Windows NT 10.0; Win64; x64) AppleWebKit/537.36 (KHTML, like Gecko) Chrome/80.0.3987.149 Safari/537.36"
109.234.162.234 - - [31/Oct/2023:01:57:07 +0000] "POST /xmlrpc.php HTTP/1.1" 200 4421 "-" "Mozilla/5.0 (Windows NT 5.1; rv:33.0) Gecko/20100101 Firefox/33.0"
213.238.191.176 - - [31/Oct/2023:01:57:16 +0000] "POST /xmlrpc.php HTTP/1.1" 200 4014 "-" "Mozilla/5.0 (Windows NT 10.0; Win64; x64) AppleWebKit/537.36 (KHTML, like Gecko) Chrome/69.0.3497.100 Safari/537.36"
208.109.226.46 - - [31/Oct/2023:01:57:19 +0000] "POST /xmlrpc.php HTTP/1.1" 200 4420 "-" "Mozilla/5.0 (Windows NT 10.0; Win64; x64) AppleWebKit/537.36 (KHTML, like Gecko) Chrome/90.0.4430.212 Safari/537.36"
198.71.229.132 - - [31/Oct/2023:01:57:24 +0000] "POST /xmlrpc.php HTTP/1.1" 200 4420 "-" "Mozilla/5.0 (Windows NT 10.0; Win64; x64) AppleWebKit/537.36 (KHTML, like Gecko) Chrome/64.0.3282.186 Safari/537.36"
184.168.122.122 - - [31/Oct/2023:01:57:31 +0000] "POST /xmlrpc.php HTTP/1.1" 200 4421 "-" "Mozilla/5.0 (Windows; U; Windows NT 5.1; en-US; rv:1.7.12) Gecko/20050915 Firefox/1.0.7"
170.64.220.120 - - [31/Oct/2023:01:57:37 +0000] "GET /.git/config HTTP/1.1" 404 4229 "-" "Mozilla/5.0 (X11; Linux x86_64) AppleWebKit/537.36 (KHTML, like Gecko) Chrome/81.0.4044.129 Safari/537.36"
46.101.144.32 - - [31/Oct/2023:01:59:29 +0000] "POST /wp-cron.php?doing_wp_cron=1698717569.7762870788574218750000 HTTP/1.1" 200 3995 "-" "WordPress/6.3.2; https://talmedos.com"
192.0.102.40 - - [31/Oct/2023:01:59:29 +0000] "HEAD / HTTP/1.1" 200 3915 "-" "jetmon/1.0 (Jetpack Site Uptime Monitor by WordPress.com)"
107.6.112.254 - - [31/Oct/2023:02:00:21 +0000] "GET / HTTP/1.0" 400 627 "-" "-"
46.101.144.32 - - [31/Oct/2023:02:01:31 +0000] "POST /wp-cron.php?doing_wp_cron=1698717691.9542410373687744140625 HTTP/1.1" 200 3995 "-" "WordPress/6.3.2; https://talmedos.com"
185.180.143.7 - - [31/Oct/2023:02:01:31 +0000] "GET / HTTP/1.1" 200 14814 "-" "Mozilla/5.0 (Windows NT 10.0; Win64; x64) AppleWebKit/537.36 (KHTML, like Gecko) Chrome/60.0.3112.113 Safari/537.36"
185.180.143.7 - - [31/Oct/2023:02:01:43 +0000] "GET /cf_scripts/scripts/ajax/ckeditor/ckeditor.js HTTP/1.1" 404 3583 "-" "Mozilla/5.0 (Windows NT 10.0; Win64; x64) AppleWebKit/537.36 (KHTML, like Gecko) Chrome/60.0.3112.113 Safari/537.36"
46.101.144.32 - - [31/Oct/2023:02:04:29 +0000] "POST /wp-cron.php?doing_wp_cron=1698717869.5244979858398437500000 HTTP/1.1" 200 3995 "-" "WordPress/6.3.2; https://talmedos.com"
192.0.102.40 - - [31/Oct/2023:02:04:29 +0000] "HEAD / HTTP/1.1" 200 3915 "-" "jetmon/1.0 (Jetpack Site Uptime Monitor by WordPress.com)"
69.163.224.104 - - [31/Oct/2023:02:04:52 +0000] "POST /wp-login.php HTTP/1.1" 200 8356 "-" "Mozilla/5.0 (Windows NT 10.0; Win64; x64) AppleWebKit/537.36 (KHTML, like Gecko) Chrome/73.0.3683.86 Safari/537.36"
46.101.144.32 - - [31/Oct/2023:02:09:29 +0000] "POST /wp-cron.php?doing_wp_cron=1698718169.2606019973754882812500 HTTP/1.1" 200 3995 "-" "WordPress/6.3.2; https://talmedos.com"
192.0.102.40 - - [31/Oct/2023:02:09:29 +0000] "HEAD / HTTP/1.1" 200 3915 "-" "jetmon/1.0 (Jetpack Site Uptime Monitor by WordPress.com)"
46.101.144.32 - - [31/Oct/2023:02:14:30 +0000] "POST /wp-cron.php?doing_wp_cron=1698718470.0853741168975830078125 HTTP/1.1" 200 3995 "-" "WordPress/6.3.2; https://talmedos.com"
192.0.102.40 - - [31/Oct/2023:02:14:29 +0000] "HEAD / HTTP/1.1" 200 3915 "-" "jetmon/1.0 (Jetpack Site Uptime Monitor by WordPress.com)"
46.101.144.32 - - [31/Oct/2023:02:16:27 +0000] "POST /wp-cron.php?doing_wp_cron=1698718587.4346690177917480468750 HTTP/1.1" 200 3995 "-" "WordPress/6.3.2; https://talmedos.com"
107.6.112.254 - - [31/Oct/2023:02:16:27 +0000] "GET / HTTP/1.1" 301 3862 "-" "Mozilla/5.0 (Windows NT 10.0; Win64; x64) AppleWebKit/537.36 (KHTML, like Gecko) Chrome/102.0.0.0 Safari/537.36"
46.101.144.32 - - [31/Oct/2023:02:19:31 +0000] "POST /wp-cron.php?doing_wp_cron=1698718771.0467600822448730468750 HTTP/1.1" 200 3995 "-" "WordPress/6.3.2; https://talmedos.com"
192.0.102.40 - - [31/Oct/2023:02:19:30 +0000] "HEAD / HTTP/1.1" 200 3915 "-" "jetmon/1.0 (Jetpack Site Uptime Monitor by WordPress.com)"
46.101.144.32 - - [31/Oct/2023:02:24:29 +0000] "POST /wp-cron.php?doing_wp_cron=1698719069.1771180629730224609375 HTTP/1.1" 200 3995 "-" "WordPress/6.3.2; https://talmedos.com"
192.0.102.40 - - [31/Oct/2023:02:24:29 +0000] "HEAD / HTTP/1.1" 200 3915 "-" "jetmon/1.0 (Jetpack Site Uptime Monitor by WordPress.com)"
46.101.144.32 - - [31/Oct/2023:02:29:30 +0000] "POST /wp-cron.php?doing_wp_cron=1698719370.4807269573211669921875 HTTP/1.1" 200 3995 "-" "WordPress/6.3.2; https://talmedos.com"
192.0.102.40 - - [31/Oct/2023:02:29:30 +0000] "HEAD / HTTP/1.1" 200 3915 "-" "jetmon/1.0 (Jetpack Site Uptime Monitor by WordPress.com)"
46.101.144.32 - - [31/Oct/2023:02:34:31 +0000] "POST /wp-cron.php?doing_wp_cron=1698719671.0722079277038574218750 HTTP/1.1" 200 3995 "-" "WordPress/6.3.2; https://talmedos.com"
192.0.102.40 - - [31/Oct/2023:02:34:30 +0000] "HEAD / HTTP/1.1" 200 3915 "-" "jetmon/1.0 (Jetpack Site Uptime Monitor by WordPress.com)"
46.101.144.32 - - [31/Oct/2023:02:37:57 +0000] "POST /wp-cron.php?doing_wp_cron=1698719877.2754631042480468750000 HTTP/1.1" 200 3995 "-" "WordPress/6.3.2; https://talmedos.com"
185.233.19.232 - - [31/Oct/2023:02:37:57 +0000] "GET / HTTP/1.1" 200 56875 "http://46.101.144.32" "Mozilla/5.0 (Windows NT 6.1) AppleWebKit/537.36 (KHTML, like Gecko) Chrome/49.0.2623.112 Safari/537.36"
185.233.19.232 - - [31/Oct/2023:02:38:01 +0000] "GET /favicon.ico HTTP/1.1" 404 4097 "http://46.101.144.32/favicon.ico" "Mozilla/5.0 (Windows NT 6.1) AppleWebKit/537.36 (KHTML, like Gecko) Chrome/49.0.2623.112 Safari/537.36"
46.101.144.32 - - [31/Oct/2023:02:39:29 +0000] "POST /wp-cron.php?doing_wp_cron=1698719969.4491000175476074218750 HTTP/1.1" 200 3995 "-" "WordPress/6.3.2; https://talmedos.com"
192.0.102.40 - - [31/Oct/2023:02:39:29 +0000] "HEAD / HTTP/1.1" 200 3915 "-" "jetmon/1.0 (Jetpack Site Uptime Monitor by WordPress.com)"
46.101.144.32 - - [31/Oct/2023:02:44:31 +0000] "POST /wp-cron.php?doing_wp_cron=1698720271.8750519752502441406250 HTTP/1.1" 200 3995 "-" "WordPress/6.3.2; https://talmedos.com"
192.0.102.40 - - [31/Oct/2023:02:44:31 +0000] "HEAD / HTTP/1.1" 200 3915 "-" "jetmon/1.0 (Jetpack Site Uptime Monitor by WordPress.com)"
46.101.144.32 - - [31/Oct/2023:02:49:31 +0000] "POST /wp-cron.php?doing_wp_cron=1698720571.4060969352722167968750 HTTP/1.1" 200 3995 "-" "WordPress/6.3.2; https://talmedos.com"
192.0.102.40 - - [31/Oct/2023:02:49:31 +0000] "HEAD / HTTP/1.1" 200 3915 "-" "jetmon/1.0 (Jetpack Site Uptime Monitor by WordPress.com)"
46.101.144.32 - - [31/Oct/2023:02:54:29 +0000] "POST /wp-cron.php?doing_wp_cron=1698720869.6596910953521728515625 HTTP/1.1" 200 3995 "-" "WordPress/6.3.2; https://talmedos.com"
192.0.102.40 - - [31/Oct/2023:02:54:29 +0000] "HEAD / HTTP/1.1" 200 3915 "-" "jetmon/1.0 (Jetpack Site Uptime Monitor by WordPress.com)"
35.219.66.183 - - [31/Oct/2023:02:58:45 +0000] "POST /wp-login.php HTTP/1.1" 200 8356 "-" "Mozilla/5.0 (Windows NT 10.0; Win64; x64) AppleWebKit/537.36 (KHTML, like Gecko) Chrome/60.0.3112.101 Safari/537.36"
46.101.144.32 - - [31/Oct/2023:02:59:31 +0000] "POST /wp-cron.php?doing_wp_cron=1698721171.2251470088958740234375 HTTP/1.1" 200 3995 "-" "WordPress/6.3.2; https://talmedos.com"
192.0.102.40 - - [31/Oct/2023:02:59:31 +0000] "HEAD / HTTP/1.1" 200 3915 "-" "jetmon/1.0 (Jetpack Site Uptime Monitor by WordPress.com)"
46.101.144.32 - - [31/Oct/2023:03:04:31 +0000] "POST /wp-cron.php?doing_wp_cron=1698721471.5392470359802246093750 HTTP/1.1" 200 3995 "-" "WordPress/6.3.2; https://talmedos.com"
192.0.102.40 - - [31/Oct/2023:03:04:31 +0000] "HEAD / HTTP/1.1" 200 3915 "-" "jetmon/1.0 (Jetpack Site Uptime Monitor by WordPress.com)"
104.250.238.104 - - [31/Oct/2023:03:04:46 +0000] "GET / HTTP/1.1" 200 56806 "-" "-"
104.250.238.104 - - [31/Oct/2023:03:04:47 +0000] "GET /wordpress HTTP/1.1" 404 458 "-" "-"
104.250.238.104 - - [31/Oct/2023:03:04:48 +0000] "GET /wp-admin/setup-config.php HTTP/1.1" 409 3054 "-" "-"
104.250.238.104 - - [31/Oct/2023:03:04:48 +0000] "GET /wp-admin/install.php HTTP/1.1" 200 1478 "-" "-"
104.250.238.104 - - [31/Oct/2023:03:04:48 +0000] "GET /wp HTTP/1.1" 404 458 "-" "-"
104.250.238.104 - - [31/Oct/2023:03:04:49 +0000] "GET /blog HTTP/1.1" 404 458 "-" "-"
104.250.238.104 - - [31/Oct/2023:03:04:49 +0000] "GET /new HTTP/1.1" 404 458 "-" "-"
104.250.238.104 - - [31/Oct/2023:03:04:49 +0000] "GET /old HTTP/1.1" 404 458 "-" "-"
104.250.238.104 - - [31/Oct/2023:03:04:50 +0000] "GET /newsite HTTP/1.1" 404 458 "-" "-"
104.250.238.104 - - [31/Oct/2023:03:04:50 +0000] "GET /test HTTP/1.1" 404 458 "-" "-"
104.250.238.104 - - [31/Oct/2023:03:04:51 +0000] "GET /main HTTP/1.1" 404 458 "-" "-"
104.250.238.104 - - [31/Oct/2023:03:04:51 +0000] "GET /testing HTTP/1.1" 404 458 "-" "-"
104.250.238.104 - - [31/Oct/2023:03:04:51 +0000] "GET /site HTTP/1.1" 404 458 "-" "-"
104.250.238.104 - - [31/Oct/2023:03:04:52 +0000] "GET /backup HTTP/1.1" 404 458 "-" "-"
104.250.238.104 - - [31/Oct/2023:03:04:52 +0000] "GET /demo HTTP/1.1" 404 458 "-" "-"
104.250.238.104 - - [31/Oct/2023:03:04:53 +0000] "GET /home HTTP/1.1" 404 458 "-" "-"
104.250.238.104 - - [31/Oct/2023:03:04:53 +0000] "GET /tmp HTTP/1.1" 404 458 "-" "-"
104.250.238.104 - - [31/Oct/2023:03:04:53 +0000] "GET /dev HTTP/1.1" 404 458 "-" "-"
104.250.238.104 - - [31/Oct/2023:03:04:54 +0000] "GET /cms HTTP/1.1" 404 458 "-" "-"
104.250.238.104 - - [31/Oct/2023:03:04:54 +0000] "GET /portal HTTP/1.1" 404 458 "-" "-"
104.250.238.104 - - [31/Oct/2023:03:04:55 +0000] "GET /web HTTP/1.1" 404 458 "-" "-"
46.101.144.32 - - [31/Oct/2023:03:06:12 +0000] "POST /wp-cron.php?doing_wp_cron=1698721572.3341341018676757812500 HTTP/1.1" 200 3995 "-" "WordPress/6.3.2; https://talmedos.com"
91.134.248.211 - - [31/Oct/2023:03:06:12 +0000] "GET /wp-admin/network/index.php HTTP/1.1" 302 3566 "http://talmedos.com/wp-admin/network/index.php" "Mozilla/5.0 (Windows; U; Windows NT 5.1; en-US) AppleWebKit/533.4 (KHTML, like Gecko) Chrome/5.0.375.99 Safari/533.4"
91.134.248.211 - - [31/Oct/2023:03:06:12 +0000] "GET /wp-login.php?redirect_to=https%3A%2F%2Ftalmedos.com%2Fwp-admin%2Fnetwork%2Findex.php&reauth=1 HTTP/1.1" 200 12287 "https://talmedos.com/wp-admin/network/index.php" "Mozilla/5.0 (Windows; U; Windows NT 5.1; en-US) AppleWebKit/533.4 (KHTML, like Gecko) Chrome/5.0.375.99 Safari/533.4"
45.95.169.184 - - [31/Oct/2023:03:09:00 +0000] "GET / HTTP/1.0" 400 627 "-" "-"
46.101.144.32 - - [31/Oct/2023:03:09:30 +0000] "POST /wp-cron.php?doing_wp_cron=1698721770.5174629688262939453125 HTTP/1.1" 200 3995 "-" "WordPress/6.3.2; https://talmedos.com"
192.0.102.40 - - [31/Oct/2023:03:09:30 +0000] "HEAD / HTTP/1.1" 200 3915 "-" "jetmon/1.0 (Jetpack Site Uptime Monitor by WordPress.com)"
46.101.144.32 - - [31/Oct/2023:03:14:33 +0000] "POST /wp-cron.php?doing_wp_cron=1698722073.0374159812927246093750 HTTP/1.1" 200 3995 "-" "WordPress/6.3.2; https://talmedos.com"
192.0.102.40 - - [31/Oct/2023:03:14:32 +0000] "HEAD / HTTP/1.1" 200 3915 "-" "jetmon/1.0 (Jetpack Site Uptime Monitor by WordPress.com)"
46.101.144.32 - - [31/Oct/2023:03:19:30 +0000] "POST /wp-cron.php?doing_wp_cron=1698722370.9397680759429931640625 HTTP/1.1" 200 3995 "-" "WordPress/6.3.2; https://talmedos.com"
192.0.102.40 - - [31/Oct/2023:03:19:30 +0000] "HEAD / HTTP/1.1" 200 3915 "-" "jetmon/1.0 (Jetpack Site Uptime Monitor by WordPress.com)"
3.238.97.208 - - [31/Oct/2023:03:19:45 +0000] "GET /.git/config HTTP/1.1" 404 4096 "-" "Mozilla/5.0 (Windows NT 10.0; Win64; x64) AppleWebKit/537.36 (KHTML, like Gecko) Chrome/100.0.4896.60 Safari/537.36 Edg/100.0.1185.29"
170.64.220.120 - - [31/Oct/2023:03:23:57 +0000] "GET /.git/config HTTP/1.1" 404 4229 "-" "Mozilla/5.0 (X11; Linux x86_64) AppleWebKit/537.36 (KHTML, like Gecko) Chrome/81.0.4044.129 Safari/537.36"
46.101.144.32 - - [31/Oct/2023:03:24:29 +0000] "POST /wp-cron.php?doing_wp_cron=1698722669.2306969165802001953125 HTTP/1.1" 200 3995 "-" "WordPress/6.3.2; https://talmedos.com"
192.0.102.40 - - [31/Oct/2023:03:24:29 +0000] "HEAD / HTTP/1.1" 200 3915 "-" "jetmon/1.0 (Jetpack Site Uptime Monitor by WordPress.com)"
46.101.144.32 - - [31/Oct/2023:03:29:30 +0000] "POST /wp-cron.php?doing_wp_cron=1698722970.7987649440765380859375 HTTP/1.1" 200 3995 "-" "WordPress/6.3.2; https://talmedos.com"
192.0.102.40 - - [31/Oct/2023:03:29:30 +0000] "HEAD / HTTP/1.1" 200 3915 "-" "jetmon/1.0 (Jetpack Site Uptime Monitor by WordPress.com)"
46.101.144.32 - - [31/Oct/2023:03:34:30 +0000] "POST /wp-cron.php?doing_wp_cron=1698723270.7302939891815185546875 HTTP/1.1" 200 3995 "-" "WordPress/6.3.2; https://talmedos.com"
192.0.102.40 - - [31/Oct/2023:03:34:30 +0000] "HEAD / HTTP/1.1" 200 3915 "-" "jetmon/1.0 (Jetpack Site Uptime Monitor by WordPress.com)"
46.101.144.32 - - [31/Oct/2023:03:39:29 +0000] "POST /wp-cron.php?doing_wp_cron=1698723569.2049388885498046875000 HTTP/1.1" 200 3995 "-" "WordPress/6.3.2; https://talmedos.com"
192.0.102.40 - - [31/Oct/2023:03:39:29 +0000] "HEAD / HTTP/1.1" 200 3915 "-" "jetmon/1.0 (Jetpack Site Uptime Monitor by WordPress.com)"
46.101.144.32 - - [31/Oct/2023:03:40:30 +0000] "POST /wp-cron.php?doing_wp_cron=1698723630.4581511020660400390625 HTTP/1.1" 200 3995 "-" "WordPress/6.3.2; https://talmedos.com"
35.203.211.120 - - [31/Oct/2023:03:40:30 +0000] "GET / HTTP/1.1" 200 56856 "http://46.101.144.32:80/" "Expanse, a Palo Alto Networks company, searches across the global IPv4 space multiple times per day to identify customers&#39; presences on the Internet. If you would like to be excluded from our scans, please send IP addresses/domains to: scaninfo@paloaltonetworks.com"
46.101.144.32 - - [31/Oct/2023:03:44:28 +0000] "POST /wp-cron.php?doing_wp_cron=1698723868.9388020038604736328125 HTTP/1.1" 200 3995 "-" "WordPress/6.3.2; https://talmedos.com"
192.0.102.40 - - [31/Oct/2023:03:44:28 +0000] "HEAD / HTTP/1.1" 200 3915 "-" "jetmon/1.0 (Jetpack Site Uptime Monitor by WordPress.com)"
46.101.144.32 - - [31/Oct/2023:03:49:28 +0000] "POST /wp-cron.php?doing_wp_cron=1698724168.6632750034332275390625 HTTP/1.1" 200 3995 "-" "WordPress/6.3.2; https://talmedos.com"
192.0.102.40 - - [31/Oct/2023:03:49:28 +0000] "HEAD / HTTP/1.1" 200 3915 "-" "jetmon/1.0 (Jetpack Site Uptime Monitor by WordPress.com)"
46.101.144.32 - - [31/Oct/2023:03:50:44 +0000] "POST /wp-cron.php?doing_wp_cron=1698724244.1021978855133056640625 HTTP/1.1" 200 3995 "-" "WordPress/6.3.2; https://talmedos.com"
142.54.169.134 - - [31/Oct/2023:03:50:43 +0000] "GET / HTTP/1.1" 200 14780 "-" "Mozilla/5.0 (Windows NT 6.2; WOW64) AppleWebKit/537.36 (KHTML, like Gecko) Chrome/42.0.2312.90 Safari/537.36"
165.232.191.9 - - [31/Oct/2023:03:51:43 +0000] "POST /wp-login.php HTTP/1.1" 200 8356 "-" "Mozilla/5.0 (Windows NT 6.3; Win64; x64) AppleWebKit/537.36 (KHTML, like Gecko) Chrome/77.0.3865.90 Safari/537.36"
142.54.169.134 - - [31/Oct/2023:03:52:07 +0000] "GET /wp-content/plugins/WordPressCore/include.php HTTP/1.1" 404 3610 "-" "Mozilla/5.0 (Windows NT 6.2; WOW64) AppleWebKit/537.36 (KHTML, like Gecko) Chrome/42.0.2312.90 Safari/537.36"
46.101.144.32 - - [31/Oct/2023:03:54:28 +0000] "POST /wp-cron.php?doing_wp_cron=1698724468.2761418819427490234375 HTTP/1.1" 200 3995 "-" "WordPress/6.3.2; https://talmedos.com"
192.0.102.40 - - [31/Oct/2023:03:54:28 +0000] "HEAD / HTTP/1.1" 200 3915 "-" "jetmon/1.0 (Jetpack Site Uptime Monitor by WordPress.com)"
46.101.144.32 - - [31/Oct/2023:03:59:29 +0000] "POST /wp-cron.php?doing_wp_cron=1698724769.9044220447540283203125 HTTP/1.1" 200 3995 "-" "WordPress/6.3.2; https://talmedos.com"
192.0.102.40 - - [31/Oct/2023:03:59:29 +0000] "HEAD / HTTP/1.1" 200 3915 "-" "jetmon/1.0 (Jetpack Site Uptime Monitor by WordPress.com)"
46.101.144.32 - - [31/Oct/2023:04:04:30 +0000] "POST /wp-cron.php?doing_wp_cron=1698725070.2872569561004638671875 HTTP/1.1" 200 3995 "-" "WordPress/6.3.2; https://talmedos.com"
192.0.102.40 - - [31/Oct/2023:04:04:30 +0000] "HEAD / HTTP/1.1" 200 3915 "-" "jetmon/1.0 (Jetpack Site Uptime Monitor by WordPress.com)"
46.101.144.32 - - [31/Oct/2023:04:08:20 +0000] "POST /wp-cron.php?doing_wp_cron=1698725300.8497600555419921875000 HTTP/1.1" 200 3995 "-" "WordPress/6.3.2; https://talmedos.com"
35.203.211.199 - - [31/Oct/2023:04:08:20 +0000] "GET / HTTP/1.1" 301 3863 "-" "Expanse, a Palo Alto Networks company, searches across the global IPv4 space multiple times per day to identify customers&#39; presences on the Internet. If you would like to be excluded from our scans, please send IP addresses/domains to: scaninfo@paloaltonetworks.com"
35.203.211.199 - - [31/Oct/2023:04:08:21 +0000] "GET / HTTP/1.1" 200 56856 "-" "Expanse, a Palo Alto Networks company, searches across the global IPv4 space multiple times per day to identify customers&#39; presences on the Internet. If you would like to be excluded from our scans, please send IP addresses/domains to: scaninfo@paloaltonetworks.com"
46.101.144.32 - - [31/Oct/2023:04:09:28 +0000] "POST /wp-cron.php?doing_wp_cron=1698725368.5640881061553955078125 HTTP/1.1" 200 3995 "-" "WordPress/6.3.2; https://talmedos.com"
192.0.102.40 - - [31/Oct/2023:04:09:28 +0000] "HEAD / HTTP/1.1" 200 3915 "-" "jetmon/1.0 (Jetpack Site Uptime Monitor by WordPress.com)"
46.101.144.32 - - [31/Oct/2023:04:14:29 +0000] "POST /wp-cron.php?doing_wp_cron=1698725669.1472949981689453125000 HTTP/1.1" 200 3995 "-" "WordPress/6.3.2; https://talmedos.com"
192.0.102.40 - - [31/Oct/2023:04:14:28 +0000] "HEAD / HTTP/1.1" 200 3915 "-" "jetmon/1.0 (Jetpack Site Uptime Monitor by WordPress.com)"
46.101.144.32 - - [31/Oct/2023:04:15:28 +0000] "POST /wp-cron.php?doing_wp_cron=1698725728.6214940547943115234375 HTTP/1.1" 200 3995 "-" "WordPress/6.3.2; https://talmedos.com"
128.14.134.134 - - [31/Oct/2023:04:15:28 +0000] "GET / HTTP/1.1" 200 14711 "http://46.101.144.32/" "Mozilla/5.0 (Windows NT 10.0; Win64; x64) AppleWebKit/537.36 (KHTML, like Gecko) Chrome/60.0.3112.113 Safari/537.36"
46.101.144.32 - - [31/Oct/2023:04:17:02 +0000] "POST /wp-cron.php?doing_wp_cron=1698725822.9451820850372314453125 HTTP/1.1" 200 3995 "-" "WordPress/6.3.2; https://talmedos.com"
205.210.31.50 - - [31/Oct/2023:04:17:02 +0000] "GET / HTTP/1.1" 301 3863 "-" "Expanse, a Palo Alto Networks company, searches across the global IPv4 space multiple times per day to identify customers&#39; presences on the Internet. If you would like to be excluded from our scans, please send IP addresses/domains to: scaninfo@paloaltonetworks.com"
205.210.31.50 - - [31/Oct/2023:04:17:03 +0000] "GET / HTTP/1.1" 200 56856 "-" "Expanse, a Palo Alto Networks company, searches across the global IPv4 space multiple times per day to identify customers&#39; presences on the Internet. If you would like to be excluded from our scans, please send IP addresses/domains to: scaninfo@paloaltonetworks.com"
46.101.144.32 - - [31/Oct/2023:04:18:33 +0000] "POST /wp-cron.php?doing_wp_cron=1698725913.0263769626617431640625 HTTP/1.1" 200 3995 "-" "WordPress/6.3.2; https://talmedos.com"
162.221.192.26 - - [31/Oct/2023:04:18:32 +0000] "GET / HTTP/1.1" 200 14814 "-" "Mozilla/5.0 (Windows NT 10.0; Win64; x64) AppleWebKit/537.36 (KHTML, like Gecko) Chrome/60.0.3112.113 Safari/537.36"
46.101.144.32 - - [31/Oct/2023:04:19:28 +0000] "POST /wp-cron.php?doing_wp_cron=1698725968.9638090133666992187500 HTTP/1.1" 200 3995 "-" "WordPress/6.3.2; https://talmedos.com"
192.0.102.40 - - [31/Oct/2023:04:19:28 +0000] "HEAD / HTTP/1.1" 200 3915 "-" "jetmon/1.0 (Jetpack Site Uptime Monitor by WordPress.com)"
83.97.73.87 - - [31/Oct/2023:04:19:40 +0000] "GET /?XDEBUG_SESSION_START=phpstorm HTTP/1.1" 301 3912 "-" "Mozilla/5.0 (Windows NT 10.0; Win64; x64) AppleWebKit/537.36 (KHTML, like Gecko) Chrome/78.0.3904.108 Safari/537.36"
83.97.73.87 - - [31/Oct/2023:04:19:47 +0000] "GET /?XDEBUG_SESSION_START=phpstorm HTTP/1.1" 200 15247 "https://46.101.144.32:443/?XDEBUG_SESSION_START=phpstorm" "Mozilla/5.0 (Windows NT 10.0; Win64; x64) AppleWebKit/537.36 (KHTML, like Gecko) Chrome/78.0.3904.108 Safari/537.36"
46.101.144.32 - - [31/Oct/2023:04:24:28 +0000] "POST /wp-cron.php?doing_wp_cron=1698726268.3726129531860351562500 HTTP/1.1" 200 3995 "-" "WordPress/6.3.2; https://talmedos.com"
192.0.102.40 - - [31/Oct/2023:04:24:28 +0000] "HEAD / HTTP/1.1" 200 3915 "-" "jetmon/1.0 (Jetpack Site Uptime Monitor by WordPress.com)"
109.237.97.180 - - [31/Oct/2023:04:25:49 +0000] "GET /.env HTTP/1.1" 404 4182 "-" "Mozilla/5.0 (X11; Linux x86_64) AppleWebKit/537.36 (KHTML, like Gecko) Chrome/81.0.4044.129 Safari/537.36"
180.149.125.166 - - [31/Oct/2023:04:25:53 +0000] "GET /stalker_portal/server/tools/auth_simple.php HTTP/1.1" 404 3540 "http://46.101.144.32/stalker_portal/server/tools/auth_simple.php" "Mozilla/5.0 (Windows NT 5.1; Win64; x64) AppleWebKit/537.36 (KHTML, like Gecko) Chrome/60.0.3112.90 Safari/537.36"
46.101.144.32 - - [31/Oct/2023:04:29:29 +0000] "POST /wp-cron.php?doing_wp_cron=1698726569.4132928848266601562500 HTTP/1.1" 200 3995 "-" "WordPress/6.3.2; https://talmedos.com"
192.0.102.40 - - [31/Oct/2023:04:29:29 +0000] "HEAD / HTTP/1.1" 200 3915 "-" "jetmon/1.0 (Jetpack Site Uptime Monitor by WordPress.com)"
46.101.144.32 - - [31/Oct/2023:04:34:28 +0000] "POST /wp-cron.php?doing_wp_cron=1698726868.5206780433654785156250 HTTP/1.1" 200 3995 "-" "WordPress/6.3.2; https://talmedos.com"
192.0.102.40 - - [31/Oct/2023:04:34:28 +0000] "HEAD / HTTP/1.1" 200 3915 "-" "jetmon/1.0 (Jetpack Site Uptime Monitor by WordPress.com)"
46.101.144.32 - - [31/Oct/2023:04:39:28 +0000] "POST /wp-cron.php?doing_wp_cron=1698727168.1265580654144287109375 HTTP/1.1" 200 3995 "-" "WordPress/6.3.2; https://talmedos.com"
192.0.102.40 - - [31/Oct/2023:04:39:27 +0000] "HEAD / HTTP/1.1" 200 3915 "-" "jetmon/1.0 (Jetpack Site Uptime Monitor by WordPress.com)"
46.101.144.32 - - [31/Oct/2023:04:44:28 +0000] "POST /wp-cron.php?doing_wp_cron=1698727468.5503709316253662109375 HTTP/1.1" 200 3995 "-" "WordPress/6.3.2; https://talmedos.com"
192.0.102.40 - - [31/Oct/2023:04:44:28 +0000] "HEAD / HTTP/1.1" 200 3915 "-" "jetmon/1.0 (Jetpack Site Uptime Monitor by WordPress.com)"
186.87.69.208 - - [31/Oct/2023:04:46:00 +0000] "POST /wp-login.php HTTP/1.1" 200 8356 "-" "Mozilla/5.0 (Windows NT 6.3; WOW64) AppleWebKit/537.36 (KHTML, like Gecko) Chrome/47.0.2526.106 Safari/537.36"
46.101.144.32 - - [31/Oct/2023:04:49:28 +0000] "POST /wp-cron.php?doing_wp_cron=1698727768.6783390045166015625000 HTTP/1.1" 200 3995 "-" "WordPress/6.3.2; https://talmedos.com"
192.0.102.40 - - [31/Oct/2023:04:49:28 +0000] "HEAD / HTTP/1.1" 200 3915 "-" "jetmon/1.0 (Jetpack Site Uptime Monitor by WordPress.com)"
208.109.226.46 - - [31/Oct/2023:04:49:34 +0000] "POST /xmlrpc.php HTTP/1.1" 200 4420 "-" "Mozilla/5.0 (Windows NT 5.1; rv:52.0) Gecko/20100101 Firefox/52.0"
178.62.63.209 - - [31/Oct/2023:04:49:34 +0000] "POST /xmlrpc.php HTTP/1.1" 200 4419 "-" "Mozilla/5.0 (Windows NT 10.0; Win64; x64) AppleWebKit/537.36 (KHTML, like Gecko) Chrome/83.0.4103.116 Safari/537.36"
178.62.63.209 - - [31/Oct/2023:04:49:37 +0000] "POST /xmlrpc.php HTTP/1.1" 200 4419 "-" "Mozilla/5.0 (Windows NT 6.1; WOW64; rv:44.0) Gecko/20100101 Firefox/44.0"
136.144.222.252 - - [31/Oct/2023:04:49:40 +0000] "POST /xmlrpc.php HTTP/1.1" 200 4014 "-" "Mozilla/5.0 (Macintosh; Intel Mac OS X 11_4) AppleWebKit/537.36 (KHTML, like Gecko) Chrome/91.0.4472.114 Safari/537.36"
202.79.174.79 - - [31/Oct/2023:04:49:43 +0000] "POST /xmlrpc.php HTTP/1.1" 200 4012 "-" "Mozilla/5.0 (Windows NT 10.0; WOW64) AppleWebKit/537.36 (KHTML, like Gecko) Chrome/91.0.4472.114 Safari/537.36"
50.63.26.195 - - [31/Oct/2023:04:49:49 +0000] "POST /xmlrpc.php HTTP/1.1" 200 4418 "-" "Mozilla/5.0 (Windows NT 10.0; Win64; x64; rv:61.0) Gecko/20100101 Firefox/61.0"
109.234.162.234 - - [31/Oct/2023:04:49:50 +0000] "POST /xmlrpc.php HTTP/1.1" 200 4421 "-" "Mozilla/5.0 (Windows NT 6.1; Win64; x64) AppleWebKit/537.36 (KHTML, like Gecko) Chrome/79.0.3945.88 Safari/537.36"
107.180.121.71 - - [31/Oct/2023:04:49:51 +0000] "POST /xmlrpc.php HTTP/1.1" 200 3984 "-" "Mozilla/5.0 (iPad; CPU OS 14_6 like Mac OS X) AppleWebKit/605.1.15 (KHTML, like Gecko) CriOS/91.0.4472.80 Mobile/15E148 Safari/604.1"
178.62.63.209 - - [31/Oct/2023:04:49:58 +0000] "POST /xmlrpc.php HTTP/1.1" 200 4419 "-" "Mozilla/5.0 (Windows NT 10.0; Win64; x64) AppleWebKit/537.36 (KHTML, like Gecko) Chrome/67.0.3396.99 Safari/537.36"
178.62.63.209 - - [31/Oct/2023:04:49:58 +0000] "POST /xmlrpc.php HTTP/1.1" 200 4419 "-" "Mozilla/5.0 (Linux; Android 10; SM-A102U) AppleWebKit/537.36 (KHTML, like Gecko) Chrome/91.0.4472.114 Mobile Safari/537.36"
64.227.108.223 - - [31/Oct/2023:04:49:59 +0000] "POST /xmlrpc.php HTTP/1.1" 200 4420 "-" "Mozilla/5.0 (Windows NT 10.0; Win64; x64; rv:67.0) Gecko/20100101 Firefox/67.0"
82.156.179.196 - - [31/Oct/2023:04:50:00 +0000] "POST /xmlrpc.php HTTP/1.1" 200 4420 "-" "Mozilla/5.0 (Windows NT 10.0; Win64; x64) AppleWebKit/537.36 (KHTML, like Gecko) Chrome/78.0.3904.108 Safari/537.36"
46.101.144.32 - - [31/Oct/2023:04:50:13 +0000] "POST /wp-cron.php?doing_wp_cron=1698727813.2281448841094970703125 HTTP/1.1" 200 3995 "-" "WordPress/6.3.2; https://talmedos.com"
154.39.199.122 - - [31/Oct/2023:04:50:12 +0000] "POST /xmlrpc.php HTTP/1.1" 200 4013 "-" "Mozilla/5.0 (Windows NT 10.0; Win64; x64; rv:63.0) Gecko/20100101 Firefox/63.0"
46.101.144.32 - - [31/Oct/2023:04:54:27 +0000] "POST /wp-cron.php?doing_wp_cron=1698728067.9815609455108642578125 HTTP/1.1" 200 3995 "-" "WordPress/6.3.2; https://talmedos.com"
192.0.102.40 - - [31/Oct/2023:04:54:27 +0000] "HEAD / HTTP/1.1" 200 3915 "-" "jetmon/1.0 (Jetpack Site Uptime Monitor by WordPress.com)"
46.101.144.32 - - [31/Oct/2023:04:59:29 +0000] "POST /wp-cron.php?doing_wp_cron=1698728369.3159248828887939453125 HTTP/1.1" 200 3995 "-" "WordPress/6.3.2; https://talmedos.com"
192.0.102.40 - - [31/Oct/2023:04:59:29 +0000] "HEAD / HTTP/1.1" 200 3915 "-" "jetmon/1.0 (Jetpack Site Uptime Monitor by WordPress.com)"
46.101.144.32 - - [31/Oct/2023:05:04:29 +0000] "POST /wp-cron.php?doing_wp_cron=1698728668.9791250228881835937500 HTTP/1.1" 200 3995 "-" "WordPress/6.3.2; https://talmedos.com"
192.0.102.40 - - [31/Oct/2023:05:04:28 +0000] "HEAD / HTTP/1.1" 200 3915 "-" "jetmon/1.0 (Jetpack Site Uptime Monitor by WordPress.com)"
46.101.144.32 - - [31/Oct/2023:05:09:28 +0000] "POST /wp-cron.php?doing_wp_cron=1698728968.0544691085815429687500 HTTP/1.1" 200 3995 "-" "WordPress/6.3.2; https://talmedos.com"
192.0.102.40 - - [31/Oct/2023:05:09:27 +0000] "HEAD / HTTP/1.1" 200 3915 "-" "jetmon/1.0 (Jetpack Site Uptime Monitor by WordPress.com)"
46.101.144.32 - - [31/Oct/2023:05:14:29 +0000] "POST /wp-cron.php?doing_wp_cron=1698729269.3276619911193847656250 HTTP/1.1" 200 3995 "-" "WordPress/6.3.2; https://talmedos.com"
192.0.102.40 - - [31/Oct/2023:05:14:29 +0000] "HEAD / HTTP/1.1" 200 3915 "-" "jetmon/1.0 (Jetpack Site Uptime Monitor by WordPress.com)"
46.101.144.32 - - [31/Oct/2023:05:19:29 +0000] "POST /wp-cron.php?doing_wp_cron=1698729569.5313470363616943359375 HTTP/1.1" 200 3995 "-" "WordPress/6.3.2; https://talmedos.com"
192.0.102.40 - - [31/Oct/2023:05:19:29 +0000] "HEAD / HTTP/1.1" 200 3915 "-" "jetmon/1.0 (Jetpack Site Uptime Monitor by WordPress.com)"
85.209.11.117 - - [31/Oct/2023:05:19:41 +0000] "GET / HTTP/1.0" 200 56409 "https://talmedos.com/" "Mozilla/5.0 (Windows NT 6.1) AppleWebKit/537.36 (KHTML, like Gecko) Chrome/103.0.0.0 Safari/537.36"
46.101.144.32 - - [31/Oct/2023:05:24:29 +0000] "POST /wp-cron.php?doing_wp_cron=1698729869.0664820671081542968750 HTTP/1.1" 200 3995 "-" "WordPress/6.3.2; https://talmedos.com"
192.0.102.40 - - [31/Oct/2023:05:24:28 +0000] "HEAD / HTTP/1.1" 200 3915 "-" "jetmon/1.0 (Jetpack Site Uptime Monitor by WordPress.com)"
46.101.144.32 - - [31/Oct/2023:05:29:29 +0000] "POST /wp-cron.php?doing_wp_cron=1698730169.0022950172424316406250 HTTP/1.1" 200 3995 "-" "WordPress/6.3.2; https://talmedos.com"
192.0.102.40 - - [31/Oct/2023:05:29:28 +0000] "HEAD / HTTP/1.1" 200 3915 "-" "jetmon/1.0 (Jetpack Site Uptime Monitor by WordPress.com)"
46.101.144.32 - - [31/Oct/2023:05:34:29 +0000] "POST /wp-cron.php?doing_wp_cron=1698730469.2621550559997558593750 HTTP/1.1" 200 3995 "-" "WordPress/6.3.2; https://talmedos.com"
192.0.102.40 - - [31/Oct/2023:05:34:29 +0000] "HEAD / HTTP/1.1" 200 3915 "-" "jetmon/1.0 (Jetpack Site Uptime Monitor by WordPress.com)"
46.101.144.32 - - [31/Oct/2023:05:39:28 +0000] "POST /wp-cron.php?doing_wp_cron=1698730768.7487459182739257812500 HTTP/1.1" 200 3995 "-" "WordPress/6.3.2; https://talmedos.com"
192.0.102.40 - - [31/Oct/2023:05:39:28 +0000] "HEAD / HTTP/1.1" 200 3915 "-" "jetmon/1.0 (Jetpack Site Uptime Monitor by WordPress.com)"
185.18.197.110 - - [31/Oct/2023:05:43:16 +0000] "POST /wp-login.php HTTP/1.1" 200 8356 "-" "Mozilla/5.0 (Windows NT 6.1; Win64; x64) AppleWebKit/537.36 (KHTML, like Gecko) Chrome/66.0.3359.117 Safari/537.36"
46.101.144.32 - - [31/Oct/2023:05:44:29 +0000] "POST /wp-cron.php?doing_wp_cron=1698731069.4775888919830322265625 HTTP/1.1" 200 3995 "-" "WordPress/6.3.2; https://talmedos.com"
192.0.102.40 - - [31/Oct/2023:05:44:29 +0000] "HEAD / HTTP/1.1" 200 3915 "-" "jetmon/1.0 (Jetpack Site Uptime Monitor by WordPress.com)"
46.101.144.32 - - [31/Oct/2023:05:49:29 +0000] "POST /wp-cron.php?doing_wp_cron=1698731369.9041779041290283203125 HTTP/1.1" 200 3995 "-" "WordPress/6.3.2; https://talmedos.com"
192.0.102.40 - - [31/Oct/2023:05:49:29 +0000] "HEAD / HTTP/1.1" 200 3915 "-" "jetmon/1.0 (Jetpack Site Uptime Monitor by WordPress.com)"
46.101.144.32 - - [31/Oct/2023:05:51:15 +0000] "POST /wp-cron.php?doing_wp_cron=1698731475.4536070823669433593750 HTTP/1.1" 200 3995 "-" "WordPress/6.3.2; https://talmedos.com"
205.210.31.205 - - [31/Oct/2023:05:51:15 +0000] "GET / HTTP/1.1" 301 3862 "-" "Expanse, a Palo Alto Networks company, searches across the global IPv4 space multiple times per day to identify customers&#39; presences on the Internet. If you would like to be excluded from our scans, please send IP addresses/domains to: scaninfo@paloaltonetworks.com"
46.101.144.32 - - [31/Oct/2023:05:54:29 +0000] "POST /wp-cron.php?doing_wp_cron=1698731669.5668540000915527343750 HTTP/1.1" 200 3995 "-" "WordPress/6.3.2; https://talmedos.com"
192.0.102.40 - - [31/Oct/2023:05:54:29 +0000] "HEAD / HTTP/1.1" 200 3915 "-" "jetmon/1.0 (Jetpack Site Uptime Monitor by WordPress.com)"
185.189.182.234 - - [31/Oct/2023:05:55:51 +0000] "GET / HTTP/1.1" 400 3595 "-" "-"
46.101.144.32 - - [31/Oct/2023:05:59:30 +0000] "POST /wp-cron.php?doing_wp_cron=1698731970.2215280532836914062500 HTTP/1.1" 200 3995 "-" "WordPress/6.3.2; https://talmedos.com"
192.0.102.40 - - [31/Oct/2023:05:59:30 +0000] "HEAD / HTTP/1.1" 200 3915 "-" "jetmon/1.0 (Jetpack Site Uptime Monitor by WordPress.com)"
46.101.144.32 - - [31/Oct/2023:06:04:29 +0000] "POST /wp-cron.php?doing_wp_cron=1698732269.8831009864807128906250 HTTP/1.1" 200 3995 "-" "WordPress/6.3.2; https://talmedos.com"
192.0.102.40 - - [31/Oct/2023:06:04:29 +0000] "HEAD / HTTP/1.1" 200 3915 "-" "jetmon/1.0 (Jetpack Site Uptime Monitor by WordPress.com)"
139.162.45.221 - - [31/Oct/2023:06:08:51 +0000] "GET /yJ6c HTTP/1.1" 404 4145 "-" "Mozilla/5.0 (compatible; Nmap Scripting Engine; https://nmap.org/book/nse.html)"
139.162.45.221 - - [31/Oct/2023:06:08:52 +0000] "GET /sAt5 HTTP/1.1" 404 4145 "-" "Mozilla/5.0 (compatible; Nmap Scripting Engine; https://nmap.org/book/nse.html)"
46.101.144.32 - - [31/Oct/2023:06:09:27 +0000] "POST /wp-cron.php?doing_wp_cron=1698732567.9640519618988037109375 HTTP/1.1" 200 3995 "-" "WordPress/6.3.2; https://talmedos.com"
192.0.102.40 - - [31/Oct/2023:06:09:27 +0000] "HEAD / HTTP/1.1" 200 3915 "-" "jetmon/1.0 (Jetpack Site Uptime Monitor by WordPress.com)"
46.101.144.32 - - [31/Oct/2023:06:13:42 +0000] "POST /wp-cron.php?doing_wp_cron=1698732822.1495399475097656250000 HTTP/1.1" 200 3995 "-" "WordPress/6.3.2; https://talmedos.com"
142.54.169.134 - - [31/Oct/2023:06:13:41 +0000] "GET / HTTP/1.1" 200 14780 "-" "Mozilla/5.0 (Windows NT 6.2; WOW64) AppleWebKit/537.36 (KHTML, like Gecko) Chrome/42.0.2312.90 Safari/537.36"
142.54.169.134 - - [31/Oct/2023:06:14:22 +0000] "GET //wp-content/plugins/WordPressCore/include.php HTTP/1.1" 404 3610 "-" "Mozilla/5.0 (Windows NT 6.2; WOW64) AppleWebKit/537.36 (KHTML, like Gecko) Chrome/42.0.2312.90 Safari/537.36"
46.101.144.32 - - [31/Oct/2023:06:14:29 +0000] "POST /wp-cron.php?doing_wp_cron=1698732869.3665409088134765625000 HTTP/1.1" 200 3995 "-" "WordPress/6.3.2; https://talmedos.com"
192.0.102.40 - - [31/Oct/2023:06:14:29 +0000] "HEAD / HTTP/1.1" 200 3915 "-" "jetmon/1.0 (Jetpack Site Uptime Monitor by WordPress.com)"
46.101.144.32 - - [31/Oct/2023:06:19:30 +0000] "POST /wp-cron.php?doing_wp_cron=1698733170.1563200950622558593750 HTTP/1.1" 200 3995 "-" "WordPress/6.3.2; https://talmedos.com"
192.0.102.40 - - [31/Oct/2023:06:19:29 +0000] "HEAD / HTTP/1.1" 200 3915 "-" "jetmon/1.0 (Jetpack Site Uptime Monitor by WordPress.com)"
46.101.144.32 - - [31/Oct/2023:06:24:29 +0000] "POST /wp-cron.php?doing_wp_cron=1698733469.1985890865325927734375 HTTP/1.1" 200 3995 "-" "WordPress/6.3.2; https://talmedos.com"
192.0.102.40 - - [31/Oct/2023:06:24:29 +0000] "HEAD / HTTP/1.1" 200 3915 "-" "jetmon/1.0 (Jetpack Site Uptime Monitor by WordPress.com)"
46.101.144.32 - - [31/Oct/2023:06:27:13 +0000] "POST /wp-cron.php?doing_wp_cron=1698733633.6734669208526611328125 HTTP/1.1" 200 3995 "-" "WordPress/6.3.2; https://talmedos.com"
51.15.17.105 - - [31/Oct/2023:06:27:13 +0000] "GET /?of=1 HTTP/1.1" 200 14780 "www.google.com" "Mozilla/6.4 (Windows NT 11.1) Gecko/2010102 Firefox/99.0"
46.101.144.32 - - [31/Oct/2023:06:29:30 +0000] "POST /wp-cron.php?doing_wp_cron=1698733770.0321369171142578125000 HTTP/1.1" 200 3995 "-" "WordPress/6.3.2; https://talmedos.com"
192.0.102.40 - - [31/Oct/2023:06:29:29 +0000] "HEAD / HTTP/1.1" 200 3915 "-" "jetmon/1.0 (Jetpack Site Uptime Monitor by WordPress.com)"
195.140.227.163 - - [31/Oct/2023:06:32:21 +0000] "GET /manager/html HTTP/1.1" 404 4097 "-" "Mozilla/5.0 (Windows NT 10.0; WOW64) AppleWebKit/537.36 (KHTML, like Gecko) Chrome/62.0.3202.9 Safari/537.36"
46.101.144.32 - - [31/Oct/2023:06:34:29 +0000] "POST /wp-cron.php?doing_wp_cron=1698734069.8265819549560546875000 HTTP/1.1" 200 3995 "-" "WordPress/6.3.2; https://talmedos.com"
192.0.102.40 - - [31/Oct/2023:06:34:29 +0000] "HEAD / HTTP/1.1" 200 3915 "-" "jetmon/1.0 (Jetpack Site Uptime Monitor by WordPress.com)"
8.210.161.5 - - [31/Oct/2023:06:35:31 +0000] "GET /dns-query?dns=uSYBAAABAAAAAAAABmdvb2dsZQNjb20AAAEAAQ HTTP/1.1" 404 4229 "-" "Chrome"
83.97.73.87 - - [31/Oct/2023:06:38:28 +0000] "GET /actuator/gateway/routes HTTP/1.1" 404 4097 "-" "Mozilla/5.0 (Windows NT 10.0; Win64; x64) AppleWebKit/537.36 (KHTML, like Gecko) Chrome/78.0.3904.108 Safari/537.36"
46.101.144.32 - - [31/Oct/2023:06:39:28 +0000] "POST /wp-cron.php?doing_wp_cron=1698734368.2662661075592041015625 HTTP/1.1" 200 3995 "-" "WordPress/6.3.2; https://talmedos.com"
192.0.102.40 - - [31/Oct/2023:06:39:28 +0000] "HEAD / HTTP/1.1" 200 3915 "-" "jetmon/1.0 (Jetpack Site Uptime Monitor by WordPress.com)"
159.223.222.161 - - [31/Oct/2023:06:41:10 +0000] "POST /wp-login.php HTTP/1.1" 200 8357 "-" "Mozilla/5.0 (Windows NT 5.1) AppleWebKit/537.36 (KHTML, like Gecko) Chrome/47.0.2526.106 Safari/537.36"
46.101.144.32 - - [31/Oct/2023:06:44:30 +0000] "POST /wp-cron.php?doing_wp_cron=1698734670.0326979160308837890625 HTTP/1.1" 200 3995 "-" "WordPress/6.3.2; https://talmedos.com"
192.0.102.40 - - [31/Oct/2023:06:44:29 +0000] "HEAD / HTTP/1.1" 200 3915 "-" "jetmon/1.0 (Jetpack Site Uptime Monitor by WordPress.com)"
46.101.144.32 - - [31/Oct/2023:06:45:35 +0000] "POST /wp-cron.php?doing_wp_cron=1698734735.9716119766235351562500 HTTP/1.1" 200 3995 "-" "WordPress/6.3.2; https://talmedos.com"
52.16.33.189 - - [31/Oct/2023:06:45:35 +0000] "GET / HTTP/1.1" 200 15293 "-" "Mozilla/5.0 (X11; Linux x86_64) AppleWebKit/537.36 (KHTML, like Gecko) Chrome/92.0.4515.107 Safari/537.36"
46.101.144.32 - - [31/Oct/2023:06:49:28 +0000] "POST /wp-cron.php?doing_wp_cron=1698734968.2519180774688720703125 HTTP/1.1" 200 3995 "-" "WordPress/6.3.2; https://talmedos.com"
192.0.102.40 - - [31/Oct/2023:06:49:28 +0000] "HEAD / HTTP/1.1" 200 3915 "-" "jetmon/1.0 (Jetpack Site Uptime Monitor by WordPress.com)"
46.101.144.32 - - [31/Oct/2023:06:54:29 +0000] "POST /wp-cron.php?doing_wp_cron=1698735269.1018650531768798828125 HTTP/1.1" 200 3995 "-" "WordPress/6.3.2; https://talmedos.com"
192.0.102.40 - - [31/Oct/2023:06:54:28 +0000] "HEAD / HTTP/1.1" 200 3915 "-" "jetmon/1.0 (Jetpack Site Uptime Monitor by WordPress.com)"
8.210.161.5 - - [31/Oct/2023:06:55:18 +0000] "POST /dns-query HTTP/1.1" 404 4229 "-" "Chrome"
46.101.144.32 - - [31/Oct/2023:06:59:29 +0000] "POST /wp-cron.php?doing_wp_cron=1698735569.2842419147491455078125 HTTP/1.1" 200 3995 "-" "WordPress/6.3.2; https://talmedos.com"
192.0.102.40 - - [31/Oct/2023:06:59:29 +0000] "HEAD / HTTP/1.1" 200 3915 "-" "jetmon/1.0 (Jetpack Site Uptime Monitor by WordPress.com)"
51.178.146.199 - - [31/Oct/2023:07:02:16 +0000] "GET /wp-admin/images/atomlib.php HTTP/1.1" 404 4172 "http://talmedos.com/wp-admin/images/atomlib.php" "Mozilla/5.0 (Windows; U; Windows NT 5.1; en-US) AppleWebKit/533.4 (KHTML, like Gecko) Chrome/5.0.375.99 Safari/533.4"
46.101.144.32 - - [31/Oct/2023:07:04:29 +0000] "POST /wp-cron.php?doing_wp_cron=1698735869.2086400985717773437500 HTTP/1.1" 200 3995 "-" "WordPress/6.3.2; https://talmedos.com"
192.0.102.40 - - [31/Oct/2023:07:04:29 +0000] "HEAD / HTTP/1.1" 200 3915 "-" "jetmon/1.0 (Jetpack Site Uptime Monitor by WordPress.com)"
46.101.144.32 - - [31/Oct/2023:07:08:48 +0000] "POST /wp-cron.php?doing_wp_cron=1698736128.6014308929443359375000 HTTP/1.1" 200 3995 "-" "WordPress/6.3.2; https://talmedos.com"
64.62.197.211 - - [31/Oct/2023:07:08:48 +0000] "GET / HTTP/1.1" 200 14711 "-" "Mozilla/5.0 (Windows NT 10.0; Win64; x64) AppleWebKit/537.36 (KHTML, like Gecko) Chrome/110.0.0.0 Safari/537.36 Edg/110.0.1587.46"
46.101.144.32 - - [31/Oct/2023:07:09:28 +0000] "POST /wp-cron.php?doing_wp_cron=1698736168.0482380390167236328125 HTTP/1.1" 200 3995 "-" "WordPress/6.3.2; https://talmedos.com"
192.0.102.40 - - [31/Oct/2023:07:09:27 +0000] "HEAD / HTTP/1.1" 200 3915 "-" "jetmon/1.0 (Jetpack Site Uptime Monitor by WordPress.com)"
46.101.144.32 - - [31/Oct/2023:07:14:28 +0000] "POST /wp-cron.php?doing_wp_cron=1698736468.6710610389709472656250 HTTP/1.1" 200 3995 "-" "WordPress/6.3.2; https://talmedos.com"
192.0.102.40 - - [31/Oct/2023:07:14:28 +0000] "HEAD / HTTP/1.1" 200 3915 "-" "jetmon/1.0 (Jetpack Site Uptime Monitor by WordPress.com)"
64.62.197.200 - - [31/Oct/2023:07:14:43 +0000] "GET /favicon.ico HTTP/1.1" 404 3540 "-" "Mozilla/5.0 (Macintosh; Intel Mac OS X 10_15_7) AppleWebKit/537.36 (KHTML, like Gecko) Chrome/108.0.0.0 Safari/537.36"
46.101.144.32 - - [31/Oct/2023:07:15:46 +0000] "POST /wp-cron.php?doing_wp_cron=1698736546.3830320835113525390625 HTTP/1.1" 200 3995 "-" "WordPress/6.3.2; https://talmedos.com"
64.62.197.200 - - [31/Oct/2023:07:15:46 +0000] "GET / HTTP/1.1" 200 15228 "-" "Mozilla/5.0 (Windows NT 10.0; Win64; x64) AppleWebKit/537.36 (KHTML, like Gecko) Chrome/110.0.0.0 Safari/537.36 Edg/110.0.1587.46"
64.62.197.208 - - [31/Oct/2023:07:18:16 +0000] "GET /geoserver/web/ HTTP/1.1" 404 3540 "-" "Mozilla/5.0 (Windows NT 10.0; Win64; x64) AppleWebKit/537.36 (KHTML, like Gecko) Chrome/107.0.0.0 Safari/537.36"
64.62.197.202 - - [31/Oct/2023:07:18:41 +0000] "GET /.git/config HTTP/1.1" 404 3540 "-" "Mozilla/5.0 (X11; Linux x86_64; rv:107.0) Gecko/20100101 Firefox/107.0"
46.101.144.32 - - [31/Oct/2023:07:19:28 +0000] "POST /wp-cron.php?doing_wp_cron=1698736768.0945200920104980468750 HTTP/1.1" 200 3995 "-" "WordPress/6.3.2; https://talmedos.com"
