93.162.98.150 - - [02/Nov/2023:22:44:37 +0000] "POST /wp-admin/admin-ajax.php HTTP/1.1" 404 1025 "https://talmedos.com/wp-admin/edit.php?post_type=page" "Mozilla/5.0 (Macintosh; Intel Mac OS X 10_15_7) AppleWebKit/537.36 (KHTML, like Gecko) Chrome/118.0.0.0 Safari/537.36"
93.162.98.150 - - [02/Nov/2023:22:44:52 +0000] "POST /wp-admin/admin-ajax.php HTTP/1.1" 404 1025 "https://talmedos.com/wp-admin/edit.php?post_type=page" "Mozilla/5.0 (Macintosh; Intel Mac OS X 10_15_7) AppleWebKit/537.36 (KHTML, like Gecko) Chrome/118.0.0.0 Safari/537.36"
93.162.98.150 - - [02/Nov/2023:22:44:58 +0000] "POST /wp-admin/admin-ajax.php HTTP/1.1" 404 1025 "https://talmedos.com/wp-admin/post-new.php?post_type=page" "Mozilla/5.0 (Macintosh; Intel Mac OS X 10_15_7) AppleWebKit/537.36 (KHTML, like Gecko) Chrome/118.0.0.0 Safari/537.36"
93.162.98.150 - - [02/Nov/2023:22:45:07 +0000] "POST /wp-admin/admin-ajax.php HTTP/1.1" 404 1025 "https://talmedos.com/wp-admin/edit.php?post_type=page" "Mozilla/5.0 (Macintosh; Intel Mac OS X 10_15_7) AppleWebKit/537.36 (KHTML, like Gecko) Chrome/118.0.0.0 Safari/537.36"
93.162.98.150 - - [02/Nov/2023:22:45:58 +0000] "POST /wp-admin/admin-ajax.php HTTP/1.1" 404 1025 "https://talmedos.com/wp-admin/post-new.php?post_type=page" "Mozilla/5.0 (Macintosh; Intel Mac OS X 10_15_7) AppleWebKit/537.36 (KHTML, like Gecko) Chrome/118.0.0.0 Safari/537.36"
93.162.98.150 - - [02/Nov/2023:22:46:58 +0000] "POST /wp-admin/admin-ajax.php HTTP/1.1" 404 1025 "https://talmedos.com/wp-admin/post-new.php?post_type=page" "Mozilla/5.0 (Macintosh; Intel Mac OS X 10_15_7) AppleWebKit/537.36 (KHTML, like Gecko) Chrome/118.0.0.0 Safari/537.36"
93.162.98.150 - - [02/Nov/2023:22:47:07 +0000] "POST /wp-admin/admin-ajax.php HTTP/1.1" 404 1025 "https://talmedos.com/wp-admin/edit.php?post_type=page" "Mozilla/5.0 (Macintosh; Intel Mac OS X 10_15_7) AppleWebKit/537.36 (KHTML, like Gecko) Chrome/118.0.0.0 Safari/537.36"
90.241.64.140 - - [02/Nov/2023:22:47:35 +0000] "GET //wp-config.com HTTP/1.1" 404 4096 "-" "Mozilla/5.0 (X11; Ubuntu; Linux x86_64; rv:62.0) Gecko/20100101 Firefox/62.0"
93.162.98.150 - - [02/Nov/2023:22:47:59 +0000] "POST /wp-admin/admin-ajax.php HTTP/1.1" 404 1025 "https://talmedos.com/wp-admin/post-new.php?post_type=page" "Mozilla/5.0 (Macintosh; Intel Mac OS X 10_15_7) AppleWebKit/537.36 (KHTML, like Gecko) Chrome/118.0.0.0 Safari/537.36"
93.162.98.150 - - [02/Nov/2023:22:49:07 +0000] "POST /wp-admin/admin-ajax.php HTTP/1.1" 404 1025 "https://talmedos.com/wp-admin/edit.php?post_type=page" "Mozilla/5.0 (Macintosh; Intel Mac OS X 10_15_7) AppleWebKit/537.36 (KHTML, like Gecko) Chrome/118.0.0.0 Safari/537.36"
192.0.102.40 - - [02/Nov/2023:22:49:27 +0000] "HEAD / HTTP/1.1" 200 3836 "-" "jetmon/1.0 (Jetpack Site Uptime Monitor by WordPress.com)"
93.162.98.150 - - [02/Nov/2023:22:49:55 +0000] "POST /wp-admin/admin-ajax.php HTTP/1.1" 404 1025 "https://talmedos.com/wp-admin/edit.php?post_type=page" "Mozilla/5.0 (Macintosh; Intel Mac OS X 10_15_7) AppleWebKit/537.36 (KHTML, like Gecko) Chrome/118.0.0.0 Safari/537.36"
93.162.98.150 - - [02/Nov/2023:22:50:00 +0000] "POST /wp-admin/admin-ajax.php HTTP/1.1" 404 513 "https://talmedos.com/wp-admin/post-new.php?post_type=page" "Mozilla/5.0 (Macintosh; Intel Mac OS X 10_15_7) AppleWebKit/537.36 (KHTML, like Gecko) Chrome/118.0.0.0 Safari/537.36"
93.162.98.150 - - [02/Nov/2023:22:50:10 +0000] "POST /wp-admin/admin-ajax.php HTTP/1.1" 404 1025 "https://talmedos.com/wp-admin/edit.php?post_type=page" "Mozilla/5.0 (Macintosh; Intel Mac OS X 10_15_7) AppleWebKit/537.36 (KHTML, like Gecko) Chrome/118.0.0.0 Safari/537.36"
93.162.98.150 - - [02/Nov/2023:22:50:43 +0000] "POST /wp-admin/admin-ajax.php HTTP/1.1" 404 1025 "https://talmedos.com/wp-admin/edit.php?post_type=page" "Mozilla/5.0 (Macintosh; Intel Mac OS X 10_15_7) AppleWebKit/537.36 (KHTML, like Gecko) Chrome/118.0.0.0 Safari/537.36"
93.162.98.150 - - [02/Nov/2023:22:50:58 +0000] "POST /wp-admin/admin-ajax.php HTTP/1.1" 404 1025 "https://talmedos.com/wp-admin/edit.php?post_type=page" "Mozilla/5.0 (Macintosh; Intel Mac OS X 10_15_7) AppleWebKit/537.36 (KHTML, like Gecko) Chrome/118.0.0.0 Safari/537.36"
93.162.98.150 - - [02/Nov/2023:22:52:01 +0000] "POST /wp-admin/admin-ajax.php HTTP/1.1" 404 1025 "https://talmedos.com/wp-admin/post-new.php?post_type=page" "Mozilla/5.0 (Macintosh; Intel Mac OS X 10_15_7) AppleWebKit/537.36 (KHTML, like Gecko) Chrome/118.0.0.0 Safari/537.36"
93.162.98.150 - - [02/Nov/2023:22:52:09 +0000] "POST /wp-admin/admin-ajax.php HTTP/1.1" 404 1025 "https://talmedos.com/wp-admin/edit.php?post_type=page" "Mozilla/5.0 (Macintosh; Intel Mac OS X 10_15_7) AppleWebKit/537.36 (KHTML, like Gecko) Chrome/118.0.0.0 Safari/537.36"
93.162.98.150 - - [02/Nov/2023:22:52:24 +0000] "POST /wp-admin/admin-ajax.php HTTP/1.1" 404 1025 "https://talmedos.com/wp-admin/edit.php?post_type=page" "Mozilla/5.0 (Macintosh; Intel Mac OS X 10_15_7) AppleWebKit/537.36 (KHTML, like Gecko) Chrome/118.0.0.0 Safari/537.36"
93.162.98.150 - - [02/Nov/2023:22:52:39 +0000] "POST /wp-admin/admin-ajax.php HTTP/1.1" 404 1025 "https://talmedos.com/wp-admin/edit.php?post_type=page" "Mozilla/5.0 (Macintosh; Intel Mac OS X 10_15_7) AppleWebKit/537.36 (KHTML, like Gecko) Chrome/118.0.0.0 Safari/537.36"
93.162.98.150 - - [02/Nov/2023:22:53:01 +0000] "POST /wp-admin/admin-ajax.php HTTP/1.1" 404 1025 "https://talmedos.com/wp-admin/post-new.php?post_type=page" "Mozilla/5.0 (Macintosh; Intel Mac OS X 10_15_7) AppleWebKit/537.36 (KHTML, like Gecko) Chrome/118.0.0.0 Safari/537.36"
192.0.102.40 - - [02/Nov/2023:22:54:27 +0000] "HEAD / HTTP/1.1" 200 3836 "-" "jetmon/1.0 (Jetpack Site Uptime Monitor by WordPress.com)"
93.162.98.150 - - [02/Nov/2023:22:54:39 +0000] "POST /wp-admin/admin-ajax.php HTTP/1.1" 404 1025 "https://talmedos.com/wp-admin/edit.php?post_type=page" "Mozilla/5.0 (Macintosh; Intel Mac OS X 10_15_7) AppleWebKit/537.36 (KHTML, like Gecko) Chrome/118.0.0.0 Safari/537.36"
93.162.98.150 - - [02/Nov/2023:22:55:01 +0000] "POST /wp-admin/admin-ajax.php HTTP/1.1" 404 1025 "https://talmedos.com/wp-admin/post-new.php?post_type=page" "Mozilla/5.0 (Macintosh; Intel Mac OS X 10_15_7) AppleWebKit/537.36 (KHTML, like Gecko) Chrome/118.0.0.0 Safari/537.36"
93.162.98.150 - - [02/Nov/2023:22:55:16 +0000] "POST /wp-admin/admin-ajax.php HTTP/1.1" 404 1025 "https://talmedos.com/wp-admin/edit.php?post_type=page" "Mozilla/5.0 (Macintosh; Intel Mac OS X 10_15_7) AppleWebKit/537.36 (KHTML, like Gecko) Chrome/118.0.0.0 Safari/537.36"
93.162.98.150 - - [02/Nov/2023:22:55:31 +0000] "POST /wp-admin/admin-ajax.php HTTP/1.1" 404 1025 "https://talmedos.com/wp-admin/edit.php?post_type=page" "Mozilla/5.0 (Macintosh; Intel Mac OS X 10_15_7) AppleWebKit/537.36 (KHTML, like Gecko) Chrome/118.0.0.0 Safari/537.36"
93.162.98.150 - - [02/Nov/2023:22:55:46 +0000] "POST /wp-admin/admin-ajax.php HTTP/1.1" 404 1025 "https://talmedos.com/wp-admin/edit.php?post_type=page" "Mozilla/5.0 (Macintosh; Intel Mac OS X 10_15_7) AppleWebKit/537.36 (KHTML, like Gecko) Chrome/118.0.0.0 Safari/537.36"
93.162.98.150 - - [02/Nov/2023:22:56:01 +0000] "POST /wp-admin/admin-ajax.php HTTP/1.1" 404 1025 "https://talmedos.com/wp-admin/post-new.php?post_type=page" "Mozilla/5.0 (Macintosh; Intel Mac OS X 10_15_7) AppleWebKit/537.36 (KHTML, like Gecko) Chrome/118.0.0.0 Safari/537.36"
93.162.98.150 - - [02/Nov/2023:22:56:20 +0000] "POST /wp-admin/admin-ajax.php HTTP/1.1" 404 1025 "https://talmedos.com/wp-admin/edit.php?post_type=page" "Mozilla/5.0 (Macintosh; Intel Mac OS X 10_15_7) AppleWebKit/537.36 (KHTML, like Gecko) Chrome/118.0.0.0 Safari/537.36"
93.162.98.150 - - [02/Nov/2023:22:56:35 +0000] "POST /wp-admin/admin-ajax.php HTTP/1.1" 404 1025 "https://talmedos.com/wp-admin/edit.php?post_type=page" "Mozilla/5.0 (Macintosh; Intel Mac OS X 10_15_7) AppleWebKit/537.36 (KHTML, like Gecko) Chrome/118.0.0.0 Safari/537.36"
93.162.98.150 - - [02/Nov/2023:22:57:07 +0000] "POST /wp-admin/admin-ajax.php HTTP/1.1" 404 1025 "https://talmedos.com/wp-admin/edit.php?post_type=page" "Mozilla/5.0 (Macintosh; Intel Mac OS X 10_15_7) AppleWebKit/537.36 (KHTML, like Gecko) Chrome/118.0.0.0 Safari/537.36"
93.162.98.150 - - [02/Nov/2023:22:57:22 +0000] "POST /wp-admin/admin-ajax.php HTTP/1.1" 404 1025 "https://talmedos.com/wp-admin/edit.php?post_type=page" "Mozilla/5.0 (Macintosh; Intel Mac OS X 10_15_7) AppleWebKit/537.36 (KHTML, like Gecko) Chrome/118.0.0.0 Safari/537.36"
112.227.38.208 - - [02/Nov/2023:22:57:30 +0000] "GET //wp-config.conf HTTP/1.1" 404 4096 "-" "Mozilla/5.0 (X11; Ubuntu; Linux x86_64; rv:62.0) Gecko/20100101 Firefox/62.0"
93.162.98.150 - - [02/Nov/2023:22:57:43 +0000] "POST /wp-admin/admin-ajax.php HTTP/1.1" 404 1025 "https://talmedos.com/wp-admin/post-new.php?post_type=page" "Mozilla/5.0 (Macintosh; Intel Mac OS X 10_15_7) AppleWebKit/537.36 (KHTML, like Gecko) Chrome/118.0.0.0 Safari/537.36"
93.162.98.150 - - [02/Nov/2023:22:57:50 +0000] "POST /wp-admin/admin-ajax.php HTTP/1.1" 404 1025 "https://talmedos.com/wp-admin/edit.php?post_type=page" "Mozilla/5.0 (Macintosh; Intel Mac OS X 10_15_7) AppleWebKit/537.36 (KHTML, like Gecko) Chrome/118.0.0.0 Safari/537.36"
93.162.98.150 - - [02/Nov/2023:22:58:05 +0000] "POST /wp-admin/admin-ajax.php HTTP/1.1" 404 1025 "https://talmedos.com/wp-admin/edit.php?post_type=page" "Mozilla/5.0 (Macintosh; Intel Mac OS X 10_15_7) AppleWebKit/537.36 (KHTML, like Gecko) Chrome/118.0.0.0 Safari/537.36"
93.162.98.150 - - [02/Nov/2023:22:58:44 +0000] "POST /wp-admin/admin-ajax.php HTTP/1.1" 404 1025 "https://talmedos.com/wp-admin/post-new.php?post_type=page" "Mozilla/5.0 (Macintosh; Intel Mac OS X 10_15_7) AppleWebKit/537.36 (KHTML, like Gecko) Chrome/118.0.0.0 Safari/537.36"
93.162.98.150 - - [02/Nov/2023:22:58:46 +0000] "POST /wp-admin/admin-ajax.php HTTP/1.1" 404 513 "https://talmedos.com/wp-admin/edit.php?post_type=page" "Mozilla/5.0 (Macintosh; Intel Mac OS X 10_15_7) AppleWebKit/537.36 (KHTML, like Gecko) Chrome/118.0.0.0 Safari/537.36"
93.162.98.150 - - [02/Nov/2023:22:59:01 +0000] "POST /wp-admin/admin-ajax.php HTTP/1.1" 404 1025 "https://talmedos.com/wp-admin/edit.php?post_type=page" "Mozilla/5.0 (Macintosh; Intel Mac OS X 10_15_7) AppleWebKit/537.36 (KHTML, like Gecko) Chrome/118.0.0.0 Safari/537.36"
192.0.102.40 - - [02/Nov/2023:22:59:28 +0000] "HEAD / HTTP/1.1" 200 3836 "-" "jetmon/1.0 (Jetpack Site Uptime Monitor by WordPress.com)"
93.162.98.150 - - [02/Nov/2023:23:00:41 +0000] "POST /wp-admin/admin-ajax.php HTTP/1.1" 404 1025 "https://talmedos.com/wp-admin/edit.php?post_type=page" "Mozilla/5.0 (Macintosh; Intel Mac OS X 10_15_7) AppleWebKit/537.36 (KHTML, like Gecko) Chrome/118.0.0.0 Safari/537.36"
93.162.98.150 - - [02/Nov/2023:23:00:45 +0000] "POST /wp-admin/admin-ajax.php HTTP/1.1" 404 513 "https://talmedos.com/wp-admin/post-new.php?post_type=page" "Mozilla/5.0 (Macintosh; Intel Mac OS X 10_15_7) AppleWebKit/537.36 (KHTML, like Gecko) Chrome/118.0.0.0 Safari/537.36"
93.162.98.150 - - [02/Nov/2023:23:00:57 +0000] "POST /wp-admin/admin-ajax.php HTTP/1.1" 404 1025 "https://talmedos.com/wp-admin/edit.php?post_type=page" "Mozilla/5.0 (Macintosh; Intel Mac OS X 10_15_7) AppleWebKit/537.36 (KHTML, like Gecko) Chrome/118.0.0.0 Safari/537.36"
93.162.98.150 - - [02/Nov/2023:23:01:45 +0000] "POST /wp-admin/admin-ajax.php HTTP/1.1" 404 1025 "https://talmedos.com/wp-admin/post-new.php?post_type=page" "Mozilla/5.0 (Macintosh; Intel Mac OS X 10_15_7) AppleWebKit/537.36 (KHTML, like Gecko) Chrome/118.0.0.0 Safari/537.36"
93.162.98.150 - - [02/Nov/2023:23:02:05 +0000] "POST /wp-admin/admin-ajax.php HTTP/1.1" 404 1025 "https://talmedos.com/wp-admin/edit.php?post_type=page" "Mozilla/5.0 (Macintosh; Intel Mac OS X 10_15_7) AppleWebKit/537.36 (KHTML, like Gecko) Chrome/118.0.0.0 Safari/537.36"
93.162.98.150 - - [02/Nov/2023:23:02:21 +0000] "POST /wp-admin/admin-ajax.php HTTP/1.1" 404 1025 "https://talmedos.com/wp-admin/edit.php?post_type=page" "Mozilla/5.0 (Macintosh; Intel Mac OS X 10_15_7) AppleWebKit/537.36 (KHTML, like Gecko) Chrome/118.0.0.0 Safari/537.36"
93.162.98.150 - - [02/Nov/2023:23:03:45 +0000] "POST /wp-admin/admin-ajax.php HTTP/1.1" 404 1025 "https://talmedos.com/wp-admin/post-new.php?post_type=page" "Mozilla/5.0 (Macintosh; Intel Mac OS X 10_15_7) AppleWebKit/537.36 (KHTML, like Gecko) Chrome/118.0.0.0 Safari/537.36"
93.162.98.150 - - [02/Nov/2023:23:04:21 +0000] "POST /wp-admin/admin-ajax.php HTTP/1.1" 404 1025 "https://talmedos.com/wp-admin/edit.php?post_type=page" "Mozilla/5.0 (Macintosh; Intel Mac OS X 10_15_7) AppleWebKit/537.36 (KHTML, like Gecko) Chrome/118.0.0.0 Safari/537.36"
192.0.102.40 - - [02/Nov/2023:23:04:27 +0000] "HEAD / HTTP/1.1" 200 3836 "-" "jetmon/1.0 (Jetpack Site Uptime Monitor by WordPress.com)"
93.162.98.150 - - [02/Nov/2023:23:05:22 +0000] "POST /wp-admin/admin-ajax.php HTTP/1.1" 404 1025 "https://talmedos.com/wp-admin/edit.php?post_type=page" "Mozilla/5.0 (Macintosh; Intel Mac OS X 10_15_7) AppleWebKit/537.36 (KHTML, like Gecko) Chrome/118.0.0.0 Safari/537.36"
93.162.98.150 - - [02/Nov/2023:23:05:37 +0000] "POST /wp-admin/admin-ajax.php HTTP/1.1" 404 1025 "https://talmedos.com/wp-admin/edit.php?post_type=page" "Mozilla/5.0 (Macintosh; Intel Mac OS X 10_15_7) AppleWebKit/537.36 (KHTML, like Gecko) Chrome/118.0.0.0 Safari/537.36"
93.162.98.150 - - [02/Nov/2023:23:05:46 +0000] "POST /wp-admin/admin-ajax.php HTTP/1.1" 404 1025 "https://talmedos.com/wp-admin/post-new.php?post_type=page" "Mozilla/5.0 (Macintosh; Intel Mac OS X 10_15_7) AppleWebKit/537.36 (KHTML, like Gecko) Chrome/118.0.0.0 Safari/537.36"
93.162.98.150 - - [02/Nov/2023:23:07:37 +0000] "POST /wp-admin/admin-ajax.php HTTP/1.1" 404 1025 "https://talmedos.com/wp-admin/edit.php?post_type=page" "Mozilla/5.0 (Macintosh; Intel Mac OS X 10_15_7) AppleWebKit/537.36 (KHTML, like Gecko) Chrome/118.0.0.0 Safari/537.36"
93.162.98.150 - - [02/Nov/2023:23:07:47 +0000] "POST /wp-admin/admin-ajax.php HTTP/1.1" 404 1025 "https://talmedos.com/wp-admin/post-new.php?post_type=page" "Mozilla/5.0 (Macintosh; Intel Mac OS X 10_15_7) AppleWebKit/537.36 (KHTML, like Gecko) Chrome/118.0.0.0 Safari/537.36"
93.162.98.150 - - [02/Nov/2023:23:07:58 +0000] "POST /wp-admin/admin-ajax.php HTTP/1.1" 404 1025 "https://talmedos.com/wp-admin/edit.php?post_type=page" "Mozilla/5.0 (Macintosh; Intel Mac OS X 10_15_7) AppleWebKit/537.36 (KHTML, like Gecko) Chrome/118.0.0.0 Safari/537.36"
93.162.98.150 - - [02/Nov/2023:23:08:13 +0000] "POST /wp-admin/admin-ajax.php HTTP/1.1" 404 1025 "https://talmedos.com/wp-admin/edit.php?post_type=page" "Mozilla/5.0 (Macintosh; Intel Mac OS X 10_15_7) AppleWebKit/537.36 (KHTML, like Gecko) Chrome/118.0.0.0 Safari/537.36"
192.0.102.40 - - [02/Nov/2023:23:09:27 +0000] "HEAD / HTTP/1.1" 200 3836 "-" "jetmon/1.0 (Jetpack Site Uptime Monitor by WordPress.com)"
93.162.98.150 - - [02/Nov/2023:23:09:48 +0000] "POST /wp-admin/admin-ajax.php HTTP/1.1" 404 1025 "https://talmedos.com/wp-admin/post-new.php?post_type=page" "Mozilla/5.0 (Macintosh; Intel Mac OS X 10_15_7) AppleWebKit/537.36 (KHTML, like Gecko) Chrome/118.0.0.0 Safari/537.36"
93.162.98.150 - - [02/Nov/2023:23:10:13 +0000] "POST /wp-admin/admin-ajax.php HTTP/1.1" 404 1025 "https://talmedos.com/wp-admin/edit.php?post_type=page" "Mozilla/5.0 (Macintosh; Intel Mac OS X 10_15_7) AppleWebKit/537.36 (KHTML, like Gecko) Chrome/118.0.0.0 Safari/537.36"
93.162.98.150 - - [02/Nov/2023:23:10:48 +0000] "POST /wp-admin/admin-ajax.php HTTP/1.1" 404 1025 "https://talmedos.com/wp-admin/post-new.php?post_type=page" "Mozilla/5.0 (Macintosh; Intel Mac OS X 10_15_7) AppleWebKit/537.36 (KHTML, like Gecko) Chrome/118.0.0.0 Safari/537.36"
93.162.98.150 - - [02/Nov/2023:23:11:36 +0000] "POST /wp-admin/admin-ajax.php HTTP/1.1" 404 1025 "https://talmedos.com/wp-admin/edit.php?post_type=page" "Mozilla/5.0 (Macintosh; Intel Mac OS X 10_15_7) AppleWebKit/537.36 (KHTML, like Gecko) Chrome/118.0.0.0 Safari/537.36"
93.162.98.150 - - [02/Nov/2023:23:11:51 +0000] "POST /wp-admin/admin-ajax.php HTTP/1.1" 404 1025 "https://talmedos.com/wp-admin/edit.php?post_type=page" "Mozilla/5.0 (Macintosh; Intel Mac OS X 10_15_7) AppleWebKit/537.36 (KHTML, like Gecko) Chrome/118.0.0.0 Safari/537.36"
93.162.98.150 - - [02/Nov/2023:23:12:08 +0000] "POST /wp-admin/admin-ajax.php HTTP/1.1" 404 1025 "https://talmedos.com/wp-admin/post-new.php?post_type=page" "Mozilla/5.0 (Macintosh; Intel Mac OS X 10_15_7) AppleWebKit/537.36 (KHTML, like Gecko) Chrome/118.0.0.0 Safari/537.36"
59.127.203.68 - - [02/Nov/2023:23:12:33 +0000] "GET / HTTP/1.0" 200 22613 "-" "-"
93.162.98.150 - - [02/Nov/2023:23:13:08 +0000] "POST /wp-admin/admin-ajax.php HTTP/1.1" 404 1025 "https://talmedos.com/wp-admin/post-new.php?post_type=page" "Mozilla/5.0 (Macintosh; Intel Mac OS X 10_15_7) AppleWebKit/537.36 (KHTML, like Gecko) Chrome/118.0.0.0 Safari/537.36"
82.32.235.216 - - [02/Nov/2023:23:13:18 +0000] "GET //wp-config.cs HTTP/1.1" 404 4096 "-" "Mozilla/5.0 (X11; Ubuntu; Linux x86_64; rv:62.0) Gecko/20100101 Firefox/62.0"
93.162.98.150 - - [02/Nov/2023:23:13:51 +0000] "POST /wp-admin/admin-ajax.php HTTP/1.1" 404 1025 "https://talmedos.com/wp-admin/edit.php?post_type=page" "Mozilla/5.0 (Macintosh; Intel Mac OS X 10_15_7) AppleWebKit/537.36 (KHTML, like Gecko) Chrome/118.0.0.0 Safari/537.36"
93.162.98.150 - - [02/Nov/2023:23:14:08 +0000] "POST /wp-admin/admin-ajax.php HTTP/1.1" 404 1025 "https://talmedos.com/wp-admin/post-new.php?post_type=page" "Mozilla/5.0 (Macintosh; Intel Mac OS X 10_15_7) AppleWebKit/537.36 (KHTML, like Gecko) Chrome/118.0.0.0 Safari/537.36"
192.0.102.40 - - [02/Nov/2023:23:14:28 +0000] "HEAD / HTTP/1.1" 200 3836 "-" "jetmon/1.0 (Jetpack Site Uptime Monitor by WordPress.com)"
93.162.98.150 - - [02/Nov/2023:23:15:51 +0000] "POST /wp-admin/admin-ajax.php HTTP/1.1" 404 1025 "https://talmedos.com/wp-admin/edit.php?post_type=page" "Mozilla/5.0 (Macintosh; Intel Mac OS X 10_15_7) AppleWebKit/537.36 (KHTML, like Gecko) Chrome/118.0.0.0 Safari/537.36"
93.162.98.150 - - [02/Nov/2023:23:16:09 +0000] "POST /wp-admin/admin-ajax.php HTTP/1.1" 404 1025 "https://talmedos.com/wp-admin/post-new.php?post_type=page" "Mozilla/5.0 (Macintosh; Intel Mac OS X 10_15_7) AppleWebKit/537.36 (KHTML, like Gecko) Chrome/118.0.0.0 Safari/537.36"
93.162.98.150 - - [02/Nov/2023:23:17:09 +0000] "POST /wp-admin/admin-ajax.php HTTP/1.1" 404 4180 "https://talmedos.com/wp-admin/post-new.php?post_type=page" "Mozilla/5.0 (Macintosh; Intel Mac OS X 10_15_7) AppleWebKit/537.36 (KHTML, like Gecko) Chrome/118.0.0.0 Safari/537.36"
93.162.98.150 - - [02/Nov/2023:23:17:19 +0000] "POST /wp-admin/admin-ajax.php HTTP/1.1" 404 1025 "https://talmedos.com/wp-admin/edit.php?post_type=page" "Mozilla/5.0 (Macintosh; Intel Mac OS X 10_15_7) AppleWebKit/537.36 (KHTML, like Gecko) Chrome/118.0.0.0 Safari/537.36"
93.162.98.150 - - [02/Nov/2023:23:17:34 +0000] "POST /wp-admin/admin-ajax.php HTTP/1.1" 404 1025 "https://talmedos.com/wp-admin/edit.php?post_type=page" "Mozilla/5.0 (Macintosh; Intel Mac OS X 10_15_7) AppleWebKit/537.36 (KHTML, like Gecko) Chrome/118.0.0.0 Safari/537.36"
93.162.98.150 - - [02/Nov/2023:23:18:34 +0000] "POST /wp-admin/admin-ajax.php HTTP/1.1" 404 1025 "https://talmedos.com/wp-admin/edit.php?post_type=page" "Mozilla/5.0 (Macintosh; Intel Mac OS X 10_15_7) AppleWebKit/537.36 (KHTML, like Gecko) Chrome/118.0.0.0 Safari/537.36"
93.162.98.150 - - [02/Nov/2023:23:18:49 +0000] "POST /wp-admin/admin-ajax.php HTTP/1.1" 404 1025 "https://talmedos.com/wp-admin/edit.php?post_type=page" "Mozilla/5.0 (Macintosh; Intel Mac OS X 10_15_7) AppleWebKit/537.36 (KHTML, like Gecko) Chrome/118.0.0.0 Safari/537.36"
93.162.98.150 - - [02/Nov/2023:23:19:08 +0000] "POST /wp-admin/admin-ajax.php HTTP/1.1" 404 1025 "https://talmedos.com/wp-admin/edit.php?post_type=page" "Mozilla/5.0 (Macintosh; Intel Mac OS X 10_15_7) AppleWebKit/537.36 (KHTML, like Gecko) Chrome/118.0.0.0 Safari/537.36"
93.162.98.150 - - [02/Nov/2023:23:19:09 +0000] "POST /wp-admin/admin-ajax.php HTTP/1.1" 404 513 "https://talmedos.com/wp-admin/post-new.php?post_type=page" "Mozilla/5.0 (Macintosh; Intel Mac OS X 10_15_7) AppleWebKit/537.36 (KHTML, like Gecko) Chrome/118.0.0.0 Safari/537.36"
93.162.98.150 - - [02/Nov/2023:23:19:23 +0000] "POST /wp-admin/admin-ajax.php HTTP/1.1" 404 1025 "https://talmedos.com/wp-admin/edit.php?post_type=page" "Mozilla/5.0 (Macintosh; Intel Mac OS X 10_15_7) AppleWebKit/537.36 (KHTML, like Gecko) Chrome/118.0.0.0 Safari/537.36"
192.0.102.40 - - [02/Nov/2023:23:19:27 +0000] "HEAD / HTTP/1.1" 200 3836 "-" "jetmon/1.0 (Jetpack Site Uptime Monitor by WordPress.com)"
93.162.98.150 - - [02/Nov/2023:23:19:38 +0000] "POST /wp-admin/admin-ajax.php HTTP/1.1" 404 1025 "https://talmedos.com/wp-admin/edit.php?post_type=page" "Mozilla/5.0 (Macintosh; Intel Mac OS X 10_15_7) AppleWebKit/537.36 (KHTML, like Gecko) Chrome/118.0.0.0 Safari/537.36"
93.162.98.150 - - [02/Nov/2023:23:20:41 +0000] "POST /wp-admin/admin-ajax.php HTTP/1.1" 404 1025 "https://talmedos.com/wp-admin/edit.php?post_type=page" "Mozilla/5.0 (Macintosh; Intel Mac OS X 10_15_7) AppleWebKit/537.36 (KHTML, like Gecko) Chrome/118.0.0.0 Safari/537.36"
93.162.98.150 - - [02/Nov/2023:23:20:56 +0000] "POST /wp-admin/admin-ajax.php HTTP/1.1" 404 1025 "https://talmedos.com/wp-admin/edit.php?post_type=page" "Mozilla/5.0 (Macintosh; Intel Mac OS X 10_15_7) AppleWebKit/537.36 (KHTML, like Gecko) Chrome/118.0.0.0 Safari/537.36"
93.162.98.150 - - [02/Nov/2023:23:21:09 +0000] "POST /wp-admin/admin-ajax.php HTTP/1.1" 404 1025 "https://talmedos.com/wp-admin/post-new.php?post_type=page" "Mozilla/5.0 (Macintosh; Intel Mac OS X 10_15_7) AppleWebKit/537.36 (KHTML, like Gecko) Chrome/118.0.0.0 Safari/537.36"
169.150.201.20 - - [02/Nov/2023:23:21:41 +0000] "GET /.git/config HTTP/1.1" 404 4081 "-" "Mozilla/5.0 (Windows NT 10.0; Win64; x64) AppleWebKit/537.36 (KHTML, like Gecko) Chrome/42.0.2311.135 Safari/537.36 Edge/12.246"
93.162.98.150 - - [02/Nov/2023:23:21:52 +0000] "POST /wp-admin/admin-ajax.php HTTP/1.1" 404 1025 "https://talmedos.com/wp-admin/edit.php?post_type=page" "Mozilla/5.0 (Macintosh; Intel Mac OS X 10_15_7) AppleWebKit/537.36 (KHTML, like Gecko) Chrome/118.0.0.0 Safari/537.36"
169.150.201.20 - - [02/Nov/2023:23:22:02 +0000] "GET /.git/config HTTP/1.1" 404 4077 "-" "Mozilla/5.0 (Windows NT 10.0; Win64; x64) AppleWebKit/537.36 (KHTML, like Gecko) Chrome/42.0.2311.135 Safari/537.36 Edge/12.246"
93.162.98.150 - - [02/Nov/2023:23:22:07 +0000] "POST /wp-admin/admin-ajax.php HTTP/1.1" 404 1025 "https://talmedos.com/wp-admin/edit.php?post_type=page" "Mozilla/5.0 (Macintosh; Intel Mac OS X 10_15_7) AppleWebKit/537.36 (KHTML, like Gecko) Chrome/118.0.0.0 Safari/537.36"
64.41.200.108 - - [02/Nov/2023:23:22:09 +0000] "GET / HTTP/1.1" 200 3400 "-" "Mozilla/5.0 (X11; Linux x86_64; rv:45.0) Gecko/20100101 Firefox/45.0"
93.162.98.150 - - [02/Nov/2023:23:22:10 +0000] "HEAD / HTTP/1.1" 200 3872 "-" "Mozilla/5.0 (Macintosh; Intel Mac OS X 10_15_7) AppleWebKit/537.36 (KHTML, like Gecko) Chrome/118.0.0.0 Safari/537.36"
93.162.98.150 - - [02/Nov/2023:23:22:10 +0000] "GET / HTTP/1.1" 200 434 "-" "Mozilla/5.0 (Macintosh; Intel Mac OS X 10_15_7) AppleWebKit/537.36 (KHTML, like Gecko) Chrome/118.0.0.0 Safari/537.36"
64.41.200.108 - - [02/Nov/2023:23:22:12 +0000] "GET /?SSL_Labs_Renegotiation_Test=User_Agent_May_Not_Show HTTP/1.0" 400 3142 "-" "-"
93.162.98.150 - - [02/Nov/2023:23:22:25 +0000] "POST /wp-admin/admin-ajax.php HTTP/1.1" 404 1025 "https://talmedos.com/wp-admin/edit.php?post_type=page" "Mozilla/5.0 (Macintosh; Intel Mac OS X 10_15_7) AppleWebKit/537.36 (KHTML, like Gecko) Chrome/118.0.0.0 Safari/537.36"
93.162.98.150 - - [02/Nov/2023:23:22:40 +0000] "POST /wp-admin/admin-ajax.php HTTP/1.1" 404 1025 "https://talmedos.com/wp-admin/edit.php?post_type=page" "Mozilla/5.0 (Macintosh; Intel Mac OS X 10_15_7) AppleWebKit/537.36 (KHTML, like Gecko) Chrome/118.0.0.0 Safari/537.36"
93.162.98.150 - - [02/Nov/2023:23:23:06 +0000] "POST /wp-admin/admin-ajax.php HTTP/1.1" 404 1025 "https://talmedos.com/wp-admin/post-new.php?post_type=page" "Mozilla/5.0 (Macintosh; Intel Mac OS X 10_15_7) AppleWebKit/537.36 (KHTML, like Gecko) Chrome/118.0.0.0 Safari/537.36"
31.190.167.168 - - [02/Nov/2023:23:23:44 +0000] "GET //wp-config.csproj HTTP/1.1" 404 4096 "-" "Mozilla/5.0 (X11; Ubuntu; Linux x86_64; rv:62.0) Gecko/20100101 Firefox/62.0"
93.162.98.150 - - [02/Nov/2023:23:23:49 +0000] "POST /wp-admin/admin-ajax.php HTTP/1.1" 404 1025 "https://talmedos.com/wp-admin/edit.php?post_type=page" "Mozilla/5.0 (Macintosh; Intel Mac OS X 10_15_7) AppleWebKit/537.36 (KHTML, like Gecko) Chrome/118.0.0.0 Safari/537.36"
93.162.98.150 - - [02/Nov/2023:23:24:04 +0000] "POST /wp-admin/admin-ajax.php HTTP/1.1" 404 4180 "https://talmedos.com/wp-admin/edit.php?post_type=page" "Mozilla/5.0 (Macintosh; Intel Mac OS X 10_15_7) AppleWebKit/537.36 (KHTML, like Gecko) Chrome/118.0.0.0 Safari/537.36"
93.162.98.150 - - [02/Nov/2023:23:24:06 +0000] "POST /wp-admin/admin-ajax.php HTTP/1.1" 404 513 "https://talmedos.com/wp-admin/post-new.php?post_type=page" "Mozilla/5.0 (Macintosh; Intel Mac OS X 10_15_7) AppleWebKit/537.36 (KHTML, like Gecko) Chrome/118.0.0.0 Safari/537.36"
192.0.102.40 - - [02/Nov/2023:23:24:27 +0000] "HEAD / HTTP/1.1" 200 3836 "-" "jetmon/1.0 (Jetpack Site Uptime Monitor by WordPress.com)"
93.162.98.150 - - [02/Nov/2023:23:25:06 +0000] "POST /wp-admin/admin-ajax.php HTTP/1.1" 404 1025 "https://talmedos.com/wp-admin/post-new.php?post_type=page" "Mozilla/5.0 (Macintosh; Intel Mac OS X 10_15_7) AppleWebKit/537.36 (KHTML, like Gecko) Chrome/118.0.0.0 Safari/537.36"
93.162.98.150 - - [02/Nov/2023:23:26:04 +0000] "POST /wp-admin/admin-ajax.php HTTP/1.1" 404 1025 "https://talmedos.com/wp-admin/edit.php?post_type=page" "Mozilla/5.0 (Macintosh; Intel Mac OS X 10_15_7) AppleWebKit/537.36 (KHTML, like Gecko) Chrome/118.0.0.0 Safari/537.36"
93.162.98.150 - - [02/Nov/2023:23:26:32 +0000] "HEAD / HTTP/1.1" 200 3872 "-" "Mozilla/5.0 (Macintosh; Intel Mac OS X 10_15_7) AppleWebKit/537.36 (KHTML, like Gecko) Chrome/118.0.0.0 Safari/537.36"
93.162.98.150 - - [02/Nov/2023:23:26:32 +0000] "GET / HTTP/1.1" 200 4101 "-" "Mozilla/5.0 (Macintosh; Intel Mac OS X 10_15_7) AppleWebKit/537.36 (KHTML, like Gecko) Chrome/118.0.0.0 Safari/537.36"
93.162.98.150 - - [02/Nov/2023:23:26:35 +0000] "POST /wp-admin/admin-ajax.php HTTP/1.1" 404 513 "https://talmedos.com/wp-admin/post-new.php?post_type=page" "Mozilla/5.0 (Macintosh; Intel Mac OS X 10_15_7) AppleWebKit/537.36 (KHTML, like Gecko) Chrome/118.0.0.0 Safari/537.36"
93.162.98.150 - - [02/Nov/2023:23:26:36 +0000] "POST /wp-admin/admin-ajax.php HTTP/1.1" 404 513 "https://talmedos.com/wp-admin/edit.php?post_type=page" "Mozilla/5.0 (Macintosh; Intel Mac OS X 10_15_7) AppleWebKit/537.36 (KHTML, like Gecko) Chrome/118.0.0.0 Safari/537.36"
93.162.98.150 - - [02/Nov/2023:23:26:51 +0000] "POST /wp-admin/admin-ajax.php HTTP/1.1" 404 1025 "https://talmedos.com/wp-admin/edit.php?post_type=page" "Mozilla/5.0 (Macintosh; Intel Mac OS X 10_15_7) AppleWebKit/537.36 (KHTML, like Gecko) Chrome/118.0.0.0 Safari/537.36"
93.162.98.150 - - [02/Nov/2023:23:27:36 +0000] "POST /wp-admin/admin-ajax.php HTTP/1.1" 404 1025 "https://talmedos.com/wp-admin/post-new.php?post_type=page" "Mozilla/5.0 (Macintosh; Intel Mac OS X 10_15_7) AppleWebKit/537.36 (KHTML, like Gecko) Chrome/118.0.0.0 Safari/537.36"
46.101.144.32 - - [02/Nov/2023:23:28:03 +0000] "POST /wp-cron.php?doing_wp_cron=1698967683.2105109691619873046875 HTTP/1.1" 200 3995 "-" "WordPress/6.3.2; https://talmedos.com"
93.162.98.150 - - [02/Nov/2023:23:28:02 +0000] "GET / HTTP/1.1" 200 12001 "-" "Mozilla/5.0 (Macintosh; Intel Mac OS X 10_15_7) AppleWebKit/537.36 (KHTML, like Gecko) Chrome/118.0.0.0 Safari/537.36"
93.162.98.150 - - [02/Nov/2023:23:28:03 +0000] "GET /wp-includes/css/dashicons.min.css?ver=6.3.2 HTTP/1.1" 200 36222 "https://talmedos.com/" "Mozilla/5.0 (Macintosh; Intel Mac OS X 10_15_7) AppleWebKit/537.36 (KHTML, like Gecko) Chrome/118.0.0.0 Safari/537.36"
93.162.98.150 - - [02/Nov/2023:23:28:03 +0000] "GET /wp-includes/css/admin-bar.min.css?ver=6.3.2 HTTP/1.1" 200 4746 "https://talmedos.com/" "Mozilla/5.0 (Macintosh; Intel Mac OS X 10_15_7) AppleWebKit/537.36 (KHTML, like Gecko) Chrome/118.0.0.0 Safari/537.36"
93.162.98.150 - - [02/Nov/2023:23:28:03 +0000] "GET /wp-includes/css/dist/block-library/style.min.css?ver=6.3.2 HTTP/1.1" 200 14268 "https://talmedos.com/" "Mozilla/5.0 (Macintosh; Intel Mac OS X 10_15_7) AppleWebKit/537.36 (KHTML, like Gecko) Chrome/118.0.0.0 Safari/537.36"
93.162.98.150 - - [02/Nov/2023:23:28:03 +0000] "GET /wp-content/plugins/jetpack/css/jetpack.css?ver=12.6.2 HTTP/1.1" 200 19275 "https://talmedos.com/" "Mozilla/5.0 (Macintosh; Intel Mac OS X 10_15_7) AppleWebKit/537.36 (KHTML, like Gecko) Chrome/118.0.0.0 Safari/537.36"
93.162.98.150 - - [02/Nov/2023:23:28:03 +0000] "GET /wp-includes/js/mediaelement/mediaelementplayer-legacy.min.css?ver=4.2.17 HTTP/1.1" 200 6662 "https://talmedos.com/" "Mozilla/5.0 (Macintosh; Intel Mac OS X 10_15_7) AppleWebKit/537.36 (KHTML, like Gecko) Chrome/118.0.0.0 Safari/537.36"
93.162.98.150 - - [02/Nov/2023:23:28:03 +0000] "GET /wp-content/themes/naked-wordpress/style.css?ver=6.3.2 HTTP/1.1" 200 7965 "https://talmedos.com/" "Mozilla/5.0 (Macintosh; Intel Mac OS X 10_15_7) AppleWebKit/537.36 (KHTML, like Gecko) Chrome/118.0.0.0 Safari/537.36"
93.162.98.150 - - [02/Nov/2023:23:28:03 +0000] "GET /wp-includes/js/mediaelement/wp-mediaelement.min.css?ver=6.3.2 HTTP/1.1" 200 5182 "https://talmedos.com/" "Mozilla/5.0 (Macintosh; Intel Mac OS X 10_15_7) AppleWebKit/537.36 (KHTML, like Gecko) Chrome/118.0.0.0 Safari/537.36"
93.162.98.150 - - [02/Nov/2023:23:28:03 +0000] "GET /wp-includes/js/jquery/jquery-migrate.min.js?ver=3.4.1 HTTP/1.1" 200 5289 "https://talmedos.com/" "Mozilla/5.0 (Macintosh; Intel Mac OS X 10_15_7) AppleWebKit/537.36 (KHTML, like Gecko) Chrome/118.0.0.0 Safari/537.36"
93.162.98.150 - - [02/Nov/2023:23:28:03 +0000] "GET /wp-includes/js/jquery/jquery.min.js?ver=3.7.0 HTTP/1.1" 200 30828 "https://talmedos.com/" "Mozilla/5.0 (Macintosh; Intel Mac OS X 10_15_7) AppleWebKit/537.36 (KHTML, like Gecko) Chrome/118.0.0.0 Safari/537.36"
93.162.98.150 - - [02/Nov/2023:23:28:03 +0000] "GET /wp-includes/js/hoverintent-js.min.js?ver=2.2.1 HTTP/1.1" 200 1089 "https://talmedos.com/" "Mozilla/5.0 (Macintosh; Intel Mac OS X 10_15_7) AppleWebKit/537.36 (KHTML, like Gecko) Chrome/118.0.0.0 Safari/537.36"
93.162.98.150 - - [02/Nov/2023:23:28:03 +0000] "GET /wp-content/themes/naked-wordpress/js/jquery.fitvids.js?ver=1 HTTP/1.1" 200 1484 "https://talmedos.com/" "Mozilla/5.0 (Macintosh; Intel Mac OS X 10_15_7) AppleWebKit/537.36 (KHTML, like Gecko) Chrome/118.0.0.0 Safari/537.36"
93.162.98.150 - - [02/Nov/2023:23:28:03 +0000] "GET /wp-includes/js/admin-bar.min.js?ver=6.3.2 HTTP/1.1" 200 1768 "https://talmedos.com/" "Mozilla/5.0 (Macintosh; Intel Mac OS X 10_15_7) AppleWebKit/537.36 (KHTML, like Gecko) Chrome/118.0.0.0 Safari/537.36"
93.162.98.150 - - [02/Nov/2023:23:28:03 +0000] "GET /wp-content/themes/naked-wordpress/js/theme.min.js?ver=1 HTTP/1.1" 200 507 "https://talmedos.com/" "Mozilla/5.0 (Macintosh; Intel Mac OS X 10_15_7) AppleWebKit/537.36 (KHTML, like Gecko) Chrome/118.0.0.0 Safari/537.36"
93.162.98.150 - - [02/Nov/2023:23:28:03 +0000] "GET /wp-content/themes/naked-wordpress/styles/boots-bones.css HTTP/1.1" 200 3586 "https://talmedos.com/wp-content/themes/naked-wordpress/style.css?ver=6.3.2" "Mozilla/5.0 (Macintosh; Intel Mac OS X 10_15_7) AppleWebKit/537.36 (KHTML, like Gecko) Chrome/118.0.0.0 Safari/537.36"
93.162.98.150 - - [02/Nov/2023:23:28:03 +0000] "GET /wp-content/plugins/jetpack/_inc/build/scan/admin-bar-notice.min.js?ver=1 HTTP/1.1" 200 807 "https://talmedos.com/" "Mozilla/5.0 (Macintosh; Intel Mac OS X 10_15_7) AppleWebKit/537.36 (KHTML, like Gecko) Chrome/118.0.0.0 Safari/537.36"
93.162.98.150 - - [02/Nov/2023:23:28:03 +0000] "GET /wp-admin/admin.php?page=stats&noheader&proxy&chart=admin-bar-hours-scale HTTP/1.1" 200 694 "https://talmedos.com/" "Mozilla/5.0 (Macintosh; Intel Mac OS X 10_15_7) AppleWebKit/537.36 (KHTML, like Gecko) Chrome/118.0.0.0 Safari/537.36"
93.162.98.150 - - [02/Nov/2023:23:28:03 +0000] "GET /index.php?rest_route=/jetpack/v4/scan HTTP/1.1" 200 861 "https://talmedos.com/" "Mozilla/5.0 (Macintosh; Intel Mac OS X 10_15_7) AppleWebKit/537.36 (KHTML, like Gecko) Chrome/118.0.0.0 Safari/537.36"
46.101.144.32 - - [02/Nov/2023:23:28:36 +0000] "POST /wp-cron.php?doing_wp_cron=1698967716.5753560066223144531250 HTTP/1.1" 200 3995 "-" "WordPress/6.3.2; https://talmedos.com"
93.162.98.150 - - [02/Nov/2023:23:28:36 +0000] "POST /wp-admin/admin-ajax.php HTTP/1.1" 200 1180 "https://talmedos.com/wp-admin/post-new.php?post_type=page" "Mozilla/5.0 (Macintosh; Intel Mac OS X 10_15_7) AppleWebKit/537.36 (KHTML, like Gecko) Chrome/118.0.0.0 Safari/537.36"
93.162.98.150 - - [02/Nov/2023:23:28:51 +0000] "POST /wp-admin/admin-ajax.php HTTP/1.1" 200 1129 "https://talmedos.com/wp-admin/edit.php?post_type=page" "Mozilla/5.0 (Macintosh; Intel Mac OS X 10_15_7) AppleWebKit/537.36 (KHTML, like Gecko) Chrome/118.0.0.0 Safari/537.36"
192.0.102.40 - - [02/Nov/2023:23:29:28 +0000] "HEAD / HTTP/1.1" 200 3915 "-" "jetmon/1.0 (Jetpack Site Uptime Monitor by WordPress.com)"
93.162.98.150 - - [02/Nov/2023:23:30:36 +0000] "POST /wp-admin/admin-ajax.php HTTP/1.1" 200 1180 "https://talmedos.com/wp-admin/post-new.php?post_type=page" "Mozilla/5.0 (Macintosh; Intel Mac OS X 10_15_7) AppleWebKit/537.36 (KHTML, like Gecko) Chrome/118.0.0.0 Safari/537.36"
93.162.98.150 - - [02/Nov/2023:23:30:51 +0000] "POST /wp-admin/admin-ajax.php HTTP/1.1" 200 1129 "https://talmedos.com/wp-admin/edit.php?post_type=page" "Mozilla/5.0 (Macintosh; Intel Mac OS X 10_15_7) AppleWebKit/537.36 (KHTML, like Gecko) Chrome/118.0.0.0 Safari/537.36"
93.162.98.150 - - [02/Nov/2023:23:31:32 +0000] "HEAD / HTTP/1.1" 200 3872 "-" "Mozilla/5.0 (Macintosh; Intel Mac OS X 10_15_7) AppleWebKit/537.36 (KHTML, like Gecko) Chrome/118.0.0.0 Safari/537.36"
93.162.98.150 - - [02/Nov/2023:23:31:32 +0000] "GET / HTTP/1.1" 200 4101 "-" "Mozilla/5.0 (Macintosh; Intel Mac OS X 10_15_7) AppleWebKit/537.36 (KHTML, like Gecko) Chrome/118.0.0.0 Safari/537.36"
199.249.230.172 - - [02/Nov/2023:23:31:35 +0000] "GET / HTTP/1.1" 200 4149 "https://www.google.com/" "Mozilla/5.0 (Windows NT 10.0; rv:109.0) Gecko/20100101 Firefox/115.0"
93.162.98.150 - - [02/Nov/2023:23:31:51 +0000] "POST /wp-admin/admin-ajax.php HTTP/1.1" 404 4180 "https://talmedos.com/wp-admin/edit.php?post_type=page" "Mozilla/5.0 (Macintosh; Intel Mac OS X 10_15_7) AppleWebKit/537.36 (KHTML, like Gecko) Chrome/118.0.0.0 Safari/537.36"
93.162.98.150 - - [02/Nov/2023:23:31:59 +0000] "HEAD / HTTP/1.1" 200 3872 "-" "Mozilla/5.0 (Macintosh; Intel Mac OS X 10_15_7) AppleWebKit/537.36 (KHTML, like Gecko) Chrome/118.0.0.0 Safari/537.36"
93.162.98.150 - - [02/Nov/2023:23:31:59 +0000] "GET / HTTP/1.1" 200 946 "-" "Mozilla/5.0 (Macintosh; Intel Mac OS X 10_15_7) AppleWebKit/537.36 (KHTML, like Gecko) Chrome/118.0.0.0 Safari/537.36"
93.162.98.150 - - [02/Nov/2023:23:32:06 +0000] "POST /wp-admin/admin-ajax.php HTTP/1.1" 404 1025 "https://talmedos.com/wp-admin/edit.php?post_type=page" "Mozilla/5.0 (Macintosh; Intel Mac OS X 10_15_7) AppleWebKit/537.36 (KHTML, like Gecko) Chrome/118.0.0.0 Safari/537.36"
93.162.98.150 - - [02/Nov/2023:23:32:25 +0000] "POST /wp-admin/admin-ajax.php HTTP/1.1" 404 1025 "https://talmedos.com/wp-admin/edit.php?post_type=page" "Mozilla/5.0 (Macintosh; Intel Mac OS X 10_15_7) AppleWebKit/537.36 (KHTML, like Gecko) Chrome/118.0.0.0 Safari/537.36"
93.162.98.150 - - [02/Nov/2023:23:32:27 +0000] "GET /cgi-bin/form_handler.sh?name=&email= HTTP/1.1" 404 513 "https://talmedos.com/" "Mozilla/5.0 (Macintosh; Intel Mac OS X 10_15_7) AppleWebKit/537.36 (KHTML, like Gecko) Chrome/118.0.0.0 Safari/537.36"
93.162.98.150 - - [02/Nov/2023:23:32:36 +0000] "POST /wp-admin/admin-ajax.php HTTP/1.1" 404 1025 "https://talmedos.com/wp-admin/post-new.php?post_type=page" "Mozilla/5.0 (Macintosh; Intel Mac OS X 10_15_7) AppleWebKit/537.36 (KHTML, like Gecko) Chrome/118.0.0.0 Safari/537.36"
93.162.98.150 - - [02/Nov/2023:23:32:40 +0000] "POST /wp-admin/admin-ajax.php HTTP/1.1" 404 513 "https://talmedos.com/wp-admin/edit.php?post_type=page" "Mozilla/5.0 (Macintosh; Intel Mac OS X 10_15_7) AppleWebKit/537.36 (KHTML, like Gecko) Chrome/118.0.0.0 Safari/537.36"
47.90.254.226 - - [02/Nov/2023:23:32:43 +0000] "GET /dns-query?dns=m8gBAAABAAAAAAAABmdvb2dsZQNjb20AAAEAAQ HTTP/1.1" 404 4229 "-" "Chrome"
93.162.98.150 - - [02/Nov/2023:23:32:44 +0000] "GET / HTTP/1.1" 200 428 "-" "Mozilla/5.0 (Macintosh; Intel Mac OS X 10_15_7) AppleWebKit/537.36 (KHTML, like Gecko) Chrome/118.0.0.0 Safari/537.36"
93.162.98.150 - - [02/Nov/2023:23:32:46 +0000] "GET /cgi-bin/df.sh?name=&email= HTTP/1.1" 200 239 "https://talmedos.com/" "Mozilla/5.0 (Macintosh; Intel Mac OS X 10_15_7) AppleWebKit/537.36 (KHTML, like Gecko) Chrome/118.0.0.0 Safari/537.36"
93.162.98.150 - - [02/Nov/2023:23:33:08 +0000] "POST /wp-admin/admin-ajax.php HTTP/1.1" 404 1025 "https://talmedos.com/wp-admin/edit.php?post_type=page" "Mozilla/5.0 (Macintosh; Intel Mac OS X 10_15_7) AppleWebKit/537.36 (KHTML, like Gecko) Chrome/118.0.0.0 Safari/537.36"
93.162.98.150 - - [02/Nov/2023:23:33:11 +0000] "GET / HTTP/1.1" 200 443 "-" "Mozilla/5.0 (Macintosh; Intel Mac OS X 10_15_7) AppleWebKit/537.36 (KHTML, like Gecko) Chrome/118.0.0.0 Safari/537.36"
93.162.98.150 - - [02/Nov/2023:23:33:11 +0000] "GET /img/test.jpg HTTP/1.1" 404 513 "https://talmedos.com/" "Mozilla/5.0 (Macintosh; Intel Mac OS X 10_15_7) AppleWebKit/537.36 (KHTML, like Gecko) Chrome/118.0.0.0 Safari/537.36"
93.162.98.150 - - [02/Nov/2023:23:33:23 +0000] "POST /wp-admin/admin-ajax.php HTTP/1.1" 404 1025 "https://talmedos.com/wp-admin/edit.php?post_type=page" "Mozilla/5.0 (Macintosh; Intel Mac OS X 10_15_7) AppleWebKit/537.36 (KHTML, like Gecko) Chrome/118.0.0.0 Safari/537.36"
93.162.98.150 - - [02/Nov/2023:23:33:27 +0000] "GET / HTTP/1.1" 200 443 "-" "Mozilla/5.0 (Macintosh; Intel Mac OS X 10_15_7) AppleWebKit/537.36 (KHTML, like Gecko) Chrome/118.0.0.0 Safari/537.36"
93.162.98.150 - - [02/Nov/2023:23:33:27 +0000] "GET /img/test.jpg HTTP/1.1" 404 513 "https://talmedos.com/" "Mozilla/5.0 (Macintosh; Intel Mac OS X 10_15_7) AppleWebKit/537.36 (KHTML, like Gecko) Chrome/118.0.0.0 Safari/537.36"
93.162.98.150 - - [02/Nov/2023:23:33:38 +0000] "POST /wp-admin/admin-ajax.php HTTP/1.1" 404 1025 "https://talmedos.com/wp-admin/edit.php?post_type=page" "Mozilla/5.0 (Macintosh; Intel Mac OS X 10_15_7) AppleWebKit/537.36 (KHTML, like Gecko) Chrome/118.0.0.0 Safari/537.36"
93.162.98.150 - - [02/Nov/2023:23:34:23 +0000] "POST /wp-admin/admin-ajax.php HTTP/1.1" 404 1025 "https://talmedos.com/wp-admin/post-new.php?post_type=page" "Mozilla/5.0 (Macintosh; Intel Mac OS X 10_15_7) AppleWebKit/537.36 (KHTML, like Gecko) Chrome/118.0.0.0 Safari/537.36"
93.162.98.150 - - [02/Nov/2023:23:34:27 +0000] "GET /img/test.jpg HTTP/1.1" 404 513 "https://talmedos.com/" "Mozilla/5.0 (Macintosh; Intel Mac OS X 10_15_7) AppleWebKit/537.36 (KHTML, like Gecko) Chrome/118.0.0.0 Safari/537.36"
192.0.102.40 - - [02/Nov/2023:23:34:27 +0000] "HEAD / HTTP/1.1" 200 3836 "-" "jetmon/1.0 (Jetpack Site Uptime Monitor by WordPress.com)"
93.162.98.150 - - [02/Nov/2023:23:34:29 +0000] "POST /wp-admin/admin-ajax.php HTTP/1.1" 404 513 "https://talmedos.com/wp-admin/edit.php?post_type=page" "Mozilla/5.0 (Macintosh; Intel Mac OS X 10_15_7) AppleWebKit/537.36 (KHTML, like Gecko) Chrome/118.0.0.0 Safari/537.36"
93.162.98.150 - - [02/Nov/2023:23:34:37 +0000] "GET / HTTP/1.1" 200 955 "-" "Mozilla/5.0 (Macintosh; Intel Mac OS X 10_15_7) AppleWebKit/537.36 (KHTML, like Gecko) Chrome/118.0.0.0 Safari/537.36"
93.162.98.150 - - [02/Nov/2023:23:34:37 +0000] "GET /img/test.jpg HTTP/1.1" 200 111053 "https://talmedos.com/" "Mozilla/5.0 (Macintosh; Intel Mac OS X 10_15_7) AppleWebKit/537.36 (KHTML, like Gecko) Chrome/118.0.0.0 Safari/537.36"
93.162.98.150 - - [02/Nov/2023:23:34:44 +0000] "POST /wp-admin/admin-ajax.php HTTP/1.1" 404 1025 "https://talmedos.com/wp-admin/edit.php?post_type=page" "Mozilla/5.0 (Macintosh; Intel Mac OS X 10_15_7) AppleWebKit/537.36 (KHTML, like Gecko) Chrome/118.0.0.0 Safari/537.36"
93.162.98.150 - - [02/Nov/2023:23:35:23 +0000] "POST /wp-admin/admin-ajax.php HTTP/1.1" 404 1025 "https://talmedos.com/wp-admin/post-new.php?post_type=page" "Mozilla/5.0 (Macintosh; Intel Mac OS X 10_15_7) AppleWebKit/537.36 (KHTML, like Gecko) Chrome/118.0.0.0 Safari/537.36"
93.162.98.150 - - [02/Nov/2023:23:35:39 +0000] "POST /wp-admin/admin-ajax.php HTTP/1.1" 404 1025 "https://talmedos.com/wp-admin/edit.php?post_type=page" "Mozilla/5.0 (Macintosh; Intel Mac OS X 10_15_7) AppleWebKit/537.36 (KHTML, like Gecko) Chrome/118.0.0.0 Safari/537.36"
93.162.98.150 - - [02/Nov/2023:23:35:54 +0000] "POST /wp-admin/admin-ajax.php HTTP/1.1" 404 1025 "https://talmedos.com/wp-admin/edit.php?post_type=page" "Mozilla/5.0 (Macintosh; Intel Mac OS X 10_15_7) AppleWebKit/537.36 (KHTML, like Gecko) Chrome/118.0.0.0 Safari/537.36"
93.162.98.150 - - [02/Nov/2023:23:36:12 +0000] "POST /wp-admin/admin-ajax.php HTTP/1.1" 404 1025 "https://talmedos.com/wp-admin/edit.php?post_type=page" "Mozilla/5.0 (Macintosh; Intel Mac OS X 10_15_7) AppleWebKit/537.36 (KHTML, like Gecko) Chrome/118.0.0.0 Safari/537.36"
93.162.98.150 - - [02/Nov/2023:23:36:24 +0000] "POST /wp-admin/admin-ajax.php HTTP/1.1" 404 1025 "https://talmedos.com/wp-admin/post-new.php?post_type=page" "Mozilla/5.0 (Macintosh; Intel Mac OS X 10_15_7) AppleWebKit/537.36 (KHTML, like Gecko) Chrome/118.0.0.0 Safari/537.36"
93.162.98.150 - - [02/Nov/2023:23:36:27 +0000] "POST /wp-admin/admin-ajax.php HTTP/1.1" 404 513 "https://talmedos.com/wp-admin/edit.php?post_type=page" "Mozilla/5.0 (Macintosh; Intel Mac OS X 10_15_7) AppleWebKit/537.36 (KHTML, like Gecko) Chrome/118.0.0.0 Safari/537.36"
71.234.92.164 - - [02/Nov/2023:23:37:08 +0000] "GET //wp-config.cust HTTP/1.1" 404 4096 "-" "Mozilla/5.0 (X11; Ubuntu; Linux x86_64; rv:62.0) Gecko/20100101 Firefox/62.0"
93.162.98.150 - - [02/Nov/2023:23:38:25 +0000] "POST /wp-admin/admin-ajax.php HTTP/1.1" 404 1025 "https://talmedos.com/wp-admin/post-new.php?post_type=page" "Mozilla/5.0 (Macintosh; Intel Mac OS X 10_15_7) AppleWebKit/537.36 (KHTML, like Gecko) Chrome/118.0.0.0 Safari/537.36"
93.162.98.150 - - [02/Nov/2023:23:38:27 +0000] "POST /wp-admin/admin-ajax.php HTTP/1.1" 404 513 "https://talmedos.com/wp-admin/edit.php?post_type=page" "Mozilla/5.0 (Macintosh; Intel Mac OS X 10_15_7) AppleWebKit/537.36 (KHTML, like Gecko) Chrome/118.0.0.0 Safari/537.36"
192.0.102.40 - - [02/Nov/2023:23:39:27 +0000] "HEAD / HTTP/1.1" 200 3836 "-" "jetmon/1.0 (Jetpack Site Uptime Monitor by WordPress.com)"
202.95.9.249 - - [02/Nov/2023:23:40:06 +0000] "POST /wp-login.php HTTP/1.1" 404 4100 "-" "Mozilla/5.0 (Windows NT 6.1) AppleWebKit/537.36 (KHTML, like Gecko) Chrome/62.0.3202.94 Safari/537.36"
93.162.98.150 - - [02/Nov/2023:23:40:19 +0000] "POST /wp-admin/admin-ajax.php HTTP/1.1" 404 1025 "https://talmedos.com/wp-admin/post-new.php?post_type=page" "Mozilla/5.0 (Macintosh; Intel Mac OS X 10_15_7) AppleWebKit/537.36 (KHTML, like Gecko) Chrome/118.0.0.0 Safari/537.36"
93.162.98.150 - - [02/Nov/2023:23:40:27 +0000] "POST /wp-admin/admin-ajax.php HTTP/1.1" 404 1025 "https://talmedos.com/wp-admin/edit.php?post_type=page" "Mozilla/5.0 (Macintosh; Intel Mac OS X 10_15_7) AppleWebKit/537.36 (KHTML, like Gecko) Chrome/118.0.0.0 Safari/537.36"
93.162.98.150 - - [02/Nov/2023:23:41:19 +0000] "POST /wp-admin/admin-ajax.php HTTP/1.1" 404 1025 "https://talmedos.com/wp-admin/post-new.php?post_type=page" "Mozilla/5.0 (Macintosh; Intel Mac OS X 10_15_7) AppleWebKit/537.36 (KHTML, like Gecko) Chrome/118.0.0.0 Safari/537.36"
93.162.98.150 - - [02/Nov/2023:23:41:32 +0000] "POST /wp-admin/admin-ajax.php HTTP/1.1" 404 1025 "https://talmedos.com/wp-admin/edit.php?post_type=page" "Mozilla/5.0 (Macintosh; Intel Mac OS X 10_15_7) AppleWebKit/537.36 (KHTML, like Gecko) Chrome/118.0.0.0 Safari/537.36"
93.162.98.150 - - [02/Nov/2023:23:41:47 +0000] "POST /wp-admin/admin-ajax.php HTTP/1.1" 404 1025 "https://talmedos.com/wp-admin/edit.php?post_type=page" "Mozilla/5.0 (Macintosh; Intel Mac OS X 10_15_7) AppleWebKit/537.36 (KHTML, like Gecko) Chrome/118.0.0.0 Safari/537.36"
93.162.98.150 - - [02/Nov/2023:23:43:19 +0000] "POST /wp-admin/admin-ajax.php HTTP/1.1" 404 1025 "https://talmedos.com/wp-admin/post-new.php?post_type=page" "Mozilla/5.0 (Macintosh; Intel Mac OS X 10_15_7) AppleWebKit/537.36 (KHTML, like Gecko) Chrome/118.0.0.0 Safari/537.36"
93.162.98.150 - - [02/Nov/2023:23:43:47 +0000] "POST /wp-admin/admin-ajax.php HTTP/1.1" 404 1025 "https://talmedos.com/wp-admin/edit.php?post_type=page" "Mozilla/5.0 (Macintosh; Intel Mac OS X 10_15_7) AppleWebKit/537.36 (KHTML, like Gecko) Chrome/118.0.0.0 Safari/537.36"
192.0.102.40 - - [02/Nov/2023:23:44:28 +0000] "HEAD / HTTP/1.1" 200 3836 "-" "jetmon/1.0 (Jetpack Site Uptime Monitor by WordPress.com)"
93.162.98.150 - - [02/Nov/2023:23:45:20 +0000] "POST /wp-admin/admin-ajax.php HTTP/1.1" 404 1025 "https://talmedos.com/wp-admin/post-new.php?post_type=page" "Mozilla/5.0 (Macintosh; Intel Mac OS X 10_15_7) AppleWebKit/537.36 (KHTML, like Gecko) Chrome/118.0.0.0 Safari/537.36"
93.162.98.150 - - [02/Nov/2023:23:45:37 +0000] "POST /wp-admin/admin-ajax.php HTTP/1.1" 404 1025 "https://talmedos.com/wp-admin/edit.php?post_type=page" "Mozilla/5.0 (Macintosh; Intel Mac OS X 10_15_7) AppleWebKit/537.36 (KHTML, like Gecko) Chrome/118.0.0.0 Safari/537.36"
93.162.98.150 - - [02/Nov/2023:23:45:52 +0000] "POST /wp-admin/admin-ajax.php HTTP/1.1" 404 1025 "https://talmedos.com/wp-admin/edit.php?post_type=page" "Mozilla/5.0 (Macintosh; Intel Mac OS X 10_15_7) AppleWebKit/537.36 (KHTML, like Gecko) Chrome/118.0.0.0 Safari/537.36"
93.162.98.150 - - [02/Nov/2023:23:46:07 +0000] "POST /wp-admin/admin-ajax.php HTTP/1.1" 404 1025 "https://talmedos.com/wp-admin/edit.php?post_type=page" "Mozilla/5.0 (Macintosh; Intel Mac OS X 10_15_7) AppleWebKit/537.36 (KHTML, like Gecko) Chrome/118.0.0.0 Safari/537.36"
93.162.98.150 - - [02/Nov/2023:23:46:20 +0000] "POST /wp-admin/admin-ajax.php HTTP/1.1" 404 1025 "https://talmedos.com/wp-admin/post-new.php?post_type=page" "Mozilla/5.0 (Macintosh; Intel Mac OS X 10_15_7) AppleWebKit/537.36 (KHTML, like Gecko) Chrome/118.0.0.0 Safari/537.36"
8.222.253.90 - - [02/Nov/2023:23:47:02 +0000] "GET /dns-query?dns=_DwBAAABAAAAAAAABmdvb2dsZQNjb20AAAEAAQ HTTP/1.1" 404 4229 "-" "Chrome"
51.77.53.202 - - [02/Nov/2023:23:47:20 +0000] "POST /wp-login.php HTTP/1.1" 404 4100 "-" "Mozilla/5.0 (Windows NT 6.0) AppleWebKit/537.36 (KHTML, like Gecko) Chrome/49.0.2623.112 Safari/537.36"
93.162.98.150 - - [02/Nov/2023:23:47:21 +0000] "POST /wp-admin/admin-ajax.php HTTP/1.1" 404 1025 "https://talmedos.com/wp-admin/post-new.php?post_type=page" "Mozilla/5.0 (Macintosh; Intel Mac OS X 10_15_7) AppleWebKit/537.36 (KHTML, like Gecko) Chrome/118.0.0.0 Safari/537.36"
93.162.98.150 - - [02/Nov/2023:23:48:07 +0000] "POST /wp-admin/admin-ajax.php HTTP/1.1" 404 1025 "https://talmedos.com/wp-admin/edit.php?post_type=page" "Mozilla/5.0 (Macintosh; Intel Mac OS X 10_15_7) AppleWebKit/537.36 (KHTML, like Gecko) Chrome/118.0.0.0 Safari/537.36"
93.162.98.150 - - [02/Nov/2023:23:49:21 +0000] "POST /wp-admin/admin-ajax.php HTTP/1.1" 404 1025 "https://talmedos.com/wp-admin/edit.php?post_type=page" "Mozilla/5.0 (Macintosh; Intel Mac OS X 10_15_7) AppleWebKit/537.36 (KHTML, like Gecko) Chrome/118.0.0.0 Safari/537.36"
93.162.98.150 - - [02/Nov/2023:23:49:22 +0000] "POST /wp-admin/admin-ajax.php HTTP/1.1" 404 513 "https://talmedos.com/wp-admin/post-new.php?post_type=page" "Mozilla/5.0 (Macintosh; Intel Mac OS X 10_15_7) AppleWebKit/537.36 (KHTML, like Gecko) Chrome/118.0.0.0 Safari/537.36"
192.0.102.40 - - [02/Nov/2023:23:49:27 +0000] "HEAD / HTTP/1.1" 200 3836 "-" "jetmon/1.0 (Jetpack Site Uptime Monitor by WordPress.com)"
179.218.74.82 - - [02/Nov/2023:23:49:30 +0000] "GET / HTTP/1.0" 200 3777 "-" "-"
93.162.98.150 - - [02/Nov/2023:23:49:36 +0000] "POST /wp-admin/admin-ajax.php HTTP/1.1" 404 1025 "https://talmedos.com/wp-admin/edit.php?post_type=page" "Mozilla/5.0 (Macintosh; Intel Mac OS X 10_15_7) AppleWebKit/537.36 (KHTML, like Gecko) Chrome/118.0.0.0 Safari/537.36"
80.122.21.182 - - [02/Nov/2023:23:50:41 +0000] "GET //wp-config.data HTTP/1.1" 404 4096 "-" "Mozilla/5.0 (X11; Ubuntu; Linux x86_64; rv:62.0) Gecko/20100101 Firefox/62.0"
93.162.98.150 - - [02/Nov/2023:23:51:23 +0000] "POST /wp-admin/admin-ajax.php HTTP/1.1" 404 1025 "https://talmedos.com/wp-admin/post-new.php?post_type=page" "Mozilla/5.0 (Macintosh; Intel Mac OS X 10_15_7) AppleWebKit/537.36 (KHTML, like Gecko) Chrome/118.0.0.0 Safari/537.36"
93.162.98.150 - - [02/Nov/2023:23:51:36 +0000] "POST /wp-admin/admin-ajax.php HTTP/1.1" 404 1025 "https://talmedos.com/wp-admin/edit.php?post_type=page" "Mozilla/5.0 (Macintosh; Intel Mac OS X 10_15_7) AppleWebKit/537.36 (KHTML, like Gecko) Chrome/118.0.0.0 Safari/537.36"
93.162.98.150 - - [02/Nov/2023:23:52:03 +0000] "POST /wp-admin/admin-ajax.php HTTP/1.1" 404 1025 "https://talmedos.com/wp-admin/edit.php?post_type=page" "Mozilla/5.0 (Macintosh; Intel Mac OS X 10_15_7) AppleWebKit/537.36 (KHTML, like Gecko) Chrome/118.0.0.0 Safari/537.36"
93.162.98.150 - - [02/Nov/2023:23:52:18 +0000] "POST /wp-admin/admin-ajax.php HTTP/1.1" 404 1025 "https://talmedos.com/wp-admin/edit.php?post_type=page" "Mozilla/5.0 (Macintosh; Intel Mac OS X 10_15_7) AppleWebKit/537.36 (KHTML, like Gecko) Chrome/118.0.0.0 Safari/537.36"
93.162.98.150 - - [02/Nov/2023:23:52:33 +0000] "POST /wp-admin/admin-ajax.php HTTP/1.1" 404 1025 "https://talmedos.com/wp-admin/edit.php?post_type=page" "Mozilla/5.0 (Macintosh; Intel Mac OS X 10_15_7) AppleWebKit/537.36 (KHTML, like Gecko) Chrome/118.0.0.0 Safari/537.36"
93.162.98.150 - - [02/Nov/2023:23:53:24 +0000] "POST /wp-admin/admin-ajax.php HTTP/1.1" 404 1025 "https://talmedos.com/wp-admin/post-new.php?post_type=page" "Mozilla/5.0 (Macintosh; Intel Mac OS X 10_15_7) AppleWebKit/537.36 (KHTML, like Gecko) Chrome/118.0.0.0 Safari/537.36"
