46.101.144.32 - - [30/Oct/2023:00:04:28 +0000] "POST /wp-cron.php?doing_wp_cron=1698624268.3763918876647949218750 HTTP/1.1" 200 3995 "-" "WordPress/6.3.2; https://talmedos.com"
192.0.102.40 - - [30/Oct/2023:00:04:26 +0000] "HEAD / HTTP/1.1" 200 3915 "-" "jetmon/1.0 (Jetpack Site Uptime Monitor by WordPress.com)"
46.101.144.32 - - [30/Oct/2023:00:09:25 +0000] "POST /wp-cron.php?doing_wp_cron=1698624565.7983350753784179687500 HTTP/1.1" 200 3995 "-" "WordPress/6.3.2; https://talmedos.com"
192.0.102.40 - - [30/Oct/2023:00:09:25 +0000] "HEAD / HTTP/1.1" 200 3915 "-" "jetmon/1.0 (Jetpack Site Uptime Monitor by WordPress.com)"
46.101.144.32 - - [30/Oct/2023:00:14:27 +0000] "POST /wp-cron.php?doing_wp_cron=1698624867.6627469062805175781250 HTTP/1.1" 200 3995 "-" "WordPress/6.3.2; https://talmedos.com"
192.0.102.40 - - [30/Oct/2023:00:14:27 +0000] "HEAD / HTTP/1.1" 200 3915 "-" "jetmon/1.0 (Jetpack Site Uptime Monitor by WordPress.com)"
46.101.144.32 - - [30/Oct/2023:00:19:27 +0000] "POST /wp-cron.php?doing_wp_cron=1698625167.5757179260253906250000 HTTP/1.1" 200 3995 "-" "WordPress/6.3.2; https://talmedos.com"
192.0.102.40 - - [30/Oct/2023:00:19:27 +0000] "HEAD / HTTP/1.1" 200 3915 "-" "jetmon/1.0 (Jetpack Site Uptime Monitor by WordPress.com)"
46.101.144.32 - - [30/Oct/2023:00:24:27 +0000] "POST /wp-cron.php?doing_wp_cron=1698625467.7399480342864990234375 HTTP/1.1" 200 3995 "-" "WordPress/6.3.2; https://talmedos.com"
192.0.102.40 - - [30/Oct/2023:00:24:27 +0000] "HEAD / HTTP/1.1" 200 3915 "-" "jetmon/1.0 (Jetpack Site Uptime Monitor by WordPress.com)"
46.101.144.32 - - [30/Oct/2023:00:29:27 +0000] "POST /wp-cron.php?doing_wp_cron=1698625767.0981340408325195312500 HTTP/1.1" 200 3995 "-" "WordPress/6.3.2; https://talmedos.com"
192.0.102.40 - - [30/Oct/2023:00:29:26 +0000] "HEAD / HTTP/1.1" 200 3915 "-" "jetmon/1.0 (Jetpack Site Uptime Monitor by WordPress.com)"
185.180.143.48 - - [30/Oct/2023:00:34:25 +0000] "GET /cluster/list.query HTTP/1.1" 404 3540 "http://46.101.144.32/cluster/list.query" "Mozilla/5.0 (Windows NT 10.0; Win64; x64) AppleWebKit/537.36 (KHTML, like Gecko) Chrome/60.0.3112.113 Safari/537.36"
46.101.144.32 - - [30/Oct/2023:00:34:27 +0000] "POST /wp-cron.php?doing_wp_cron=1698626067.5344491004943847656250 HTTP/1.1" 200 3995 "-" "WordPress/6.3.2; https://talmedos.com"
192.0.102.40 - - [30/Oct/2023:00:34:27 +0000] "HEAD / HTTP/1.1" 200 3915 "-" "jetmon/1.0 (Jetpack Site Uptime Monitor by WordPress.com)"
46.101.144.32 - - [30/Oct/2023:00:39:28 +0000] "POST /wp-cron.php?doing_wp_cron=1698626368.1761069297790527343750 HTTP/1.1" 200 3995 "-" "WordPress/6.3.2; https://talmedos.com"
192.0.102.40 - - [30/Oct/2023:00:39:27 +0000] "HEAD / HTTP/1.1" 200 3915 "-" "jetmon/1.0 (Jetpack Site Uptime Monitor by WordPress.com)"
46.101.144.32 - - [30/Oct/2023:00:44:27 +0000] "POST /wp-cron.php?doing_wp_cron=1698626667.4910221099853515625000 HTTP/1.1" 200 3995 "-" "WordPress/6.3.2; https://talmedos.com"
192.0.102.40 - - [30/Oct/2023:00:44:27 +0000] "HEAD / HTTP/1.1" 200 3915 "-" "jetmon/1.0 (Jetpack Site Uptime Monitor by WordPress.com)"
46.101.144.32 - - [30/Oct/2023:00:49:27 +0000] "POST /wp-cron.php?doing_wp_cron=1698626967.7151880264282226562500 HTTP/1.1" 200 3995 "-" "WordPress/6.3.2; https://talmedos.com"
192.0.102.40 - - [30/Oct/2023:00:49:27 +0000] "HEAD / HTTP/1.1" 200 3915 "-" "jetmon/1.0 (Jetpack Site Uptime Monitor by WordPress.com)"
185.122.204.24 - - [30/Oct/2023:00:53:02 +0000] "GET /remote/login?lang=en HTTP/1.1" 404 3746 "-" "Mozilla/5.0 (Windows NT 10.0; WOW64) AppleWebKit/537.36 (KHTML, like Gecko) Chrome/92.0.4515.131 Safari/537.36 Vivaldi/4.1"
46.101.144.32 - - [30/Oct/2023:00:54:27 +0000] "POST /wp-cron.php?doing_wp_cron=1698627267.2734088897705078125000 HTTP/1.1" 200 3995 "-" "WordPress/6.3.2; https://talmedos.com"
192.0.102.40 - - [30/Oct/2023:00:54:27 +0000] "HEAD / HTTP/1.1" 200 3915 "-" "jetmon/1.0 (Jetpack Site Uptime Monitor by WordPress.com)"
46.101.144.32 - - [30/Oct/2023:00:59:27 +0000] "POST /wp-cron.php?doing_wp_cron=1698627567.4093039035797119140625 HTTP/1.1" 200 3995 "-" "WordPress/6.3.2; https://talmedos.com"
192.0.102.40 - - [30/Oct/2023:00:59:27 +0000] "HEAD / HTTP/1.1" 200 3915 "-" "jetmon/1.0 (Jetpack Site Uptime Monitor by WordPress.com)"
46.101.144.32 - - [30/Oct/2023:01:04:27 +0000] "POST /wp-cron.php?doing_wp_cron=1698627867.8035008907318115234375 HTTP/1.1" 200 3995 "-" "WordPress/6.3.2; https://talmedos.com"
192.0.102.40 - - [30/Oct/2023:01:04:27 +0000] "HEAD / HTTP/1.1" 200 3915 "-" "jetmon/1.0 (Jetpack Site Uptime Monitor by WordPress.com)"
46.101.144.32 - - [30/Oct/2023:01:09:27 +0000] "POST /wp-cron.php?doing_wp_cron=1698628167.4023470878601074218750 HTTP/1.1" 200 3995 "-" "WordPress/6.3.2; https://talmedos.com"
192.0.102.40 - - [30/Oct/2023:01:09:27 +0000] "HEAD / HTTP/1.1" 200 3915 "-" "jetmon/1.0 (Jetpack Site Uptime Monitor by WordPress.com)"
46.101.144.32 - - [30/Oct/2023:01:11:37 +0000] "POST /wp-cron.php?doing_wp_cron=1698628297.7970879077911376953125 HTTP/1.1" 200 3995 "-" "WordPress/6.3.2; https://talmedos.com"
185.180.143.49 - - [30/Oct/2023:01:11:37 +0000] "GET / HTTP/1.1" 200 14711 "http://46.101.144.32/" "Mozilla/5.0 (Windows NT 10.0; Win64; x64) AppleWebKit/537.36 (KHTML, like Gecko) Chrome/60.0.3112.113 Safari/537.36"
185.180.143.49 - - [30/Oct/2023:01:11:40 +0000] "GET /cf_scripts/scripts/ajax/ckeditor/ckeditor.js HTTP/1.1" 404 3540 "http://46.101.144.32/cf_scripts/scripts/ajax/ckeditor/ckeditor.js" "Mozilla/5.0 (Windows NT 10.0; Win64; x64) AppleWebKit/537.36 (KHTML, like Gecko) Chrome/60.0.3112.113 Safari/537.36"
46.101.144.32 - - [30/Oct/2023:01:14:27 +0000] "POST /wp-cron.php?doing_wp_cron=1698628467.6292510032653808593750 HTTP/1.1" 200 3995 "-" "WordPress/6.3.2; https://talmedos.com"
192.0.102.40 - - [30/Oct/2023:01:14:27 +0000] "HEAD / HTTP/1.1" 200 3915 "-" "jetmon/1.0 (Jetpack Site Uptime Monitor by WordPress.com)"
46.101.144.32 - - [30/Oct/2023:01:19:27 +0000] "POST /wp-cron.php?doing_wp_cron=1698628767.4351260662078857421875 HTTP/1.1" 200 3995 "-" "WordPress/6.3.2; https://talmedos.com"
192.0.102.40 - - [30/Oct/2023:01:19:27 +0000] "HEAD / HTTP/1.1" 200 3915 "-" "jetmon/1.0 (Jetpack Site Uptime Monitor by WordPress.com)"
46.101.144.32 - - [30/Oct/2023:01:24:25 +0000] "POST /wp-cron.php?doing_wp_cron=1698629065.6775290966033935546875 HTTP/1.1" 200 3995 "-" "WordPress/6.3.2; https://talmedos.com"
192.0.102.40 - - [30/Oct/2023:01:24:25 +0000] "HEAD / HTTP/1.1" 200 3915 "-" "jetmon/1.0 (Jetpack Site Uptime Monitor by WordPress.com)"
46.101.144.32 - - [30/Oct/2023:01:29:27 +0000] "POST /wp-cron.php?doing_wp_cron=1698629367.3117470741271972656250 HTTP/1.1" 200 3995 "-" "WordPress/6.3.2; https://talmedos.com"
192.0.102.40 - - [30/Oct/2023:01:29:27 +0000] "HEAD / HTTP/1.1" 200 3915 "-" "jetmon/1.0 (Jetpack Site Uptime Monitor by WordPress.com)"
46.101.144.32 - - [30/Oct/2023:01:34:27 +0000] "POST /wp-cron.php?doing_wp_cron=1698629667.5750710964202880859375 HTTP/1.1" 200 3995 "-" "WordPress/6.3.2; https://talmedos.com"
192.0.102.40 - - [30/Oct/2023:01:34:27 +0000] "HEAD / HTTP/1.1" 200 3915 "-" "jetmon/1.0 (Jetpack Site Uptime Monitor by WordPress.com)"
46.101.144.32 - - [30/Oct/2023:01:39:26 +0000] "POST /wp-cron.php?doing_wp_cron=1698629966.3926730155944824218750 HTTP/1.1" 200 3995 "-" "WordPress/6.3.2; https://talmedos.com"
192.0.102.40 - - [30/Oct/2023:01:39:26 +0000] "HEAD / HTTP/1.1" 200 3915 "-" "jetmon/1.0 (Jetpack Site Uptime Monitor by WordPress.com)"
46.101.144.32 - - [30/Oct/2023:01:43:20 +0000] "POST /wp-cron.php?doing_wp_cron=1698630200.5166270732879638671875 HTTP/1.1" 200 3995 "-" "WordPress/6.3.2; https://talmedos.com"
185.100.87.136 - - [30/Oct/2023:01:43:20 +0000] "GET / HTTP/1.1" 200 14711 "-" "Mozilla/5.0 (Windows NT 10.0; Win64; x64; rv:104.71.6212.24) Gecko/25.2.4212.671 Firefox/2.0"
193.202.110.30 - - [30/Oct/2023:01:44:22 +0000] "GET /wp-includes/PHPMailer/index.php HTTP/1.1" 404 4172 "http://talmedos.com/wp-includes/PHPMailer/index.php" "Mozilla/5.0 (Windows; U; Windows NT 5.1; en-US) AppleWebKit/533.4 (KHTML, like Gecko) Chrome/5.0.375.99 Safari/533.4"
46.101.144.32 - - [30/Oct/2023:01:44:27 +0000] "POST /wp-cron.php?doing_wp_cron=1698630267.3432528972625732421875 HTTP/1.1" 200 3995 "-" "WordPress/6.3.2; https://talmedos.com"
192.0.102.40 - - [30/Oct/2023:01:44:27 +0000] "HEAD / HTTP/1.1" 200 3915 "-" "jetmon/1.0 (Jetpack Site Uptime Monitor by WordPress.com)"
46.101.144.32 - - [30/Oct/2023:01:49:27 +0000] "POST /wp-cron.php?doing_wp_cron=1698630567.3838610649108886718750 HTTP/1.1" 200 3995 "-" "WordPress/6.3.2; https://talmedos.com"
192.0.102.40 - - [30/Oct/2023:01:49:27 +0000] "HEAD / HTTP/1.1" 200 3915 "-" "jetmon/1.0 (Jetpack Site Uptime Monitor by WordPress.com)"
46.101.144.32 - - [30/Oct/2023:01:54:26 +0000] "POST /wp-cron.php?doing_wp_cron=1698630866.1240069866180419921875 HTTP/1.1" 200 3995 "-" "WordPress/6.3.2; https://talmedos.com"
192.0.102.40 - - [30/Oct/2023:01:54:25 +0000] "HEAD / HTTP/1.1" 200 3915 "-" "jetmon/1.0 (Jetpack Site Uptime Monitor by WordPress.com)"
185.181.102.52 - - [30/Oct/2023:01:54:37 +0000] "POST /xmlrpc.php HTTP/1.1" 200 4420 "-" "Mozilla/5.0 (Windows NT 10.0; Win64; x64; rv:78.0) Gecko/20100101 Firefox/78.0"
72.167.124.187 - - [30/Oct/2023:01:54:39 +0000] "POST /xmlrpc.php HTTP/1.1" 200 4420 "-" "Mozilla/5.0 (Windows NT 5.1) AppleWebKit/537.36 (KHTML, like Gecko) Chrome/46.0.2490.71 Safari/537.36"
54.36.174.113 - - [30/Oct/2023:01:54:41 +0000] "POST /xmlrpc.php HTTP/1.1" 200 4419 "-" "Mozilla/5.0 (Windows NT 6.0; rv:34.0) Gecko/20100101 Firefox/34.0"
213.142.150.225 - - [30/Oct/2023:01:54:44 +0000] "POST /xmlrpc.php HTTP/1.1" 200 4014 "-" "Mozilla/5.0 (Windows NT 10.0; Win64; x64) AppleWebKit/537.36 (KHTML, like Gecko) Chrome/87.0.4280.141 Safari/537.36"
103.147.130.161 - - [30/Oct/2023:01:54:59 +0000] "POST /xmlrpc.php HTTP/1.1" 200 4421 "-" "Mozilla/5.0 (Windows NT 10.0; Win64; x64) AppleWebKit/537.36 (KHTML, like Gecko) Chrome/64.0.3282.186 Safari/537.36"
64.227.108.223 - - [30/Oct/2023:01:55:01 +0000] "POST /xmlrpc.php HTTP/1.1" 200 4420 "-" "Mozilla/5.0 (Windows NT 10.0; Win64; x64; rv:78.0) Gecko/20100101 Firefox/78.0"
46.101.144.32 - - [30/Oct/2023:01:55:02 +0000] "POST /wp-cron.php?doing_wp_cron=1698630902.9001920223236083984375 HTTP/1.1" 200 3995 "-" "WordPress/6.3.2; https://talmedos.com"
51.38.134.68 - - [30/Oct/2023:01:55:02 +0000] "POST /xmlrpc.php HTTP/1.1" 200 4418 "-" "Mozilla/5.0 (Windows NT 10.0; Win64; x64) AppleWebKit/537.36 (KHTML, like Gecko) Chrome/90.0.4430.212 Safari/537.36"
178.62.63.209 - - [30/Oct/2023:01:55:12 +0000] "POST /xmlrpc.php HTTP/1.1" 200 4419 "-" "Mozilla/5.0 (Windows NT 10.0; Win64; x64; rv:58.0) Gecko/20100101 Firefox/58.0"
107.161.66.68 - - [30/Oct/2023:01:55:15 +0000] "POST /xmlrpc.php HTTP/1.1" 200 4419 "-" "Mozilla/5.0 (Windows NT 10.0; Win64; x64) AppleWebKit/537.36 (KHTML, like Gecko) Chrome/68.0.3440.106 Safari/537.36"
103.139.75.124 - - [30/Oct/2023:01:55:15 +0000] "POST /xmlrpc.php HTTP/1.1" 200 4420 "-" "Mozilla/5.0 (Windows NT 6.2; Win64; x64) AppleWebKit/537.36 (KHTML, like Gecko) Chrome/60.0.3112.90 Safari/537.36"
103.90.232.106 - - [30/Oct/2023:01:55:20 +0000] "POST /xmlrpc.php HTTP/1.1" 200 4013 "-" "Mozilla/5.0 (Windows NT 10.0; Win64; x64) AppleWebKit/537.36 (KHTML, like Gecko) Chrome/78.0.3904.108 Safari/537.36"
67.227.249.184 - - [30/Oct/2023:01:55:21 +0000] "POST /xmlrpc.php HTTP/1.1" 200 4420 "-" "Mozilla/5.0 (Windows NT 10.0; Win64; x64) AppleWebKit/537.36 (KHTML, like Gecko) Chrome/74.0.3729.157 Safari/537.36"
162.216.149.206 - - [30/Oct/2023:01:55:29 +0000] "GET / HTTP/1.1" 301 3863 "-" "Expanse, a Palo Alto Networks company, searches across the global IPv4 space multiple times per day to identify customers&#39; presences on the Internet. If you would like to be excluded from our scans, please send IP addresses/domains to: scaninfo@paloaltonetworks.com"
18.119.100.71 - - [30/Oct/2023:01:55:28 +0000] "POST /xmlrpc.php HTTP/1.1" 200 4012 "-" "Mozilla/5.0 (Windows NT 10.0; Win64; x64; rv:85.0) Gecko/20100101 Firefox/85.0"
162.216.149.206 - - [30/Oct/2023:01:55:29 +0000] "GET / HTTP/1.1" 200 56856 "-" "Expanse, a Palo Alto Networks company, searches across the global IPv4 space multiple times per day to identify customers&#39; presences on the Internet. If you would like to be excluded from our scans, please send IP addresses/domains to: scaninfo@paloaltonetworks.com"
167.235.242.54 - - [30/Oct/2023:01:55:30 +0000] "POST /xmlrpc.php HTTP/1.1" 200 4420 "-" "Mozilla/5.0 (Linux; Android 10; SM-G960U) AppleWebKit/537.36 (KHTML, like Gecko) Chrome/91.0.4472.114 Mobile Safari/537.36"
134.122.59.215 - - [30/Oct/2023:01:55:36 +0000] "POST /xmlrpc.php HTTP/1.1" 200 4420 "-" "Mozilla/5.0 (Windows NT 10.0; Win64; x64) AppleWebKit/537.36 (KHTML, like Gecko) Chrome/88.0.4324.104 Safari/537.36"
46.101.144.32 - - [30/Oct/2023:01:59:27 +0000] "POST /wp-cron.php?doing_wp_cron=1698631167.6765279769897460937500 HTTP/1.1" 200 3995 "-" "WordPress/6.3.2; https://talmedos.com"
192.0.102.40 - - [30/Oct/2023:01:59:27 +0000] "HEAD / HTTP/1.1" 200 3915 "-" "jetmon/1.0 (Jetpack Site Uptime Monitor by WordPress.com)"
46.101.144.32 - - [30/Oct/2023:02:03:37 +0000] "POST /wp-cron.php?doing_wp_cron=1698631417.0333020687103271484375 HTTP/1.1" 200 3995 "-" "WordPress/6.3.2; https://talmedos.com"
83.97.73.87 - - [30/Oct/2023:02:03:36 +0000] "GET /?XDEBUG_SESSION_START=phpstorm HTTP/1.1" 301 3912 "-" "Mozilla/5.0 (Windows NT 10.0; Win64; x64) AppleWebKit/537.36 (KHTML, like Gecko) Chrome/78.0.3904.108 Safari/537.36"
83.97.73.87 - - [30/Oct/2023:02:03:37 +0000] "GET /?XDEBUG_SESSION_START=phpstorm HTTP/1.1" 200 15247 "https://46.101.144.32:443/?XDEBUG_SESSION_START=phpstorm" "Mozilla/5.0 (Windows NT 10.0; Win64; x64) AppleWebKit/537.36 (KHTML, like Gecko) Chrome/78.0.3904.108 Safari/537.36"
46.101.144.32 - - [30/Oct/2023:02:04:27 +0000] "POST /wp-cron.php?doing_wp_cron=1698631467.9328489303588867187500 HTTP/1.1" 200 3995 "-" "WordPress/6.3.2; https://talmedos.com"
192.0.102.40 - - [30/Oct/2023:02:04:27 +0000] "HEAD / HTTP/1.1" 200 3915 "-" "jetmon/1.0 (Jetpack Site Uptime Monitor by WordPress.com)"
46.101.144.32 - - [30/Oct/2023:02:09:26 +0000] "POST /wp-cron.php?doing_wp_cron=1698631766.3337969779968261718750 HTTP/1.1" 200 3995 "-" "WordPress/6.3.2; https://talmedos.com"
192.0.102.40 - - [30/Oct/2023:02:09:26 +0000] "HEAD / HTTP/1.1" 200 3915 "-" "jetmon/1.0 (Jetpack Site Uptime Monitor by WordPress.com)"
46.101.144.32 - - [30/Oct/2023:02:14:26 +0000] "POST /wp-cron.php?doing_wp_cron=1698632066.8137929439544677734375 HTTP/1.1" 200 3995 "-" "WordPress/6.3.2; https://talmedos.com"
192.0.102.40 - - [30/Oct/2023:02:14:26 +0000] "HEAD / HTTP/1.1" 200 3915 "-" "jetmon/1.0 (Jetpack Site Uptime Monitor by WordPress.com)"
46.101.144.32 - - [30/Oct/2023:02:19:26 +0000] "POST /wp-cron.php?doing_wp_cron=1698632366.0797469615936279296875 HTTP/1.1" 200 3995 "-" "WordPress/6.3.2; https://talmedos.com"
192.0.102.40 - - [30/Oct/2023:02:19:25 +0000] "HEAD / HTTP/1.1" 200 3915 "-" "jetmon/1.0 (Jetpack Site Uptime Monitor by WordPress.com)"
174.138.61.44 - - [30/Oct/2023:02:22:12 +0000] "GET / HTTP/1.0" 400 627 "-" "-"
46.101.144.32 - - [30/Oct/2023:02:22:12 +0000] "POST /wp-cron.php?doing_wp_cron=1698632532.6258049011230468750000 HTTP/1.1" 200 3995 "-" "WordPress/6.3.2; https://talmedos.com"
174.138.61.44 - - [30/Oct/2023:02:22:12 +0000] "GET / HTTP/1.1" 200 14711 "-" "Mozilla/5.0 (Macintosh; Intel Mac OS X 10.13; rv:61.0) Gecko/20100101 Firefox/72.0"
46.101.144.32 - - [30/Oct/2023:02:24:26 +0000] "POST /wp-cron.php?doing_wp_cron=1698632666.3438889980316162109375 HTTP/1.1" 200 3995 "-" "WordPress/6.3.2; https://talmedos.com"
192.0.102.40 - - [30/Oct/2023:02:24:26 +0000] "HEAD / HTTP/1.1" 200 3915 "-" "jetmon/1.0 (Jetpack Site Uptime Monitor by WordPress.com)"
46.101.144.32 - - [30/Oct/2023:02:29:26 +0000] "POST /wp-cron.php?doing_wp_cron=1698632966.8512630462646484375000 HTTP/1.1" 200 3995 "-" "WordPress/6.3.2; https://talmedos.com"
192.0.102.40 - - [30/Oct/2023:02:29:26 +0000] "HEAD / HTTP/1.1" 200 3915 "-" "jetmon/1.0 (Jetpack Site Uptime Monitor by WordPress.com)"
46.101.144.32 - - [30/Oct/2023:02:34:26 +0000] "POST /wp-cron.php?doing_wp_cron=1698633266.7906610965728759765625 HTTP/1.1" 200 3995 "-" "WordPress/6.3.2; https://talmedos.com"
192.0.102.40 - - [30/Oct/2023:02:34:26 +0000] "HEAD / HTTP/1.1" 200 3915 "-" "jetmon/1.0 (Jetpack Site Uptime Monitor by WordPress.com)"
46.101.144.32 - - [30/Oct/2023:02:39:26 +0000] "POST /wp-cron.php?doing_wp_cron=1698633566.0068840980529785156250 HTTP/1.1" 200 3995 "-" "WordPress/6.3.2; https://talmedos.com"
192.0.102.40 - - [30/Oct/2023:02:39:25 +0000] "HEAD / HTTP/1.1" 200 3915 "-" "jetmon/1.0 (Jetpack Site Uptime Monitor by WordPress.com)"
46.101.144.32 - - [30/Oct/2023:02:41:46 +0000] "POST /wp-cron.php?doing_wp_cron=1698633705.9804990291595458984375 HTTP/1.1" 200 3995 "-" "WordPress/6.3.2; https://talmedos.com"
198.98.54.32 - - [30/Oct/2023:02:41:45 +0000] "GET /wp-login.php HTTP/1.1" 200 6372 "http://www.google.com.hk" "Mozilla/5.0 (Windows NT 6.1; WOW64) AppleWebKit/537.36 (KHTML, like Gecko) Chrome/42.0.2311.90 Safari/537.36"
46.101.144.32 - - [30/Oct/2023:02:42:24 +0000] "POST /wp-cron.php?doing_wp_cron=1698633744.6731019020080566406250 HTTP/1.1" 200 3995 "-" "WordPress/6.3.2; https://talmedos.com"
83.97.73.87 - - [30/Oct/2023:02:42:24 +0000] "GET / HTTP/1.1" 301 3882 "-" "Mozilla/5.0 (Windows NT 10.0; Win64; x64) AppleWebKit/537.36 (KHTML, like Gecko) Chrome/78.0.3904.108 Safari/537.36"
46.101.144.32 - - [30/Oct/2023:02:43:13 +0000] "POST /wp-cron.php?doing_wp_cron=1698633793.0643100738525390625000 HTTP/1.1" 200 3995 "-" "WordPress/6.3.2; https://talmedos.com"
31.19.185.115 - - [30/Oct/2023:02:43:12 +0000] "GET / HTTP/1.0" 200 33217 "-" "-"
198.98.54.32 - - [30/Oct/2023:02:44:14 +0000] "GET //wp-content/plugins/WordPressCore/include.php HTTP/1.1" 404 3614 "http://www.google.com.hk" "Mozilla/5.0 (Windows NT 6.1; WOW64) AppleWebKit/537.36 (KHTML, like Gecko) Chrome/42.0.2311.90 Safari/537.36"
46.101.144.32 - - [30/Oct/2023:02:44:26 +0000] "POST /wp-cron.php?doing_wp_cron=1698633866.5703461170196533203125 HTTP/1.1" 200 3995 "-" "WordPress/6.3.2; https://talmedos.com"
192.0.102.40 - - [30/Oct/2023:02:44:26 +0000] "HEAD / HTTP/1.1" 200 3915 "-" "jetmon/1.0 (Jetpack Site Uptime Monitor by WordPress.com)"
46.101.144.32 - - [30/Oct/2023:02:44:45 +0000] "POST /wp-cron.php?doing_wp_cron=1698633885.1045460700988769531250 HTTP/1.1" 200 3995 "-" "WordPress/6.3.2; https://talmedos.com"
198.98.54.32 - - [30/Oct/2023:02:44:44 +0000] "GET /?author=1 HTTP/1.1" 301 3404 "http://www.google.com.hk" "Mozilla/5.0 (Windows NT 6.1; WOW64) AppleWebKit/537.36 (KHTML, like Gecko) Chrome/42.0.2311.90 Safari/537.36"
46.101.144.32 - - [30/Oct/2023:02:45:14 +0000] "POST /wp-cron.php?doing_wp_cron=1698633914.6668500900268554687500 HTTP/1.1" 200 3995 "-" "WordPress/6.3.2; https://talmedos.com"
198.98.54.32 - - [30/Oct/2023:02:45:14 +0000] "GET /?author=1 HTTP/1.1" 200 13686 "http://www.google.com.hk" "Mozilla/5.0 (Windows NT 6.1; WOW64) AppleWebKit/537.36 (KHTML, like Gecko) Chrome/42.0.2311.90 Safari/537.36"
46.101.144.32 - - [30/Oct/2023:02:46:28 +0000] "POST /wp-cron.php?doing_wp_cron=1698633988.2283649444580078125000 HTTP/1.1" 200 3995 "-" "WordPress/6.3.2; https://talmedos.com"
198.98.54.32 - - [30/Oct/2023:02:46:28 +0000] "GET /wp-login.php HTTP/1.1" 200 11835 "-" "Mozilla/5.0 (Macintosh; Intel Mac OS X 10_9_4 AppleWebKit/537.36 (KHTML, like Gecko) Chrome/36.0.1985.125 Safari/537.36"
198.98.54.32 - - [30/Oct/2023:02:46:28 +0000] "POST /wp-login.php HTTP/1.1" 401 3961 "-" "Mozilla/5.0 (Macintosh; Intel Mac OS X 10_9_4 AppleWebKit/537.36 (KHTML, like Gecko) Chrome/36.0.1985.125 Safari/537.36"
46.101.144.32 - - [30/Oct/2023:02:46:48 +0000] "POST /wp-cron.php?doing_wp_cron=1698634008.3552050590515136718750 HTTP/1.1" 200 3995 "-" "WordPress/6.3.2; https://talmedos.com"
198.98.54.32 - - [30/Oct/2023:02:46:48 +0000] "GET /?author=2 HTTP/1.1" 301 3404 "http://www.google.com.hk" "Mozilla/5.0 (Windows NT 6.1; WOW64) AppleWebKit/537.36 (KHTML, like Gecko) Chrome/42.0.2311.90 Safari/537.36"
46.101.144.32 - - [30/Oct/2023:02:47:22 +0000] "POST /wp-cron.php?doing_wp_cron=1698634042.6331079006195068359375 HTTP/1.1" 200 3995 "-" "WordPress/6.3.2; https://talmedos.com"
198.98.54.32 - - [30/Oct/2023:02:47:22 +0000] "GET /?author=2 HTTP/1.1" 302 3394 "http://www.google.com.hk" "Mozilla/5.0 (Windows NT 6.1; WOW64) AppleWebKit/537.36 (KHTML, like Gecko) Chrome/42.0.2311.90 Safari/537.36"
198.98.54.32 - - [30/Oct/2023:02:47:22 +0000] "GET /?page_id=28 HTTP/1.1" 302 311 "http://www.google.com.hk" "Mozilla/5.0 (Windows NT 6.1; WOW64) AppleWebKit/537.36 (KHTML, like Gecko) Chrome/42.0.2311.90 Safari/537.36"
198.98.54.32 - - [30/Oct/2023:02:47:23 +0000] "GET /?post_type=product HTTP/1.1" 200 20900 "http://www.google.com.hk" "Mozilla/5.0 (Windows NT 6.1; WOW64) AppleWebKit/537.36 (KHTML, like Gecko) Chrome/42.0.2311.90 Safari/537.36"
46.101.144.32 - - [30/Oct/2023:02:49:26 +0000] "POST /wp-cron.php?doing_wp_cron=1698634166.7309329509735107421875 HTTP/1.1" 200 3995 "-" "WordPress/6.3.2; https://talmedos.com"
192.0.102.40 - - [30/Oct/2023:02:49:26 +0000] "HEAD / HTTP/1.1" 200 3915 "-" "jetmon/1.0 (Jetpack Site Uptime Monitor by WordPress.com)"
162.243.144.27 - - [30/Oct/2023:02:49:32 +0000] "GET / HTTP/1.1" 200 14711 "-" "Mozilla/5.0 zgrab/0.x"
40.77.167.101 - - [30/Oct/2023:02:51:00 +0000] "GET /robots.txt HTTP/1.1" 404 4309 "-" "Mozilla/5.0 AppleWebKit/537.36 (KHTML, like Gecko; compatible; bingbot/2.0; +http://www.bing.com/bingbot.htm) Chrome/103.0.5060.134 Safari/537.36"
46.101.144.32 - - [30/Oct/2023:02:51:06 +0000] "POST /wp-cron.php?doing_wp_cron=1698634266.3434410095214843750000 HTTP/1.1" 200 3995 "-" "WordPress/6.3.2; https://talmedos.com"
157.55.39.60 - - [30/Oct/2023:02:51:06 +0000] "GET /?page_id=28 HTTP/1.1" 302 4044 "-" "Mozilla/5.0 AppleWebKit/537.36 (KHTML, like Gecko; compatible; bingbot/2.0; +http://www.bing.com/bingbot.htm) Chrome/103.0.5060.134 Safari/537.36"
157.55.39.60 - - [30/Oct/2023:02:51:07 +0000] "GET /?post_type=product HTTP/1.1" 200 20809 "-" "Mozilla/5.0 AppleWebKit/537.36 (KHTML, like Gecko; compatible; bingbot/2.0; +http://www.bing.com/bingbot.htm) Chrome/103.0.5060.134 Safari/537.36"
198.199.113.92 - - [30/Oct/2023:02:52:39 +0000] "GET /autodiscover/autodiscover.json?@zdi/Powershell HTTP/1.1" 404 3540 "-" "Mozilla/5.0 zgrab/0.x"
46.101.144.32 - - [30/Oct/2023:02:54:26 +0000] "POST /wp-cron.php?doing_wp_cron=1698634466.2338149547576904296875 HTTP/1.1" 200 3995 "-" "WordPress/6.3.2; https://talmedos.com"
192.0.102.40 - - [30/Oct/2023:02:54:26 +0000] "HEAD / HTTP/1.1" 200 3915 "-" "jetmon/1.0 (Jetpack Site Uptime Monitor by WordPress.com)"
46.101.144.32 - - [30/Oct/2023:02:55:08 +0000] "POST /wp-cron.php?doing_wp_cron=1698634508.3672668933868408203125 HTTP/1.1" 200 3995 "-" "WordPress/6.3.2; https://talmedos.com"
80.209.97.229 - - [30/Oct/2023:02:55:08 +0000] "GET / HTTP/1.0" 200 33333 "-" "-"
45.81.39.129 - - [30/Oct/2023:02:58:01 +0000] "GET /wp-content/themes/include.php HTTP/1.1" 404 3610 "-" "Mozlila/5.0 (Linux; Android 7.0; SM-G892A Bulid/NRD90M; wv) AppleWebKit/537.36 (KHTML, like Gecko) Version/4.0 Chrome/60.0.3112.107 Moblie Safari/537.36"
45.81.39.129 - - [30/Oct/2023:02:58:22 +0000] "GET /wp-content/plugins/WordPressCore/include.php HTTP/1.1" 404 3610 "-" "Mozlila/5.0 (Linux; Android 7.0; SM-G892A Bulid/NRD90M; wv) AppleWebKit/537.36 (KHTML, like Gecko) Version/4.0 Chrome/60.0.3112.107 Moblie Safari/537.36"
45.81.39.129 - - [30/Oct/2023:02:58:35 +0000] "GET /wp-includes/widgets/include.php HTTP/1.1" 404 3610 "-" "Mozlila/5.0 (Linux; Android 7.0; SM-G892A Bulid/NRD90M; wv) AppleWebKit/537.36 (KHTML, like Gecko) Version/4.0 Chrome/60.0.3112.107 Moblie Safari/537.36"
45.81.39.129 - - [30/Oct/2023:02:59:16 +0000] "GET /wp-content/plugins/include.php HTTP/1.1" 404 3610 "-" "Mozlila/5.0 (Linux; Android 7.0; SM-G892A Bulid/NRD90M; wv) AppleWebKit/537.36 (KHTML, like Gecko) Version/4.0 Chrome/60.0.3112.107 Moblie Safari/537.36"
46.101.144.32 - - [30/Oct/2023:02:59:27 +0000] "POST /wp-cron.php?doing_wp_cron=1698634767.2399990558624267578125 HTTP/1.1" 200 3995 "-" "WordPress/6.3.2; https://talmedos.com"
192.0.102.40 - - [30/Oct/2023:02:59:27 +0000] "HEAD / HTTP/1.1" 200 3915 "-" "jetmon/1.0 (Jetpack Site Uptime Monitor by WordPress.com)"
45.81.39.129 - - [30/Oct/2023:02:59:36 +0000] "GET /wp-includes/images/include.php HTTP/1.1" 404 3610 "-" "Mozlila/5.0 (Linux; Android 7.0; SM-G892A Bulid/NRD90M; wv) AppleWebKit/537.36 (KHTML, like Gecko) Version/4.0 Chrome/60.0.3112.107 Moblie Safari/537.36"
45.81.39.129 - - [30/Oct/2023:02:59:46 +0000] "GET /wp-content/plugins/core-plugin/include.php HTTP/1.1" 404 3610 "-" "Mozlila/5.0 (Linux; Android 7.0; SM-G892A Bulid/NRD90M; wv) AppleWebKit/537.36 (KHTML, like Gecko) Version/4.0 Chrome/60.0.3112.107 Moblie Safari/537.36"
46.101.144.32 - - [30/Oct/2023:03:04:26 +0000] "POST /wp-cron.php?doing_wp_cron=1698635066.4664111137390136718750 HTTP/1.1" 200 3995 "-" "WordPress/6.3.2; https://talmedos.com"
192.0.102.40 - - [30/Oct/2023:03:04:26 +0000] "HEAD / HTTP/1.1" 200 3915 "-" "jetmon/1.0 (Jetpack Site Uptime Monitor by WordPress.com)"
46.101.144.32 - - [30/Oct/2023:03:09:26 +0000] "POST /wp-cron.php?doing_wp_cron=1698635366.0312840938568115234375 HTTP/1.1" 200 3995 "-" "WordPress/6.3.2; https://talmedos.com"
192.0.102.40 - - [30/Oct/2023:03:09:25 +0000] "HEAD / HTTP/1.1" 200 3915 "-" "jetmon/1.0 (Jetpack Site Uptime Monitor by WordPress.com)"
46.101.144.32 - - [30/Oct/2023:03:14:26 +0000] "POST /wp-cron.php?doing_wp_cron=1698635666.7766299247741699218750 HTTP/1.1" 200 3995 "-" "WordPress/6.3.2; https://talmedos.com"
192.0.102.40 - - [30/Oct/2023:03:14:26 +0000] "HEAD / HTTP/1.1" 200 3915 "-" "jetmon/1.0 (Jetpack Site Uptime Monitor by WordPress.com)"
46.101.144.32 - - [30/Oct/2023:03:19:27 +0000] "POST /wp-cron.php?doing_wp_cron=1698635967.2835021018981933593750 HTTP/1.1" 200 3995 "-" "WordPress/6.3.2; https://talmedos.com"
192.0.102.40 - - [30/Oct/2023:03:19:27 +0000] "HEAD / HTTP/1.1" 200 3915 "-" "jetmon/1.0 (Jetpack Site Uptime Monitor by WordPress.com)"
46.101.144.32 - - [30/Oct/2023:03:24:26 +0000] "POST /wp-cron.php?doing_wp_cron=1698636266.1648209095001220703125 HTTP/1.1" 200 3995 "-" "WordPress/6.3.2; https://talmedos.com"
192.0.102.40 - - [30/Oct/2023:03:24:25 +0000] "HEAD / HTTP/1.1" 200 3915 "-" "jetmon/1.0 (Jetpack Site Uptime Monitor by WordPress.com)"
46.101.144.32 - - [30/Oct/2023:03:29:28 +0000] "POST /wp-cron.php?doing_wp_cron=1698636568.2781040668487548828125 HTTP/1.1" 200 3995 "-" "WordPress/6.3.2; https://talmedos.com"
192.0.102.40 - - [30/Oct/2023:03:29:28 +0000] "HEAD / HTTP/1.1" 200 3915 "-" "jetmon/1.0 (Jetpack Site Uptime Monitor by WordPress.com)"
46.101.144.32 - - [30/Oct/2023:03:34:26 +0000] "POST /wp-cron.php?doing_wp_cron=1698636866.6956150531768798828125 HTTP/1.1" 200 3995 "-" "WordPress/6.3.2; https://talmedos.com"
192.0.102.40 - - [30/Oct/2023:03:34:26 +0000] "HEAD / HTTP/1.1" 200 3915 "-" "jetmon/1.0 (Jetpack Site Uptime Monitor by WordPress.com)"
46.101.144.32 - - [30/Oct/2023:03:39:26 +0000] "POST /wp-cron.php?doing_wp_cron=1698637166.3624560832977294921875 HTTP/1.1" 200 3995 "-" "WordPress/6.3.2; https://talmedos.com"
192.0.102.40 - - [30/Oct/2023:03:39:26 +0000] "HEAD / HTTP/1.1" 200 3915 "-" "jetmon/1.0 (Jetpack Site Uptime Monitor by WordPress.com)"
46.101.144.32 - - [30/Oct/2023:03:44:27 +0000] "POST /wp-cron.php?doing_wp_cron=1698637467.0770230293273925781250 HTTP/1.1" 200 3995 "-" "WordPress/6.3.2; https://talmedos.com"
192.0.102.40 - - [30/Oct/2023:03:44:26 +0000] "HEAD / HTTP/1.1" 200 3915 "-" "jetmon/1.0 (Jetpack Site Uptime Monitor by WordPress.com)"
46.101.144.32 - - [30/Oct/2023:03:49:26 +0000] "POST /wp-cron.php?doing_wp_cron=1698637766.8287940025329589843750 HTTP/1.1" 200 3995 "-" "WordPress/6.3.2; https://talmedos.com"
192.0.102.40 - - [30/Oct/2023:03:49:26 +0000] "HEAD / HTTP/1.1" 200 3915 "-" "jetmon/1.0 (Jetpack Site Uptime Monitor by WordPress.com)"
46.101.144.32 - - [30/Oct/2023:03:54:26 +0000] "POST /wp-cron.php?doing_wp_cron=1698638066.4994609355926513671875 HTTP/1.1" 200 3995 "-" "WordPress/6.3.2; https://talmedos.com"
192.0.102.40 - - [30/Oct/2023:03:54:26 +0000] "HEAD / HTTP/1.1" 200 3915 "-" "jetmon/1.0 (Jetpack Site Uptime Monitor by WordPress.com)"
46.101.144.32 - - [30/Oct/2023:03:59:27 +0000] "POST /wp-cron.php?doing_wp_cron=1698638367.4511539936065673828125 HTTP/1.1" 200 3995 "-" "WordPress/6.3.2; https://talmedos.com"
192.0.102.40 - - [30/Oct/2023:03:59:27 +0000] "HEAD / HTTP/1.1" 200 3915 "-" "jetmon/1.0 (Jetpack Site Uptime Monitor by WordPress.com)"
46.101.144.32 - - [30/Oct/2023:04:02:14 +0000] "POST /wp-cron.php?doing_wp_cron=1698638534.2009539604187011718750 HTTP/1.1" 200 3995 "-" "WordPress/6.3.2; https://talmedos.com"
195.74.38.161 - - [30/Oct/2023:04:02:14 +0000] "POST /xmlrpc.php HTTP/1.1" 200 4419 "-" "Mozilla/5.0 (Windows NT 10.0; Win64; x64) AppleWebKit/537.36 (KHTML, like Gecko) Chrome/63.0.3239.132 Safari/537.36"
195.201.39.83 - - [30/Oct/2023:04:02:20 +0000] "POST /xmlrpc.php HTTP/1.1" 200 4419 "-" "Mozilla/5.0 (Windows NT 6.1; Win64; x64; rv:58.0) Gecko/20100101 Firefox/58.0"
18.119.100.71 - - [30/Oct/2023:04:02:25 +0000] "POST /xmlrpc.php HTTP/1.1" 200 4012 "-" "Mozilla/5.0 (Windows NT 10.0; Win64; x64) AppleWebKit/537.36 (KHTML, like Gecko) Chrome/85.0.4183.102 Safari/537.36"
83.98.36.195 - - [30/Oct/2023:04:02:26 +0000] "POST /xmlrpc.php HTTP/1.1" 200 3982 "-" "Mozilla/5.0 (Windows NT 6.1; WOW64; rv:44.0) Gecko/20100101 Firefox/44.0"
18.119.100.71 - - [30/Oct/2023:04:02:27 +0000] "POST /xmlrpc.php HTTP/1.1" 200 4012 "-" "Mozilla/5.0 (Windows NT 10.0; WOW64) AppleWebKit/537.36 (KHTML, like Gecko) Chrome/72.0.3626.121 Safari/537.36"
107.161.66.68 - - [30/Oct/2023:04:02:29 +0000] "POST /xmlrpc.php HTTP/1.1" 200 4419 "-" "Mozilla/5.0 (Windows NT 10.0; WOW64; rv:52.0) Gecko/20100101 Firefox/52.0"
134.122.59.215 - - [30/Oct/2023:04:02:30 +0000] "POST /xmlrpc.php HTTP/1.1" 200 4420 "-" "Mozilla/5.0 (Windows NT 6.1) AppleWebKit/537.36 (KHTML, like Gecko) Chrome/56.0.2924.76 Safari/537.36"
154.39.199.122 - - [30/Oct/2023:04:02:32 +0000] "POST /xmlrpc.php HTTP/1.1" 200 4013 "-" "Mozilla/5.0 (Windows NT 10.0; Win64; x64) AppleWebKit/537.36 (KHTML, like Gecko) Chrome/60.0.3112.113 Safari/537.36"
88.99.106.172 - - [30/Oct/2023:04:02:35 +0000] "POST /xmlrpc.php HTTP/1.1" 200 4419 "-" "Mozilla/5.0 (Windows NT 10.0; Win64; x64; rv:62.0) Gecko/20100101 Firefox/62.0"
213.142.150.225 - - [30/Oct/2023:04:02:36 +0000] "POST /xmlrpc.php HTTP/1.1" 200 4014 "-" "Mozilla/5.0 (Windows NT 10.0) AppleWebKit/537.36 (KHTML, like Gecko) Chrome/72.0.3626.121 Safari/537.36"
134.122.59.215 - - [30/Oct/2023:04:02:37 +0000] "POST /xmlrpc.php HTTP/1.1" 200 4420 "-" "Mozilla/5.0 (X11; Linux x86_64) AppleWebKit/537.36 (KHTML, like Gecko) Chrome/44.0.2403.157 Safari/537.36"
51.38.134.68 - - [30/Oct/2023:04:02:40 +0000] "POST /xmlrpc.php HTTP/1.1" 200 4418 "-" "Mozilla/5.0 (Windows NT 10.0; Win64; x64) AppleWebKit/537.36 (KHTML, like Gecko) Chrome/69.0.3497.100 Safari/537.36"
81.28.5.21 - - [30/Oct/2023:04:02:43 +0000] "POST /xmlrpc.php HTTP/1.1" 200 4416 "-" "Mozilla/5.0 (Windows NT 10.0; Win64; x64) AppleWebKit/537.36 (KHTML, like Gecko) Chrome/74.0.3729.131 Safari/537.36"
107.180.121.71 - - [30/Oct/2023:04:02:44 +0000] "POST /xmlrpc.php HTTP/1.1" 200 3984 "-" "Mozilla/5.0 (Windows NT 10.0; Win64; x64) AppleWebKit/537.36 (KHTML, like Gecko) Chrome/79.0.3945.130 Safari/537.36"
107.161.66.68 - - [30/Oct/2023:04:02:45 +0000] "POST /xmlrpc.php HTTP/1.1" 200 4419 "-" "Mozilla/5.0 (iPhone; CPU iPhone OS 14_6 like Mac OS X) AppleWebKit/605.1.15 (KHTML, like Gecko) CriOS/91.0.4472.80 Mobile/15E148 Safari/604.1"
159.65.197.63 - - [30/Oct/2023:04:02:48 +0000] "POST /xmlrpc.php HTTP/1.1" 200 4419 "-" "Mozilla/5.0 (Windows NT 6.1; WOW64; rv:47.0) Gecko/20100101 Firefox/47.0"
46.101.144.32 - - [30/Oct/2023:04:04:26 +0000] "POST /wp-cron.php?doing_wp_cron=1698638666.8858859539031982421875 HTTP/1.1" 200 3995 "-" "WordPress/6.3.2; https://talmedos.com"
192.0.102.40 - - [30/Oct/2023:04:04:26 +0000] "HEAD / HTTP/1.1" 200 3915 "-" "jetmon/1.0 (Jetpack Site Uptime Monitor by WordPress.com)"
83.97.73.87 - - [30/Oct/2023:04:07:19 +0000] "GET /actuator/gateway/routes HTTP/1.1" 404 4097 "-" "Mozilla/5.0 (Windows NT 10.0; Win64; x64) AppleWebKit/537.36 (KHTML, like Gecko) Chrome/78.0.3904.108 Safari/537.36"
46.101.144.32 - - [30/Oct/2023:04:09:25 +0000] "POST /wp-cron.php?doing_wp_cron=1698638965.8344440460205078125000 HTTP/1.1" 200 3995 "-" "WordPress/6.3.2; https://talmedos.com"
192.0.102.40 - - [30/Oct/2023:04:09:25 +0000] "HEAD / HTTP/1.1" 200 3915 "-" "jetmon/1.0 (Jetpack Site Uptime Monitor by WordPress.com)"
46.101.144.32 - - [30/Oct/2023:04:14:26 +0000] "POST /wp-cron.php?doing_wp_cron=1698639266.7966780662536621093750 HTTP/1.1" 200 3995 "-" "WordPress/6.3.2; https://talmedos.com"
192.0.102.40 - - [30/Oct/2023:04:14:26 +0000] "HEAD / HTTP/1.1" 200 3915 "-" "jetmon/1.0 (Jetpack Site Uptime Monitor by WordPress.com)"
46.101.144.32 - - [30/Oct/2023:04:16:52 +0000] "POST /wp-cron.php?doing_wp_cron=1698639412.2459409236907958984375 HTTP/1.1" 200 3995 "-" "WordPress/6.3.2; https://talmedos.com"
185.180.143.72 - - [30/Oct/2023:04:16:52 +0000] "GET / HTTP/1.1" 200 14711 "http://46.101.144.32/" "Mozilla/5.0 (Windows NT 10.0; Win64; x64) AppleWebKit/537.36 (KHTML, like Gecko) Chrome/60.0.3112.113 Safari/537.36"
185.180.143.72 - - [30/Oct/2023:04:16:55 +0000] "GET /cf_scripts/scripts/ajax/ckeditor/ckeditor.js HTTP/1.1" 404 3540 "http://46.101.144.32/cf_scripts/scripts/ajax/ckeditor/ckeditor.js" "Mozilla/5.0 (Windows NT 10.0; Win64; x64) AppleWebKit/537.36 (KHTML, like Gecko) Chrome/60.0.3112.113 Safari/537.36"
46.101.144.32 - - [30/Oct/2023:04:19:26 +0000] "POST /wp-cron.php?doing_wp_cron=1698639566.8677198886871337890625 HTTP/1.1" 200 3995 "-" "WordPress/6.3.2; https://talmedos.com"
192.0.102.40 - - [30/Oct/2023:04:19:26 +0000] "HEAD / HTTP/1.1" 200 3915 "-" "jetmon/1.0 (Jetpack Site Uptime Monitor by WordPress.com)"
46.101.144.32 - - [30/Oct/2023:04:24:17 +0000] "POST /wp-cron.php?doing_wp_cron=1698639857.6939849853515625000000 HTTP/1.1" 200 3995 "-" "WordPress/6.3.2; https://talmedos.com"
68.183.237.158 - - [30/Oct/2023:04:24:17 +0000] "GET / HTTP/1.1" 200 14711 "http://46.101.144.32/" "Mozilla/5.0 (Windows NT 10.0; Win64; x64) AppleWebKit/537.36 (KHTML, like Gecko) Chrome/108.0.0.0 Safari/537.36"
192.0.102.40 - - [30/Oct/2023:04:24:26 +0000] "HEAD / HTTP/1.1" 200 3915 "-" "jetmon/1.0 (Jetpack Site Uptime Monitor by WordPress.com)"
46.101.144.32 - - [30/Oct/2023:04:29:26 +0000] "POST /wp-cron.php?doing_wp_cron=1698640166.7542250156402587890625 HTTP/1.1" 200 3995 "-" "WordPress/6.3.2; https://talmedos.com"
192.0.102.40 - - [30/Oct/2023:04:29:26 +0000] "HEAD / HTTP/1.1" 200 3915 "-" "jetmon/1.0 (Jetpack Site Uptime Monitor by WordPress.com)"
46.101.144.32 - - [30/Oct/2023:04:34:25 +0000] "POST /wp-cron.php?doing_wp_cron=1698640465.8767828941345214843750 HTTP/1.1" 200 3995 "-" "WordPress/6.3.2; https://talmedos.com"
192.0.102.40 - - [30/Oct/2023:04:34:25 +0000] "HEAD / HTTP/1.1" 200 3915 "-" "jetmon/1.0 (Jetpack Site Uptime Monitor by WordPress.com)"
193.202.110.20 - - [30/Oct/2023:04:39:01 +0000] "GET /wp-content/cong.php HTTP/1.1" 404 4172 "http://talmedos.com/wp-content/cong.php" "Mozilla/5.0 (Windows; U; Windows NT 5.1; en-US) AppleWebKit/533.4 (KHTML, like Gecko) Chrome/5.0.375.99 Safari/533.4"
193.202.110.20 - - [30/Oct/2023:04:39:13 +0000] "GET /wp-content/cong.php HTTP/1.1" 404 4172 "http://talmedos.com/wp-content/cong.php" "Mozilla/5.0 (Windows; U; Windows NT 5.1; en-US) AppleWebKit/533.4 (KHTML, like Gecko) Chrome/5.0.375.99 Safari/533.4"
46.101.144.32 - - [30/Oct/2023:04:39:25 +0000] "POST /wp-cron.php?doing_wp_cron=1698640765.8541829586029052734375 HTTP/1.1" 200 3995 "-" "WordPress/6.3.2; https://talmedos.com"
192.0.102.40 - - [30/Oct/2023:04:39:25 +0000] "HEAD / HTTP/1.1" 200 3915 "-" "jetmon/1.0 (Jetpack Site Uptime Monitor by WordPress.com)"
46.101.144.32 - - [30/Oct/2023:04:44:26 +0000] "POST /wp-cron.php?doing_wp_cron=1698641066.6878190040588378906250 HTTP/1.1" 200 3995 "-" "WordPress/6.3.2; https://talmedos.com"
192.0.102.40 - - [30/Oct/2023:04:44:26 +0000] "HEAD / HTTP/1.1" 200 3915 "-" "jetmon/1.0 (Jetpack Site Uptime Monitor by WordPress.com)"
46.101.144.32 - - [30/Oct/2023:04:49:26 +0000] "POST /wp-cron.php?doing_wp_cron=1698641366.0763731002807617187500 HTTP/1.1" 200 3995 "-" "WordPress/6.3.2; https://talmedos.com"
192.0.102.40 - - [30/Oct/2023:04:49:25 +0000] "HEAD / HTTP/1.1" 200 3915 "-" "jetmon/1.0 (Jetpack Site Uptime Monitor by WordPress.com)"
46.101.144.32 - - [30/Oct/2023:04:54:26 +0000] "POST /wp-cron.php?doing_wp_cron=1698641666.0651099681854248046875 HTTP/1.1" 200 3995 "-" "WordPress/6.3.2; https://talmedos.com"
192.0.102.40 - - [30/Oct/2023:04:54:25 +0000] "HEAD / HTTP/1.1" 200 3915 "-" "jetmon/1.0 (Jetpack Site Uptime Monitor by WordPress.com)"
46.101.144.32 - - [30/Oct/2023:04:59:26 +0000] "POST /wp-cron.php?doing_wp_cron=1698641966.8574950695037841796875 HTTP/1.1" 200 3995 "-" "WordPress/6.3.2; https://talmedos.com"
192.0.102.40 - - [30/Oct/2023:04:59:26 +0000] "HEAD / HTTP/1.1" 200 3915 "-" "jetmon/1.0 (Jetpack Site Uptime Monitor by WordPress.com)"
46.101.144.32 - - [30/Oct/2023:05:04:26 +0000] "POST /wp-cron.php?doing_wp_cron=1698642266.1454579830169677734375 HTTP/1.1" 200 3995 "-" "WordPress/6.3.2; https://talmedos.com"
192.0.102.40 - - [30/Oct/2023:05:04:25 +0000] "HEAD / HTTP/1.1" 200 3915 "-" "jetmon/1.0 (Jetpack Site Uptime Monitor by WordPress.com)"
72.251.233.60 - - [30/Oct/2023:05:07:49 +0000] "GET /api/v2/cmdb/system/admin/admin HTTP/1.0" 404 4091 "-" "Report Runner"
46.101.144.32 - - [30/Oct/2023:05:09:26 +0000] "POST /wp-cron.php?doing_wp_cron=1698642566.3452250957489013671875 HTTP/1.1" 200 3995 "-" "WordPress/6.3.2; https://talmedos.com"
192.0.102.40 - - [30/Oct/2023:05:09:26 +0000] "HEAD / HTTP/1.1" 200 3915 "-" "jetmon/1.0 (Jetpack Site Uptime Monitor by WordPress.com)"
46.101.144.32 - - [30/Oct/2023:05:10:58 +0000] "POST /wp-cron.php?doing_wp_cron=1698642658.3722810745239257812500 HTTP/1.1" 200 3995 "-" "WordPress/6.3.2; https://talmedos.com"
198.235.24.47 - - [30/Oct/2023:05:10:58 +0000] "GET / HTTP/1.1" 301 3862 "-" "-"
198.235.24.47 - - [30/Oct/2023:05:10:59 +0000] "GET / HTTP/1.1" 200 56806 "-" "-"
46.101.144.32 - - [30/Oct/2023:05:14:26 +0000] "POST /wp-cron.php?doing_wp_cron=1698642866.9220130443572998046875 HTTP/1.1" 200 3995 "-" "WordPress/6.3.2; https://talmedos.com"
192.0.102.40 - - [30/Oct/2023:05:14:26 +0000] "HEAD / HTTP/1.1" 200 3915 "-" "jetmon/1.0 (Jetpack Site Uptime Monitor by WordPress.com)"
46.101.144.32 - - [30/Oct/2023:05:19:26 +0000] "POST /wp-cron.php?doing_wp_cron=1698643166.8974249362945556640625 HTTP/1.1" 200 3995 "-" "WordPress/6.3.2; https://talmedos.com"
192.0.102.40 - - [30/Oct/2023:05:19:26 +0000] "HEAD / HTTP/1.1" 200 3915 "-" "jetmon/1.0 (Jetpack Site Uptime Monitor by WordPress.com)"
46.101.144.32 - - [30/Oct/2023:05:22:41 +0000] "POST /wp-cron.php?doing_wp_cron=1698643361.3978469371795654296875 HTTP/1.1" 200 3995 "-" "WordPress/6.3.2; https://talmedos.com"
184.105.139.70 - - [30/Oct/2023:05:22:41 +0000] "GET / HTTP/1.1" 200 14711 "http://46.101.144.32/" "Mozilla/5.0 (Macintosh; Intel Mac OS X 10_15_7) AppleWebKit/537.36 (KHTML, like Gecko) Chrome/107.0.0.0 Safari/537.36"
46.101.144.32 - - [30/Oct/2023:05:24:25 +0000] "POST /wp-cron.php?doing_wp_cron=1698643465.8911008834838867187500 HTTP/1.1" 200 3995 "-" "WordPress/6.3.2; https://talmedos.com"
192.0.102.40 - - [30/Oct/2023:05:24:25 +0000] "HEAD / HTTP/1.1" 200 3915 "-" "jetmon/1.0 (Jetpack Site Uptime Monitor by WordPress.com)"
46.101.144.32 - - [30/Oct/2023:05:26:58 +0000] "POST /wp-cron.php?doing_wp_cron=1698643618.6193790435791015625000 HTTP/1.1" 200 3995 "-" "WordPress/6.3.2; https://talmedos.com"
34.215.7.77 - - [30/Oct/2023:05:26:58 +0000] "GET / HTTP/1.1" 301 3930 "-" "Mozilla/5.0 (Macintosh; Intel Mac OS X 10_11_5) AppleWebKit/537.36 (KHTML, like Gecko) Chrome/50.0.2661.102 Safari/537.36"
46.101.144.32 - - [30/Oct/2023:05:29:27 +0000] "POST /wp-cron.php?doing_wp_cron=1698643767.0958158969879150390625 HTTP/1.1" 200 3995 "-" "WordPress/6.3.2; https://talmedos.com"
192.0.102.40 - - [30/Oct/2023:05:29:26 +0000] "HEAD / HTTP/1.1" 200 3915 "-" "jetmon/1.0 (Jetpack Site Uptime Monitor by WordPress.com)"
46.101.144.32 - - [30/Oct/2023:05:34:26 +0000] "POST /wp-cron.php?doing_wp_cron=1698644066.1183290481567382812500 HTTP/1.1" 200 3995 "-" "WordPress/6.3.2; https://talmedos.com"
192.0.102.40 - - [30/Oct/2023:05:34:25 +0000] "HEAD / HTTP/1.1" 200 3915 "-" "jetmon/1.0 (Jetpack Site Uptime Monitor by WordPress.com)"
46.101.144.32 - - [30/Oct/2023:05:39:26 +0000] "POST /wp-cron.php?doing_wp_cron=1698644365.9930961132049560546875 HTTP/1.1" 200 3995 "-" "WordPress/6.3.2; https://talmedos.com"
192.0.102.40 - - [30/Oct/2023:05:39:25 +0000] "HEAD / HTTP/1.1" 200 3915 "-" "jetmon/1.0 (Jetpack Site Uptime Monitor by WordPress.com)"
46.101.144.32 - - [30/Oct/2023:05:44:27 +0000] "POST /wp-cron.php?doing_wp_cron=1698644667.1057438850402832031250 HTTP/1.1" 200 3995 "-" "WordPress/6.3.2; https://talmedos.com"
192.0.102.40 - - [30/Oct/2023:05:44:26 +0000] "HEAD / HTTP/1.1" 200 3915 "-" "jetmon/1.0 (Jetpack Site Uptime Monitor by WordPress.com)"
46.101.144.32 - - [30/Oct/2023:05:49:26 +0000] "POST /wp-cron.php?doing_wp_cron=1698644966.2774710655212402343750 HTTP/1.1" 200 3995 "-" "WordPress/6.3.2; https://talmedos.com"
192.0.102.40 - - [30/Oct/2023:05:49:26 +0000] "HEAD / HTTP/1.1" 200 3915 "-" "jetmon/1.0 (Jetpack Site Uptime Monitor by WordPress.com)"
46.101.144.32 - - [30/Oct/2023:05:54:26 +0000] "POST /wp-cron.php?doing_wp_cron=1698645266.1658320426940917968750 HTTP/1.1" 200 3995 "-" "WordPress/6.3.2; https://talmedos.com"
192.0.102.40 - - [30/Oct/2023:05:54:26 +0000] "HEAD / HTTP/1.1" 200 3915 "-" "jetmon/1.0 (Jetpack Site Uptime Monitor by WordPress.com)"
46.101.144.32 - - [30/Oct/2023:05:59:27 +0000] "POST /wp-cron.php?doing_wp_cron=1698645566.9894180297851562500000 HTTP/1.1" 200 3995 "-" "WordPress/6.3.2; https://talmedos.com"
192.0.102.40 - - [30/Oct/2023:05:59:26 +0000] "HEAD / HTTP/1.1" 200 3915 "-" "jetmon/1.0 (Jetpack Site Uptime Monitor by WordPress.com)"
46.101.144.32 - - [30/Oct/2023:06:04:27 +0000] "POST /wp-cron.php?doing_wp_cron=1698645867.2995131015777587890625 HTTP/1.1" 200 3995 "-" "WordPress/6.3.2; https://talmedos.com"
192.0.102.40 - - [30/Oct/2023:06:04:27 +0000] "HEAD / HTTP/1.1" 200 3915 "-" "jetmon/1.0 (Jetpack Site Uptime Monitor by WordPress.com)"
46.101.144.32 - - [30/Oct/2023:06:09:26 +0000] "POST /wp-cron.php?doing_wp_cron=1698646166.3002579212188720703125 HTTP/1.1" 200 3995 "-" "WordPress/6.3.2; https://talmedos.com"
192.0.102.40 - - [30/Oct/2023:06:09:26 +0000] "HEAD / HTTP/1.1" 200 3915 "-" "jetmon/1.0 (Jetpack Site Uptime Monitor by WordPress.com)"
46.101.144.32 - - [30/Oct/2023:06:14:27 +0000] "POST /wp-cron.php?doing_wp_cron=1698646467.2614519596099853515625 HTTP/1.1" 200 3995 "-" "WordPress/6.3.2; https://talmedos.com"
192.0.102.40 - - [30/Oct/2023:06:14:27 +0000] "HEAD / HTTP/1.1" 200 3915 "-" "jetmon/1.0 (Jetpack Site Uptime Monitor by WordPress.com)"
46.101.144.32 - - [30/Oct/2023:06:19:26 +0000] "POST /wp-cron.php?doing_wp_cron=1698646766.9725599288940429687500 HTTP/1.1" 200 3995 "-" "WordPress/6.3.2; https://talmedos.com"
192.0.102.40 - - [30/Oct/2023:06:19:26 +0000] "HEAD / HTTP/1.1" 200 3915 "-" "jetmon/1.0 (Jetpack Site Uptime Monitor by WordPress.com)"
46.101.144.32 - - [30/Oct/2023:06:20:40 +0000] "POST /wp-cron.php?doing_wp_cron=1698646840.6369760036468505859375 HTTP/1.1" 200 3995 "-" "WordPress/6.3.2; https://talmedos.com"
188.166.175.48 - - [30/Oct/2023:06:20:40 +0000] "GET / HTTP/1.1" 200 15276 "-" "Mozilla/5.0 (X11; Linux x86_64) AppleWebKit/537.36 (KHTML, like Gecko) Chrome/108.0.0.0 Safari/537.36"
159.65.197.63 - - [30/Oct/2023:06:20:45 +0000] "POST /xmlrpc.php HTTP/1.1" 200 4419 "-" "Mozilla/5.0 (Windows NT 6.1; WOW64; rv:44.0) Gecko/20100101 Firefox/44.0"
213.142.150.225 - - [30/Oct/2023:06:20:47 +0000] "POST /xmlrpc.php HTTP/1.1" 200 4014 "-" "Mozilla/5.0 (Windows NT 10.0; Win64; x64) AppleWebKit/537.36 (KHTML, like Gecko) Chrome/79.0.3945.117 Safari/537.36"
88.99.106.172 - - [30/Oct/2023:06:20:56 +0000] "POST /xmlrpc.php HTTP/1.1" 200 4419 "-" "Mozilla/5.0 (Windows NT 10.0; Win64; x64) AppleWebKit/537.36 (KHTML, like Gecko) Chrome/85.0.4183.102 Safari/537.36"
46.101.144.32 - - [30/Oct/2023:06:20:58 +0000] "POST /wp-cron.php?doing_wp_cron=1698646858.3743751049041748046875 HTTP/1.1" 200 3995 "-" "WordPress/6.3.2; https://talmedos.com"
159.65.197.63 - - [30/Oct/2023:06:20:58 +0000] "POST /xmlrpc.php HTTP/1.1" 200 4419 "-" "Mozilla/5.0 (Windows NT 6.1; Win64; x64; rv:61.0) Gecko/20100101 Firefox/61.0"
46.101.144.32 - - [30/Oct/2023:06:21:02 +0000] "POST /wp-cron.php?doing_wp_cron=1698646862.8551259040832519531250 HTTP/1.1" 200 3995 "-" "WordPress/6.3.2; https://talmedos.com"
107.161.66.68 - - [30/Oct/2023:06:21:02 +0000] "POST /xmlrpc.php HTTP/1.1" 200 4419 "-" "Mozilla/5.0 (Linux; Android 10; SM-G960U) AppleWebKit/537.36 (KHTML, like Gecko) Chrome/91.0.4472.114 Mobile Safari/537.36"
185.193.17.18 - - [30/Oct/2023:06:21:03 +0000] "POST /xmlrpc.php HTTP/1.1" 200 4012 "-" "Mozilla/5.0 (Windows NT 5.1; rv:52.0) Gecko/20100101 Firefox/52.0"
159.65.197.63 - - [30/Oct/2023:06:21:05 +0000] "POST /xmlrpc.php HTTP/1.1" 200 4419 "-" "Mozilla/5.0 (X11; Ubuntu; Linux i686; rv:24.0) Gecko/20100101 Firefox/24.0"
107.161.66.68 - - [30/Oct/2023:06:21:15 +0000] "POST /xmlrpc.php HTTP/1.1" 200 4419 "-" "Mozilla/5.0 (Windows NT 10.0; Win64; x64) AppleWebKit/537.36 (KHTML, like Gecko) Chrome/74.0.3729.169 Safari/537.36"
107.161.66.68 - - [30/Oct/2023:06:21:16 +0000] "POST /xmlrpc.php HTTP/1.1" 200 4419 "-" "Mozilla/5.0 (iPhone; CPU iPhone OS 14_6 like Mac OS X) AppleWebKit/605.1.15 (KHTML, like Gecko) CriOS/91.0.4472.80 Mobile/15E148 Safari/604.1"
159.65.197.63 - - [30/Oct/2023:06:21:21 +0000] "POST /xmlrpc.php HTTP/1.1" 200 4419 "-" "Mozilla/5.0 (Windows NT 6.1; WOW64; rv:43.0) Gecko/20100101 Firefox/43.0"
51.79.79.183 - - [30/Oct/2023:06:21:21 +0000] "POST /xmlrpc.php HTTP/1.1" 200 3982 "-" "Mozilla/5.0 (Windows NT 6.1; rv:52.0) Gecko/20100101 Firefox/52.0"
31.214.178.74 - - [30/Oct/2023:06:21:25 +0000] "POST /xmlrpc.php HTTP/1.1" 200 4419 "-" "Mozilla/5.0 (Windows NT 10.0; Win64; x64; rv:67.0) Gecko/20100101 Firefox/67.0"
46.101.144.32 - - [30/Oct/2023:06:24:26 +0000] "POST /wp-cron.php?doing_wp_cron=1698647066.2517700195312500000000 HTTP/1.1" 200 3995 "-" "WordPress/6.3.2; https://talmedos.com"
192.0.102.40 - - [30/Oct/2023:06:24:26 +0000] "HEAD / HTTP/1.1" 200 3915 "-" "jetmon/1.0 (Jetpack Site Uptime Monitor by WordPress.com)"
46.101.144.32 - - [30/Oct/2023:06:29:27 +0000] "POST /wp-cron.php?doing_wp_cron=1698647367.8911941051483154296875 HTTP/1.1" 200 3995 "-" "WordPress/6.3.2; https://talmedos.com"
192.0.102.40 - - [30/Oct/2023:06:29:27 +0000] "HEAD / HTTP/1.1" 200 3915 "-" "jetmon/1.0 (Jetpack Site Uptime Monitor by WordPress.com)"
46.101.144.32 - - [30/Oct/2023:06:34:27 +0000] "POST /wp-cron.php?doing_wp_cron=1698647667.3474531173706054687500 HTTP/1.1" 200 3995 "-" "WordPress/6.3.2; https://talmedos.com"
192.0.102.40 - - [30/Oct/2023:06:34:27 +0000] "HEAD / HTTP/1.1" 200 3915 "-" "jetmon/1.0 (Jetpack Site Uptime Monitor by WordPress.com)"
46.101.144.32 - - [30/Oct/2023:06:39:26 +0000] "POST /wp-cron.php?doing_wp_cron=1698647966.2968060970306396484375 HTTP/1.1" 200 3995 "-" "WordPress/6.3.2; https://talmedos.com"
192.0.102.40 - - [30/Oct/2023:06:39:26 +0000] "HEAD / HTTP/1.1" 200 3915 "-" "jetmon/1.0 (Jetpack Site Uptime Monitor by WordPress.com)"
46.101.144.32 - - [30/Oct/2023:06:44:27 +0000] "POST /wp-cron.php?doing_wp_cron=1698648267.7893331050872802734375 HTTP/1.1" 200 3995 "-" "WordPress/6.3.2; https://talmedos.com"
192.0.102.40 - - [30/Oct/2023:06:44:27 +0000] "HEAD / HTTP/1.1" 200 3915 "-" "jetmon/1.0 (Jetpack Site Uptime Monitor by WordPress.com)"
46.101.144.32 - - [30/Oct/2023:06:49:28 +0000] "POST /wp-cron.php?doing_wp_cron=1698648568.0215449333190917968750 HTTP/1.1" 200 3995 "-" "WordPress/6.3.2; https://talmedos.com"
192.0.102.40 - - [30/Oct/2023:06:49:27 +0000] "HEAD / HTTP/1.1" 200 3915 "-" "jetmon/1.0 (Jetpack Site Uptime Monitor by WordPress.com)"
109.237.98.226 - - [30/Oct/2023:06:54:02 +0000] "GET / HTTP/1.0" 400 627 "-" "-"
109.237.98.226 - - [30/Oct/2023:06:54:02 +0000] "GET /.env HTTP/1.1" 404 4182 "-" "Mozilla/5.0 (X11; Linux x86_64) AppleWebKit/537.36 (KHTML, like Gecko) Chrome/81.0.4044.129 Safari/537.36"
46.101.144.32 - - [30/Oct/2023:06:54:26 +0000] "POST /wp-cron.php?doing_wp_cron=1698648866.9079051017761230468750 HTTP/1.1" 200 3995 "-" "WordPress/6.3.2; https://talmedos.com"
192.0.102.40 - - [30/Oct/2023:06:54:26 +0000] "HEAD / HTTP/1.1" 200 3915 "-" "jetmon/1.0 (Jetpack Site Uptime Monitor by WordPress.com)"
170.64.220.120 - - [30/Oct/2023:06:54:53 +0000] "GET /.git/config HTTP/1.1" 404 4229 "-" "Mozilla/5.0 (X11; Linux x86_64) AppleWebKit/537.36 (KHTML, like Gecko) Chrome/81.0.4044.129 Safari/537.36"
46.101.144.32 - - [30/Oct/2023:06:59:27 +0000] "POST /wp-cron.php?doing_wp_cron=1698649167.2122631072998046875000 HTTP/1.1" 200 3995 "-" "WordPress/6.3.2; https://talmedos.com"
192.0.102.40 - - [30/Oct/2023:06:59:27 +0000] "HEAD / HTTP/1.1" 200 3915 "-" "jetmon/1.0 (Jetpack Site Uptime Monitor by WordPress.com)"
46.101.144.32 - - [30/Oct/2023:07:04:26 +0000] "POST /wp-cron.php?doing_wp_cron=1698649466.6231091022491455078125 HTTP/1.1" 200 3995 "-" "WordPress/6.3.2; https://talmedos.com"
192.0.102.40 - - [30/Oct/2023:07:04:26 +0000] "HEAD / HTTP/1.1" 200 3915 "-" "jetmon/1.0 (Jetpack Site Uptime Monitor by WordPress.com)"
46.101.144.32 - - [30/Oct/2023:07:07:49 +0000] "POST /wp-cron.php?doing_wp_cron=1698649669.8931028842926025390625 HTTP/1.1" 200 3995 "-" "WordPress/6.3.2; https://talmedos.com"
